./Main +RTS -h -Sfull.txt -B 
    Alloc    Copied     Live    GC    GC     TOT     TOT  Page Flts
    bytes     bytes     bytes  user  elap    user    elap
     9736      4728      4712  0.00  0.00    0.10    0.15    0    0  (Gen:  1)
   170120      4360     45240  0.00  0.00    0.19    0.24    0    0  (Gen:  1)
   510776     54232    114336  0.00  0.00    0.19    0.24    0    0  (Gen:  0)
   497000    106680    169344  0.00  0.00    0.19    0.24    0    0  (Gen:  0)
   559304     27424    214904  0.00  0.00    0.21    0.26    0    0  (Gen:  0)
   643064     36472    322864  0.00  0.00    0.23    0.28    0    0  (Gen:  0)
   521184     32968    331000  0.00  0.00    0.23    0.28    0    0  (Gen:  0)
   712888     78472    607952  0.00  0.00    0.23    0.28    0    0  (Gen:  0)
   519496      2912    611944  0.00  0.00    0.23    0.28    0    0  (Gen:  0)
   518736      1680    613216  0.00  0.00    0.23    0.28    0    0  (Gen:  0)
   519600      2328    614968  0.00  0.00    0.23    0.28    0    0  (Gen:  0)
   518416      3392    618032  0.00  0.00    0.23    0.28    0    0  (Gen:  0)
   518880      2064    619552  0.00  0.00    0.23    0.28    0    0  (Gen:  0)
   518568      3536    622720  0.00  0.00    0.23    0.28    0    0  (Gen:  0)
   518744      1952    623984  0.00  0.00    0.23    0.28    0    0  (Gen:  0)
   519192      2928    626656  0.00  0.00    0.23    0.28    0    0  (Gen:  0)
   519160      2768    628992  0.00  0.00    0.23    0.28    0    0  (Gen:  0)
   519472      1792    630192  0.00  0.00    0.23    0.28    0    0  (Gen:  0)
   518920      3136    632928  0.00  0.00    0.23    0.28    0    0  (Gen:  0)
   519000      2112    634448  0.00  0.00    0.23    0.28    0    0  (Gen:  0)
   519136      2232    636264  0.00  0.00    0.23    0.28    0    0  (Gen:  0)
   518480      3032    638600  0.00  0.00    0.23    0.28    0    0  (Gen:  0)
   519200      2184    640280  0.00  0.00    0.23    0.28    0    0  (Gen:  0)
   519640      2928    642720  0.00  0.00    0.23    0.28    0    0  (Gen:  0)
   519272      2416    644752  0.00  0.00    0.23    0.28    0    0  (Gen:  0)
   518968      1832    645992  0.00  0.00    0.23    0.28    0    0  (Gen:  0)
   519440      3464    649016  0.00  0.00    0.23    0.28    0    0  (Gen:  0)
   515880      2536    650936  0.00  0.00    0.23    0.28    0    0  (Gen:  0)
   518880      2520    652616  0.00  0.00    0.23    0.28    0    0  (Gen:  0)
   519128      2400    654704  0.00  0.00    0.23    0.28    0    0  (Gen:  0)
   519760      2448    656608  0.00  0.00    0.23    0.28    0    0  (Gen:  0)
   518760      3072    659248  0.00  0.00    0.23    0.28    0    0  (Gen:  0)
   518808      1816    660520  0.00  0.00    0.23    0.28    0    0  (Gen:  0)
   518400      2928    663024  0.00  0.00    0.23    0.28    0    0  (Gen:  0)
   516256      2816    665104  0.00  0.00    0.23    0.28    0    0  (Gen:  0)
   518880      1456    665616  0.00  0.00    0.23    0.28    0    0  (Gen:  0)
   518016      3232    668480  0.00  0.00    0.23    0.28    0    0  (Gen:  0)
   519040      2112    670208  0.00  0.00    0.23    0.28    0    0  (Gen:  0)
   515408      1688    671304  0.00  0.00    0.23    0.28    0    0  (Gen:  0)
   518976      3392    674096  0.00  0.00    0.23    0.28    0    0  (Gen:  0)
   518976      2480    676032  0.00  0.00    0.23    0.28    0    0  (Gen:  0)
   519560      1920    677472  0.00  0.00    0.23    0.28    0    0  (Gen:  0)
   518632      3568    680672  0.00  0.00    0.23    0.28    0    0  (Gen:  0)
   518832      1720    681640  0.00  0.00    0.23    0.28    0    0  (Gen:  0)
   517616      4000    685312  0.00  0.00    0.23    0.28    0    0  (Gen:  0)
   515384      1992    686456  0.00  0.00    0.23    0.28    0    0  (Gen:  0)
   519184      3776    689632  0.00  0.00    0.23    0.28    0    0  (Gen:  0)
   519376      2368    691376  0.00  0.00    0.23    0.28    0    0  (Gen:  0)
   517760      4200    695208  0.00  0.00    0.23    0.28    0    0  (Gen:  0)
   518864      2256    696416  0.00  0.00    0.23    0.29    0    0  (Gen:  0)
   519472      3184    699344  0.00  0.00    0.23    0.29    0    0  (Gen:  0)
   518440      2728    701736  0.00  0.00    0.23    0.29    0    0  (Gen:  0)
   518936      3344    704480  0.00  0.00    0.23    0.29    0    0  (Gen:  0)
   519144      2792    706952  0.00  0.00    0.23    0.29    0    0  (Gen:  0)
   519464      3744    710032  0.00  0.00    0.24    0.29    0    0  (Gen:  0)
   516648      3208    712648  0.00  0.00    0.24    0.29    0    0  (Gen:  0)
   518656      4568    716616  0.00  0.00    0.24    0.29    0    0  (Gen:  0)
   516904      3712    719824  0.00  0.00    0.24    0.29    0    0  (Gen:  0)
   519128      2368    721792  0.00  0.00    0.24    0.29    0    0  (Gen:  0)
   518920      2000    723264  0.00  0.00    0.24    0.29    0    0  (Gen:  0)
   518704      2352    725328  0.00  0.00    0.24    0.29    0    0  (Gen:  0)
   518720      2112    727008  0.00  0.00    0.24    0.29    0    0  (Gen:  0)
   519032      1584    728176  0.00  0.00    0.24    0.29    0    0  (Gen:  0)
   518936      2304    730112  0.00  0.00    0.24    0.29    0    0  (Gen:  0)
   518984      2080    731808  0.00  0.00    0.24    0.29    0    0  (Gen:  0)
   519112      1344    732608  0.00  0.00    0.24    0.29    0    0  (Gen:  0)
   516608      2184    734536  0.00  0.00    0.24    0.29    0    0  (Gen:  0)
   519000      2248    736168  0.00  0.00    0.24    0.29    0    0  (Gen:  0)
   518840      2024    737528  0.00  0.00    0.24    0.29    0    0  (Gen:  0)
   519344      1520    738720  0.00  0.00    0.24    0.29    0    0  (Gen:  0)
   519384      2688    741136  0.00  0.00    0.24    0.29    0    0  (Gen:  0)
   518848      3336    743688  0.00  0.00    0.24    0.29    0    0  (Gen:  0)
   519400      2208    745472  0.00  0.00    0.24    0.29    0    0  (Gen:  0)
   518928      2384    747568  0.00  0.00    0.24    0.29    0    0  (Gen:  0)
   518848      2328    749352  0.00  0.00    0.24    0.29    0    0  (Gen:  0)
   518488      1952    750688  0.00  0.00    0.24    0.29    0    0  (Gen:  0)
   518864      2984    753336  0.00  0.00    0.24    0.29    0    0  (Gen:  0)
   518368      2096    754928  0.00  0.00    0.24    0.29    0    0  (Gen:  0)
   519024      2752    757312  0.00  0.00    0.24    0.29    0    0  (Gen:  0)
   519312      2968    759736  0.00  0.00    0.24    0.29    0    0  (Gen:  0)
   516512      2328    761720  0.00  0.00    0.24    0.29    0    0  (Gen:  0)
   515856      3472    764464  0.00  0.00    0.24    0.29    0    0  (Gen:  0)
   519336      2424    766168  0.00  0.00    0.24    0.29    0    0  (Gen:  0)
   519576      2288    768112  0.00  0.00    0.24    0.29    0    0  (Gen:  0)
   519280      1712    769392  0.00  0.00    0.24    0.29    0    0  (Gen:  0)
   518696      1344    770416  0.00  0.00    0.24    0.29    0    0  (Gen:  0)
   518528      1664    771696  0.00  0.00    0.24    0.29    0    0  (Gen:  0)
   959176     67968    886592  0.00  0.00    0.24    0.29    0    0  (Gen:  0)
   714872      5360   1070096  0.00  0.00    0.24    0.29    0    0  (Gen:  0)
   518456      4168   1070064  0.00  0.00    0.24    0.29    0    0  (Gen:  0)
   518848     14256    339016  0.00  0.00    0.24    0.29    0    0  (Gen:  1)
   515144      1440    339920  0.00  0.00    0.24    0.29    0    0  (Gen:  0)
   518864      2736    341384  0.00  0.00    0.24    0.29    0    0  (Gen:  0)
   518424      2136    343016  0.00  0.00    0.24    0.29    0    0  (Gen:  0)
   516832      3432    346008  0.00  0.00    0.24    0.30    0    0  (Gen:  0)
   518736      2064    347184  0.00  0.00    0.24    0.30    0    0  (Gen:  0)
   519728      3216    350032  0.00  0.00    0.24    0.30    0    0  (Gen:  0)
   519496      2472    352104  0.00  0.00    0.24    0.30    0    0  (Gen:  0)
   519552      1760    353248  0.00  0.00    0.24    0.30    0    0  (Gen:  0)
   518776      3448    356328  0.00  0.00    0.24    0.30    0    0  (Gen:  0)
   519048      1808    357536  0.00  0.00    0.24    0.30    0    0  (Gen:  0)
   519192      2224    359344  0.00  0.00    0.25    0.30    0    0  (Gen:  0)
   518672      2712    361688  0.00  0.00    0.25    0.30    0    0  (Gen:  0)
   519048      2024    363208  0.00  0.00    0.25    0.30    0    0  (Gen:  0)
   519696      2864    365744  0.00  0.00    0.25    0.30    0    0  (Gen:  0)
   519216      2368    367792  0.00  0.00    0.25    0.30    0    0  (Gen:  0)
   518856      2016    369264  0.00  0.00    0.25    0.30    0    0  (Gen:  0)
   519488      3376    372016  0.00  0.00    0.25    0.30    0    0  (Gen:  0)
   518528      2176    373664  0.00  0.00    0.25    0.30    0    0  (Gen:  0)
   519256      2800    375984  0.00  0.00    0.25    0.30    0    0  (Gen:  0)
   519168      2496    378208  0.00  0.00    0.25    0.30    0    0  (Gen:  0)
   518792      2304    379856  0.00  0.00    0.25    0.30    0    0  (Gen:  0)
   519096      3112    382696  0.00  0.00    0.25    0.30    0    0  (Gen:  0)
   519296      1440    383536  0.00  0.00    0.25    0.30    0    0  (Gen:  0)
   515928      2760    385944  0.00  0.00    0.25    0.30    0    0  (Gen:  0)
   518704      2400    387776  0.00  0.00    0.25    0.30    0    0  (Gen:  0)
   518688      1864    389112  0.00  0.00    0.25    0.30    0    0  (Gen:  0)
   518512      2928    391568  0.00  0.00    0.25    0.30    0    0  (Gen:  0)
   517824      2408    393592  0.00  0.00    0.25    0.30    0    0  (Gen:  0)
   519168      1832    394536  0.00  0.00    0.25    0.30    0    0  (Gen:  0)
   518152      3864    397960  0.00  0.00    0.25    0.30    0    0  (Gen:  0)
   517960      2128    399072  0.00  0.00    0.25    0.30    0    0  (Gen:  0)
   515272      2376    401016  0.00  0.00    0.25    0.30    0    0  (Gen:  0)
   519168      3080    403592  0.00  0.00    0.25    0.30    0    0  (Gen:  0)
   518776      1808    404816  0.00  0.00    0.25    0.30    0    0  (Gen:  0)
   516336      3880    408280  0.00  0.00    0.25    0.30    0    0  (Gen:  0)
   519152      2176    409728  0.00  0.00    0.25    0.30    0    0  (Gen:  0)
   519440      3392    412640  0.00  0.00    0.25    0.30    0    0  (Gen:  0)
   519360      2368    414464  0.00  0.00    0.25    0.30    0    0  (Gen:  0)
   518512      4096    418192  0.00  0.00    0.25    0.30    0    0  (Gen:  0)
   519400      2328    419576  0.00  0.00    0.25    0.30    0    0  (Gen:  0)
   519536      3688    422936  0.00  0.00    0.25    0.30    0    0  (Gen:  0)
   518328      2256    424656  0.00  0.00    0.25    0.30    0    0  (Gen:  0)
   518936      3168    427568  0.00  0.00    0.25    0.30    0    0  (Gen:  0)
   519216      2632    429880  0.00  0.00    0.25    0.30    0    0  (Gen:  0)
   519496      4000    433376  0.00  0.00    0.25    0.30    0    0  (Gen:  0)
   516024      3064    435896  0.00  0.00    0.25    0.30    0    0  (Gen:  0)
   519072      4720    440160  0.00  0.00    0.25    0.30    0    0  (Gen:  0)
   518520      3360    442864  0.00  0.00    0.25    0.30    0    0  (Gen:  0)
   518848      2632    445160  0.00  0.00    0.25    0.30    0    0  (Gen:  0)
   516280      1864    446520  0.00  0.00    0.25    0.30    0    0  (Gen:  0)
   517792      2752    448816  0.00  0.00    0.25    0.30    0    0  (Gen:  0)
   519264      2048    450032  0.00  0.00    0.25    0.30    0    0  (Gen:  0)
   519136      1584    451264  0.00  0.00    0.25    0.30    0    0  (Gen:  0)
   516040      2376    453272  0.00  0.00    0.25    0.30    0    0  (Gen:  0)
   518600      2344    455160  0.00  0.00    0.25    0.30    0    0  (Gen:  0)
   518304      1528    456184  0.00  0.00    0.25    0.30    0    0  (Gen:  0)
   519208      2072    457816  0.00  0.00    0.25    0.30    0    0  (Gen:  0)
   518664      1856    459184  0.00  0.00    0.25    0.30    0    0  (Gen:  0)
   519768      2208    460800  0.00  0.00    0.25    0.30    0    0  (Gen:  0)
   519144      2088    462376  0.00  0.00    0.25    0.30    0    0  (Gen:  0)
   519256      2408    464248  0.00  0.00    0.25    0.30    0    0  (Gen:  0)
   518240      2992    466736  0.00  0.00    0.25    0.31    0    0  (Gen:  0)
   519168      2256    468608  0.00  0.00    0.25    0.31    0    0  (Gen:  0)
   518688      2632    470920  0.00  0.00    0.25    0.31    0    0  (Gen:  0)
   518896      2128    472544  0.00  0.00    0.25    0.31    0    0  (Gen:  0)
   518376      1552    473696  0.00  0.00    0.25    0.31    0    0  (Gen:  0)
   518808      2688    476112  0.00  0.00    0.25    0.31    0    0  (Gen:  0)
   518760      2464    478032  0.00  0.00    0.25    0.31    0    0  (Gen:  0)
   515840      2752    480368  0.00  0.00    0.25    0.31    0    0  (Gen:  0)
   517472      3480    483288  0.00  0.00    0.26    0.31    0    0  (Gen:  0)
   518816      1704    484152  0.00  0.00    0.26    0.31    0    0  (Gen:  0)
   519088      3664    487392  0.00  0.00    0.26    0.31    0    0  (Gen:  0)
   518136      2824    489608  0.00  0.00    0.26    0.31    0    0  (Gen:  0)
   519440      1912    490792  0.00  0.00    0.26    0.31    0    0  (Gen:  0)
   519240      1752    492168  0.00  0.00    0.26    0.31    0    0  (Gen:  0)
   518368      1704    493512  0.00  0.00    0.26    0.31    0    0  (Gen:  0)
   928384      6688    507896  0.00  0.00    0.26    0.31    0    0  (Gen:  0)
   575304     27680    578848  0.00  0.00    0.26    0.31    0    0  (Gen:  0)
   715072     25448    774656  0.00  0.00    0.26    0.31    0    0  (Gen:  0)
   512864     11664    788904  0.00  0.00    0.26    0.31    0    0  (Gen:  0)
   519184       688    788800  0.00  0.00    0.26    0.31    0    0  (Gen:  0)
   519032      1040    789584  0.00  0.00    0.26    0.31    0    0  (Gen:  0)
   518472      2744    791784  0.00  0.00    0.26    0.31    0    0  (Gen:  0)
   519336      1704    793048  0.00  0.00    0.26    0.31    0    0  (Gen:  0)
   518624      1584    794192  0.00  0.00    0.26    0.31    0    0  (Gen:  0)
   519152      1760    795328  0.00  0.00    0.26    0.31    0    0  (Gen:  0)
   297768     19976    371448  0.00  0.00    0.26    0.31    0    0  (Gen:  1)
   518416       976    372168  0.00  0.00    0.26    0.31    0    0  (Gen:  0)
   519160       472    372176  0.00  0.00    0.26    0.31    0    0  (Gen:  0)
   517752      1080    372768  0.00  0.00    0.26    0.31    0    0  (Gen:  0)
   518632      1992    373872  0.00  0.00    0.26    0.31    0    0  (Gen:  0)
   518048      1488    374760  0.00  0.00    0.26    0.31    0    0  (Gen:  0)
   519552      2024    376512  0.00  0.00    0.26    0.31    0    0  (Gen:  0)
   518736      2160    378232  0.00  0.00    0.26    0.31    0    0  (Gen:  0)
   514576      2240    379880  0.00  0.00    0.26    0.31    0    0  (Gen:  0)
   519264      1896    381232  0.00  0.00    0.26    0.31    0    0  (Gen:  0)
   519048      2960    383864  0.00  0.00    0.26    0.31    0    0  (Gen:  0)
   518600      2448    385848  0.00  0.00    0.26    0.31    0    0  (Gen:  0)
   519368      2528    387944  0.00  0.00    0.26    0.31    0    0  (Gen:  0)
   518376      3656    390992  0.00  0.00    0.26    0.31    0    0  (Gen:  0)
   518376      2040    392608  0.00  0.00    0.26    0.31    0    0  (Gen:  0)
   519672      3344    395512  0.00  0.00    0.26    0.31    0    0  (Gen:  0)
   519424      2144    397064  0.00  0.00    0.26    0.31    0    0  (Gen:  0)
   516480      2544    399224  0.00  0.00    0.26    0.31    0    0  (Gen:  0)
   518528      2704    401256  0.00  0.00    0.26    0.31    0    0  (Gen:  0)
   519048      1712    402584  0.00  0.00    0.26    0.31    0    0  (Gen:  0)
   519264      2896    405048  0.00  0.00    0.26    0.31    0    0  (Gen:  0)
   519096      2096    406712  0.00  0.00    0.26    0.31    0    0  (Gen:  0)
   519424      1616    407960  0.00  0.00    0.26    0.31    0    0  (Gen:  0)
   518624      1720    409360  0.00  0.00    0.26    0.31    0    0  (Gen:  0)
   519000      1512    410368  0.00  0.00    0.26    0.31    0    0  (Gen:  0)
   518576      1296    411240  0.00  0.00    0.26    0.31    0    0  (Gen:  0)
   516904      2160    413016  0.00  0.00    0.26    0.31    0    0  (Gen:  0)
   518416      1488    413944  0.00  0.00    0.26    0.31    0    0  (Gen:  0)
   518392      1504    414904  0.00  0.00    0.26    0.31    0    0  (Gen:  0)
   518328      1656    416144  0.00  0.00    0.26    0.32    0    0  (Gen:  0)
   519856      1912    417616  0.00  0.00    0.26    0.32    0    0  (Gen:  0)
   518880      1880    419168  0.00  0.00    0.26    0.32    0    0  (Gen:  0)
   518832      1880    420432  0.00  0.00    0.26    0.32    0    0  (Gen:  0)
   519000      1600    421544  0.00  0.00    0.26    0.32    0    0  (Gen:  0)
   515712      2488    423648  0.00  0.00    0.26    0.32    0    0  (Gen:  0)
   518864      1736    424816  0.00  0.00    0.26    0.32    0    0  (Gen:  0)
   516608      1520    425832  0.00  0.00    0.26    0.32    0    0  (Gen:  0)
   519192      1592    426992  0.00  0.00    0.26    0.32    0    0  (Gen:  0)
   518664      2352    428984  0.00  0.00    0.26    0.32    0    0  (Gen:  0)
   519048      1832    430384  0.00  0.00    0.27    0.32    0    0  (Gen:  0)
   519400      1368    431312  0.00  0.00    0.27    0.32    0    0  (Gen:  0)
   519144      2280    433136  0.00  0.00    0.27    0.32    0    0  (Gen:  0)
   515024      2056    434480  0.00  0.00    0.27    0.32    0    0  (Gen:  0)
   519304      2136    435840  0.00  0.00    0.27    0.32    0    0  (Gen:  0)
   519144      1600    437000  0.00  0.00    0.27    0.32    0    0  (Gen:  0)
   518680      2016    438632  0.00  0.00    0.27    0.32    0    0  (Gen:  0)
   519200      1792    440008  0.00  0.00    0.27    0.32    0    0  (Gen:  0)
   519240      2280    441744  0.00  0.00    0.27    0.32    0    0  (Gen:  0)
   518936      1688    442848  0.00  0.00    0.27    0.32    0    0  (Gen:  0)
   519248      1680    444088  0.00  0.00    0.27    0.32    0    0  (Gen:  0)
   519928      2424    446128  0.00  0.00    0.27    0.32    0    0  (Gen:  0)
   518984      1824    447352  0.00  0.00    0.27    0.32    0    0  (Gen:  0)
   518488      1872    448792  0.00  0.00    0.27    0.32    0    0  (Gen:  0)
   518432      1984    450504  0.00  0.00    0.27    0.32    0    0  (Gen:  0)
   519480      2024    452096  0.00  0.00    0.27    0.32    0    0  (Gen:  0)
   519416      1680    453448  0.00  0.00    0.27    0.32    0    0  (Gen:  0)
   519248      2432    455464  0.00  0.00    0.27    0.32    0    0  (Gen:  0)
   518680      2688    457608  0.00  0.00    0.27    0.32    0    0  (Gen:  0)
   518504      2168    459392  0.00  0.00    0.27    0.32    0    0  (Gen:  0)
   516680      3792    462616  0.00  0.00    0.27    0.32    0    0  (Gen:  0)
   519664      2664    464560  0.00  0.00    0.27    0.32    0    0  (Gen:  0)
   518616      3576    467552  0.00  0.00    0.27    0.32    0    0  (Gen:  0)
   517224      2320    469368  0.00  0.00    0.27    0.32    0    0  (Gen:  0)
   518960      3672    472480  0.00  0.00    0.27    0.32    0    0  (Gen:  0)
   518992      2144    474040  0.00  0.00    0.27    0.32    0    0  (Gen:  0)
   518840      3328    476968  0.00  0.00    0.27    0.32    0    0  (Gen:  0)
   519176      2360    478800  0.00  0.00    0.27    0.32    0    0  (Gen:  0)
   519008      2336    480808  0.00  0.00    0.27    0.32    0    0  (Gen:  0)
   519664      2992    483368  0.00  0.00    0.27    0.32    0    0  (Gen:  0)
   518832      2136    485120  0.00  0.00    0.27    0.32    0    0  (Gen:  0)
   518816      3296    488200  0.00  0.00    0.27    0.32    0    0  (Gen:  0)
   518504      1824    489480  0.00  0.00    0.27    0.32    0    0  (Gen:  0)
   517880      3112    492208  0.00  0.00    0.27    0.32    0    0  (Gen:  0)
   519192      2776    494368  0.00  0.00    0.27    0.32    0    0  (Gen:  0)
   518232      1632    495560  0.00  0.00    0.27    0.32    0    0  (Gen:  0)
   519136      3584    498808  0.00  0.00    0.27    0.32    0    0  (Gen:  0)
   519016      2216    500480  0.00  0.00    0.27    0.32    0    0  (Gen:  0)
   518208      2776    502816  0.00  0.00    0.27    0.32    0    0  (Gen:  0)
   519008      3056    505256  0.00  0.00    0.27    0.32    0    0  (Gen:  0)
   518320      4048    508920  0.00  0.00    0.27    0.32    0    0  (Gen:  0)
   518648      1856    509816  0.00  0.00    0.27    0.32    0    0  (Gen:  0)
   518328      1664    511048  0.00  0.00    0.27    0.32    0    0  (Gen:  0)
   516520      3064    513728  0.00  0.00    0.27    0.32    0    0  (Gen:  0)
   519624      2232    515344  0.00  0.00    0.27    0.32    0    0  (Gen:  0)
   515424      2440    517296  0.00  0.00    0.27    0.32    0    0  (Gen:  0)
   515992      1880    518320  0.00  0.00    0.27    0.32    0    0  (Gen:  0)
   518864      1640    519472  0.00  0.00    0.27    0.32    0    0  (Gen:  0)
   519176      1816    520864  0.00  0.00    0.27    0.32    0    0  (Gen:  0)
   937352     25584    562576  0.00  0.00    0.27    0.33    0    0  (Gen:  0)
   564368      5360    600304  0.00  0.00    0.27    0.33    0    0  (Gen:  0)
   519368      4248    604464  0.00  0.00    0.27    0.33    0    0  (Gen:  0)
   519056       488    604216  0.00  0.00    0.27    0.33    0    0  (Gen:  0)
   519096      2328    606216  0.00  0.00    0.27    0.33    0    0  (Gen:  0)
   517104      2680    608280  0.00  0.00    0.27    0.33    0    0  (Gen:  0)
   518424      2600    610024  0.00  0.00    0.27    0.33    0    0  (Gen:  0)
   519192      2632    611880  0.00  0.00    0.27    0.33    0    0  (Gen:  0)
   518488      2576    613952  0.00  0.00    0.27    0.33    0    0  (Gen:  0)
   516304      2872    616552  0.00  0.00    0.27    0.33    0    0  (Gen:  0)
   518544      2024    617832  0.00  0.00    0.28    0.33    0    0  (Gen:  0)
   518936      2440    619768  0.00  0.00    0.28    0.33    0    0  (Gen:  0)
   516664      2912    622064  0.00  0.00    0.28    0.33    0    0  (Gen:  0)
   518808      2624    623904  0.00  0.00    0.28    0.33    0    0  (Gen:  0)
   518736      2720    626304  0.00  0.00    0.28    0.33    0    0  (Gen:  0)
   518880      2064    627776  0.00  0.00    0.28    0.33    0    0  (Gen:  0)
   519200      2256    629488  0.00  0.00    0.28    0.33    0    0  (Gen:  0)
   518040      2656    631712  0.00  0.00    0.28    0.33    0    0  (Gen:  0)
   519008      2968    634152  0.00  0.00    0.28    0.33    0    0  (Gen:  0)
   518816      2344    635960  0.00  0.00    0.28    0.33    0    0  (Gen:  0)
   518584      1992    637608  0.00  0.00    0.28    0.33    0    0  (Gen:  0)
   519184      1712    638544  0.00  0.00    0.28    0.33    0    0  (Gen:  0)
   640640      3592    666312  0.00  0.00    0.28    0.33    0    0  (Gen:  0)
   507984     26536    674288  0.00  0.00    0.29    0.34    0    0  (Gen:  0)
   504064    245728    919256  0.00  0.00    0.29    0.34    0    0  (Gen:  0)
   506880    246952   1165016  0.00  0.00    0.29    0.34    0    0  (Gen:  0)
   506880    769104    852184  0.00  0.00    0.29    0.34    0    0  (Gen:  1)
   506880    245824   1097944  0.00  0.00    0.29    0.34    0    0  (Gen:  0)
   506880    245824   1343704  0.00  0.00    0.29    0.34    0    0  (Gen:  0)
   506880    245824   1589464  0.00  0.00    0.29    0.34    0    0  (Gen:  0)
   506880    245824   1835224  0.00  0.00    0.29    0.34    0    0  (Gen:  0)
   506880   1997904   2080984  0.00  0.00    0.29    0.34    0    0  (Gen:  1)
   506880    245824   2326744  0.00  0.00    0.29    0.34    0    0  (Gen:  0)
   506880    245824   2572504  0.00  0.00    0.29    0.34    0    0  (Gen:  0)
   592744    127520   2780448  0.00  0.00    0.29    0.34    0    0  (Gen:  0)
   514648     53880   2834256  0.00  0.00    0.29    0.34    0    0  (Gen:  0)
   514560     53864   2888016  0.00  0.00    0.29    0.34    0    0  (Gen:  0)
   514560     53864   2941776  0.00  0.00    0.29    0.34    0    0  (Gen:  0)
   514560     53864   2995536  0.00  0.00    0.29    0.34    0    0  (Gen:  0)
   514560     53864   3049296  0.00  0.00    0.29    0.34    0    0  (Gen:  0)
   514560     53864   3103056  0.00  0.00    0.29    0.34    0    0  (Gen:  0)
   514560     53864   3156816  0.00  0.00    0.29    0.35    0    0  (Gen:  0)
   514560     53864   3210576  0.00  0.00    0.29    0.35    0    0  (Gen:  0)
   516712     45120   3255592  0.00  0.00    0.29    0.35    0    0  (Gen:  0)
   517704     43000   3298496  0.00  0.00    0.29    0.35    0    0  (Gen:  0)
   514560     53864   3352256  0.00  0.00    0.29    0.35    0    0  (Gen:  0)
   514560     53864   3406016  0.00  0.00    0.29    0.35    0    0  (Gen:  0)
   515064     53016   3458928  0.00  0.00    0.29    0.35    0    0  (Gen:  0)
   514560     53856   3512688  0.00  0.00    0.29    0.35    0    0  (Gen:  0)
   514560     53856   3566448  0.00  0.00    0.30    0.35    0    0  (Gen:  0)
   514560     53856   3620208  0.00  0.00    0.30    0.35    0    0  (Gen:  0)
   514560     53856   3673968  0.00  0.00    0.30    0.35    0    0  (Gen:  0)
   515688     51344   3725216  0.00  0.00    0.30    0.35    0    0  (Gen:  0)
   514912     52656   3777776  0.00  0.00    0.30    0.35    0    0  (Gen:  0)
   514560     53776   3831536  0.00  0.00    0.30    0.35    0    0  (Gen:  0)
   513184     87832   3919328  0.00  0.00    0.30    0.35    0    0  (Gen:  0)
   506880    245984   4165088  0.00  0.00    0.30    0.35    0    0  (Gen:  0)
   506880    245832   4410848  0.00  0.00    0.30    0.35    0    0  (Gen:  0)
   506880   1596376   1679448  0.00  0.00    0.30    0.35    0    0  (Gen:  1)
   507032    245960   1925336  0.00  0.00    0.30    0.35    0    0  (Gen:  0)
   506880    245832   2171096  0.00  0.00    0.30    0.35    0    0  (Gen:  0)
   506880    245832   2416856  0.00  0.00    0.30    0.35    0    0  (Gen:  0)
   562032    209000   2679448  0.00  0.00    0.30    0.35    0    0  (Gen:  0)
   516216     48256   2727584  0.00  0.00    0.30    0.35    0    0  (Gen:  0)
   518152     36368   2763928  0.00  0.00    0.30    0.35    0    0  (Gen:  0)
   517208     39704   2803600  0.00  0.00    0.30    0.35    0    0  (Gen:  0)
   518272     37688   2841176  0.00  0.00    0.30    0.35    0    0  (Gen:  0)
   516056     47024   2888040  0.00  0.00    0.30    0.35    0    0  (Gen:  0)
   515896     47552   2935568  0.00  0.00    0.30    0.35    0    0  (Gen:  0)
   515680     49864   2985408  0.00  0.00    0.30    0.35    0    0  (Gen:  0)
   514560     53784   3039168  0.00  0.00    0.30    0.35    0    0  (Gen:  0)
   516368     48200   3087344  0.00  0.00    0.30    0.35    0    0  (Gen:  0)
   516240     49256   3136568  0.00  0.00    0.30    0.35    0    0  (Gen:  0)
   516456     47856   3184320  0.00  0.00    0.30    0.35    0    0  (Gen:  0)
   516888     45240   3229304  0.00  0.00    0.30    0.35    0    0  (Gen:  0)
   516208     48184   3277392  0.00  0.00    0.30    0.35    0    0  (Gen:  0)
   515696     51320   3328688  0.00  0.00    0.30    0.35    0    0  (Gen:  0)
   515072     52440   3381104  0.00  0.00    0.30    0.36    0    0  (Gen:  0)
   512624   1418088   1493024  0.00  0.00    0.31    0.36    0    0  (Gen:  1)
   506880    245992   1738784  0.00  0.00    0.31    0.36    0    0  (Gen:  0)
   506880    245840   1984544  0.00  0.00    0.31    0.36    0    0  (Gen:  0)
   506880    245840   2230304  0.00  0.00    0.31    0.36    0    0  (Gen:  0)
   506880    245840   2476064  0.00  0.00    0.31    0.36    0    0  (Gen:  0)
   506880    245840   2721824  0.00  0.00    0.31    0.36    0    0  (Gen:  0)
   506880    245840   2967584  0.00  0.00    0.31    0.36    0    0  (Gen:  0)
   506880    245840   3213344  0.00  0.00    0.31    0.36    0    0  (Gen:  0)
   506880   3384168   3459104  0.00  0.00    0.31    0.36    0    0  (Gen:  1)
   506880    245840   3704864  0.00  0.00    0.31    0.36    0    0  (Gen:  0)
   506880    245840   3950624  0.00  0.00    0.31    0.36    0    0  (Gen:  0)
   596304     83152   4114184  0.00  0.00    0.31    0.36    0    0  (Gen:  0)
   516656     45800   4159904  0.00  0.00    0.31    0.36    0    0  (Gen:  0)
   517384     48616   4208480  0.00  0.00    0.31    0.36    0    0  (Gen:  0)
   517072     46512   4254824  0.00  0.00    0.31    0.36    0    0  (Gen:  0)
   518000     45808   4300592  0.00  0.00    0.31    0.36    0    0  (Gen:  0)
   517928     45688   4346176  0.00  0.00    0.31    0.36    0    0  (Gen:  0)
   516352     48264   4394400  0.00  0.00    0.31    0.36    0    0  (Gen:  0)
   516840     45224   4439512  0.00  0.00    0.31    0.36    0    0  (Gen:  0)
   516120     49224   4488696  0.00  0.00    0.31    0.36    0    0  (Gen:  0)
   516584     49032   4537624  0.00  0.00    0.31    0.36    0    0  (Gen:  0)
   516856     45200   4582784  0.00  0.00    0.31    0.36    0    0  (Gen:  0)
   517424     46176   4628848  0.00  0.00    0.31    0.36    0    0  (Gen:  0)
   517176     42776   4671592  0.00  0.00    0.31    0.36    0    0  (Gen:  0)
   517568     46240   4717792  0.00  0.00    0.31    0.36    0    0  (Gen:  0)
   516832     46800   4764480  0.00  0.00    0.31    0.36    0    0  (Gen:  0)
   517232     44640   4808856  0.00  0.00    0.31    0.37    0    0  (Gen:  0)
   518392     41832   4850568  0.00  0.00    0.31    0.37    0    0  (Gen:  0)
   516800     46848   4897312  0.00  0.00    0.31    0.37    0    0  (Gen:  0)
   517944     42960   4940232  0.00  0.00    0.31    0.37    0    0  (Gen:  0)
   517496     45416   4985528  0.00  0.00    0.31    0.37    0    0  (Gen:  0)
   516216     48008   5033424  0.00  0.00    0.31    0.37    0    0  (Gen:  0)
   517304     43824   5077072  0.00  0.00    0.31    0.37    0    0  (Gen:  0)
   517328     46032   5123064  0.00  0.00    0.31    0.37    0    0  (Gen:  0)
   517584     43040   5166000  0.00  0.00    0.31    0.37    0    0  (Gen:  0)
   516328     72208   5238152  0.00  0.00    0.32    0.37    0    0  (Gen:  0)
   506880    246000   5483912  0.00  0.00    0.32    0.37    0    0  (Gen:  0)
   506880    245848   5729672  0.00  0.00    0.32    0.37    0    0  (Gen:  0)
   506880    245848   5975432  0.00  0.00    0.32    0.37    0    0  (Gen:  0)
   506880    245848   6221192  0.00  0.00    0.32    0.37    0    0  (Gen:  0)
   506880    245848   6466952  0.00  0.00    0.32    0.37    0    0  (Gen:  0)
   506880    245848   6712712  0.00  0.00    0.32    0.37    0    0  (Gen:  0)
   506880    245848   6958472  0.00  0.00    0.32    0.37    0    0  (Gen:  0)
   506880   4152088   4227016  0.00  0.00    0.32    0.37    0    0  (Gen:  1)
   506880    245848   4472776  0.00  0.00    0.32    0.37    0    0  (Gen:  0)
   506880    245848   4718536  0.00  0.00    0.32    0.37    0    0  (Gen:  0)
   592360    121416   4920352  0.00  0.00    0.32    0.37    0    0  (Gen:  0)
   514560     53904   4974112  0.00  0.00    0.32    0.37    0    0  (Gen:  0)
   514560     53888   5027872  0.00  0.00    0.32    0.37    0    0  (Gen:  0)
   514560     53888   5081632  0.00  0.00    0.32    0.37    0    0  (Gen:  0)
   514560     53888   5135392  0.00  0.00    0.32    0.37    0    0  (Gen:  0)
   514560     53888   5189152  0.00  0.00    0.32    0.37    0    0  (Gen:  0)
   514560     53888   5242912  0.00  0.00    0.32    0.37    0    0  (Gen:  0)
   514560     53888   5296672  0.00  0.00    0.32    0.37    0    0  (Gen:  0)
   514560     53888   5350432  0.00  0.00    0.32    0.37    0    0  (Gen:  0)
   514560     53888   5404192  0.00  0.00    0.32    0.38    0    0  (Gen:  0)
   514560     53888   5457952  0.00  0.00    0.32    0.38    0    0  (Gen:  0)
   514560     53888   5511712  0.00  0.00    0.32    0.38    0    0  (Gen:  0)
   514560     53888   5565472  0.00  0.00    0.32    0.38    0    0  (Gen:  0)
   514560     53888   5619232  0.00  0.00    0.32    0.38    0    0  (Gen:  0)
   514560     53888   5672992  0.00  0.00    0.32    0.38    0    0  (Gen:  0)
   514560     53888   5726752  0.00  0.00    0.32    0.38    0    0  (Gen:  0)
   514560     53888   5780512  0.00  0.00    0.32    0.38    0    0  (Gen:  0)
   514560     53888   5834272  0.00  0.00    0.32    0.38    0    0  (Gen:  0)
   514560     53888   5888032  0.00  0.00    0.32    0.38    0    0  (Gen:  0)
   514560     53888   5941792  0.00  0.00    0.33    0.38    0    0  (Gen:  0)
   514560     53888   5995552  0.00  0.00    0.33    0.38    0    0  (Gen:  0)
   509288    187136   6182544  0.00  0.00    0.33    0.38    0    0  (Gen:  0)
   506880    246008   6428304  0.00  0.00    0.33    0.38    0    0  (Gen:  0)
   506880    245856   6674064  0.00  0.00    0.33    0.38    0    0  (Gen:  0)
   535288    207224   6908040  0.00  0.00    0.33    0.38    0    0  (Gen:  0)
   514560     53912   6961800  0.00  0.00    0.33    0.38    0    0  (Gen:  0)
   514560     53896   7015560  0.00  0.00    0.33    0.38    0    0  (Gen:  0)
   514560     53896   7069320  0.00  0.00    0.33    0.38    0    0  (Gen:  0)
   514560     53896   7123080  0.00  0.00    0.33    0.38    0    0  (Gen:  0)
   514560     53896   7176840  0.00  0.00    0.33    0.38    0    0  (Gen:  0)
   514560     53896   7230600  0.00  0.00    0.33    0.38    0    0  (Gen:  0)
   557504     66896   7326768  0.00  0.00    0.33    0.38    0    0  (Gen:  0)
   581920     30384   7434224  0.00  0.00    0.33    0.38    0    0  (Gen:  0)
   516592     15976   7432888  0.00  0.00    0.33    0.38    0    0  (Gen:  0)
   518872      1776   7433960  0.00  0.00    0.33    0.38    0    0  (Gen:  0)
   518664       224   7433992  0.00  0.00    0.33    0.38    0    0  (Gen:  0)
   517288       704   7434472  0.00  0.00    0.33    0.38    0    0  (Gen:  0)
   518728       880   7434648  0.00  0.00    0.33    0.38    0    0  (Gen:  0)
   519096       200   7434488  0.00  0.00    0.33    0.38    0    0  (Gen:  0)
   516928       560   7434848  0.00  0.00    0.33    0.38    0    0  (Gen:  0)
   518664       752   7435040  0.00  0.00    0.33    0.38    0    0  (Gen:  0)
   518904       464   7435040  0.00  0.00    0.33    0.38    0    0  (Gen:  0)
   518464       552   7435360  0.00  0.00    0.33    0.38    0    0  (Gen:  0)
   518024       752   7435560  0.00  0.00    0.33    0.38    0    0  (Gen:  0)
   518984       792   7435600  0.00  0.00    0.33    0.38    0    0  (Gen:  0)
   519152       184   7435512  0.00  0.00    0.33    0.38    0    0  (Gen:  0)
   518448       720   7436048  0.00  0.00    0.33    0.38    0    0  (Gen:  0)
   517736       792   7436120  0.00  0.00    0.33    0.38    0    0  (Gen:  0)
   519104       744   7436144  0.00  0.00    0.33    0.38    0    0  (Gen:  0)
   518288       552   7436400  0.00  0.00    0.33    0.38    0    0  (Gen:  0)
   518176       552   7436400  0.00  0.00    0.33    0.38    0    0  (Gen:  0)
   517208       832   7436680  0.00  0.00    0.33    0.38    0    0  (Gen:  0)
   518856       816   7436664  0.00  0.00    0.33    0.38    0    0  (Gen:  0)
   518920       272   7436640  0.00  0.00    0.33    0.38    0    0  (Gen:  0)
   518160       528   7436896  0.00  0.00    0.33    0.38    0    0  (Gen:  0)
   518376       648   7437016  0.00  0.00    0.33    0.38    0    0  (Gen:  0)
   518288       552   7436920  0.00  0.00    0.33    0.38    0    0  (Gen:  0)
   517480       752   7437120  0.00  0.00    0.33    0.39    0    0  (Gen:  0)
   518608       816   7437184  0.00  0.00    0.33    0.39    0    0  (Gen:  0)
   519032       232   7437120  0.00  0.00    0.33    0.39    0    0  (Gen:  0)
   518224       712   7437600  0.00  0.00    0.33    0.39    0    0  (Gen:  0)
   517968       832   7437720  0.00  0.00    0.33    0.39    0    0  (Gen:  0)
   518600       552   7437440  0.00  0.00    0.33    0.39    0    0  (Gen:  0)
   517768       816   7437704  0.00  0.00    0.33    0.39    0    0  (Gen:  0)
   518944       816   7437704  0.00  0.00    0.33    0.39    0    0  (Gen:  0)
   518744       312   7437720  0.00  0.00    0.33    0.39    0    0  (Gen:  0)
   518328       712   7438120  0.00  0.00    0.33    0.39    0    0  (Gen:  0)
   518136       664   7438072  0.00  0.00    0.33    0.39    0    0  (Gen:  0)
   517904       512   7437920  0.00  0.00    0.33    0.39    0    0  (Gen:  0)
   518184       752   7438160  0.00  0.00    0.33    0.39    0    0  (Gen:  0)
   519112       752   7438160  0.00  0.00    0.33    0.39    0    0  (Gen:  0)
   518792       272   7438200  0.00  0.00    0.33    0.39    0    0  (Gen:  0)
   517944       560   7438488  0.00  0.00    0.33    0.39    0    0  (Gen:  0)
   518008       640   7438568  0.00  0.00    0.34    0.39    0    0  (Gen:  0)
   518912       704   7438632  0.00  0.00    0.34    0.39    0    0  (Gen:  0)
   519136       792   7438760  0.00  0.00    0.34    0.39    0    0  (Gen:  0)
   518584       488   7438944  0.00  0.00    0.34    0.39    0    0  (Gen:  0)
   517600       672   7439120  0.00  0.00    0.34    0.39    0    0  (Gen:  0)
   519288       608   7439056  0.00  0.00    0.34    0.39    0    0  (Gen:  0)
   667192      1600   7456776  0.00  0.00    0.34    0.39    0    0  (Gen:  0)
   519664      2080   7469320  0.00  0.00    0.34    0.39    0    0  (Gen:  0)
   511920    111232   7570784  0.00  0.00    0.35    0.40    0    0  (Gen:  0)
   504064    245728   7815752  0.00  0.00    0.35    0.40    0    0  (Gen:  0)
   506880    246952   8061512  0.00  0.00    0.35    0.40    0    0  (Gen:  0)
   506880    245824   8307272  0.00  0.00    0.35    0.40    0    0  (Gen:  0)
   506880    245824   8553032  0.00  0.00    0.35    0.40    0    0  (Gen:  0)
   506880   4563776   4633216  0.00  0.00    0.35    0.41    0    0  (Gen:  1)
   506880    245816   4878976  0.00  0.00    0.35    0.41    0    0  (Gen:  0)
   506880    245816   5124736  0.00  0.00    0.35    0.41    0    0  (Gen:  0)
   506880    245816   5370496  0.00  0.00    0.35    0.41    0    0  (Gen:  0)
   506880    245816   5616256  0.00  0.00    0.35    0.41    0    0  (Gen:  0)
   506880    245816   5862016  0.00  0.00    0.35    0.41    0    0  (Gen:  0)
   506880    245816   6107776  0.00  0.00    0.35    0.41    0    0  (Gen:  0)
   506880    245816   6353536  0.00  0.00    0.35    0.41    0    0  (Gen:  0)
   506880    245816   6599296  0.00  0.00    0.35    0.41    0    0  (Gen:  0)
   506880    245816   6845056  0.00  0.00    0.35    0.41    0    0  (Gen:  0)
   506880    245816   7090816  0.00  0.00    0.35    0.41    0    0  (Gen:  0)
   506880    245816   7336576  0.00  0.00    0.36    0.41    0    0  (Gen:  0)
   506880    245816   7582336  0.00  0.00    0.36    0.41    0    0  (Gen:  0)
   506880    245816   7828096  0.00  0.00    0.36    0.41    0    0  (Gen:  0)
   506880    245816   8073856  0.00  0.00    0.36    0.41    0    0  (Gen:  0)
   506880    245816   8319616  0.00  0.00    0.36    0.41    0    0  (Gen:  0)
   506880    245816   8565376  0.00  0.00    0.36    0.41    0    0  (Gen:  0)
   506880    245816   8811136  0.00  0.00    0.36    0.41    0    0  (Gen:  0)
   506880    245816   9056896  0.00  0.00    0.36    0.41    0    0  (Gen:  0)
   506880    245816   9302656  0.00  0.00    0.36    0.41    0    0  (Gen:  0)
   506880   9478880   9548320  0.01  0.01    0.36    0.41    0    0  (Gen:  1)
   507032    245944   9794208  0.00  0.00    0.36    0.42    0    0  (Gen:  0)
   506880    245816  10039968  0.00  0.00    0.36    0.42    0    0  (Gen:  0)
   506880    245816  10285728  0.00  0.00    0.36    0.42    0    0  (Gen:  0)
   506880    245816  10531488  0.00  0.00    0.36    0.42    0    0  (Gen:  0)
   506880    245816  10777248  0.00  0.00    0.36    0.42    0    0  (Gen:  0)
   506880    245816  11023008  0.00  0.00    0.36    0.42    0    0  (Gen:  0)
   506880    245816  11268768  0.00  0.00    0.36    0.42    0    0  (Gen:  0)
   506880    245816  11514528  0.00  0.00    0.36    0.42    0    0  (Gen:  0)
   506880    245816  11760288  0.00  0.00    0.36    0.42    0    0  (Gen:  0)
   506880    245816  12006048  0.00  0.00    0.36    0.42    0    0  (Gen:  0)
   506880    245816  12251808  0.00  0.00    0.36    0.42    0    0  (Gen:  0)
   506880    245816  12497568  0.00  0.00    0.36    0.42    0    0  (Gen:  0)
   506880    245816  12743328  0.00  0.00    0.37    0.42    0    0  (Gen:  0)
   506880    245816  12989088  0.00  0.00    0.37    0.42    0    0  (Gen:  0)
   506880    245816  13234848  0.00  0.00    0.37    0.42    0    0  (Gen:  0)
   506880    245816  13480608  0.00  0.00    0.37    0.42    0    0  (Gen:  0)
   506880    245816  13726368  0.00  0.00    0.37    0.42    0    0  (Gen:  0)
   506880    245816  13972128  0.00  0.00    0.37    0.42    0    0  (Gen:  0)
   506880    245816  14217888  0.00  0.00    0.37    0.42    0    0  (Gen:  0)
   506880    245816  14463648  0.00  0.00    0.37    0.42    0    0  (Gen:  0)
   506880    245816  14709408  0.00  0.00    0.37    0.42    0    0  (Gen:  0)
   506880    245816  14955168  0.00  0.00    0.37    0.42    0    0  (Gen:  0)
   506880    245816  15200928  0.00  0.00    0.37    0.42    0    0  (Gen:  0)
   506880    245816  15446688  0.00  0.00    0.37    0.42    0    0  (Gen:  0)
   506880    245816  15692448  0.00  0.00    0.37    0.42    0    0  (Gen:  0)
   506880    245816  15938208  0.00  0.00    0.37    0.42    0    0  (Gen:  0)
   506880    245816  16183968  0.00  0.00    0.37    0.42    0    0  (Gen:  0)
   506880    245816  16429728  0.00  0.00    0.37    0.42    0    0  (Gen:  0)
   506880    245816  16675488  0.00  0.00    0.37    0.42    0    0  (Gen:  0)
   506880    245816  16921248  0.00  0.00    0.37    0.42    0    0  (Gen:  0)
   506880    245816  17167008  0.00  0.00    0.37    0.42    0    0  (Gen:  0)
   506880    245816  17412768  0.00  0.00    0.37    0.42    0    0  (Gen:  0)
   506880    245816  17658528  0.00  0.00    0.37    0.42    0    0  (Gen:  0)
   506880    245816  17904288  0.00  0.00    0.37    0.42    0    0  (Gen:  0)
   971080    100432  18463040  0.00  0.00    0.37    0.42    0    0  (Gen:  0)
   514560     53784  18516800  0.00  0.00    0.37    0.42    0    0  (Gen:  0)
   514560     53768  18570560  0.00  0.00    0.37    0.42    0    0  (Gen:  0)
   514560     53768  18624320  0.00  0.00    0.37    0.42    0    0  (Gen:  0)
   514560     53768  18678080  0.00  0.00    0.37    0.42    0    0  (Gen:  0)
   514560     53768  18731840  0.00  0.00    0.37    0.42    0    0  (Gen:  0)
   514560     53768  18785600  0.00  0.00    0.37    0.42    0    0  (Gen:  0)
   514560     53768  18839360  0.00  0.00    0.37    0.42    0    0  (Gen:  0)
   514560     53768  18893120  0.00  0.00    0.37    0.42    0    0  (Gen:  0)
   514560     53768  18946880  0.00  0.00    0.37    0.42    0    0  (Gen:  0)
   514560     53768  19000640  0.00  0.00    0.37    0.42    0    0  (Gen:  0)
   514560     53768  19054400  0.00  0.00    0.37    0.42    0    0  (Gen:  0)
   514560     53768  19108160  0.00  0.00    0.37    0.42    0    0  (Gen:  0)
   514560  16729712  17249408  0.01  0.01    0.38    0.44    0    0  (Gen:  1)
   514560     53768  17303168  0.00  0.00    0.39    0.44    0    0  (Gen:  0)
   514560     53768  17356928  0.00  0.00    0.39    0.44    0    0  (Gen:  0)
   514560     53768  17410688  0.00  0.00    0.39    0.44    0    0  (Gen:  0)
   514560     53768  17464448  0.00  0.00    0.39    0.44    0    0  (Gen:  0)
   514560     53768  17518208  0.00  0.00    0.39    0.44    0    0  (Gen:  0)
   514560     53768  17571968  0.00  0.00    0.39    0.44    0    0  (Gen:  0)
   514560     53768  17625728  0.00  0.00    0.39    0.44    0    0  (Gen:  0)
   514560     53768  17679488  0.00  0.00    0.39    0.44    0    0  (Gen:  0)
   514560     53768  17733248  0.00  0.00    0.39    0.44    0    0  (Gen:  0)
   514560     53768  17787008  0.00  0.00    0.39    0.44    0    0  (Gen:  0)
   514560     53768  17840768  0.00  0.00    0.39    0.44    0    0  (Gen:  0)
   514560     53768  17894528  0.00  0.00    0.39    0.44    0    0  (Gen:  0)
   514560     53768  17948288  0.00  0.00    0.39    0.44    0    0  (Gen:  0)
   514560     53768  18002048  0.00  0.00    0.39    0.44    0    0  (Gen:  0)
   514560     53768  18055808  0.00  0.00    0.39    0.44    0    0  (Gen:  0)
   514560     53768  18109568  0.00  0.00    0.39    0.44    0    0  (Gen:  0)
   514560     53768  18163328  0.00  0.00    0.39    0.44    0    0  (Gen:  0)
   514560     53768  18217088  0.00  0.00    0.39    0.44    0    0  (Gen:  0)
   514560     53768  18270848  0.00  0.00    0.39    0.44    0    0  (Gen:  0)
   514560     53768  18324608  0.00  0.00    0.39    0.44    0    0  (Gen:  0)
   514560     53768  18378368  0.00  0.00    0.39    0.44    0    0  (Gen:  0)
   514560     53768  18432128  0.00  0.00    0.39    0.44    0    0  (Gen:  0)
   514560     53768  18485888  0.00  0.00    0.39    0.44    0    0  (Gen:  0)
   514560     53768  18539648  0.00  0.00    0.39    0.44    0    0  (Gen:  0)
   514560     53768  18593408  0.00  0.00    0.39    0.44    0    0  (Gen:  0)
   514560     53768  18647168  0.00  0.00    0.39    0.44    0    0  (Gen:  0)
   514560     53768  18700928  0.00  0.00    0.39    0.44    0    0  (Gen:  0)
   514560     53768  18754688  0.00  0.00    0.39    0.44    0    0  (Gen:  0)
   514560     53768  18808448  0.00  0.00    0.39    0.44    0    0  (Gen:  0)
   514560     53768  18862208  0.00  0.00    0.39    0.44    0    0  (Gen:  0)
   514560     53768  18915968  0.00  0.00    0.39    0.44    0    0  (Gen:  0)
   514560     53768  18969728  0.00  0.00    0.39    0.44    0    0  (Gen:  0)
   514560     53768  19023488  0.00  0.00    0.39    0.45    0    0  (Gen:  0)
   514560     53768  19077248  0.00  0.00    0.39    0.45    0    0  (Gen:  0)
   514560     53768  19131008  0.00  0.00    0.39    0.45    0    0  (Gen:  0)
   514560     53768  19184768  0.00  0.00    0.39    0.45    0    0  (Gen:  0)
   514560     53768  19238528  0.00  0.00    0.39    0.45    0    0  (Gen:  0)
   514560     53768  19292288  0.00  0.00    0.39    0.45    0    0  (Gen:  0)
   514560     53768  19346048  0.00  0.00    0.39    0.45    0    0  (Gen:  0)
   514560     53768  19399808  0.00  0.00    0.39    0.45    0    0  (Gen:  0)
   514560     53768  19453568  0.00  0.00    0.39    0.45    0    0  (Gen:  0)
   514560     53768  19507328  0.00  0.00    0.39    0.45    0    0  (Gen:  0)
   514560     53768  19561088  0.00  0.00    0.40    0.45    0    0  (Gen:  0)
   514560     53768  19614848  0.00  0.00    0.40    0.45    0    0  (Gen:  0)
   514560     53768  19668608  0.00  0.00    0.40    0.45    0    0  (Gen:  0)
   514560     53768  19722368  0.00  0.00    0.40    0.45    0    0  (Gen:  0)
   514560     53768  19776128  0.00  0.00    0.40    0.45    0    0  (Gen:  0)
   514560     53768  19829888  0.00  0.00    0.40    0.45    0    0  (Gen:  0)
   514560     53768  19883648  0.00  0.00    0.40    0.45    0    0  (Gen:  0)
   514560     53768  19937408  0.00  0.00    0.40    0.45    0    0  (Gen:  0)
   514560     53768  19991168  0.00  0.00    0.40    0.45    0    0  (Gen:  0)
   514560     53768  20044928  0.00  0.00    0.40    0.45    0    0  (Gen:  0)
   514560     53768  20098688  0.00  0.00    0.40    0.45    0    0  (Gen:  0)
   514560     53768  20152448  0.00  0.00    0.40    0.45    0    0  (Gen:  0)
   514560     53768  20206208  0.00  0.00    0.40    0.45    0    0  (Gen:  0)
   514560     53768  20259968  0.00  0.00    0.40    0.45    0    0  (Gen:  0)
   514560     53768  20313728  0.00  0.00    0.40    0.45    0    0  (Gen:  0)
   514560     53768  20367488  0.00  0.00    0.40    0.45    0    0  (Gen:  0)
   514560     53768  20421248  0.00  0.00    0.40    0.45    0    0  (Gen:  0)
   514560     53768  20475008  0.00  0.00    0.40    0.45    0    0  (Gen:  0)
   514560     53768  20528768  0.00  0.00    0.40    0.45    0    0  (Gen:  0)
   514560     53768  20582528  0.00  0.00    0.40    0.45    0    0  (Gen:  0)
   514560     53768  20636288  0.00  0.00    0.40    0.45    0    0  (Gen:  0)
   514560     53768  20690048  0.00  0.00    0.40    0.45    0    0  (Gen:  0)
   514560     53768  20743808  0.00  0.00    0.40    0.45    0    0  (Gen:  0)
   514560     53768  20797568  0.00  0.00    0.40    0.45    0    0  (Gen:  0)
   514560     53768  20851328  0.00  0.00    0.40    0.45    0    0  (Gen:  0)
   514560     53768  20905088  0.00  0.00    0.40    0.45    0    0  (Gen:  0)
   514560     53768  20958848  0.00  0.00    0.40    0.45    0    0  (Gen:  0)
   514560     53768  21012608  0.00  0.00    0.40    0.45    0    0  (Gen:  0)
   514560     53768  21066368  0.00  0.00    0.40    0.45    0    0  (Gen:  0)
   514560     53768  21120128  0.00  0.00    0.40    0.45    0    0  (Gen:  0)
   514560     53768  21173888  0.00  0.00    0.40    0.45    0    0  (Gen:  0)
   514560     53768  21227648  0.00  0.00    0.40    0.45    0    0  (Gen:  0)
   514560     53768  21281408  0.00  0.00    0.40    0.46    0    0  (Gen:  0)
   514560     53768  21335168  0.00  0.00    0.40    0.46    0    0  (Gen:  0)
   514560     53768  21388928  0.00  0.00    0.40    0.46    0    0  (Gen:  0)
   514560     53768  21442688  0.00  0.00    0.40    0.46    0    0  (Gen:  0)
   514560     53768  21496448  0.00  0.00    0.40    0.46    0    0  (Gen:  0)
   514560     53768  21550208  0.00  0.00    0.40    0.46    0    0  (Gen:  0)
   514560     53768  21603968  0.00  0.00    0.40    0.46    0    0  (Gen:  0)
   514560     53768  21657728  0.00  0.00    0.40    0.46    0    0  (Gen:  0)
   514560     53768  21711488  0.00  0.00    0.40    0.46    0    0  (Gen:  0)
   514560     53768  21765248  0.00  0.00    0.40    0.46    0    0  (Gen:  0)
   514560     53768  21819008  0.00  0.00    0.40    0.46    0    0  (Gen:  0)
   514560     53768  21872768  0.00  0.00    0.41    0.46    0    0  (Gen:  0)
   514560     53768  21926528  0.00  0.00    0.41    0.46    0    0  (Gen:  0)
   514560     53768  21980288  0.00  0.00    0.41    0.46    0    0  (Gen:  0)
   514560     53768  22034048  0.00  0.00    0.41    0.46    0    0  (Gen:  0)
   514560     53768  22087808  0.00  0.00    0.41    0.46    0    0  (Gen:  0)
   514560     53768  22141568  0.00  0.00    0.41    0.46    0    0  (Gen:  0)
   514560     53768  22195328  0.00  0.00    0.41    0.46    0    0  (Gen:  0)
   514560     53768  22249088  0.00  0.00    0.41    0.46    0    0  (Gen:  0)
   514560     53768  22302848  0.00  0.00    0.41    0.46    0    0  (Gen:  0)
   514560     53768  22356608  0.00  0.00    0.41    0.46    0    0  (Gen:  0)
   514560     53768  22410368  0.00  0.00    0.41    0.46    0    0  (Gen:  0)
   514560     53768  22464128  0.00  0.00    0.41    0.46    0    0  (Gen:  0)
   514560     53768  22517888  0.00  0.00    0.41    0.46    0    0  (Gen:  0)
   514560     53768  22571648  0.00  0.00    0.41    0.46    0    0  (Gen:  0)
   514560     53768  22625408  0.00  0.00    0.41    0.46    0    0  (Gen:  0)
   514560     53768  22679168  0.00  0.00    0.41    0.46    0    0  (Gen:  0)
   514560     53768  22732928  0.00  0.00    0.41    0.46    0    0  (Gen:  0)
   514560     53768  22786688  0.00  0.00    0.41    0.46    0    0  (Gen:  0)
   514560     53768  22840448  0.00  0.00    0.41    0.46    0    0  (Gen:  0)
   514560     53768  22894208  0.00  0.00    0.41    0.46    0    0  (Gen:  0)
   511744    129544  23023728  0.00  0.00    0.41    0.46    0    0  (Gen:  0)
   506880    245968  23269488  0.00  0.00    0.41    0.46    0    0  (Gen:  0)
   506880    245816  23515248  0.00  0.00    0.41    0.46    0    0  (Gen:  0)
   506880    245816  23761008  0.00  0.00    0.41    0.47    0    0  (Gen:  0)
   506880    245816  24006768  0.00  0.00    0.41    0.47    0    0  (Gen:  0)
   506880    245816  24252528  0.00  0.00    0.41    0.47    0    0  (Gen:  0)
   506880    245816  24498288  0.00  0.00    0.41    0.47    0    0  (Gen:  0)
   506880    245816  24744048  0.00  0.00    0.41    0.47    0    0  (Gen:  0)
   506880    245816  24989808  0.00  0.00    0.41    0.47    0    0  (Gen:  0)
   506880    245816  25235568  0.00  0.00    0.41    0.47    0    0  (Gen:  0)
   506880    245816  25481328  0.00  0.00    0.41    0.47    0    0  (Gen:  0)
   506880    245816  25727088  0.00  0.00    0.41    0.47    0    0  (Gen:  0)
   506880    245816  25972848  0.00  0.00    0.41    0.47    0    0  (Gen:  0)
   506880    245816  26218608  0.00  0.00    0.41    0.47    0    0  (Gen:  0)
   506880    245816  26464368  0.00  0.00    0.41    0.47    0    0  (Gen:  0)
   506880    245816  26710128  0.00  0.00    0.41    0.47    0    0  (Gen:  0)
   506880    245816  26955888  0.00  0.00    0.41    0.47    0    0  (Gen:  0)
   506880    245816  27201648  0.00  0.00    0.41    0.47    0    0  (Gen:  0)
   506880    245816  27447408  0.00  0.00    0.42    0.47    0    0  (Gen:  0)
   506880    245816  27693168  0.00  0.00    0.42    0.47    0    0  (Gen:  0)
   506880    245816  27938928  0.00  0.00    0.42    0.47    0    0  (Gen:  0)
   506880    245816  28184688  0.00  0.00    0.42    0.47    0    0  (Gen:  0)
   506880    245816  28430448  0.00  0.00    0.42    0.47    0    0  (Gen:  0)
   506880    245816  28676208  0.00  0.00    0.42    0.47    0    0  (Gen:  0)
   506880    245816  28921968  0.00  0.00    0.42    0.47    0    0  (Gen:  0)
   506880    245816  29167728  0.00  0.00    0.42    0.47    0    0  (Gen:  0)
   506880    245816  29413488  0.00  0.00    0.42    0.47    0    0  (Gen:  0)
   506880    245816  29659248  0.00  0.00    0.42    0.47    0    0  (Gen:  0)
   506880    245816  29905008  0.00  0.00    0.42    0.47    0    0  (Gen:  0)
   506880    245816  30150768  0.00  0.00    0.42    0.47    0    0  (Gen:  0)
   506880    245816  30396528  0.00  0.00    0.42    0.47    0    0  (Gen:  0)
   506880    245816  30642288  0.00  0.00    0.42    0.47    0    0  (Gen:  0)
   506880    245816  30888048  0.00  0.00    0.42    0.47    0    0  (Gen:  0)
   506880    245816  31133808  0.00  0.00    0.42    0.47    0    0  (Gen:  0)
   506880    245816  31379568  0.00  0.00    0.42    0.47    0    0  (Gen:  0)
   506880    245816  31625328  0.00  0.00    0.42    0.47    0    0  (Gen:  0)
   506880    245816  31871088  0.00  0.00    0.42    0.47    0    0  (Gen:  0)
   506880    245816  32116848  0.00  0.00    0.42    0.47    0    0  (Gen:  0)
   506880    245816  32362608  0.00  0.00    0.42    0.47    0    0  (Gen:  0)
   506880    245816  32608368  0.00  0.00    0.42    0.47    0    0  (Gen:  0)
   818160    127232  33041136  0.00  0.00    0.42    0.47    0    0  (Gen:  0)
   515992     48160  33089264  0.00  0.00    0.42    0.47    0    0  (Gen:  0)
   515568     50744  33139864  0.00  0.00    0.42    0.47    0    0  (Gen:  0)
   515736     48416  33188264  0.00  0.00    0.42    0.47    0    0  (Gen:  0)
   515528     49536  33237712  0.00  0.00    0.42    0.47    0    0  (Gen:  0)
   516464     46936  33284568  0.00  0.00    0.42    0.47    0    0  (Gen:  0)
   514856     52672  33337224  0.00  0.00    0.42    0.47    0    0  (Gen:  0)
   515272     48424  33385560  0.00  0.00    0.42    0.47    0    0  (Gen:  0)
   515256     49456  33434928  0.00  0.00    0.42    0.47    0    0  (Gen:  0)
   516488     46968  33481880  0.00  0.00    0.42    0.47    0    0  (Gen:  0)
   515416     51224  33533008  0.00  0.00    0.42    0.47    0    0  (Gen:  0)
   515744     47360  33580272  0.00  0.00    0.42    0.47    0    0  (Gen:  0)
   515144     51136  33631320  0.00  0.00    0.42    0.47    0    0  (Gen:  0)
   516008     47856  33679160  0.00  0.00    0.42    0.47    0    0  (Gen:  0)
   515048     51136  33730216  0.00  0.00    0.42    0.48    0    0  (Gen:  0)
   515680     46824  33777032  0.00  0.00    0.42    0.48    0    0  (Gen:  0)
   515640     48424  33825440  0.00  0.00    0.42    0.48    0    0  (Gen:  0)
   515552     50264  33875608  0.00  0.00    0.42    0.48    0    0  (Gen:  0)
   515832     49200  33924720  0.00  0.00    0.42    0.48    0    0  (Gen:  0)
   515432     48864  33973496  0.00  0.00    0.42    0.48    0    0  (Gen:  0)
   516008     47968  34021376  0.00  0.00    0.42    0.48    0    0  (Gen:  0)
   515248     51272  34072560  0.00  0.00    0.42    0.48    0    0  (Gen:  0)
   515272     48424  34120896  0.00  0.00    0.42    0.48    0    0  (Gen:  0)
   515256     49456  34170264  0.00  0.00    0.42    0.48    0    0  (Gen:  0)
   515720     50800  34221056  0.00  0.00    0.42    0.48    0    0  (Gen:  0)
   515360     51416  34272464  0.00  0.00    0.42    0.48    0    0  (Gen:  0)
   517464     39576  34312024  0.00  0.00    0.43    0.48    0    0  (Gen:  0)
   516384     46264  34358200  0.00  0.00    0.43    0.48    0    0  (Gen:  0)
   515928     49792  34407984  0.00  0.00    0.43    0.48    0    0  (Gen:  0)
   515344     51864  34459840  0.00  0.00    0.43    0.48    0    0  (Gen:  0)
   515456     50152  34509976  0.00  0.00    0.43    0.48    0    0  (Gen:  0)
   515096  15150368  15517272  0.01  0.01    0.44    0.49    0    0  (Gen:  1)
   515368     51952  15569040  0.00  0.00    0.44    0.49    0    0  (Gen:  0)
   515792     50160  15619104  0.00  0.00    0.44    0.49    0    0  (Gen:  0)
   515312     51728  15670736  0.00  0.00    0.44    0.49    0    0  (Gen:  0)
   515344     51272  15721912  0.00  0.00    0.44    0.49    0    0  (Gen:  0)
   515424     50720  15772544  0.00  0.00    0.44    0.49    0    0  (Gen:  0)
   515144     52128  15824576  0.00  0.00    0.44    0.49    0    0  (Gen:  0)
   514896     52816  15877240  0.00  0.00    0.44    0.50    0    0  (Gen:  0)
   515816     48448  15925680  0.00  0.00    0.44    0.50    0    0  (Gen:  0)
   515096     51920  15977592  0.00  0.00    0.44    0.50    0    0  (Gen:  0)
   514784     52312  16029896  0.00  0.00    0.44    0.50    0    0  (Gen:  0)
   515040     50296  16080184  0.00  0.00    0.44    0.50    0    0  (Gen:  0)
   514944     51528  16131704  0.00  0.00    0.44    0.50    0    0  (Gen:  0)
   514736     52536  16184232  0.00  0.00    0.44    0.50    0    0  (Gen:  0)
   514840     53024  16237240  0.00  0.00    0.44    0.50    0    0  (Gen:  0)
   515216     50776  16287856  0.00  0.00    0.44    0.50    0    0  (Gen:  0)
   514912     51392  16339152  0.00  0.00    0.44    0.50    0    0  (Gen:  0)
   514968     52368  16391432  0.00  0.00    0.44    0.50    0    0  (Gen:  0)
   514944     52176  16443592  0.00  0.00    0.45    0.50    0    0  (Gen:  0)
   514800     52392  16495888  0.00  0.00    0.45    0.50    0    0  (Gen:  0)
   515288     50352  16546160  0.00  0.00    0.45    0.50    0    0  (Gen:  0)
   515312     51608  16597752  0.00  0.00    0.45    0.50    0    0  (Gen:  0)
   514784     52656  16650320  0.00  0.00    0.45    0.50    0    0  (Gen:  0)
   514960     52792  16702928  0.00  0.00    0.45    0.50    0    0  (Gen:  0)
   514944     50968  16753808  0.00  0.00    0.45    0.50    0    0  (Gen:  0)
   515256     51336  16805128  0.00  0.00    0.45    0.50    0    0  (Gen:  0)
   514976     52424  16857464  0.00  0.00    0.45    0.50    0    0  (Gen:  0)
   515008     51976  16909432  0.00  0.00    0.45    0.50    0    0  (Gen:  0)
   514840     52032  16961456  0.00  0.00    0.45    0.50    0    0  (Gen:  0)
   515104     50744  17012192  0.00  0.00    0.45    0.50    0    0  (Gen:  0)
   515360     51416  17063600  0.00  0.00    0.45    0.50    0    0  (Gen:  0)
   514792     52256  17115848  0.00  0.00    0.45    0.50    0    0  (Gen:  0)
   514832     53176  17169008  0.00  0.00    0.45    0.50    0    0  (Gen:  0)
   515488     50520  17219448  0.00  0.00    0.45    0.50    0    0  (Gen:  0)
   516040     48112  17267552  0.00  0.00    0.45    0.50    0    0  (Gen:  0)
   514696     53488  17321032  0.00  0.00    0.45    0.50    0    0  (Gen:  0)
   514560     53768  17374792  0.00  0.00    0.45    0.50    0    0  (Gen:  0)
   514968     52928  17427712  0.00  0.00    0.45    0.50    0    0  (Gen:  0)
   514608     53544  17481248  0.00  0.00    0.45    0.50    0    0  (Gen:  0)
   516432     47688  17528920  0.00  0.00    0.45    0.50    0    0  (Gen:  0)
   514744     53376  17582216  0.00  0.00    0.45    0.50    0    0  (Gen:  0)
   515128     51152  17633360  0.00  0.00    0.45    0.50    0    0  (Gen:  0)
   514944     52520  17685872  0.00  0.00    0.45    0.50    0    0  (Gen:  0)
   515768     48640  17734496  0.00  0.00    0.45    0.50    0    0  (Gen:  0)
   514560     53848  17788256  0.00  0.00    0.45    0.50    0    0  (Gen:  0)
   514560     53848  17842016  0.00  0.00    0.45    0.50    0    0  (Gen:  0)
   514696     53568  17895496  0.00  0.00    0.45    0.50    0    0  (Gen:  0)
   515808     47832  17943248  0.00  0.00    0.45    0.50    0    0  (Gen:  0)
   516352     46600  17989840  0.00  0.00    0.45    0.51    0    0  (Gen:  0)
   516560     46544  18036368  0.00  0.00    0.45    0.51    0    0  (Gen:  0)
   515992     47416  18083552  0.00  0.00    0.45    0.51    0    0  (Gen:  0)
   516200     46544  18129952  0.00  0.00    0.45    0.51    0    0  (Gen:  0)
   516920     44472  18174408  0.00  0.00    0.45    0.51    0    0  (Gen:  0)
   517440     41952  18216248  0.00  0.00    0.45    0.51    0    0  (Gen:  0)
   513904    106496  18322720  0.00  0.00    0.46    0.51    0    0  (Gen:  0)
   506880    245968  18568480  0.00  0.00    0.46    0.51    0    0  (Gen:  0)
   506880    245816  18814240  0.00  0.00    0.46    0.51    0    0  (Gen:  0)
   506880    245816  19060000  0.00  0.00    0.46    0.51    0    0  (Gen:  0)
   506880    245816  19305760  0.00  0.00    0.46    0.51    0    0  (Gen:  0)
   506880    245816  19551520  0.00  0.00    0.46    0.51    0    0  (Gen:  0)
   506880    245816  19797280  0.00  0.00    0.46    0.51    0    0  (Gen:  0)
   506880    245816  20043040  0.00  0.00    0.46    0.51    0    0  (Gen:  0)
   506880    245816  20288800  0.00  0.00    0.46    0.51    0    0  (Gen:  0)
   506880    245816  20534560  0.00  0.00    0.46    0.51    0    0  (Gen:  0)
   506880    245816  20780320  0.00  0.00    0.46    0.51    0    0  (Gen:  0)
   506880    245816  21026080  0.00  0.00    0.46    0.51    0    0  (Gen:  0)
   506880    245816  21271840  0.00  0.00    0.46    0.51    0    0  (Gen:  0)
   506880    245816  21517600  0.00  0.00    0.46    0.51    0    0  (Gen:  0)
   506880    245816  21763360  0.00  0.00    0.46    0.51    0    0  (Gen:  0)
   506880    245816  22009120  0.00  0.00    0.46    0.51    0    0  (Gen:  0)
   506880    245816  22254880  0.00  0.00    0.46    0.51    0    0  (Gen:  0)
   506880    245816  22500640  0.00  0.00    0.46    0.51    0    0  (Gen:  0)
   506880    245816  22746400  0.00  0.00    0.46    0.51    0    0  (Gen:  0)
   506880    245816  22992160  0.00  0.00    0.46    0.51    0    0  (Gen:  0)
   506880    245816  23237920  0.00  0.00    0.46    0.51    0    0  (Gen:  0)
   506880    245816  23483680  0.00  0.00    0.46    0.51    0    0  (Gen:  0)
   506880    245816  23729440  0.00  0.00    0.46    0.51    0    0  (Gen:  0)
   506880    245816  23975200  0.00  0.00    0.46    0.51    0    0  (Gen:  0)
   506880    245816  24220960  0.00  0.00    0.46    0.51    0    0  (Gen:  0)
   506880    245816  24466720  0.00  0.00    0.46    0.51    0    0  (Gen:  0)
   506880    245816  24712480  0.00  0.00    0.46    0.51    0    0  (Gen:  0)
   506880    245816  24958240  0.00  0.00    0.46    0.51    0    0  (Gen:  0)
   506880    245816  25204000  0.00  0.00    0.46    0.51    0    0  (Gen:  0)
   506880    245816  25449760  0.00  0.00    0.46    0.51    0    0  (Gen:  0)
   506880    245816  25695520  0.00  0.00    0.46    0.51    0    0  (Gen:  0)
   506880    245816  25941280  0.00  0.00    0.46    0.51    0    0  (Gen:  0)
   506880    245816  26187040  0.00  0.00    0.46    0.52    0    0  (Gen:  0)
   506880    245816  26432800  0.00  0.00    0.46    0.52    0    0  (Gen:  0)
   506880    245816  26678560  0.00  0.00    0.46    0.52    0    0  (Gen:  0)
   506880    245816  26924320  0.00  0.00    0.46    0.52    0    0  (Gen:  0)
   506880    245816  27170080  0.00  0.00    0.46    0.52    0    0  (Gen:  0)
   506880    245816  27415840  0.00  0.00    0.46    0.52    0    0  (Gen:  0)
   506880    245816  27661600  0.00  0.00    0.46    0.52    0    0  (Gen:  0)
   506880    245816  27907360  0.00  0.00    0.46    0.52    0    0  (Gen:  0)
   506880    245816  28153120  0.00  0.00    0.46    0.52    0    0  (Gen:  0)
   506880    245816  28398880  0.00  0.00    0.46    0.52    0    0  (Gen:  0)
   506880    245816  28644640  0.00  0.00    0.46    0.52    0    0  (Gen:  0)
   506880    245816  28890400  0.00  0.00    0.46    0.52    0    0  (Gen:  0)
   506880    245816  29136160  0.00  0.00    0.46    0.52    0    0  (Gen:  0)
   506880    245816  29381920  0.00  0.00    0.46    0.52    0    0  (Gen:  0)
   506880    245816  29627680  0.00  0.00    0.46    0.52    0    0  (Gen:  0)
   506880    245816  29873440  0.00  0.00    0.46    0.52    0    0  (Gen:  0)
   506880    245816  30119200  0.00  0.00    0.46    0.52    0    0  (Gen:  0)
   506880    245816  30364960  0.00  0.00    0.47    0.52    0    0  (Gen:  0)
   506880    245816  30610720  0.00  0.00    0.47    0.52    0    0  (Gen:  0)
   506880    245816  30856480  0.00  0.00    0.47    0.52    0    0  (Gen:  0)
   506880    245816  31102240  0.00  0.00    0.47    0.52    0    0  (Gen:  0)
   506880  23967096  24028408  0.02  0.02    0.48    0.54    0    0  (Gen:  1)
   506880    245816  24274168  0.00  0.00    0.48    0.54    0    0  (Gen:  0)
   506880    245816  24519928  0.00  0.00    0.48    0.54    0    0  (Gen:  0)
   506880    245816  24765688  0.00  0.00    0.48    0.54    0    0  (Gen:  0)
   506880    245816  25011448  0.00  0.00    0.48    0.54    0    0  (Gen:  0)
   506880    245816  25257208  0.00  0.00    0.48    0.54    0    0  (Gen:  0)
   506880    245816  25502968  0.00  0.00    0.48    0.54    0    0  (Gen:  0)
   973024    111936  26073224  0.00  0.00    0.48    0.54    0    0  (Gen:  0)
   519504     35232  26108392  0.00  0.00    0.48    0.54    0    0  (Gen:  0)
   516400     30168  26138400  0.00  0.00    0.48    0.54    0    0  (Gen:  0)
   517808     33384  26171696  0.00  0.00    0.48    0.54    0    0  (Gen:  0)
   518136     32072  26203752  0.00  0.00    0.48    0.54    0    0  (Gen:  0)
   516760     42496  26246152  0.00  0.00    0.48    0.54    0    0  (Gen:  0)
   517920     40048  26286048  0.00  0.00    0.48    0.54    0    0  (Gen:  0)
   518392     39992  26326024  0.00  0.00    0.48    0.54    0    0  (Gen:  0)
   517792     38496  26364408  0.00  0.00    0.49    0.54    0    0  (Gen:  0)
   517240     45184  26409584  0.00  0.00    0.49    0.54    0    0  (Gen:  0)
   518104     35456  26445032  0.00  0.00    0.49    0.54    0    0  (Gen:  0)
   518568     34144  26479160  0.00  0.00    0.49    0.54    0    0  (Gen:  0)
   517176     41056  26520072  0.00  0.00    0.49    0.54    0    0  (Gen:  0)
   518320     40104  26560168  0.00  0.00    0.49    0.54    0    0  (Gen:  0)
   517392     39656  26599816  0.00  0.00    0.49    0.54    0    0  (Gen:  0)
   517984     38280  26638080  0.00  0.00    0.49    0.54    0    0  (Gen:  0)
   517752     43608  26681600  0.00  0.00    0.49    0.54    0    0  (Gen:  0)
   518768     38296  26719800  0.00  0.00    0.49    0.54    0    0  (Gen:  0)
   518688     33688  26753440  0.00  0.00    0.49    0.54    0    0  (Gen:  0)
   518528     39488  26792848  0.00  0.00    0.49    0.54    0    0  (Gen:  0)
   518232     41248  26834080  0.00  0.00    0.49    0.54    0    0  (Gen:  0)
   518424     39440  26873432  0.00  0.00    0.49    0.54    0    0  (Gen:  0)
   517728     39056  26912256  0.00  0.00    0.49    0.54    0    0  (Gen:  0)
   517984     41208  26953456  0.00  0.00    0.49    0.54    0    0  (Gen:  0)
   517200     41144  26994584  0.00  0.00    0.49    0.54    0    0  (Gen:  0)
   517952     33184  27027616  0.00  0.00    0.49    0.54    0    0  (Gen:  0)
   517944     36632  27064168  0.00  0.00    0.49    0.54    0    0  (Gen:  0)
   518616     42544  27106696  0.00  0.00    0.49    0.54    0    0  (Gen:  0)
   518224     39208  27145648  0.00  0.00    0.49    0.54    0    0  (Gen:  0)
   518160     38984  27184624  0.00  0.00    0.49    0.54    0    0  (Gen:  0)
   518664     39936  27224552  0.00  0.00    0.49    0.54    0    0  (Gen:  0)
   517240     44192  27268736  0.00  0.00    0.49    0.54    0    0  (Gen:  0)
   518432     34040  27302760  0.00  0.00    0.49    0.54    0    0  (Gen:  0)
   519128     35288  27338008  0.00  0.00    0.49    0.54    0    0  (Gen:  0)
   517712     43800  27381800  0.00  0.00    0.49    0.54    0    0  (Gen:  0)
   517792     39488  27421272  0.00  0.00    0.49    0.54    0    0  (Gen:  0)
   517504     39104  27460256  0.00  0.00    0.49    0.54    0    0  (Gen:  0)
   518136     39208  27499232  0.00  0.00    0.49    0.54    0    0  (Gen:  0)
   516936     44528  27543752  0.00  0.00    0.49    0.54    0    0  (Gen:  0)
   518416     34936  27578672  0.00  0.00    0.49    0.55    0    0  (Gen:  0)
   518152     32488  27611008  0.00  0.00    0.49    0.55    0    0  (Gen:  0)
   518216     43632  27654632  0.00  0.00    0.49    0.55    0    0  (Gen:  0)
   518376     40472  27695088  0.00  0.00    0.49    0.55    0    0  (Gen:  0)
   518248     39016  27734008  0.00  0.00    0.49    0.55    0    0  (Gen:  0)
   518080     39072  27772984  0.00  0.00    0.49    0.55    0    0  (Gen:  0)
   517104     44904  27817792  0.00  0.00    0.49    0.55    0    0  (Gen:  0)
   516488     30696  27848336  0.00  0.00    0.49    0.55    0    0  (Gen:  0)
   517144     41424  27889744  0.00  0.00    0.49    0.55    0    0  (Gen:  0)
   518640     33472  27923064  0.00  0.00    0.49    0.55    0    0  (Gen:  0)
   519176     36912  27959888  0.00  0.00    0.49    0.55    0    0  (Gen:  0)
   516352     50272  28010144  0.00  0.00    0.49    0.55    0    0  (Gen:  0)
   516480     39528  28049576  0.00  0.00    0.49    0.55    0    0  (Gen:  0)
   517232     43608  28093136  0.00  0.00    0.49    0.55    0    0  (Gen:  0)
   516616     46624  28139664  0.00  0.00    0.50    0.55    0    0  (Gen:  0)
   516848     48368  28187944  0.00  0.00    0.50    0.55    0    0  (Gen:  0)
   516512     47160  28235016  0.00  0.00    0.50    0.55    0    0  (Gen:  0)
   515432     51232  28286232  0.00  0.00    0.50    0.55    0    0  (Gen:  0)
   516616     46712  28332904  0.00  0.00    0.50    0.55    0    0  (Gen:  0)
   515200     51416  28384312  0.00  0.00    0.50    0.55    0    0  (Gen:  0)
   516120     48344  28432640  0.00  0.00    0.50    0.55    0    0  (Gen:  0)
   516712     47832  28480296  0.00  0.00    0.50    0.55    0    0  (Gen:  0)
   515320     51080  28531360  0.00  0.00    0.50    0.55    0    0  (Gen:  0)
   516744     46296  28577592  0.00  0.00    0.50    0.55    0    0  (Gen:  0)
   515376     51496  28628992  0.00  0.00    0.50    0.55    0    0  (Gen:  0)
   517136     46128  28675032  0.00  0.00    0.50    0.55    0    0  (Gen:  0)
   516776     47072  28722008  0.00  0.00    0.50    0.55    0    0  (Gen:  0)
   515560     50440  28772360  0.00  0.00    0.50    0.55    0    0  (Gen:  0)
   515904     48480  28820744  0.00  0.00    0.50    0.55    0    0  (Gen:  0)
   515792     49512  28870168  0.00  0.00    0.50    0.55    0    0  (Gen:  0)
   515864     49312  28919464  0.00  0.00    0.50    0.55    0    0  (Gen:  0)
   515968     49600  28968976  0.00  0.00    0.50    0.55    0    0  (Gen:  0)
   516520     48120  29017000  0.00  0.00    0.50    0.55    0    0  (Gen:  0)
   516264     49624  29066448  0.00  0.00    0.50    0.55    0    0  (Gen:  0)
   515944     50464  29116904  0.00  0.00    0.50    0.55    0    0  (Gen:  0)
   516192     50376  29167264  0.00  0.00    0.50    0.55    0    0  (Gen:  0)
   516128     50720  29217896  0.00  0.00    0.50    0.55    0    0  (Gen:  0)
   515952     50632  29268440  0.00  0.00    0.50    0.55    0    0  (Gen:  0)
   516256     49048  29317472  0.00  0.00    0.50    0.55    0    0  (Gen:  0)
   515840     50072  29367224  0.00  0.00    0.50    0.55    0    0  (Gen:  0)
   516032     49256  29416464  0.00  0.00    0.50    0.55    0    0  (Gen:  0)
   515688     50688  29467072  0.00  0.00    0.50    0.55    0    0  (Gen:  0)
   516008     49792  29516856  0.00  0.00    0.50    0.55    0    0  (Gen:  0)
   515872     51192  29568040  0.00  0.00    0.50    0.55    0    0  (Gen:  0)
   516192     50408  29618440  0.00  0.00    0.50    0.55    0    0  (Gen:  0)
   517144     48448  29666880  0.00  0.00    0.50    0.55    0    0  (Gen:  0)
   515352     50656  29717520  0.00  0.00    0.50    0.56    0    0  (Gen:  0)
   516168     49120  29766560  0.00  0.00    0.50    0.56    0    0  (Gen:  0)
   515984     48392  29814944  0.00  0.00    0.50    0.56    0    0  (Gen:  0)
   515944     50432  29865360  0.00  0.00    0.50    0.56    0    0  (Gen:  0)
   515936     50632  29915912  0.00  0.00    0.50    0.56    0    0  (Gen:  0)
   515816     50216  29966112  0.00  0.00    0.50    0.56    0    0  (Gen:  0)
   516680     48056  30014072  0.00  0.00    0.50    0.56    0    0  (Gen:  0)
   516544     49120  30062968  0.00  0.00    0.50    0.56    0    0  (Gen:  0)
   516192     48472  30111424  0.00  0.00    0.50    0.56    0    0  (Gen:  0)
   516288     50200  30161544  0.00  0.00    0.50    0.56    0    0  (Gen:  0)
   516200     50224  30211760  0.00  0.00    0.50    0.56    0    0  (Gen:  0)
   515520     50600  30262344  0.00  0.00    0.50    0.56    0    0  (Gen:  0)
   515384     51024  30313288  0.00  0.00    0.50    0.56    0    0  (Gen:  0)
   516832     46936  30360216  0.00  0.00    0.50    0.56    0    0  (Gen:  0)
   515264     51832  30412032  0.00  0.00    0.50    0.56    0    0  (Gen:  0)
   516520     47304  30459248  0.00  0.00    0.50    0.56    0    0  (Gen:  0)
   515888     50184  30509344  0.00  0.00    0.51    0.56    0    0  (Gen:  0)
   515832     49768  30559096  0.00  0.00    0.51    0.56    0    0  (Gen:  0)
   515248     51280  30610280  0.00  0.00    0.51    0.56    0    0  (Gen:  0)
   516968     49120  30659312  0.00  0.00    0.51    0.56    0    0  (Gen:  0)
   517200     47048  30706352  0.00  0.00    0.51    0.56    0    0  (Gen:  0)
   516128     50888  30757224  0.00  0.00    0.51    0.56    0    0  (Gen:  0)
   516752     46152  30803232  0.00  0.00    0.51    0.56    0    0  (Gen:  0)
   517128     45288  30848504  0.00  0.00    0.51    0.56    0    0  (Gen:  0)
   515096     52592  30901008  0.00  0.00    0.51    0.56    0    0  (Gen:  0)
   516328  17834736  18354424  0.02  0.02    0.53    0.58    0    0  (Gen:  1)
   516568     47584  18401960  0.00  0.00    0.53    0.58    0    0  (Gen:  0)
   516984     46736  18448600  0.00  0.00    0.53    0.58    0    0  (Gen:  0)
   517560     46544  18495064  0.00  0.00    0.53    0.58    0    0  (Gen:  0)
   516408     48872  18543920  0.00  0.00    0.53    0.58    0    0  (Gen:  0)
   517160     47440  18591272  0.00  0.00    0.53    0.58    0    0  (Gen:  0)
   518464     42216  18633472  0.00  0.00    0.53    0.58    0    0  (Gen:  0)
   517128     38536  18671968  0.00  0.00    0.53    0.58    0    0  (Gen:  0)
   516344     48424  18720376  0.00  0.00    0.53    0.58    0    0  (Gen:  0)
   516352     46992  18767272  0.00  0.00    0.53    0.58    0    0  (Gen:  0)
   517264     46768  18813816  0.00  0.00    0.53    0.58    0    0  (Gen:  0)
   517000     43720  18857520  0.00  0.00    0.53    0.58    0    0  (Gen:  0)
   515552     50264  18907688  0.00  0.00    0.53    0.58    0    0  (Gen:  0)
   516480     48256  18955856  0.00  0.00    0.53    0.58    0    0  (Gen:  0)
   515912     48560  19004328  0.00  0.00    0.53    0.58    0    0  (Gen:  0)
   515592     49904  19054224  0.00  0.00    0.53    0.58    0    0  (Gen:  0)
   516000     48976  19103184  0.00  0.00    0.53    0.58    0    0  (Gen:  0)
   516352     49736  19152896  0.00  0.00    0.53    0.58    0    0  (Gen:  0)
   515832     49768  19202648  0.00  0.00    0.53    0.58    0    0  (Gen:  0)
   515184     50832  19253384  0.00  0.00    0.53    0.59    0    0  (Gen:  0)
   516328     47160  19300448  0.00  0.00    0.53    0.59    0    0  (Gen:  0)
   515688     50072  19350408  0.00  0.00    0.53    0.59    0    0  (Gen:  0)
   517672     42816  19393208  0.00  0.00    0.53    0.59    0    0  (Gen:  0)
   518040     31184  19424304  0.00  0.00    0.53    0.59    0    0  (Gen:  0)
   518880     36720  19460864  0.00  0.00    0.53    0.59    0    0  (Gen:  0)
   516624     45256  19505976  0.00  0.00    0.53    0.59    0    0  (Gen:  0)
   517232     31128  19537088  0.00  0.00    0.53    0.59    0    0  (Gen:  0)
   518760     37080  19574128  0.00  0.00    0.53    0.59    0    0  (Gen:  0)
   516912     44728  19618840  0.00  0.00    0.53    0.59    0    0  (Gen:  0)
   518664     31256  19649832  0.00  0.00    0.53    0.59    0    0  (Gen:  0)
   517792     39400  19689168  0.00  0.00    0.53    0.59    0    0  (Gen:  0)
   517304     45400  19734480  0.00  0.00    0.53    0.59    0    0  (Gen:  0)
   517992     44400  19778784  0.00  0.00    0.53    0.59    0    0  (Gen:  0)
   518192     44416  19823048  0.00  0.00    0.53    0.59    0    0  (Gen:  0)
   518152     44816  19867848  0.00  0.00    0.54    0.59    0    0  (Gen:  0)
   508512    218616  20086216  0.00  0.00    0.54    0.59    0    0  (Gen:  0)
   506880    245968  20331976  0.00  0.00    0.54    0.59    0    0  (Gen:  0)
   506880    245816  20577736  0.00  0.00    0.54    0.59    0    0  (Gen:  0)
   506880    245816  20823496  0.00  0.00    0.54    0.59    0    0  (Gen:  0)
   506880    245816  21069256  0.00  0.00    0.54    0.59    0    0  (Gen:  0)
   506880    245816  21315016  0.00  0.00    0.54    0.59    0    0  (Gen:  0)
   506880    245816  21560776  0.00  0.00    0.54    0.59    0    0  (Gen:  0)
   506880    245816  21806536  0.00  0.00    0.54    0.59    0    0  (Gen:  0)
   506880    245816  22052296  0.00  0.00    0.54    0.59    0    0  (Gen:  0)
   506880    245816  22298056  0.00  0.00    0.54    0.59    0    0  (Gen:  0)
   506880    245816  22543816  0.00  0.00    0.54    0.59    0    0  (Gen:  0)
   506880    245816  22789576  0.00  0.00    0.54    0.59    0    0  (Gen:  0)
   506880    245816  23035336  0.00  0.00    0.54    0.59    0    0  (Gen:  0)
   506880    245816  23281096  0.00  0.00    0.54    0.59    0    0  (Gen:  0)
   506880    245816  23526856  0.00  0.00    0.54    0.59    0    0  (Gen:  0)
   506880    245816  23772616  0.00  0.00    0.54    0.59    0    0  (Gen:  0)
   506880    245816  24018376  0.00  0.00    0.54    0.59    0    0  (Gen:  0)
   506880    245816  24264136  0.00  0.00    0.54    0.59    0    0  (Gen:  0)
   506880    245816  24509896  0.00  0.00    0.54    0.59    0    0  (Gen:  0)
   506880    245816  24755656  0.00  0.00    0.54    0.59    0    0  (Gen:  0)
   506880    245816  25001416  0.00  0.00    0.54    0.59    0    0  (Gen:  0)
   506880    245816  25247176  0.00  0.00    0.54    0.59    0    0  (Gen:  0)
   506880    245816  25492936  0.00  0.00    0.54    0.60    0    0  (Gen:  0)
   506880    245816  25738696  0.00  0.00    0.54    0.60    0    0  (Gen:  0)
   506880    245816  25984456  0.00  0.00    0.54    0.60    0    0  (Gen:  0)
   506880    245816  26230216  0.00  0.00    0.54    0.60    0    0  (Gen:  0)
   506880    245816  26475976  0.00  0.00    0.54    0.60    0    0  (Gen:  0)
   506880    245816  26721736  0.00  0.00    0.54    0.60    0    0  (Gen:  0)
   506880    245816  26967496  0.00  0.00    0.54    0.60    0    0  (Gen:  0)
   506880    245816  27213256  0.00  0.00    0.54    0.60    0    0  (Gen:  0)
   506880    245816  27459016  0.00  0.00    0.54    0.60    0    0  (Gen:  0)
   506880    245816  27704776  0.00  0.00    0.54    0.60    0    0  (Gen:  0)
   506880    245816  27950536  0.00  0.00    0.54    0.60    0    0  (Gen:  0)
   506880    245816  28196296  0.00  0.00    0.54    0.60    0    0  (Gen:  0)
   506880    245816  28442056  0.00  0.00    0.54    0.60    0    0  (Gen:  0)
   506880    245816  28687816  0.00  0.00    0.54    0.60    0    0  (Gen:  0)
   506880    245816  28933576  0.00  0.00    0.54    0.60    0    0  (Gen:  0)
   506880    245816  29179336  0.00  0.00    0.54    0.60    0    0  (Gen:  0)
   506880    245816  29425096  0.00  0.00    0.54    0.60    0    0  (Gen:  0)
   506880    245816  29670856  0.00  0.00    0.54    0.60    0    0  (Gen:  0)
   506880    245816  29916616  0.00  0.00    0.54    0.60    0    0  (Gen:  0)
   506880    245816  30162376  0.00  0.00    0.55    0.60    0    0  (Gen:  0)
   506880    245816  30408136  0.00  0.00    0.55    0.60    0    0  (Gen:  0)
   506880    245816  30653896  0.00  0.00    0.55    0.60    0    0  (Gen:  0)
   506880    245816  30899656  0.00  0.00    0.55    0.60    0    0  (Gen:  0)
   506880    245816  31145416  0.00  0.00    0.55    0.60    0    0  (Gen:  0)
   506880    245816  31391176  0.00  0.00    0.55    0.60    0    0  (Gen:  0)
   506880    245816  31636936  0.00  0.00    0.55    0.60    0    0  (Gen:  0)
   506880    245816  31882696  0.00  0.00    0.55    0.60    0    0  (Gen:  0)
   506880    245816  32128456  0.00  0.00    0.55    0.60    0    0  (Gen:  0)
   506880    245816  32374216  0.00  0.00    0.55    0.60    0    0  (Gen:  0)
   506880    245816  32619976  0.00  0.00    0.55    0.60    0    0  (Gen:  0)
   506880    245816  32865736  0.00  0.00    0.55    0.60    0    0  (Gen:  0)
   506880    245816  33111496  0.00  0.00    0.55    0.60    0    0  (Gen:  0)
   506880    245816  33357256  0.00  0.00    0.55    0.60    0    0  (Gen:  0)
   506880    245816  33603016  0.00  0.00    0.55    0.60    0    0  (Gen:  0)
   506880    245816  33848776  0.00  0.00    0.55    0.60    0    0  (Gen:  0)
   506880    245816  34094536  0.00  0.00    0.55    0.60    0    0  (Gen:  0)
   506880    245816  34340296  0.00  0.00    0.55    0.60    0    0  (Gen:  0)
   966672    210784  35009400  0.00  0.00    0.55    0.60    0    0  (Gen:  0)
   514560     53872  35063160  0.00  0.00    0.55    0.60    0    0  (Gen:  0)
   514560     53856  35116920  0.00  0.00    0.55    0.60    0    0  (Gen:  0)
   514560     53856  35170680  0.00  0.00    0.55    0.60    0    0  (Gen:  0)
   514560     53856  35224440  0.00  0.00    0.55    0.60    0    0  (Gen:  0)
   514560     53856  35278200  0.00  0.00    0.55    0.60    0    0  (Gen:  0)
   514560     53856  35331960  0.00  0.00    0.55    0.60    0    0  (Gen:  0)
   514560     53856  35385720  0.00  0.00    0.55    0.60    0    0  (Gen:  0)
   514560     53856  35439480  0.00  0.00    0.55    0.60    0    0  (Gen:  0)
   514560     53856  35493240  0.00  0.00    0.55    0.60    0    0  (Gen:  0)
   514560     53856  35547000  0.00  0.00    0.55    0.60    0    0  (Gen:  0)
   514560     53856  35600760  0.00  0.00    0.55    0.60    0    0  (Gen:  0)
   514560     53856  35654520  0.00  0.00    0.55    0.60    0    0  (Gen:  0)
   514560     53856  35708280  0.00  0.00    0.55    0.60    0    0  (Gen:  0)
   514560     53856  35762040  0.00  0.00    0.55    0.60    0    0  (Gen:  0)
   514560     53856  35815800  0.00  0.00    0.55    0.60    0    0  (Gen:  0)
   514560     53856  35869560  0.00  0.00    0.55    0.60    0    0  (Gen:  0)
   514560     53856  35923320  0.00  0.00    0.55    0.60    0    0  (Gen:  0)
   514560     53856  35977080  0.00  0.00    0.55    0.61    0    0  (Gen:  0)
   514560     53856  36030840  0.00  0.00    0.55    0.61    0    0  (Gen:  0)
   514560     53856  36084600  0.00  0.00    0.55    0.61    0    0  (Gen:  0)
   514560     53856  36138360  0.00  0.00    0.55    0.61    0    0  (Gen:  0)
   514560     53856  36192120  0.00  0.00    0.55    0.61    0    0  (Gen:  0)
   514560     53856  36245880  0.00  0.00    0.55    0.61    0    0  (Gen:  0)
   514560     53856  36299640  0.00  0.00    0.55    0.61    0    0  (Gen:  0)
   514560     53856  36353400  0.00  0.00    0.55    0.61    0    0  (Gen:  0)
   514560     53856  36407160  0.00  0.00    0.55    0.61    0    0  (Gen:  0)
   514560     53856  36460920  0.00  0.00    0.55    0.61    0    0  (Gen:  0)
   514560     53856  36514680  0.00  0.00    0.55    0.61    0    0  (Gen:  0)
   514560     53856  36568440  0.00  0.00    0.55    0.61    0    0  (Gen:  0)
   514560     53856  36622200  0.00  0.00    0.55    0.61    0    0  (Gen:  0)
   514560     53856  36675960  0.00  0.00    0.55    0.61    0    0  (Gen:  0)
   514560     53856  36729720  0.00  0.00    0.55    0.61    0    0  (Gen:  0)
   514560  27311368  27831056  0.02  0.02    0.57    0.63    0    0  (Gen:  1)
   514560     53856  27884816  0.00  0.00    0.57    0.63    0    0  (Gen:  0)
   514560     53856  27938576  0.00  0.00    0.57    0.63    0    0  (Gen:  0)
   514560     53856  27992336  0.00  0.00    0.57    0.63    0    0  (Gen:  0)
   514560     53856  28046096  0.00  0.00    0.58    0.63    0    0  (Gen:  0)
   514560     53856  28099856  0.00  0.00    0.58    0.63    0    0  (Gen:  0)
   514560     53856  28153616  0.00  0.00    0.58    0.63    0    0  (Gen:  0)
   514560     53856  28207376  0.00  0.00    0.58    0.63    0    0  (Gen:  0)
   514560     53856  28261136  0.00  0.00    0.58    0.63    0    0  (Gen:  0)
   514560     53856  28314896  0.00  0.00    0.58    0.63    0    0  (Gen:  0)
   514560     53856  28368656  0.00  0.00    0.58    0.63    0    0  (Gen:  0)
   514560     53856  28422416  0.00  0.00    0.58    0.63    0    0  (Gen:  0)
   514560     53856  28476176  0.00  0.00    0.58    0.63    0    0  (Gen:  0)
   514560     53856  28529936  0.00  0.00    0.58    0.63    0    0  (Gen:  0)
   514560     53856  28583696  0.00  0.00    0.58    0.63    0    0  (Gen:  0)
   514560     53856  28637456  0.00  0.00    0.58    0.63    0    0  (Gen:  0)
   514560     53856  28691216  0.00  0.00    0.58    0.63    0    0  (Gen:  0)
   514560     53856  28744976  0.00  0.00    0.58    0.63    0    0  (Gen:  0)
   514560     53856  28798736  0.00  0.00    0.58    0.63    0    0  (Gen:  0)
   514560     53856  28852496  0.00  0.00    0.58    0.63    0    0  (Gen:  0)
   514560     53856  28906256  0.00  0.00    0.58    0.63    0    0  (Gen:  0)
   514560     53856  28960016  0.00  0.00    0.58    0.63    0    0  (Gen:  0)
   514560     53856  29013776  0.00  0.00    0.58    0.63    0    0  (Gen:  0)
   514560     53856  29067536  0.00  0.00    0.58    0.63    0    0  (Gen:  0)
   514560     53856  29121296  0.00  0.00    0.58    0.63    0    0  (Gen:  0)
   514560     53856  29175056  0.00  0.00    0.58    0.63    0    0  (Gen:  0)
   514560     53856  29228816  0.00  0.00    0.58    0.63    0    0  (Gen:  0)
   514560     53856  29282576  0.00  0.00    0.58    0.63    0    0  (Gen:  0)
   514560     53856  29336336  0.00  0.00    0.58    0.63    0    0  (Gen:  0)
   514560     53856  29390096  0.00  0.00    0.58    0.63    0    0  (Gen:  0)
   514560     53856  29443856  0.00  0.00    0.58    0.63    0    0  (Gen:  0)
   514560     53856  29497616  0.00  0.00    0.58    0.64    0    0  (Gen:  0)
   514560     53856  29551376  0.00  0.00    0.58    0.64    0    0  (Gen:  0)
   514560     53856  29605136  0.00  0.00    0.58    0.64    0    0  (Gen:  0)
   514560     53856  29658896  0.00  0.00    0.58    0.64    0    0  (Gen:  0)
   514560     53856  29712656  0.00  0.00    0.58    0.64    0    0  (Gen:  0)
   514560     53856  29766416  0.00  0.00    0.58    0.64    0    0  (Gen:  0)
   514560     53856  29820176  0.00  0.00    0.58    0.64    0    0  (Gen:  0)
   514560     53856  29873936  0.00  0.00    0.58    0.64    0    0  (Gen:  0)
   514560     53856  29927696  0.00  0.00    0.58    0.64    0    0  (Gen:  0)
   514560     53856  29981456  0.00  0.00    0.58    0.64    0    0  (Gen:  0)
   514560     53856  30035216  0.00  0.00    0.58    0.64    0    0  (Gen:  0)
   514560     53856  30088976  0.00  0.00    0.58    0.64    0    0  (Gen:  0)
   514560     53856  30142736  0.00  0.00    0.58    0.64    0    0  (Gen:  0)
   514560     53856  30196496  0.00  0.00    0.58    0.64    0    0  (Gen:  0)
   514560     53856  30250256  0.00  0.00    0.58    0.64    0    0  (Gen:  0)
   514560     53856  30304016  0.00  0.00    0.58    0.64    0    0  (Gen:  0)
   514560     53856  30357776  0.00  0.00    0.59    0.64    0    0  (Gen:  0)
   514560     53856  30411536  0.00  0.00    0.59    0.64    0    0  (Gen:  0)
   514560     53856  30465296  0.00  0.00    0.59    0.64    0    0  (Gen:  0)
   514560     53856  30519056  0.00  0.00    0.59    0.64    0    0  (Gen:  0)
   514560     53856  30572816  0.00  0.00    0.59    0.64    0    0  (Gen:  0)
   514560     53856  30626576  0.00  0.00    0.59    0.64    0    0  (Gen:  0)
   514560     53856  30680336  0.00  0.00    0.59    0.64    0    0  (Gen:  0)
   514560     53856  30734096  0.00  0.00    0.59    0.64    0    0  (Gen:  0)
   514560     53856  30787856  0.00  0.00    0.59    0.64    0    0  (Gen:  0)
   514560     53856  30841616  0.00  0.00    0.59    0.64    0    0  (Gen:  0)
   514560     53856  30895376  0.00  0.00    0.59    0.64    0    0  (Gen:  0)
   514560     53856  30949136  0.00  0.00    0.59    0.64    0    0  (Gen:  0)
   514560     53856  31002896  0.00  0.00    0.59    0.64    0    0  (Gen:  0)
   514560     53856  31056656  0.00  0.00    0.59    0.64    0    0  (Gen:  0)
   514560     53856  31110416  0.00  0.00    0.59    0.64    0    0  (Gen:  0)
   514560     53856  31164176  0.00  0.00    0.59    0.64    0    0  (Gen:  0)
   514560     53856  31217936  0.00  0.00    0.59    0.64    0    0  (Gen:  0)
   514560     53856  31271696  0.00  0.00    0.59    0.64    0    0  (Gen:  0)
   514560     53856  31325456  0.00  0.00    0.59    0.64    0    0  (Gen:  0)
   514560     53856  31379216  0.00  0.00    0.59    0.64    0    0  (Gen:  0)
   514560     53856  31432976  0.00  0.00    0.59    0.64    0    0  (Gen:  0)
   514560     53856  31486736  0.00  0.00    0.59    0.64    0    0  (Gen:  0)
   514560     53856  31540496  0.00  0.00    0.59    0.64    0    0  (Gen:  0)
   514560     53856  31594256  0.00  0.00    0.59    0.64    0    0  (Gen:  0)
   514560     53856  31648016  0.00  0.00    0.59    0.64    0    0  (Gen:  0)
   514560     53856  31701776  0.00  0.00    0.59    0.64    0    0  (Gen:  0)
   514560     53856  31755536  0.00  0.00    0.59    0.64    0    0  (Gen:  0)
   514560     53856  31809296  0.00  0.00    0.59    0.64    0    0  (Gen:  0)
   514560     53856  31863056  0.00  0.00    0.59    0.64    0    0  (Gen:  0)
   514560     53856  31916816  0.00  0.00    0.59    0.64    0    0  (Gen:  0)
   514560     53856  31970576  0.00  0.00    0.59    0.65    0    0  (Gen:  0)
   515352     50128  32020616  0.00  0.00    0.59    0.65    0    0  (Gen:  0)
   514560     53768  32074376  0.00  0.00    0.59    0.65    0    0  (Gen:  0)
   514560     53768  32128136  0.00  0.00    0.59    0.65    0    0  (Gen:  0)
   514560     53768  32181896  0.00  0.00    0.59    0.65    0    0  (Gen:  0)
   514560     53768  32235656  0.00  0.00    0.59    0.65    0    0  (Gen:  0)
   514560     53768  32289416  0.00  0.00    0.59    0.65    0    0  (Gen:  0)
   514560     53768  32343176  0.00  0.00    0.59    0.65    0    0  (Gen:  0)
   514560     53768  32396936  0.00  0.00    0.59    0.65    0    0  (Gen:  0)
   514560     53768  32450696  0.00  0.00    0.59    0.65    0    0  (Gen:  0)
   508736    197984  32648656  0.00  0.00    0.59    0.65    0    0  (Gen:  0)
   506880    245968  32894416  0.00  0.00    0.59    0.65    0    0  (Gen:  0)
   506880    245816  33140176  0.00  0.00    0.59    0.65    0    0  (Gen:  0)
   506880    245816  33385936  0.00  0.00    0.59    0.65    0    0  (Gen:  0)
   506880    245816  33631696  0.00  0.00    0.60    0.65    0    0  (Gen:  0)
   506880    245816  33877456  0.00  0.00    0.60    0.65    0    0  (Gen:  0)
   506880    245816  34123216  0.00  0.00    0.60    0.65    0    0  (Gen:  0)
   506880    245816  34368976  0.00  0.00    0.60    0.65    0    0  (Gen:  0)
   506880    245816  34614736  0.00  0.00    0.60    0.65    0    0  (Gen:  0)
   506880    245816  34860496  0.00  0.00    0.60    0.65    0    0  (Gen:  0)
   506880    245816  35106256  0.00  0.00    0.60    0.65    0    0  (Gen:  0)
   506880    245816  35352016  0.00  0.00    0.60    0.65    0    0  (Gen:  0)
   506880    245816  35597776  0.00  0.00    0.60    0.65    0    0  (Gen:  0)
   506880    245816  35843536  0.00  0.00    0.60    0.65    0    0  (Gen:  0)
   506880    245816  36089296  0.00  0.00    0.60    0.65    0    0  (Gen:  0)
   506880    245816  36335056  0.00  0.00    0.60    0.65    0    0  (Gen:  0)
   506880    245816  36580816  0.00  0.00    0.60    0.65    0    0  (Gen:  0)
   506880    245816  36826576  0.00  0.00    0.60    0.65    0    0  (Gen:  0)
   506880    245816  37072336  0.00  0.00    0.60    0.65    0    0  (Gen:  0)
   506880    245816  37318096  0.00  0.00    0.60    0.65    0    0  (Gen:  0)
   666280     81232  37552080  0.00  0.00    0.60    0.65    0    0  (Gen:  0)
   514560     53784  37605840  0.00  0.00    0.60    0.65    0    0  (Gen:  0)
   514560     53768  37659600  0.00  0.00    0.60    0.65    0    0  (Gen:  0)
   514560     53768  37713360  0.00  0.00    0.60    0.65    0    0  (Gen:  0)
   514560     53768  37767120  0.00  0.00    0.60    0.65    0    0  (Gen:  0)
   514560     53768  37820880  0.00  0.00    0.60    0.65    0    0  (Gen:  0)
   514560     53768  37874640  0.00  0.00    0.60    0.65    0    0  (Gen:  0)
   514560     53768  37928400  0.00  0.00    0.60    0.65    0    0  (Gen:  0)
   514560     53768  37982160  0.00  0.00    0.60    0.65    0    0  (Gen:  0)
   514560     53768  38035920  0.00  0.00    0.60    0.65    0    0  (Gen:  0)
   514560     53768  38089680  0.00  0.00    0.60    0.65    0    0  (Gen:  0)
   514560     53768  38143440  0.00  0.00    0.60    0.65    0    0  (Gen:  0)
   514560     53768  38197200  0.00  0.00    0.60    0.65    0    0  (Gen:  0)
   514560     53768  38250960  0.00  0.00    0.60    0.65    0    0  (Gen:  0)
   514560     53768  38304720  0.00  0.00    0.60    0.65    0    0  (Gen:  0)
   514560     53768  38358480  0.00  0.00    0.60    0.65    0    0  (Gen:  0)
   514560     53768  38412240  0.00  0.00    0.60    0.65    0    0  (Gen:  0)
   514560     53768  38466000  0.00  0.00    0.60    0.65    0    0  (Gen:  0)
   514560     53768  38519760  0.00  0.00    0.60    0.66    0    0  (Gen:  0)
   514560     53768  38573520  0.00  0.00    0.60    0.66    0    0  (Gen:  0)
   514560     53768  38627280  0.00  0.00    0.60    0.66    0    0  (Gen:  0)
   514560     53768  38681040  0.00  0.00    0.60    0.66    0    0  (Gen:  0)
   514560     53768  38734800  0.00  0.00    0.60    0.66    0    0  (Gen:  0)
   514560     53768  38788560  0.00  0.00    0.60    0.66    0    0  (Gen:  0)
   514560     53768  38842320  0.00  0.00    0.60    0.66    0    0  (Gen:  0)
   514560     53768  38896080  0.00  0.00    0.60    0.66    0    0  (Gen:  0)
   514560     53768  38949840  0.00  0.00    0.60    0.66    0    0  (Gen:  0)
   514560     53768  39003600  0.00  0.00    0.60    0.66    0    0  (Gen:  0)
   514560     53768  39057360  0.00  0.00    0.60    0.66    0    0  (Gen:  0)
   514560     53768  39111120  0.00  0.00    0.60    0.66    0    0  (Gen:  0)
   514560     53768  39164880  0.00  0.00    0.60    0.66    0    0  (Gen:  0)
   514560     53768  39218640  0.00  0.00    0.60    0.66    0    0  (Gen:  0)
   514560     53768  39272400  0.00  0.00    0.60    0.66    0    0  (Gen:  0)
   514560     53768  39326160  0.00  0.00    0.60    0.66    0    0  (Gen:  0)
   514560     53768  39379920  0.00  0.00    0.60    0.66    0    0  (Gen:  0)
   514560     53768  39433680  0.00  0.00    0.60    0.66    0    0  (Gen:  0)
   514560     53768  39487440  0.00  0.00    0.60    0.66    0    0  (Gen:  0)
   514560     53768  39541200  0.00  0.00    0.60    0.66    0    0  (Gen:  0)
   514560     53768  39594960  0.00  0.00    0.60    0.66    0    0  (Gen:  0)
   513168     54472  39649400  0.00  0.00    0.61    0.66    0    0  (Gen:  0)
   516608     31312  39678032  0.00  0.00    0.61    0.66    0    0  (Gen:  0)
   517648     19592  39683832  0.00  0.00    0.61    0.66    0    0  (Gen:  0)
   518312      3872  39683960  0.00  0.00    0.61    0.67    0    0  (Gen:  0)
   517800      5624  39688360  0.00  0.00    0.61    0.67    0    0  (Gen:  0)
   519912      4328  39688480  0.00  0.00    0.61    0.67    0    0  (Gen:  0)
   518592      5280  39692448  0.00  0.00    0.61    0.67    0    0  (Gen:  0)
   518928      4632  39693248  0.00  0.00    0.61    0.67    0    0  (Gen:  0)
   519024      5568  39697392  0.00  0.00    0.61    0.67    0    0  (Gen:  0)
   518880      4856  39698112  0.00  0.00    0.61    0.67    0    0  (Gen:  0)
   518464      6408  39703192  0.00  0.00    0.61    0.67    0    0  (Gen:  0)
   518928      5712  39703936  0.00  0.00    0.61    0.67    0    0  (Gen:  0)
   518104      6424  39708448  0.00  0.00    0.61    0.67    0    0  (Gen:  0)
   516936      6464  39712776  0.00  0.00    0.61    0.67    0    0  (Gen:  0)
   517120      5480  39715168  0.00  0.00    0.61    0.67    0    0  (Gen:  0)
   517512      4920  39716720  0.00  0.00    0.61    0.67    0    0  (Gen:  0)
   517008      4536  39719016  0.00  0.00    0.61    0.67    0    0  (Gen:  0)
   517184      5000  39721592  0.00  0.00    0.61    0.67    0    0  (Gen:  0)
   517464      4952  39723688  0.00  0.00    0.61    0.67    0    0  (Gen:  0)
   517480      5248  39726008  0.00  0.00    0.61    0.67    0    0  (Gen:  0)
   517544      7032  39730000  0.00  0.00    0.61    0.67    0    0  (Gen:  0)
   517184      6160  39730736  0.00  0.00    0.61    0.67    0    0  (Gen:  0)
   517512      6176  39735408  0.00  0.00    0.61    0.67    0    0  (Gen:  0)
   517296      6392  39736408  0.00  0.00    0.61    0.67    0    0  (Gen:  0)
   516480      9424  39744344  0.00  0.00    0.61    0.67    0    0  (Gen:  0)
   517984      6832  39745272  0.00  0.00    0.61    0.67    0    0  (Gen:  0)
   517280      6536  39750048  0.00  0.00    0.61    0.67    0    0  (Gen:  0)
   518072      8576  39757456  0.00  0.00    0.61    0.67    0    0  (Gen:  0)
   517408      6808  39760568  0.00  0.00    0.61    0.67    0    0  (Gen:  0)
   517744      5072  39761936  0.00  0.00    0.61    0.67    0    0  (Gen:  0)
   517376      5456  39763936  0.00  0.00    0.61    0.67    0    0  (Gen:  0)
   517688      5568  39765736  0.00  0.00    0.61    0.67    0    0  (Gen:  0)
   517728      5368  39767200  0.00  0.00    0.61    0.67    0    0  (Gen:  0)
   517648      5224  39769048  0.00  0.00    0.61    0.67    0    0  (Gen:  0)
   517904      5040  39770760  0.00  0.00    0.61    0.67    0    0  (Gen:  0)
   517384      4880  39772048  0.00  0.00    0.61    0.67    0    0  (Gen:  0)
   518456      5576  39774776  0.00  0.00    0.61    0.67    0    0  (Gen:  0)
   517560      5792  39776720  0.00  0.00    0.61    0.67    0    0  (Gen:  0)
   517592      5344  39778216  0.00  0.00    0.61    0.67    0    0  (Gen:  0)
   517360      5632  39780120  0.00  0.00    0.61    0.67    0    0  (Gen:  0)
   518096      4920  39781072  0.00  0.00    0.61    0.67    0    0  (Gen:  0)
   518432      4664  39782792  0.00  0.00    0.61    0.67    0    0  (Gen:  0)
   517896      4768  39784840  0.00  0.00    0.61    0.67    0    0  (Gen:  0)
   517616      4848  39786512  0.00  0.00    0.61    0.67    0    0  (Gen:  0)
   518048      5056  39788160  0.00  0.00    0.61    0.67    0    0  (Gen:  0)
   518072      5592  39790520  0.00  0.00    0.61    0.67    0    0  (Gen:  0)
   518448      5432  39792088  0.00  0.00    0.61    0.67    0    0  (Gen:  0)
   517312      5488  39794088  0.00  0.00    0.61    0.67    0    0  (Gen:  0)
   518176      5320  39795536  0.00  0.00    0.61    0.67    0    0  (Gen:  0)
   518008      5152  39797080  0.00  0.00    0.61    0.67    0    0  (Gen:  0)
   518936      7464  39801048  0.00  0.00    0.61    0.67    0    0  (Gen:  0)
   518832      6728  39801936  0.00  0.00    0.61    0.67    0    0  (Gen:  0)
   518200      8992  39809528  0.00  0.00    0.61    0.67    0    0  (Gen:  0)
   517496      8048  39814072  0.00  0.00    0.61    0.67    0    0  (Gen:  0)
   517616      4704  39816728  0.00  0.00    0.61    0.67    0    0  (Gen:  0)
   517872      5136  39818912  0.00  0.00    0.61    0.67    0    0  (Gen:  0)
   517936      5704  39820800  0.00  0.00    0.61    0.67    0    0  (Gen:  0)
   517472      7984  39825000  0.00  0.00    0.61    0.67    0    0  (Gen:  0)
   515736      6976  39825696  0.00  0.00    0.61    0.67    0    0  (Gen:  0)
   517504      3608  39827832  0.00  0.00    0.61    0.67    0    0  (Gen:  0)
   517784      8920  39836272  0.00  0.00    0.61    0.67    0    0  (Gen:  0)
   517480      8640  39842184  0.00  0.00    0.61    0.67    0    0  (Gen:  0)
   517584      7464  39843320  0.00  0.00    0.61    0.67    0    0  (Gen:  0)
   518248      7856  39849208  0.00  0.00    0.61    0.67    0    0  (Gen:  0)
   517904      9032  39856928  0.00  0.00    0.62    0.67    0    0  (Gen:  0)
   518016      6560  39860912  0.00  0.00    0.62    0.67    0    0  (Gen:  0)
   517592      6064  39862040  0.00  0.00    0.62    0.67    0    0  (Gen:  0)
   518104     11352  39871728  0.00  0.00    0.62    0.67    0    0  (Gen:  0)
   518584      7064  39873112  0.00  0.00    0.62    0.67    0    0  (Gen:  0)
   517848      4152  39875216  0.00  0.00    0.62    0.67    0    0  (Gen:  0)
   518016      9880  39884632  0.00  0.00    0.62    0.67    0    0  (Gen:  0)
   517576      9392  39891072  0.00  0.00    0.62    0.67    0    0  (Gen:  0)
   517936      6488  39894744  0.00  0.00    0.62    0.67    0    0  (Gen:  0)
   517392      6192  39897440  0.00  0.00    0.62    0.68    0    0  (Gen:  0)
   518288      6288  39899560  0.00  0.00    0.62    0.68    0    0  (Gen:  0)
   517552      5712  39900840  0.00  0.00    0.62    0.68    0    0  (Gen:  0)
   517432      6368  39903744  0.00  0.00    0.62    0.68    0    0  (Gen:  0)
   517592      6608  39906184  0.00  0.00    0.62    0.68    0    0  (Gen:  0)
   518192      5600  39907512  0.00  0.00    0.62    0.68    0    0  (Gen:  0)
   517368      6720  39909928  0.00  0.00    0.62    0.68    0    0  (Gen:  0)
   517688      5680  39911224  0.00  0.00    0.62    0.68    0    0  (Gen:  0)
   517760      7656  39914936  0.00  0.00    0.62    0.68    0    0  (Gen:  0)
   518296      7224  39916416  0.00  0.00    0.62    0.68    0    0  (Gen:  0)
   517800      9792  39923896  0.00  0.00    0.62    0.68    0    0  (Gen:  0)
   517952     10584  39931488  0.00  0.00    0.62    0.68    0    0  (Gen:  0)
   517936      9104  39938624  0.00  0.00    0.62    0.68    0    0  (Gen:  0)
   518544      6288  39941640  0.00  0.00    0.62    0.68    0    0  (Gen:  0)
   517560      6744  39944456  0.00  0.00    0.62    0.68    0    0  (Gen:  0)
   517416      6320  39946192  0.00  0.00    0.62    0.68    0    0  (Gen:  0)
   517496      6304  39948488  0.00  0.00    0.62    0.68    0    0  (Gen:  0)
   518224      6368  39951608  0.00  0.00    0.62    0.68    0    0  (Gen:  0)
   518552      6648  39953712  0.00  0.00    0.62    0.68    0    0  (Gen:  0)
   518032      6536  39955328  0.00  0.00    0.62    0.68    0    0  (Gen:  0)
   518008      6456  39957208  0.00  0.00    0.62    0.68    0    0  (Gen:  0)
   518376      6328  39959288  0.00  0.00    0.62    0.68    0    0  (Gen:  0)
   518280      6720  39960936  0.00  0.00    0.62    0.68    0    0  (Gen:  0)
   518168      5288  39961248  0.00  0.00    0.62    0.68    0    0  (Gen:  0)
   517512      5792  39963192  0.00  0.00    0.62    0.68    0    0  (Gen:  0)
   518216      7712  39966968  0.00  0.00    0.62    0.68    0    0  (Gen:  0)
   517688      6216  39968168  0.00  0.00    0.62    0.68    0    0  (Gen:  0)
   517808      7376  39971624  0.00  0.00    0.62    0.68    0    0  (Gen:  0)
   517680      6136  39973824  0.00  0.00    0.62    0.68    0    0  (Gen:  0)
   517696      6088  39975192  0.00  0.00    0.62    0.68    0    0  (Gen:  0)
   517528      7128  39977640  0.00  0.00    0.62    0.68    0    0  (Gen:  0)
   517536      5936  39978848  0.00  0.00    0.62    0.68    0    0  (Gen:  0)
   517440      5720  39980224  0.00  0.00    0.62    0.68    0    0  (Gen:  0)
   517424      6192  39983224  0.00  0.00    0.62    0.68    0    0  (Gen:  0)
   517632      6488  39986480  0.00  0.00    0.62    0.68    0    0  (Gen:  0)
   517816      7688  39989320  0.00  0.00    0.62    0.68    0    0  (Gen:  0)
   518064      5968  39991200  0.00  0.00    0.62    0.68    0    0  (Gen:  0)
   517912      6400  39994064  0.00  0.00    0.62    0.68    0    0  (Gen:  0)
   518192      6232  39995752  0.00  0.00    0.62    0.68    0    0  (Gen:  0)
   518264      5504  39996976  0.00  0.00    0.62    0.68    0    0  (Gen:  0)
   517368      6824  39999832  0.00  0.00    0.62    0.68    0    0  (Gen:  0)
   517544      5480  40000736  0.00  0.00    0.62    0.68    0    0  (Gen:  0)
   517904      7640  40005080  0.00  0.00    0.62    0.68    0    0  (Gen:  0)
   518632      5752  40006064  0.00  0.00    0.62    0.68    0    0  (Gen:  0)
   517784      6256  40008088  0.00  0.00    0.62    0.68    0    0  (Gen:  0)
   517496      6608  40010296  0.00  0.00    0.62    0.68    0    0  (Gen:  0)
   517872      5392  40011664  0.00  0.00    0.62    0.68    0    0  (Gen:  0)
   518440      5280  40013128  0.00  0.00    0.62    0.68    0    0  (Gen:  0)
   517088      6040  40015744  0.00  0.00    0.62    0.68    0    0  (Gen:  0)
   517256      4840  40017360  0.00  0.00    0.62    0.68    0    0  (Gen:  0)
   517912      5728  40019784  0.00  0.00    0.62    0.68    0    0  (Gen:  0)
   517112      5136  40021360  0.00  0.00    0.62    0.68    0    0  (Gen:  0)
   517880      5504  40023384  0.00  0.00    0.62    0.68    0    0  (Gen:  0)
   518232      5288  40024728  0.00  0.00    0.62    0.68    0    0  (Gen:  0)
   517656      6352  40027752  0.00  0.00    0.62    0.68    0    0  (Gen:  0)
   517688      6312  40030696  0.00  0.00    0.62    0.68    0    0  (Gen:  0)
   517888      5632  40031504  0.00  0.00    0.62    0.68    0    0  (Gen:  0)
   518064      6064  40034192  0.00  0.00    0.62    0.68    0    0  (Gen:  0)
   517200      6128  40035784  0.00  0.00    0.62    0.68    0    0  (Gen:  0)
   518104      4376  40036216  0.00  0.00    0.62    0.68    0    0  (Gen:  0)
   517736      5720  40039240  0.00  0.00    0.62    0.68    0    0  (Gen:  0)
   518352      6120  40041368  0.00  0.00    0.62    0.68    0    0  (Gen:  0)
   517104      5616  40043056  0.00  0.00    0.62    0.68    0    0  (Gen:  0)
   517744      4984  40044048  0.00  0.00    0.63    0.68    0    0  (Gen:  0)
   518104      5168  40045904  0.00  0.00    0.63    0.68    0    0  (Gen:  0)
   518064      5128  40047248  0.00  0.00    0.63    0.68    0    0  (Gen:  0)
   517040      5400  40049440  0.00  0.00    0.63    0.68    0    0  (Gen:  0)
   518040      5776  40051456  0.00  0.00    0.63    0.68    0    0  (Gen:  0)
   518248      5184  40052728  0.00  0.00    0.63    0.68    0    0  (Gen:  0)
   517592      4568  40053632  0.00  0.00    0.63    0.68    0    0  (Gen:  0)
   517640      5224  40055960  0.00  0.00    0.63    0.68    0    0  (Gen:  0)
   517728      6000  40057920  0.00  0.00    0.63    0.69    0    0  (Gen:  0)
   518144      5168  40059224  0.00  0.00    0.63    0.69    0    0  (Gen:  0)
   517768      5928  40061688  0.00  0.00    0.63    0.69    0    0  (Gen:  0)
   517280      5464  40062904  0.00  0.00    0.63    0.69    0    0  (Gen:  0)
   517040      5744  40064872  0.00  0.00    0.63    0.69    0    0  (Gen:  0)
   517760      5512  40066104  0.00  0.00    0.63    0.69    0    0  (Gen:  0)
   518000      5984  40068360  0.00  0.00    0.63    0.69    0    0  (Gen:  0)
   517744      4712  40068888  0.00  0.00    0.63    0.69    0    0  (Gen:  0)
   519112      7384  40073528  0.00  0.00    0.63    0.69    0    0  (Gen:  0)
   518536      6056  40074704  0.00  0.00    0.63    0.69    0    0  (Gen:  0)
   517784     10552  40083200  0.00  0.00    0.63    0.69    0    0  (Gen:  0)
   517160      9440  40088776  0.00  0.00    0.63    0.69    0    0  (Gen:  0)
   517216      6184  40092456  0.00  0.00    0.63    0.69    0    0  (Gen:  0)
   517608      5736  40095024  0.00  0.00    0.63    0.69    0    0  (Gen:  0)
   517120      4840  40095656  0.00  0.00    0.63    0.69    0    0  (Gen:  0)
   517592      5328  40097912  0.00  0.00    0.63    0.69    0    0  (Gen:  0)
   517472      6600  40100456  0.00  0.00    0.63    0.69    0    0  (Gen:  0)
   517736      5240  40100992  0.00  0.00    0.63    0.69    0    0  (Gen:  0)
   517728      5680  40103544  0.00  0.00    0.63    0.69    0    0  (Gen:  0)
   517944      5816  40105056  0.00  0.00    0.63    0.69    0    0  (Gen:  0)
   517816      6024  40107168  0.00  0.00    0.63    0.69    0    0  (Gen:  0)
   517232      6008  40108752  0.00  0.00    0.63    0.69    0    0  (Gen:  0)
   517672      5648  40110344  0.00  0.00    0.63    0.69    0    0  (Gen:  0)
   517512      5288  40112072  0.00  0.00    0.63    0.69    0    0  (Gen:  0)
   518104      7872  40116008  0.00  0.00    0.63    0.69    0    0  (Gen:  0)
   518296      6944  40117024  0.00  0.00    0.63    0.69    0    0  (Gen:  0)
   517728      6032  40120992  0.00  0.00    0.63    0.69    0    0  (Gen:  0)
   517816     10008  40129032  0.00  0.00    0.63    0.69    0    0  (Gen:  0)
   517312      8448  40134960  0.00  0.00    0.63    0.69    0    0  (Gen:  0)
   517840      6184  40138088  0.00  0.00    0.63    0.69    0    0  (Gen:  0)
   517792      6960  40140992  0.00  0.00    0.63    0.69    0    0  (Gen:  0)
   518320      5008  40142592  0.00  0.00    0.63    0.69    0    0  (Gen:  0)
   517160     10704  40150976  0.00  0.00    0.63    0.69    0    0  (Gen:  0)
   517456      8336  40155824  0.00  0.00    0.63    0.69    0    0  (Gen:  0)
   517024      6328  40160400  0.00  0.00    0.63    0.69    0    0  (Gen:  0)
   517200      5768  40162952  0.00  0.00    0.63    0.69    0    0  (Gen:  0)
   517528      5608  40164200  0.00  0.00    0.63    0.69    0    0  (Gen:  0)
   517136      5872  40166080  0.00  0.00    0.63    0.69    0    0  (Gen:  0)
   517992      6472  40168448  0.00  0.00    0.63    0.69    0    0  (Gen:  0)
   517224      6808  40170560  0.00  0.00    0.63    0.69    0    0  (Gen:  0)
   517592      6264  40171864  0.00  0.00    0.63    0.69    0    0  (Gen:  0)
   517744      5928  40173504  0.00  0.00    0.63    0.69    0    0  (Gen:  0)
   518024      6504  40176128  0.00  0.00    0.63    0.69    0    0  (Gen:  0)
   517656      6184  40177728  0.00  0.00    0.63    0.69    0    0  (Gen:  0)
   517112      5384  40179152  0.00  0.00    0.63    0.69    0    0  (Gen:  0)
   517488      6544  40181944  0.00  0.00    0.63    0.69    0    0  (Gen:  0)
   518296      6464  40183672  0.00  0.00    0.63    0.69    0    0  (Gen:  0)
   517680      6208  40185352  0.00  0.00    0.63    0.69    0    0  (Gen:  0)
   517408      5792  40187216  0.00  0.00    0.63    0.69    0    0  (Gen:  0)
   517208      6024  40189240  0.00  0.00    0.63    0.69    0    0  (Gen:  0)
   518248      6224  40191784  0.00  0.00    0.63    0.69    0    0  (Gen:  0)
   517936      6176  40193432  0.00  0.00    0.63    0.69    0    0  (Gen:  0)
   517896      6256  40195360  0.00  0.00    0.63    0.69    0    0  (Gen:  0)
   517512      6264  40197440  0.00  0.00    0.63    0.69    0    0  (Gen:  0)
   517400      5896  40198984  0.00  0.00    0.63    0.69    0    0  (Gen:  0)
   517576      6192  40201136  0.00  0.00    0.63    0.69    0    0  (Gen:  0)
   517736      5384  40202768  0.00  0.00    0.63    0.69    0    0  (Gen:  0)
   518240      5376  40204632  0.00  0.00    0.63    0.69    0    0  (Gen:  0)
   518288      5976  40206640  0.00  0.00    0.63    0.69    0    0  (Gen:  0)
   516944      8200  40210632  0.00  0.00    0.63    0.69    0    0  (Gen:  0)
   515584      6904  40210992  0.00  0.00    0.63    0.69    0    0  (Gen:  0)
   516272      6512  40216312  0.00  0.00    0.63    0.69    0    0  (Gen:  0)
   515432      5712  40216968  0.00  0.00    0.63    0.69    0    0  (Gen:  0)
   516904      7040  40222736  0.00  0.00    0.63    0.69    0    0  (Gen:  0)
   519352      6592  40223752  0.00  0.00    0.63    0.69    0    0  (Gen:  0)
   518208      7224  40229112  0.00  0.00    0.63    0.69    0    0  (Gen:  0)
   518072     10584  40236688  0.00  0.00    0.64    0.69    0    0  (Gen:  0)
   517792      6808  40240752  0.00  0.00    0.64    0.69    0    0  (Gen:  0)
   517264      6768  40245344  0.00  0.00    0.64    0.69    0    0  (Gen:  0)
   517800      6112  40247272  0.00  0.00    0.64    0.69    0    0  (Gen:  0)
   518416      7080  40249856  0.00  0.00    0.64    0.69    0    0  (Gen:  0)
   517040      6808  40252008  0.00  0.00    0.64    0.69    0    0  (Gen:  0)
   517352      7208  40254960  0.00  0.00    0.64    0.69    0    0  (Gen:  0)
   517640      5344  40255440  0.00  0.00    0.64    0.70    0    0  (Gen:  0)
   517656      6912  40258656  0.00  0.00    0.64    0.70    0    0  (Gen:  0)
   517416      6544  40260696  0.00  0.00    0.64    0.70    0    0  (Gen:  0)
   517736      8320  40265336  0.00  0.00    0.64    0.70    0    0  (Gen:  0)
   518456      6216  40266528  0.00  0.00    0.64    0.70    0    0  (Gen:  0)
   518160     10048  40274480  0.00  0.00    0.64    0.70    0    0  (Gen:  0)
   517168      9120  40280472  0.00  0.00    0.64    0.70    0    0  (Gen:  0)
   517416      7048  40284800  0.00  0.00    0.64    0.70    0    0  (Gen:  0)
   517792      7608  40288120  0.00  0.00    0.64    0.70    0    0  (Gen:  0)
   517632      5984  40289632  0.00  0.00    0.64    0.70    0    0  (Gen:  0)
   518208      7352  40292312  0.00  0.00    0.64    0.70    0    0  (Gen:  0)
   517904      5632  40293504  0.00  0.00    0.64    0.70    0    0  (Gen:  0)
   517680      7464  40297080  0.00  0.00    0.64    0.70    0    0  (Gen:  0)
   517704      5776  40298632  0.00  0.00    0.64    0.70    0    0  (Gen:  0)
   517736      7200  40301968  0.00  0.00    0.64    0.70    0    0  (Gen:  0)
   517488      6480  40303192  0.00  0.00    0.64    0.70    0    0  (Gen:  0)
   517440      7888  40307264  0.00  0.00    0.64    0.70    0    0  (Gen:  0)
   520488      7240  40308200  0.00  0.00    0.64    0.70    0    0  (Gen:  0)
   520208      6400  40312960  0.00  0.00    0.64    0.70    0    0  (Gen:  0)
   517976      5600  40313616  0.00  0.00    0.64    0.70    0    0  (Gen:  0)
   516920      6304  40318336  0.00  0.00    0.64    0.70    0    0  (Gen:  0)
   518768      6016  40321112  0.00  0.00    0.64    0.70    0    0  (Gen:  0)
   518680      5304  40323072  0.00  0.00    0.64    0.70    0    0  (Gen:  0)
   517248     11032  40331352  0.00  0.00    0.64    0.70    0    0  (Gen:  0)
   516928      9648  40338832  0.00  0.00    0.64    0.70    0    0  (Gen:  0)
   517424      7568  40344528  0.00  0.00    0.64    0.70    0    0  (Gen:  0)
   517864      6320  40347232  0.00  0.00    0.64    0.70    0    0  (Gen:  0)
   518032      6704  40351216  0.00  0.00    0.64    0.70    0    0  (Gen:  0)
   518584      5872  40353144  0.00  0.00    0.64    0.70    0    0  (Gen:  0)
   517120      6472  40355104  0.00  0.00    0.64    0.70    0    0  (Gen:  0)
   517560      7176  40358392  0.00  0.00    0.64    0.70    0    0  (Gen:  0)
   518256      9592  40363464  0.00  0.00    0.64    0.70    0    0  (Gen:  0)
   518448      8936  40365080  0.00  0.00    0.64    0.70    0    0  (Gen:  0)
   518512      4744  40367072  0.00  0.00    0.64    0.70    0    0  (Gen:  0)
   517232      9488  40376216  0.00  0.00    0.64    0.70    0    0  (Gen:  0)
   517384      7424  40381256  0.00  0.00    0.64    0.70    0    0  (Gen:  0)
   517328      5320  40382904  0.00  0.00    0.64    0.70    0    0  (Gen:  0)
   516632      5288  40384768  0.00  0.00    0.64    0.70    0    0  (Gen:  0)
   516704      5536  40386784  0.00  0.00    0.64    0.70    0    0  (Gen:  0)
   516176      5656  40388568  0.00  0.00    0.64    0.70    0    0  (Gen:  0)
   517160      4648  40389272  0.00  0.00    0.64    0.70    0    0  (Gen:  0)
   517152      5024  40391464  0.00  0.00    0.64    0.70    0    0  (Gen:  0)
   517512      5512  40393544  0.00  0.00    0.64    0.70    0    0  (Gen:  0)
   517360      6152  40395768  0.00  0.00    0.64    0.70    0    0  (Gen:  0)
   517336      5640  40397224  0.00  0.00    0.64    0.70    0    0  (Gen:  0)
   517984      7656  40401128  0.00  0.00    0.64    0.70    0    0  (Gen:  0)
   517672      6744  40401768  0.00  0.00    0.64    0.70    0    0  (Gen:  0)
   517984      4856  40404968  0.00  0.00    0.64    0.70    0    0  (Gen:  0)
   517048      9416  40414064  0.00  0.00    0.64    0.70    0    0  (Gen:  0)
   517824      7632  40418944  0.00  0.00    0.64    0.70    0    0  (Gen:  0)
   517072      5664  40421864  0.00  0.00    0.64    0.70    0    0  (Gen:  0)
   517984      4776  40422672  0.00  0.00    0.64    0.70    0    0  (Gen:  0)
   517072      5656  40425192  0.00  0.00    0.64    0.70    0    0  (Gen:  0)
   517464      6240  40427760  0.00  0.00    0.64    0.70    0    0  (Gen:  0)
   518432      5008  40428416  0.00  0.00    0.64    0.70    0    0  (Gen:  0)
   517584      5016  40430432  0.00  0.00    0.64    0.70    0    0  (Gen:  0)
   516744      7880  40434880  0.00  0.00    0.64    0.70    0    0  (Gen:  0)
   518408      7688  40436328  0.00  0.00    0.64    0.70    0    0  (Gen:  0)
   517792      4216  40437936  0.00  0.00    0.64    0.70    0    0  (Gen:  0)
   517832     11432  40446616  0.00  0.00    0.64    0.70    0    0  (Gen:  0)
   517560     10024  40453080  0.00  0.00    0.64    0.70    0    0  (Gen:  0)
   517872      6136  40456408  0.00  0.00    0.64    0.70    0    0  (Gen:  0)
   516560      7512  40460616  0.00  0.00    0.64    0.70    0    0  (Gen:  0)
   518752      6256  40461992  0.00  0.00    0.64    0.70    0    0  (Gen:  0)
   518736      4232  40464632  0.00  0.00    0.64    0.70    0    0  (Gen:  0)
   518544      6448  40470344  0.00  0.00    0.64    0.70    0    0  (Gen:  0)
   518888      6024  40471040  0.00  0.00    0.64    0.70    0    0  (Gen:  0)
   517424      7776  40477416  0.00  0.00    0.64    0.70    0    0  (Gen:  0)
   518104      6520  40478656  0.00  0.00    0.65    0.70    0    0  (Gen:  0)
   518144      9120  40486016  0.00  0.00    0.65    0.70    0    0  (Gen:  0)
   517560     10240  40492864  0.00  0.00    0.65    0.70    0    0  (Gen:  0)
   517936      7456  40496904  0.00  0.00    0.65    0.70    0    0  (Gen:  0)
   517704      6880  40500408  0.00  0.00    0.65    0.70    0    0  (Gen:  0)
   517736      6040  40502320  0.00  0.00    0.65    0.71    0    0  (Gen:  0)
   517432      6080  40503912  0.00  0.00    0.65    0.71    0    0  (Gen:  0)
   518104      5584  40505072  0.00  0.00    0.65    0.71    0    0  (Gen:  0)
   517576      6568  40507560  0.00  0.00    0.65    0.71    0    0  (Gen:  0)
   517600      6096  40508744  0.00  0.00    0.65    0.71    0    0  (Gen:  0)
   517224      5672  40510720  0.00  0.00    0.65    0.71    0    0  (Gen:  0)
   517912      6664  40513504  0.00  0.00    0.65    0.71    0    0  (Gen:  0)
   517368      7200  40516104  0.00  0.00    0.65    0.71    0    0  (Gen:  0)
   518616      6104  40517192  0.00  0.00    0.65    0.71    0    0  (Gen:  0)
   517864      8920  40521256  0.00  0.00    0.65    0.71    0    0  (Gen:  0)
   518120      7312  40522760  0.00  0.00    0.65    0.71    0    0  (Gen:  0)
   517904     10424  40530680  0.00  0.00    0.65    0.71    0    0  (Gen:  0)
   517856     10864  40538472  0.00  0.00    0.65    0.71    0    0  (Gen:  0)
   518312      8032  40543304  0.00  0.00    0.65    0.71    0    0  (Gen:  0)
   517896      5712  40545888  0.00  0.00    0.65    0.71    0    0  (Gen:  0)
   518368      5912  40547888  0.00  0.00    0.65    0.71    0    0  (Gen:  0)
   517952      6304  40549736  0.00  0.00    0.65    0.71    0    0  (Gen:  0)
   517928      6744  40551704  0.00  0.00    0.65    0.71    0    0  (Gen:  0)
   517560      6328  40553920  0.00  0.00    0.65    0.71    0    0  (Gen:  0)
   517248      6680  40555648  0.00  0.00    0.65    0.71    0    0  (Gen:  0)
   517568      5936  40556776  0.00  0.00    0.65    0.71    0    0  (Gen:  0)
   518440      6088  40558840  0.00  0.00    0.65    0.71    0    0  (Gen:  0)
   517800      7816  40562384  0.00  0.00    0.65    0.71    0    0  (Gen:  0)
   518296      7704  40563728  0.00  0.00    0.65    0.71    0    0  (Gen:  0)
   518264      7176  40568816  0.00  0.00    0.65    0.71    0    0  (Gen:  0)
   517136     11736  40578024  0.00  0.00    0.65    0.71    0    0  (Gen:  0)
   518800      5904  40578656  0.00  0.00    0.65    0.71    0    0  (Gen:  0)
   517704      7616  40585000  0.00  0.00    0.65    0.71    0    0  (Gen:  0)
   518880      6440  40585304  0.00  0.00    0.65    0.71    0    0  (Gen:  0)
   518248      3480  40587144  0.00  0.00    0.65    0.71    0    0  (Gen:  0)
   517720      9496  40596200  0.00  0.00    0.65    0.71    0    0  (Gen:  0)
   517576     10024  40603072  0.00  0.00    0.65    0.71    0    0  (Gen:  0)
   517480      5856  40605712  0.00  0.00    0.65    0.71    0    0  (Gen:  0)
   517976      5096  40606912  0.00  0.00    0.65    0.71    0    0  (Gen:  0)
   517848      5840  40609296  0.00  0.00    0.65    0.71    0    0  (Gen:  0)
   517088      5656  40611088  0.00  0.00    0.65    0.71    0    0  (Gen:  0)
   518128      5272  40612904  0.00  0.00    0.65    0.71    0    0  (Gen:  0)
   517968      5320  40615000  0.00  0.00    0.65    0.71    0    0  (Gen:  0)
   517824      5296  40616576  0.00  0.00    0.65    0.71    0    0  (Gen:  0)
   517856      4568  40617712  0.00  0.00    0.65    0.71    0    0  (Gen:  0)
   518096      5176  40620304  0.00  0.00    0.65    0.71    0    0  (Gen:  0)
   517968      4816  40621360  0.00  0.00    0.65    0.71    0    0  (Gen:  0)
   518224      7048  40625456  0.00  0.00    0.65    0.71    0    0  (Gen:  0)
   517864      6552  40626248  0.00  0.00    0.65    0.71    0    0  (Gen:  0)
   516720      8480  40633104  0.00  0.00    0.65    0.71    0    0  (Gen:  0)
   515848      7136  40638984  0.00  0.00    0.65    0.71    0    0  (Gen:  0)
   517608      5256  40641776  0.00  0.00    0.65    0.71    0    0  (Gen:  0)
   515872      5288  40643560  0.00  0.00    0.65    0.71    0    0  (Gen:  0)
   515696      5336  40645200  0.00  0.00    0.65    0.71    0    0  (Gen:  0)
   515832      5456  40646960  0.00  0.00    0.65    0.71    0    0  (Gen:  0)
   515840      5600  40648744  0.00  0.00    0.65    0.71    0    0  (Gen:  0)
   515744      5560  40650344  0.00  0.00    0.65    0.71    0    0  (Gen:  0)
   515992      4144  40650592  0.00  0.00    0.65    0.71    0    0  (Gen:  0)
   515696      4128  40652200  0.00  0.00    0.65    0.71    0    0  (Gen:  0)
   515616      4880  40654376  0.00  0.00    0.65    0.71    0    0  (Gen:  0)
   516672      4808  40655752  0.00  0.00    0.65    0.71    0    0  (Gen:  0)
   517784      5392  40657792  0.00  0.00    0.65    0.71    0    0  (Gen:  0)
   517808      5792  40659880  0.00  0.00    0.65    0.71    0    0  (Gen:  0)
   517656      5328  40661152  0.00  0.00    0.65    0.71    0    0  (Gen:  0)
   517616      8128  40665688  0.00  0.00    0.65    0.71    0    0  (Gen:  0)
   517496      5960  40667432  0.00  0.00    0.65    0.71    0    0  (Gen:  0)
   517712      5616  40669552  0.00  0.00    0.65    0.71    0    0  (Gen:  0)
   517920      4936  40670288  0.00  0.00    0.65    0.71    0    0  (Gen:  0)
   517744      5632  40672552  0.00  0.00    0.65    0.71    0    0  (Gen:  0)
   517432      5088  40673496  0.00  0.00    0.65    0.71    0    0  (Gen:  0)
   517528      5680  40675640  0.00  0.00    0.65    0.71    0    0  (Gen:  0)
   517104      4912  40676304  0.00  0.00    0.65    0.71    0    0  (Gen:  0)
   516840      5576  40678360  0.00  0.00    0.65    0.71    0    0  (Gen:  0)
   516848      5408  40679864  0.00  0.00    0.65    0.71    0    0  (Gen:  0)
   517240      5504  40681552  0.00  0.00    0.65    0.71    0    0  (Gen:  0)
   517176      4920  40682480  0.00  0.00    0.65    0.71    0    0  (Gen:  0)
   517696      5664  40684768  0.00  0.00    0.65    0.71    0    0  (Gen:  0)
   518112      5264  40685832  0.00  0.00    0.65    0.71    0    0  (Gen:  0)
   517472      5944  40688136  0.00  0.00    0.65    0.71    0    0  (Gen:  0)
   517720      5456  40689768  0.00  0.00    0.66    0.71    0    0  (Gen:  0)
   518272      6216  40692448  0.00  0.00    0.66    0.71    0    0  (Gen:  0)
   517200      6056  40693568  0.00  0.00    0.66    0.71    0    0  (Gen:  0)
   518048      5824  40694912  0.00  0.00    0.66    0.71    0    0  (Gen:  0)
   517768      5688  40696200  0.00  0.00    0.66    0.72    0    0  (Gen:  0)
   517768      6720  40699528  0.00  0.00    0.66    0.72    0    0  (Gen:  0)
   518168      6368  40701136  0.00  0.00    0.66    0.72    0    0  (Gen:  0)
   517568      7320  40703624  0.00  0.00    0.66    0.72    0    0  (Gen:  0)
   517768      7088  40706776  0.00  0.00    0.66    0.72    0    0  (Gen:  0)
   518664     10024  40711952  0.00  0.00    0.66    0.72    0    0  (Gen:  0)
   517776      9040  40713800  0.00  0.00    0.66    0.72    0    0  (Gen:  0)
   518232      4224  40715600  0.00  0.00    0.66    0.72    0    0  (Gen:  0)
   517648      9712  40725104  0.00  0.00    0.66    0.72    0    0  (Gen:  0)
   517616     10368  40732096  0.00  0.00    0.66    0.72    0    0  (Gen:  0)
   517624      8056  40737032  0.00  0.00    0.66    0.72    0    0  (Gen:  0)
   518264      7304  40741192  0.00  0.00    0.66    0.72    0    0  (Gen:  0)
   518616      8384  40745536  0.00  0.00    0.66    0.72    0    0  (Gen:  0)
   517016      5664  40746160  0.00  0.00    0.66    0.72    0    0  (Gen:  0)
   518072     11504  40755952  0.00  0.00    0.66    0.72    0    0  (Gen:  0)
   517888     10552  40764168  0.00  0.00    0.66    0.72    0    0  (Gen:  0)
   517840      8680  40769656  0.00  0.00    0.66    0.72    0    0  (Gen:  0)
   517624      7176  40772968  0.00  0.00    0.66    0.72    0    0  (Gen:  0)
   518072      5488  40774032  0.00  0.00    0.66    0.72    0    0  (Gen:  0)
   518104      5968  40776472  0.00  0.00    0.66    0.72    0    0  (Gen:  0)
   517888      7112  40779320  0.00  0.00    0.66    0.72    0    0  (Gen:  0)
   517344      5872  40780336  0.00  0.00    0.66    0.72    0    0  (Gen:  0)
   517800      6744  40783504  0.00  0.00    0.66    0.72    0    0  (Gen:  0)
   517560      6856  40785680  0.00  0.00    0.66    0.72    0    0  (Gen:  0)
   518232      6200  40787440  0.00  0.00    0.66    0.72    0    0  (Gen:  0)
   517088      5184  40788280  0.00  0.00    0.66    0.72    0    0  (Gen:  0)
   517360      5800  40790304  0.00  0.00    0.66    0.72    0    0  (Gen:  0)
   518048      5576  40791696  0.00  0.00    0.66    0.72    0    0  (Gen:  0)
   518376      5424  40793064  0.00  0.00    0.66    0.72    0    0  (Gen:  0)
   517200      5832  40794800  0.00  0.00    0.66    0.72    0    0  (Gen:  0)
   518216      5192  40795912  0.00  0.00    0.66    0.72    0    0  (Gen:  0)
   517688      5520  40797744  0.00  0.00    0.66    0.72    0    0  (Gen:  0)
   517384      7936  40802152  0.00  0.00    0.66    0.72    0    0  (Gen:  0)
   519144      6960  40802952  0.00  0.00    0.66    0.72    0    0  (Gen:  0)
   518704      4384  40805888  0.00  0.00    0.66    0.72    0    0  (Gen:  0)
   517952     11488  40816768  0.00  0.00    0.66    0.72    0    0  (Gen:  0)
   517720      7376  40818112  0.00  0.00    0.66    0.72    0    0  (Gen:  0)
   517904      3320  40819208  0.00  0.00    0.66    0.72    0    0  (Gen:  0)
   517288      9752  40828664  0.00  0.00    0.66    0.72    0    0  (Gen:  0)
   517808     10712  40835464  0.00  0.00    0.66    0.72    0    0  (Gen:  0)
   518056      7608  40839624  0.00  0.00    0.66    0.72    0    0  (Gen:  0)
   517632      5192  40841224  0.00  0.00    0.66    0.72    0    0  (Gen:  0)
   517760      5232  40842576  0.00  0.00    0.66    0.72    0    0  (Gen:  0)
   517392      6912  40845920  0.00  0.00    0.66    0.72    0    0  (Gen:  0)
   517168      6736  40847488  0.00  0.00    0.66    0.72    0    0  (Gen:  0)
   517456      5064  40848944  0.00  0.00    0.66    0.72    0    0  (Gen:  0)
   517968      5944  40851408  0.00  0.00    0.66    0.72    0    0  (Gen:  0)
   517336      5992  40852808  0.00  0.00    0.66    0.72    0    0  (Gen:  0)
   518344      7216  40855728  0.00  0.00    0.66    0.72    0    0  (Gen:  0)
   517832      6464  40857296  0.00  0.00    0.66    0.72    0    0  (Gen:  0)
   517832      7120  40859328  0.00  0.00    0.66    0.72    0    0  (Gen:  0)
   518616      7016  40861136  0.00  0.00    0.66    0.72    0    0  (Gen:  0)
   518384      6976  40862360  0.00  0.00    0.66    0.72    0    0  (Gen:  0)
   518328      8000  40864832  0.00  0.00    0.66    0.72    0    0  (Gen:  0)
   518120      9504  40868840  0.00  0.00    0.66    0.72    0    0  (Gen:  0)
   518640      7992  40870536  0.00  0.00    0.66    0.72    0    0  (Gen:  0)
   518264      6920  40875136  0.00  0.00    0.66    0.72    0    0  (Gen:  0)
   518520     11048  40885984  0.00  0.00    0.66    0.72    0    0  (Gen:  0)
   518440     12528  40894680  0.00  0.00    0.66    0.72    0    0  (Gen:  0)
   520480      6600  40895096  0.00  0.00    0.66    0.72    0    0  (Gen:  0)
   517464      5664  40899432  0.00  0.00    0.66    0.72    0    0  (Gen:  0)
   518584     10504  40909824  0.00  0.00    0.66    0.72    0    0  (Gen:  0)
   517608      8848  40916864  0.00  0.00    0.66    0.72    0    0  (Gen:  0)
   517696      9408  40924336  0.00  0.00    0.66    0.72    0    0  (Gen:  0)
   517592      8080  40928552  0.00  0.00    0.66    0.72    0    0  (Gen:  0)
   518240      8744  40934016  0.00  0.00    0.66    0.72    0    0  (Gen:  0)
   517920     11016  40939616  0.00  0.00    0.66    0.72    0    0  (Gen:  0)
   517672      6800  40942584  0.00  0.00    0.66    0.72    0    0  (Gen:  0)
   518104     10136  40948992  0.00  0.00    0.66    0.72    0    0  (Gen:  0)
   517208      9472  40954424  0.00  0.00    0.66    0.72    0    0  (Gen:  0)
   517520      8912  40958216  0.00  0.00    0.66    0.72    0    0  (Gen:  0)
   518576      7816  40960256  0.00  0.00    0.66    0.72    0    0  (Gen:  0)
   518056      4184  40961728  0.00  0.00    0.66    0.72    0    0  (Gen:  0)
   518368     11216  40970976  0.00  0.00    0.66    0.72    0    0  (Gen:  0)
   518200      9952  40979520  0.00  0.00    0.66    0.72    0    0  (Gen:  0)
   517832     10168  40986328  0.00  0.00    0.67    0.72    0    0  (Gen:  0)
   518240      7656  40990216  0.00  0.00    0.67    0.72    0    0  (Gen:  0)
   517992      7240  40992896  0.00  0.00    0.67    0.73    0    0  (Gen:  0)
   518280      7632  40995696  0.00  0.00    0.67    0.73    0    0  (Gen:  0)
   517848      8680  40998816  0.00  0.00    0.67    0.73    0    0  (Gen:  0)
   517600      7504  41002104  0.00  0.00    0.67    0.73    0    0  (Gen:  0)
   517280      8464  41005128  0.00  0.00    0.67    0.73    0    0  (Gen:  0)
   517608      7768  41009016  0.00  0.00    0.67    0.73    0    0  (Gen:  0)
   517152      8704  41012800  0.00  0.00    0.67    0.73    0    0  (Gen:  0)
   517856      7352  41014128  0.00  0.00    0.67    0.73    0    0  (Gen:  0)
   518072      6624  41015768  0.00  0.00    0.67    0.73    0    0  (Gen:  0)
   517656      6872  41018088  0.00  0.00    0.67    0.73    0    0  (Gen:  0)
   517648      7120  41019552  0.00  0.00    0.67    0.73    0    0  (Gen:  0)
   517400      7440  41021696  0.00  0.00    0.67    0.73    0    0  (Gen:  0)
   517752      7560  41023296  0.00  0.00    0.67    0.73    0    0  (Gen:  0)
   517544      7384  41025272  0.00  0.00    0.67    0.73    0    0  (Gen:  0)
   518304      7016  41026488  0.00  0.00    0.67    0.73    0    0  (Gen:  0)
   517856      6216  41027584  0.00  0.00    0.67    0.73    0    0  (Gen:  0)
   517768      7408  41030552  0.00  0.00    0.67    0.73    0    0  (Gen:  0)
   518536      6840  41032448  0.00  0.00    0.67    0.73    0    0  (Gen:  0)
   518000      7904  41036400  0.00  0.00    0.67    0.73    0    0  (Gen:  0)
   517520      8424  41038920  0.00  0.00    0.67    0.73    0    0  (Gen:  0)
   518552      8760  41042080  0.00  0.00    0.67    0.73    0    0  (Gen:  0)
   517544      7664  41044688  0.00  0.00    0.67    0.73    0    0  (Gen:  0)
   517696      8288  41048248  0.00  0.00    0.67    0.73    0    0  (Gen:  0)
   517712      8592  41050456  0.00  0.00    0.67    0.73    0    0  (Gen:  0)
   518096      7936  41052760  0.00  0.00    0.67    0.73    0    0  (Gen:  0)
   517616      7872  41056088  0.00  0.00    0.67    0.73    0    0  (Gen:  0)
   517608      8024  41058168  0.00  0.00    0.67    0.73    0    0  (Gen:  0)
   518072      7504  41060000  0.00  0.00    0.67    0.73    0    0  (Gen:  0)
   518000      7504  41061808  0.00  0.00    0.67    0.73    0    0  (Gen:  0)
   517248      7360  41065928  0.00  0.00    0.67    0.73    0    0  (Gen:  0)
   517392      7256  41067792  0.00  0.00    0.67    0.73    0    0  (Gen:  0)
   517328      6992  41069576  0.00  0.00    0.67    0.73    0    0  (Gen:  0)
   517376      8208  41072856  0.00  0.00    0.67    0.73    0    0  (Gen:  0)
   517720      7224  41074744  0.00  0.00    0.67    0.73    0    0  (Gen:  0)
   517512      6608  41076216  0.00  0.00    0.67    0.73    0    0  (Gen:  0)
   517584      7016  41079808  0.00  0.00    0.67    0.73    0    0  (Gen:  0)
   517848      7032  41081936  0.00  0.00    0.67    0.73    0    0  (Gen:  0)
   517392      6896  41084024  0.00  0.00    0.67    0.73    0    0  (Gen:  0)
   518192      7016  41085616  0.00  0.00    0.67    0.73    0    0  (Gen:  0)
   517000      7632  41088848  0.00  0.00    0.67    0.73    0    0  (Gen:  0)
   518264      7544  41090760  0.00  0.00    0.67    0.73    0    0  (Gen:  0)
   518104      6912  41092032  0.00  0.00    0.67    0.73    0    0  (Gen:  0)
   156600  22178600  22235928  0.03  0.03    0.70    0.76    0    0  (Gen:  1)
   517512      5120  22237440  0.00  0.00    0.70    0.76    0    0  (Gen:  0)
   518312      6064  22239360  0.00  0.00    0.70    0.76    0    0  (Gen:  0)
   517528      9224  22243848  0.00  0.00    0.70    0.76    0    0  (Gen:  0)
   518336      8464  22245000  0.00  0.00    0.70    0.76    0    0  (Gen:  0)
   518416      4320  22247608  0.00  0.00    0.70    0.76    0    0  (Gen:  0)
   517840     10216  22257416  0.00  0.00    0.70    0.76    0    0  (Gen:  0)
   517760     10856  22264496  0.00  0.00    0.70    0.76    0    0  (Gen:  0)
   518080      8512  22268608  0.00  0.00    0.70    0.76    0    0  (Gen:  0)
   517712      6864  22271480  0.00  0.00    0.70    0.76    0    0  (Gen:  0)
   517440      9424  22276736  0.00  0.00    0.70    0.76    0    0  (Gen:  0)
   518024      7464  22278064  0.00  0.00    0.70    0.76    0    0  (Gen:  0)
   518048      7808  22279920  0.00  0.00    0.70    0.76    0    0  (Gen:  0)
   517912      6640  22281832  0.00  0.00    0.70    0.76    0    0  (Gen:  0)
   518256      9176  22285984  0.00  0.00    0.70    0.76    0    0  (Gen:  0)
   517984      8920  22287904  0.00  0.00    0.70    0.76    0    0  (Gen:  0)
   517896      5568  22290736  0.00  0.00    0.70    0.76    0    0  (Gen:  0)
   518024     10784  22301040  0.00  0.00    0.70    0.76    0    0  (Gen:  0)
   517632     11832  22308608  0.00  0.00    0.70    0.76    0    0  (Gen:  0)
   517072     10184  22314200  0.00  0.00    0.70    0.76    0    0  (Gen:  0)
   517880      6504  22317760  0.00  0.00    0.70    0.76    0    0  (Gen:  0)
   518040      8136  22321600  0.00  0.00    0.70    0.76    0    0  (Gen:  0)
   517744      8464  22324928  0.00  0.00    0.70    0.76    0    0  (Gen:  0)
   517448      8408  22328424  0.00  0.00    0.70    0.76    0    0  (Gen:  0)
   517944      7072  22330560  0.00  0.00    0.70    0.76    0    0  (Gen:  0)
   517872      8312  22334568  0.00  0.00    0.70    0.76    0    0  (Gen:  0)
   517432      6952  22337536  0.00  0.00    0.70    0.76    0    0  (Gen:  0)
   518144      8304  22342160  0.00  0.00    0.70    0.76    0    0  (Gen:  0)
   517840      6752  22343600  0.00  0.00    0.70    0.76    0    0  (Gen:  0)
   517912     10136  22351424  0.00  0.00    0.70    0.76    0    0  (Gen:  0)
   517272     11016  22359800  0.00  0.00    0.70    0.76    0    0  (Gen:  0)
   517760      9800  22365760  0.00  0.00    0.70    0.76    0    0  (Gen:  0)
   517656      7512  22370504  0.00  0.00    0.70    0.76    0    0  (Gen:  0)
   517448      5672  22372280  0.00  0.00    0.70    0.76    0    0  (Gen:  0)
   518216      6016  22374040  0.00  0.00    0.70    0.76    0    0  (Gen:  0)
   517896      6360  22376384  0.00  0.00    0.70    0.76    0    0  (Gen:  0)
   518056      6832  22378504  0.00  0.00    0.70    0.76    0    0  (Gen:  0)
   518352      9696  22382824  0.00  0.00    0.70    0.76    0    0  (Gen:  0)
   518240      8424  22384000  0.00  0.00    0.70    0.76    0    0  (Gen:  0)
   518000      3976  22385608  0.00  0.00    0.70    0.76    0    0  (Gen:  0)
   518608     11768  22394744  0.00  0.00    0.70    0.76    0    0  (Gen:  0)
   517912     11968  22403104  0.00  0.00    0.70    0.76    0    0  (Gen:  0)
   517976      9600  22408112  0.00  0.00    0.70    0.76    0    0  (Gen:  0)
   518744      7856  22411712  0.00  0.00    0.70    0.76    0    0  (Gen:  0)
   517712      6616  22414576  0.00  0.00    0.70    0.76    0    0  (Gen:  0)
   517400      5752  22415496  0.00  0.00    0.70    0.76    0    0  (Gen:  0)
   518024      6376  22418272  0.00  0.00    0.70    0.76    0    0  (Gen:  0)
   516992      5256  22419792  0.00  0.00    0.70    0.76    0    0  (Gen:  0)
   517080      8384  22424424  0.00  0.00    0.71    0.76    0    0  (Gen:  0)
   518400      8200  22425616  0.00  0.00    0.71    0.77    0    0  (Gen:  0)
   518568      3736  22426752  0.00  0.00    0.71    0.77    0    0  (Gen:  0)
   517936     10712  22435392  0.00  0.00    0.71    0.77    0    0  (Gen:  0)
   517240     10200  22443472  0.00  0.00    0.71    0.77    0    0  (Gen:  0)
   517928      7832  22448536  0.00  0.00    0.71    0.77    0    0  (Gen:  0)
   517696      6336  22451288  0.00  0.00    0.71    0.77    0    0  (Gen:  0)
   517144      5656  22452768  0.00  0.00    0.71    0.77    0    0  (Gen:  0)
   516816      7280  22455952  0.00  0.00    0.71    0.77    0    0  (Gen:  0)
   518432      7000  22458488  0.00  0.00    0.71    0.77    0    0  (Gen:  0)
   517088      5976  22460088  0.00  0.00    0.71    0.77    0    0  (Gen:  0)
   518088      6952  22462416  0.00  0.00    0.71    0.77    0    0  (Gen:  0)
   517752      7928  22465528  0.00  0.00    0.71    0.77    0    0  (Gen:  0)
   517800      6200  22468240  0.00  0.00    0.71    0.77    0    0  (Gen:  0)
   518808      6000  22469512  0.00  0.00    0.71    0.77    0    0  (Gen:  0)
   517528      5784  22470928  0.00  0.00    0.71    0.77    0    0  (Gen:  0)
   517320      5288  22471904  0.00  0.00    0.71    0.77    0    0  (Gen:  0)
   518984      4856  22472912  0.00  0.00    0.71    0.77    0    0  (Gen:  0)
   518208      5176  22474624  0.00  0.00    0.71    0.77    0    0  (Gen:  0)
   517256      5960  22476800  0.00  0.00    0.71    0.77    0    0  (Gen:  0)
   517896      5944  22478104  0.00  0.00    0.71    0.77    0    0  (Gen:  0)
   517848      6168  22479792  0.00  0.00    0.71    0.77    0    0  (Gen:  0)
   517208      6240  22481328  0.00  0.00    0.71    0.77    0    0  (Gen:  0)
   517328      5832  22482384  0.00  0.00    0.71    0.77    0    0  (Gen:  0)
   517448      5992  22483984  0.00  0.00    0.71    0.77    0    0  (Gen:  0)
   517896      6168  22485624  0.00  0.00    0.71    0.77    0    0  (Gen:  0)
   517816      6176  22487008  0.00  0.00    0.71    0.77    0    0  (Gen:  0)
   517264      7032  22489304  0.00  0.00    0.71    0.77    0    0  (Gen:  0)
   517816      6576  22491192  0.00  0.00    0.71    0.77    0    0  (Gen:  0)
   518600      8768  22495616  0.00  0.00    0.71    0.77    0    0  (Gen:  0)
   518496      8888  22497440  0.00  0.00    0.71    0.77    0    0  (Gen:  0)
   518224      7960  22502992  0.00  0.00    0.71    0.77    0    0  (Gen:  0)
   518048     12352  22511544  0.00  0.00    0.71    0.77    0    0  (Gen:  0)
   517688      9480  22518296  0.00  0.00    0.71    0.77    0    0  (Gen:  0)
   518568      8208  22523720  0.00  0.00    0.71    0.77    0    0  (Gen:  0)
   517808      7440  22526256  0.00  0.00    0.71    0.77    0    0  (Gen:  0)
   518040      5568  22526936  0.00  0.00    0.71    0.77    0    0  (Gen:  0)
   517672      6728  22529864  0.00  0.00    0.71    0.77    0    0  (Gen:  0)
   518256      7888  22532080  0.00  0.00    0.71    0.77    0    0  (Gen:  0)
   518144      8312  22535120  0.00  0.00    0.71    0.77    0    0  (Gen:  0)
   517848      7640  22537440  0.00  0.00    0.71    0.77    0    0  (Gen:  0)
   517560      7264  22539352  0.00  0.00    0.71    0.77    0    0  (Gen:  0)
   517776      8056  22542496  0.00  0.00    0.71    0.77    0    0  (Gen:  0)
   517880      7936  22544920  0.00  0.00    0.71    0.77    0    0  (Gen:  0)
   517216      8904  22549136  0.00  0.00    0.71    0.77    0    0  (Gen:  0)
   517688      7600  22551968  0.00  0.00    0.71    0.77    0    0  (Gen:  0)
   518168      7448  22553936  0.00  0.00    0.71    0.77    0    0  (Gen:  0)
   517216      8944  22557904  0.00  0.00    0.71    0.77    0    0  (Gen:  0)
   519024      9712  22559712  0.00  0.00    0.71    0.77    0    0  (Gen:  0)
   518480      4152  22561560  0.00  0.00    0.71    0.77    0    0  (Gen:  0)
   517960     10792  22572256  0.00  0.00    0.71    0.77    0    0  (Gen:  0)
   517664     10680  22579016  0.00  0.00    0.71    0.77    0    0  (Gen:  0)
   517952      9544  22584264  0.00  0.00    0.71    0.77    0    0  (Gen:  0)
   518224      6504  22587792  0.00  0.00    0.71    0.77    0    0  (Gen:  0)
   517272      5912  22589960  0.00  0.00    0.71    0.77    0    0  (Gen:  0)
   518360      6936  22592824  0.00  0.00    0.71    0.77    0    0  (Gen:  0)
   517600      9752  22597832  0.00  0.00    0.71    0.77    0    0  (Gen:  0)
   519040      5976  22599160  0.00  0.00    0.71    0.77    0    0  (Gen:  0)
   518608      9952  22606720  0.00  0.00    0.71    0.77    0    0  (Gen:  0)
   517200     10296  22614400  0.00  0.00    0.71    0.77    0    0  (Gen:  0)
   518440      9496  22620576  0.00  0.00    0.71    0.77    0    0  (Gen:  0)
   517928      7184  22623144  0.00  0.00    0.71    0.77    0    0  (Gen:  0)
   517816      6064  22625368  0.00  0.00    0.71    0.77    0    0  (Gen:  0)
   517648      6168  22626640  0.00  0.00    0.71    0.77    0    0  (Gen:  0)
   517440      6216  22628136  0.00  0.00    0.71    0.77    0    0  (Gen:  0)
   518104      6256  22629760  0.00  0.00    0.71    0.77    0    0  (Gen:  0)
   517952      5328  22630208  0.00  0.00    0.71    0.77    0    0  (Gen:  0)
   518416      6080  22632328  0.00  0.00    0.71    0.77    0    0  (Gen:  0)
   518104      5864  22633392  0.00  0.00    0.71    0.77    0    0  (Gen:  0)
   516904      6144  22635208  0.00  0.00    0.71    0.77    0    0  (Gen:  0)
   518000      6224  22636680  0.00  0.00    0.71    0.77    0    0  (Gen:  0)
   517768      5624  22638168  0.00  0.00    0.71    0.77    0    0  (Gen:  0)
   517384      5104  22639096  0.00  0.00    0.71    0.77    0    0  (Gen:  0)
   517664      5232  22640680  0.00  0.00    0.71    0.77    0    0  (Gen:  0)
   518000      5328  22642384  0.00  0.00    0.71    0.77    0    0  (Gen:  0)
   518120      6000  22644720  0.00  0.00    0.71    0.77    0    0  (Gen:  0)
   517224      6432  22646344  0.00  0.00    0.71    0.77    0    0  (Gen:  0)
   518264      8072  22649976  0.00  0.00    0.71    0.77    0    0  (Gen:  0)
   518336      8448  22651768  0.00  0.00    0.71    0.77    0    0  (Gen:  0)
   518424      4368  22653480  0.00  0.00    0.71    0.77    0    0  (Gen:  0)
   518264     10792  22661800  0.00  0.00    0.71    0.77    0    0  (Gen:  0)
   517672      9408  22668528  0.00  0.00    0.71    0.78    0    0  (Gen:  0)
   517520      6888  22672872  0.00  0.00    0.71    0.78    0    0  (Gen:  0)
   518152      6864  22674608  0.00  0.00    0.72    0.78    0    0  (Gen:  0)
   517664     10680  22682928  0.00  0.00    0.72    0.78    0    0  (Gen:  0)
   517776     12760  22691632  0.00  0.00    0.72    0.78    0    0  (Gen:  0)
   517616     10152  22698776  0.00  0.00    0.72    0.78    0    0  (Gen:  0)
   517816      8632  22703240  0.00  0.00    0.72    0.78    0    0  (Gen:  0)
   518104      7712  22707968  0.00  0.00    0.72    0.78    0    0  (Gen:  0)
   517472      8088  22709504  0.00  0.00    0.72    0.78    0    0  (Gen:  0)
   518080      4528  22711592  0.00  0.00    0.72    0.78    0    0  (Gen:  0)
   516960     10872  22721832  0.00  0.00    0.72    0.78    0    0  (Gen:  0)
   517504     10928  22729536  0.00  0.00    0.72    0.78    0    0  (Gen:  0)
   517912     10208  22735344  0.00  0.00    0.72    0.78    0    0  (Gen:  0)
   518040      8096  22740064  0.00  0.00    0.72    0.78    0    0  (Gen:  0)
   518288      7872  22743536  0.00  0.00    0.72    0.78    0    0  (Gen:  0)
   517880      8416  22746048  0.00  0.00    0.72    0.78    0    0  (Gen:  0)
   518128      9736  22748896  0.00  0.00    0.72    0.78    0    0  (Gen:  0)
   517696      8040  22750040  0.00  0.00    0.72    0.78    0    0  (Gen:  0)
   517768      9624  22753952  0.00  0.00    0.72    0.78    0    0  (Gen:  0)
   518880      9056  22756792  0.00  0.00    0.72    0.78    0    0  (Gen:  0)
   518224      8928  22759792  0.00  0.00    0.72    0.78    0    0  (Gen:  0)
   518440     10760  22763856  0.00  0.00    0.72    0.78    0    0  (Gen:  0)
   517504      9592  22768944  0.00  0.00    0.72    0.78    0    0  (Gen:  0)
   517896      8328  22773032  0.00  0.00    0.72    0.78    0    0  (Gen:  0)
   518384      5928  22774456  0.00  0.00    0.72    0.78    0    0  (Gen:  0)
   518096     11080  22783104  0.00  0.00    0.72    0.78    0    0  (Gen:  0)
   517240     13232  22792120  0.00  0.00    0.72    0.78    0    0  (Gen:  0)
   518920     10824  22799536  0.00  0.00    0.72    0.78    0    0  (Gen:  0)
   517872      7256  22803560  0.00  0.00    0.72    0.78    0    0  (Gen:  0)
   518056      6640  22806552  0.00  0.00    0.72    0.78    0    0  (Gen:  0)
   517848     11536  22814584  0.00  0.00    0.72    0.78    0    0  (Gen:  0)
   517952      7736  22818240  0.00  0.00    0.72    0.78    0    0  (Gen:  0)
   517688     10248  22824584  0.00  0.00    0.72    0.78    0    0  (Gen:  0)
   518192      8504  22829344  0.00  0.00    0.72    0.78    0    0  (Gen:  0)
   517656      8752  22834400  0.00  0.00    0.72    0.78    0    0  (Gen:  0)
   518248      8752  22838728  0.00  0.00    0.72    0.78    0    0  (Gen:  0)
   517712      8520  22842224  0.00  0.00    0.72    0.78    0    0  (Gen:  0)
   517848      5784  22843832  0.00  0.00    0.72    0.78    0    0  (Gen:  0)
   517840      8696  22848512  0.00  0.00    0.72    0.78    0    0  (Gen:  0)
   517864      7904  22852776  0.00  0.00    0.72    0.78    0    0  (Gen:  0)
   517944      9664  22857472  0.00  0.00    0.72    0.78    0    0  (Gen:  0)
   518088      6080  22859360  0.00  0.00    0.72    0.78    0    0  (Gen:  0)
   518320      9976  22865880  0.00  0.00    0.72    0.78    0    0  (Gen:  0)
   518072      7424  22867488  0.00  0.00    0.72    0.78    0    0  (Gen:  0)
   517104      8240  22870928  0.00  0.00    0.72    0.78    0    0  (Gen:  0)
   517640      7520  22872648  0.00  0.00    0.72    0.78    0    0  (Gen:  0)
   517472      7752  22875480  0.00  0.00    0.72    0.78    0    0  (Gen:  0)
   517448      7800  22877624  0.00  0.00    0.72    0.78    0    0  (Gen:  0)
   518072      7968  22879688  0.00  0.00    0.72    0.78    0    0  (Gen:  0)
   517984      7528  22881016  0.00  0.00    0.72    0.78    0    0  (Gen:  0)
   518056      6960  22883120  0.00  0.00    0.72    0.78    0    0  (Gen:  0)
   518216      6496  22884224  0.00  0.00    0.72    0.78    0    0  (Gen:  0)
   517888      7272  22887064  0.00  0.00    0.72    0.78    0    0  (Gen:  0)
   517472      7600  22889032  0.00  0.00    0.72    0.78    0    0  (Gen:  0)
   517504      8320  22892792  0.00  0.00    0.72    0.78    0    0  (Gen:  0)
   518800      7784  22895320  0.00  0.00    0.72    0.78    0    0  (Gen:  0)
   517608      8088  22898384  0.00  0.00    0.72    0.78    0    0  (Gen:  0)
   517496      8312  22900608  0.00  0.00    0.72    0.78    0    0  (Gen:  0)
   518400      9256  22904968  0.00  0.00    0.72    0.78    0    0  (Gen:  0)
   518792      8472  22906736  0.00  0.00    0.72    0.78    0    0  (Gen:  0)
   518472      9464  22913488  0.00  0.00    0.72    0.78    0    0  (Gen:  0)
   517696     11160  22922720  0.00  0.00    0.72    0.78    0    0  (Gen:  0)
   518400      9416  22928960  0.00  0.00    0.72    0.78    0    0  (Gen:  0)
   517760     10032  22936856  0.00  0.00    0.72    0.78    0    0  (Gen:  0)
   517664      7616  22940672  0.00  0.00    0.72    0.78    0    0  (Gen:  0)
   518480      6504  22943032  0.00  0.00    0.72    0.78    0    0  (Gen:  0)
   518224     10104  22947856  0.00  0.00    0.72    0.78    0    0  (Gen:  0)
   518080      7992  22948904  0.00  0.00    0.72    0.78    0    0  (Gen:  0)
   517728      8176  22954928  0.00  0.00    0.72    0.78    0    0  (Gen:  0)
   517248     11128  22962928  0.00  0.00    0.72    0.78    0    0  (Gen:  0)
   518008      9920  22970760  0.00  0.00    0.72    0.78    0    0  (Gen:  0)
   518184      8320  22974304  0.00  0.00    0.72    0.78    0    0  (Gen:  0)
   517328      5280  22975368  0.00  0.00    0.72    0.78    0    0  (Gen:  0)
   517968      5064  22976416  0.00  0.00    0.72    0.78    0    0  (Gen:  0)
   517408      5896  22978928  0.00  0.00    0.72    0.78    0    0  (Gen:  0)
   517880      5264  22979528  0.00  0.00    0.72    0.78    0    0  (Gen:  0)
   517544      5232  22981824  0.00  0.00    0.72    0.78    0    0  (Gen:  0)
   517896      8520  22986208  0.00  0.00    0.72    0.79    0    0  (Gen:  0)
   517992      7824  22987296  0.00  0.00    0.72    0.79    0    0  (Gen:  0)
   518432      4288  22989368  0.00  0.00    0.72    0.79    0    0  (Gen:  0)
   517752     10400  22999328  0.00  0.00    0.73    0.79    0    0  (Gen:  0)
   518056      9920  23005592  0.00  0.00    0.73    0.79    0    0  (Gen:  0)
   518616      5832  23008504  0.00  0.00    0.73    0.79    0    0  (Gen:  0)
   517480      4968  23010040  0.00  0.00    0.73    0.79    0    0  (Gen:  0)
   518064      6560  23013480  0.00  0.00    0.73    0.79    0    0  (Gen:  0)
   517136      6888  23015496  0.00  0.00    0.73    0.79    0    0  (Gen:  0)
   517736      7064  23017136  0.00  0.00    0.73    0.79    0    0  (Gen:  0)
   518088      5752  23017904  0.00  0.00    0.73    0.79    0    0  (Gen:  0)
   517912      6584  23020472  0.00  0.00    0.73    0.79    0    0  (Gen:  0)
   517984      6080  23021632  0.00  0.00    0.73    0.79    0    0  (Gen:  0)
   518200      5856  23023560  0.00  0.00    0.73    0.79    0    0  (Gen:  0)
   518232      7120  23026704  0.00  0.00    0.73    0.79    0    0  (Gen:  0)
   517584      7816  23028864  0.00  0.00    0.73    0.79    0    0  (Gen:  0)
   518432      9272  23032768  0.00  0.00    0.73    0.79    0    0  (Gen:  0)
   517808      8928  23034656  0.00  0.00    0.73    0.79    0    0  (Gen:  0)
   518384      6568  23038824  0.00  0.00    0.73    0.79    0    0  (Gen:  0)
   518536     10528  23049000  0.00  0.00    0.73    0.79    0    0  (Gen:  0)
   517208     11192  23057096  0.00  0.00    0.73    0.79    0    0  (Gen:  0)
   517888     10064  23062520  0.00  0.00    0.73    0.79    0    0  (Gen:  0)
   517688      6272  23064320  0.00  0.00    0.73    0.79    0    0  (Gen:  0)
   518256      5792  23066624  0.00  0.00    0.73    0.79    0    0  (Gen:  0)
   517080      5944  23068352  0.00  0.00    0.73    0.79    0    0  (Gen:  0)
   517768      6688  23071104  0.00  0.00    0.73    0.79    0    0  (Gen:  0)
   517712      7432  23073952  0.00  0.00    0.73    0.79    0    0  (Gen:  0)
   518504      6576  23074816  0.00  0.00    0.73    0.79    0    0  (Gen:  0)
   518680      7936  23078024  0.00  0.00    0.73    0.79    0    0  (Gen:  0)
   517976      9616  23082744  0.00  0.00    0.73    0.79    0    0  (Gen:  0)
   517608      7568  23084128  0.00  0.00    0.73    0.79    0    0  (Gen:  0)
   517904      7144  23086288  0.00  0.00    0.73    0.79    0    0  (Gen:  0)
   516888      6376  23087544  0.00  0.00    0.73    0.79    0    0  (Gen:  0)
   517632      6232  23089368  0.00  0.00    0.73    0.79    0    0  (Gen:  0)
   517736      7296  23092552  0.00  0.00    0.73    0.79    0    0  (Gen:  0)
   517752      7128  23094160  0.00  0.00    0.73    0.79    0    0  (Gen:  0)
   518328      7256  23096472  0.00  0.00    0.73    0.79    0    0  (Gen:  0)
   517896      7136  23098440  0.00  0.00    0.73    0.79    0    0  (Gen:  0)
   517984      7368  23101400  0.00  0.00    0.73    0.79    0    0  (Gen:  0)
   517784      7808  23103704  0.00  0.00    0.73    0.79    0    0  (Gen:  0)
   518016      6008  23105440  0.00  0.00    0.73    0.79    0    0  (Gen:  0)
   518280      9376  23110296  0.00  0.00    0.73    0.79    0    0  (Gen:  0)
   517768      7976  23112256  0.00  0.00    0.73    0.79    0    0  (Gen:  0)
   518760      9760  23119288  0.00  0.00    0.73    0.79    0    0  (Gen:  0)
   517920     11936  23127232  0.00  0.00    0.73    0.79    0    0  (Gen:  0)
   517616      8800  23134216  0.00  0.00    0.73    0.79    0    0  (Gen:  0)
   518528      7992  23139624  0.00  0.00    0.73    0.79    0    0  (Gen:  0)
   518472      8464  23141824  0.00  0.00    0.73    0.79    0    0  (Gen:  0)
   518760      8992  23147968  0.00  0.00    0.73    0.79    0    0  (Gen:  0)
   518056     12384  23156624  0.00  0.00    0.73    0.79    0    0  (Gen:  0)
   518440      9368  23164144  0.00  0.00    0.73    0.79    0    0  (Gen:  0)
   518368     12784  23172232  0.00  0.00    0.73    0.79    0    0  (Gen:  0)
   517552      9200  23177056  0.00  0.00    0.73    0.79    0    0  (Gen:  0)
   518624      8392  23178808  0.00  0.00    0.73    0.79    0    0  (Gen:  0)
   517984      5944  23182088  0.00  0.00    0.73    0.79    0    0  (Gen:  0)
   518616      5416  23184432  0.00  0.00    0.73    0.79    0    0  (Gen:  0)
   517496      5736  23187320  0.00  0.00    0.73    0.79    0    0  (Gen:  0)
   517904      6784  23193576  0.00  0.00    0.73    0.79    0    0  (Gen:  0)
   518248      7560  23195368  0.00  0.00    0.73    0.79    0    0  (Gen:  0)
   518024     10352  23203224  0.00  0.00    0.73    0.79    0    0  (Gen:  0)
   518496     13112  23211752  0.00  0.00    0.73    0.79    0    0  (Gen:  0)
   517552     12176  23219088  0.00  0.00    0.73    0.79    0    0  (Gen:  0)
   518200      9872  23221432  0.00  0.00    0.73    0.79    0    0  (Gen:  0)
   518448      5568  23223584  0.00  0.00    0.73    0.79    0    0  (Gen:  0)
   518728     10920  23233960  0.00  0.00    0.73    0.79    0    0  (Gen:  0)
   517368     11464  23243904  0.00  0.00    0.73    0.79    0    0  (Gen:  0)
   516976      8648  23249352  0.00  0.00    0.73    0.79    0    0  (Gen:  0)
   518536      9128  23251552  0.00  0.00    0.73    0.79    0    0  (Gen:  0)
   518704      7544  23256056  0.00  0.00    0.73    0.79    0    0  (Gen:  0)
   518072     10392  23265704  0.00  0.00    0.73    0.79    0    0  (Gen:  0)
   518896     12888  23276376  0.00  0.00    0.73    0.79    0    0  (Gen:  0)
   518408     11824  23283992  0.00  0.00    0.73    0.79    0    0  (Gen:  0)
   517544      8280  23289344  0.00  0.00    0.73    0.79    0    0  (Gen:  0)
   517960      8176  23290680  0.00  0.00    0.73    0.79    0    0  (Gen:  0)
   518512      9240  23297272  0.00  0.00    0.73    0.80    0    0  (Gen:  0)
   518040     14840  23306008  0.00  0.00    0.73    0.80    0    0  (Gen:  0)
   518536     12944  23314296  0.00  0.00    0.73    0.80    0    0  (Gen:  0)
   518288     11736  23321712  0.00  0.00    0.73    0.80    0    0  (Gen:  0)
   517896      7544  23323368  0.00  0.00    0.73    0.80    0    0  (Gen:  0)
   518080      6936  23327648  0.00  0.00    0.74    0.80    0    0  (Gen:  0)
   517608     13192  23340368  0.00  0.00    0.74    0.80    0    0  (Gen:  0)
   518208     10648  23348864  0.00  0.00    0.74    0.80    0    0  (Gen:  0)
   516920     11544  23356000  0.00  0.00    0.74    0.80    0    0  (Gen:  0)
   517616      5912  23359344  0.00  0.00    0.74    0.80    0    0  (Gen:  0)
   517824      9216  23364728  0.00  0.00    0.74    0.80    0    0  (Gen:  0)
   518568      8904  23367112  0.00  0.00    0.74    0.80    0    0  (Gen:  0)
   518288      7088  23371096  0.00  0.00    0.74    0.80    0    0  (Gen:  0)
   518072     11664  23382656  0.00  0.00    0.74    0.80    0    0  (Gen:  0)
   518000     13448  23391344  0.00  0.00    0.74    0.80    0    0  (Gen:  0)
   517488     13880  23403120  0.00  0.00    0.74    0.80    0    0  (Gen:  0)
   517248     13416  23411808  0.00  0.00    0.74    0.80    0    0  (Gen:  0)
   517928      8072  23416424  0.00  0.00    0.74    0.80    0    0  (Gen:  0)
   518000      8528  23420560  0.00  0.00    0.74    0.80    0    0  (Gen:  0)
   517464      8968  23422664  0.00  0.00    0.74    0.80    0    0  (Gen:  0)
   517056      7080  23427040  0.00  0.00    0.74    0.80    0    0  (Gen:  0)
   518080     12096  23438696  0.00  0.00    0.74    0.80    0    0  (Gen:  0)
   517560     13440  23446608  0.00  0.00    0.74    0.80    0    0  (Gen:  0)
   517696     12648  23454368  0.00  0.00    0.74    0.80    0    0  (Gen:  0)
   518408     12896  23462936  0.00  0.00    0.74    0.80    0    0  (Gen:  0)
   517024      8456  23464584  0.00  0.00    0.74    0.80    0    0  (Gen:  0)
   518224      4720  23467024  0.00  0.00    0.74    0.80    0    0  (Gen:  0)
   518488     11264  23475120  0.00  0.00    0.74    0.80    0    0  (Gen:  0)
   517784     11360  23485632  0.00  0.00    0.74    0.80    0    0  (Gen:  0)
   517576     10312  23491784  0.00  0.00    0.74    0.80    0    0  (Gen:  0)
   518480      9512  23493856  0.00  0.00    0.74    0.80    0    0  (Gen:  0)
   518776      6584  23497504  0.00  0.00    0.74    0.80    0    0  (Gen:  0)
   517720     11000  23508104  0.00  0.00    0.74    0.80    0    0  (Gen:  0)
   518080     12784  23516120  0.00  0.00    0.74    0.80    0    0  (Gen:  0)
   517984      8488  23522160  0.00  0.00    0.74    0.80    0    0  (Gen:  0)
   517696      8016  23526208  0.00  0.00    0.74    0.80    0    0  (Gen:  0)
   517416      6920  23529400  0.00  0.00    0.74    0.80    0    0  (Gen:  0)
   518072      9432  23533712  0.00  0.00    0.74    0.80    0    0  (Gen:  0)
   518200      9448  23535688  0.00  0.00    0.74    0.80    0    0  (Gen:  0)
   518584      4952  23537816  0.00  0.00    0.74    0.80    0    0  (Gen:  0)
   518208     12968  23547960  0.00  0.00    0.74    0.80    0    0  (Gen:  0)
   518520     14384  23559512  0.00  0.00    0.74    0.80    0    0  (Gen:  0)
   517864     12480  23566832  0.00  0.00    0.74    0.80    0    0  (Gen:  0)
   517424      8256  23572936  0.00  0.00    0.74    0.80    0    0  (Gen:  0)
   518352     10968  23580584  0.00  0.00    0.74    0.80    0    0  (Gen:  0)
   518080      7248  23583136  0.00  0.00    0.74    0.80    0    0  (Gen:  0)
   518376      7024  23585008  0.00  0.00    0.74    0.80    0    0  (Gen:  0)
   517896      7032  23588424  0.00  0.00    0.74    0.80    0    0  (Gen:  0)
   518144     10144  23593144  0.00  0.00    0.74    0.80    0    0  (Gen:  0)
   517376      9800  23595088  0.00  0.00    0.74    0.80    0    0  (Gen:  0)
   517984      4088  23596272  0.00  0.00    0.74    0.80    0    0  (Gen:  0)
   517976     11448  23605600  0.00  0.00    0.74    0.80    0    0  (Gen:  0)
   517728     13072  23614312  0.00  0.00    0.74    0.80    0    0  (Gen:  0)
   518424      8112  23615736  0.00  0.00    0.74    0.80    0    0  (Gen:  0)
   518376      4688  23617944  0.00  0.00    0.74    0.80    0    0  (Gen:  0)
   517264      9960  23627416  0.00  0.00    0.74    0.80    0    0  (Gen:  0)
   517592      9960  23635736  0.00  0.00    0.74    0.80    0    0  (Gen:  0)
   517872     11640  23643928  0.00  0.00    0.74    0.80    0    0  (Gen:  0)
   518280      7232  23645032  0.00  0.00    0.74    0.80    0    0  (Gen:  0)
   517368      3960  23647048  0.00  0.00    0.74    0.80    0    0  (Gen:  0)
   517448     10216  23657176  0.00  0.00    0.74    0.80    0    0  (Gen:  0)
   518200     10768  23664480  0.00  0.00    0.74    0.80    0    0  (Gen:  0)
   518128     11912  23672296  0.00  0.00    0.74    0.80    0    0  (Gen:  0)
   517384      7120  23675808  0.00  0.00    0.74    0.80    0    0  (Gen:  0)
   517856      6192  23678008  0.00  0.00    0.74    0.80    0    0  (Gen:  0)
   517672      8096  23681312  0.00  0.00    0.74    0.80    0    0  (Gen:  0)
   517712      7496  23682456  0.00  0.00    0.74    0.80    0    0  (Gen:  0)
   517360      8016  23684568  0.00  0.00    0.74    0.80    0    0  (Gen:  0)
   518120      8976  23687952  0.00  0.00    0.74    0.80    0    0  (Gen:  0)
   517560      6912  23689632  0.00  0.00    0.74    0.80    0    0  (Gen:  0)
   516936      7784  23691752  0.00  0.00    0.74    0.80    0    0  (Gen:  0)
   517952      6312  23692208  0.00  0.00    0.74    0.80    0    0  (Gen:  0)
   517984      7696  23695016  0.00  0.00    0.74    0.80    0    0  (Gen:  0)
   517904      7696  23696664  0.00  0.00    0.74    0.80    0    0  (Gen:  0)
   517888      7496  23698552  0.00  0.00    0.74    0.80    0    0  (Gen:  0)
   518408      7208  23700144  0.00  0.00    0.74    0.80    0    0  (Gen:  0)
   518192      8240  23703720  0.00  0.00    0.74    0.81    0    0  (Gen:  0)
   517688      7480  23706544  0.00  0.00    0.74    0.81    0    0  (Gen:  0)
   518600      6976  23709432  0.00  0.00    0.74    0.81    0    0  (Gen:  0)
   517144      8320  23713056  0.00  0.00    0.74    0.81    0    0  (Gen:  0)
   517664      7440  23715544  0.00  0.00    0.74    0.81    0    0  (Gen:  0)
   517680      9456  23720304  0.00  0.00    0.74    0.81    0    0  (Gen:  0)
   518360      9888  23725848  0.00  0.00    0.74    0.81    0    0  (Gen:  0)
   517920      7280  23727992  0.00  0.00    0.75    0.81    0    0  (Gen:  0)
   519016      8120  23730424  0.00  0.00    0.75    0.81    0    0  (Gen:  0)
   517768      9712  23734184  0.00  0.00    0.75    0.81    0    0  (Gen:  0)
   517520     12296  23740080  0.00  0.00    0.75    0.81    0    0  (Gen:  0)
   517656     10056  23745840  0.00  0.00    0.75    0.81    0    0  (Gen:  0)
   517768     10880  23752544  0.00  0.00    0.75    0.81    0    0  (Gen:  0)
   519336      7304  23756056  0.00  0.00    0.75    0.81    0    0  (Gen:  0)
   520112      7664  23760224  0.00  0.00    0.75    0.81    0    0  (Gen:  0)
   520032      7832  23764288  0.00  0.00    0.75    0.81    0    0  (Gen:  0)
   520128      6920  23767480  0.00  0.00    0.75    0.81    0    0  (Gen:  0)
   520080      7296  23771608  0.00  0.00    0.75    0.81    0    0  (Gen:  0)
   517592     10208  23778416  0.00  0.00    0.75    0.81    0    0  (Gen:  0)
   518680      6992  23780152  0.00  0.00    0.75    0.81    0    0  (Gen:  0)
   519600      4080  23782576  0.00  0.00    0.75    0.81    0    0  (Gen:  0)
   519656      6376  23787872  0.00  0.00    0.75    0.81    0    0  (Gen:  0)
   516600     13176  23798968  0.00  0.00    0.75    0.81    0    0  (Gen:  0)
   517152     13480  23810368  0.00  0.00    0.75    0.81    0    0  (Gen:  0)
   518240      4496  23810776  0.00  0.00    0.75    0.81    0    0  (Gen:  0)
   518496      5504  23815104  0.00  0.00    0.75    0.81    0    0  (Gen:  0)
   519912      4472  23815512  0.00  0.00    0.75    0.81    0    0  (Gen:  0)
   519264      5376  23819576  0.00  0.00    0.75    0.81    0    0  (Gen:  0)
   518056      4808  23820456  0.00  0.00    0.75    0.81    0    0  (Gen:  0)
   517896      5928  23825064  0.00  0.00    0.75    0.81    0    0  (Gen:  0)
   518680      5152  23825672  0.00  0.00    0.75    0.81    0    0  (Gen:  0)
   516984      6240  23830352  0.00  0.00    0.75    0.81    0    0  (Gen:  0)
   517600      4216  23833376  0.00  0.00    0.75    0.81    0    0  (Gen:  0)
   517040      4176  23835776  0.00  0.00    0.75    0.81    0    0  (Gen:  0)
   518168      4640  23838688  0.00  0.00    0.75    0.81    0    0  (Gen:  0)
   517944      4800  23841360  0.00  0.00    0.75    0.81    0    0  (Gen:  0)
   517944      4584  23844032  0.00  0.00    0.75    0.81    0    0  (Gen:  0)
   517400      4920  23847040  0.00  0.00    0.75    0.81    0    0  (Gen:  0)
   518128      4600  23849392  0.00  0.00    0.75    0.81    0    0  (Gen:  0)
   517600      4608  23852120  0.00  0.00    0.75    0.81    0    0  (Gen:  0)
   517880      4984  23855168  0.00  0.00    0.75    0.81    0    0  (Gen:  0)
   517392      5032  23857888  0.00  0.00    0.75    0.81    0    0  (Gen:  0)
   517488      4632  23860152  0.00  0.00    0.75    0.81    0    0  (Gen:  0)
   517912      4864  23862872  0.00  0.00    0.75    0.81    0    0  (Gen:  0)
   517608      6504  23867192  0.00  0.00    0.75    0.81    0    0  (Gen:  0)
   518624      6392  23868184  0.00  0.00    0.75    0.81    0    0  (Gen:  0)
   515904     10944  23876936  0.00  0.00    0.75    0.81    0    0  (Gen:  0)
   517592      6488  23878304  0.00  0.00    0.75    0.81    0    0  (Gen:  0)
   515656      3344  23879688  0.00  0.00    0.75    0.81    0    0  (Gen:  0)
   518480      7552  23887208  0.00  0.00    0.75    0.81    0    0  (Gen:  0)
   518536      4464  23889736  0.00  0.00    0.75    0.81    0    0  (Gen:  0)
   518464      6384  23893608  0.00  0.00    0.75    0.81    0    0  (Gen:  0)
   518392      6768  23895056  0.00  0.00    0.75    0.81    0    0  (Gen:  0)
   518048      7968  23901072  0.00  0.00    0.75    0.81    0    0  (Gen:  0)
   517952      7240  23906240  0.00  0.00    0.75    0.81    0    0  (Gen:  0)
   518336      5256  23909200  0.00  0.00    0.75    0.81    0    0  (Gen:  0)
   516896      7832  23913880  0.00  0.00    0.75    0.81    0    0  (Gen:  0)
   518208      6136  23914624  0.00  0.00    0.75    0.81    0    0  (Gen:  0)
   517056      6376  23919536  0.00  0.00    0.75    0.81    0    0  (Gen:  0)
   517824      5688  23920320  0.00  0.00    0.75    0.81    0    0  (Gen:  0)
   518088      5832  23924376  0.00  0.00    0.75    0.81    0    0  (Gen:  0)
   518568      7872  23930928  0.00  0.00    0.75    0.81    0    0  (Gen:  0)
   517768      5720  23933048  0.00  0.00    0.75    0.81    0    0  (Gen:  0)
   517736      5800  23935248  0.00  0.00    0.75    0.81    0    0  (Gen:  0)
   518240      6608  23938160  0.00  0.00    0.75    0.81    0    0  (Gen:  0)
   518016      7176  23940848  0.00  0.00    0.75    0.81    0    0  (Gen:  0)
   516784      4232  23941568  0.00  0.00    0.75    0.81    0    0  (Gen:  0)
   517424     10216  23950104  0.00  0.00    0.75    0.81    0    0  (Gen:  0)
   517824      7072  23954256  0.00  0.00    0.75    0.81    0    0  (Gen:  0)
   516944      5176  23955912  0.00  0.00    0.75    0.81    0    0  (Gen:  0)
   517888      5312  23958008  0.00  0.00    0.75    0.81    0    0  (Gen:  0)
   517752      5384  23959680  0.00  0.00    0.75    0.81    0    0  (Gen:  0)
   517672      5264  23961488  0.00  0.00    0.75    0.81    0    0  (Gen:  0)
   518656      5248  23963664  0.00  0.00    0.75    0.81    0    0  (Gen:  0)
   517416      6352  23966512  0.00  0.00    0.75    0.81    0    0  (Gen:  0)
   517200      5888  23968760  0.00  0.00    0.75    0.81    0    0  (Gen:  0)
   516776      5144  23971512  0.00  0.00    0.75    0.81    0    0  (Gen:  0)
   518120      6456  23975512  0.00  0.00    0.75    0.81    0    0  (Gen:  0)
   517824      5976  23976392  0.00  0.00    0.75    0.82    0    0  (Gen:  0)
   517832      5664  23981256  0.00  0.00    0.75    0.82    0    0  (Gen:  0)
   518192      6240  23982680  0.00  0.00    0.75    0.82    0    0  (Gen:  0)
   517648      9160  23989880  0.00  0.00    0.75    0.82    0    0  (Gen:  0)
   518048      4856  23992784  0.00  0.00    0.75    0.82    0    0  (Gen:  0)
   517856      4536  23994736  0.00  0.00    0.75    0.82    0    0  (Gen:  0)
   517968      4824  23996960  0.00  0.00    0.75    0.82    0    0  (Gen:  0)
   517800      4536  23998752  0.00  0.00    0.75    0.82    0    0  (Gen:  0)
   517640      7080  24003264  0.00  0.00    0.75    0.82    0    0  (Gen:  0)
   518040      6656  24004144  0.00  0.00    0.76    0.82    0    0  (Gen:  0)
   518144      6608  24008888  0.00  0.00    0.76    0.82    0    0  (Gen:  0)
   517432      9240  24016096  0.00  0.00    0.76    0.82    0    0  (Gen:  0)
   518216      6464  24020976  0.00  0.00    0.76    0.82    0    0  (Gen:  0)
   517672      4968  24022688  0.00  0.00    0.76    0.82    0    0  (Gen:  0)
   518232      5800  24024528  0.00  0.00    0.76    0.82    0    0  (Gen:  0)
   517352      5048  24026672  0.00  0.00    0.76    0.82    0    0  (Gen:  0)
   517192      4912  24028088  0.00  0.00    0.76    0.82    0    0  (Gen:  0)
   517640      6336  24031360  0.00  0.00    0.76    0.82    0    0  (Gen:  0)
   517824      5912  24033568  0.00  0.00    0.76    0.82    0    0  (Gen:  0)
   517784      5768  24035024  0.00  0.00    0.76    0.82    0    0  (Gen:  0)
   517256      5016  24035696  0.00  0.00    0.76    0.82    0    0  (Gen:  0)
   517872      5656  24038064  0.00  0.00    0.76    0.82    0    0  (Gen:  0)
   517600      5488  24040056  0.00  0.00    0.76    0.82    0    0  (Gen:  0)
   518424      5224  24041880  0.00  0.00    0.76    0.82    0    0  (Gen:  0)
   517664      6792  24045152  0.00  0.00    0.76    0.82    0    0  (Gen:  0)
   517456      5056  24046248  0.00  0.00    0.76    0.82    0    0  (Gen:  0)
   517776      5240  24048984  0.00  0.00    0.76    0.82    0    0  (Gen:  0)
   517608      5744  24050792  0.00  0.00    0.76    0.82    0    0  (Gen:  0)
   518008      4912  24052136  0.00  0.00    0.76    0.82    0    0  (Gen:  0)
   518000      5760  24055064  0.00  0.00    0.76    0.82    0    0  (Gen:  0)
   516968      5752  24056592  0.00  0.00    0.76    0.82    0    0  (Gen:  0)
   516896      5688  24059304  0.00  0.00    0.76    0.82    0    0  (Gen:  0)
   517816      7752  24063368  0.00  0.00    0.76    0.82    0    0  (Gen:  0)
   518296      7056  24064704  0.00  0.00    0.76    0.82    0    0  (Gen:  0)
   517632      5032  24067896  0.00  0.00    0.76    0.82    0    0  (Gen:  0)
   519168      8816  24076568  0.00  0.00    0.76    0.82    0    0  (Gen:  0)
   518304      7176  24081816  0.00  0.00    0.76    0.82    0    0  (Gen:  0)
   517672      7320  24085368  0.00  0.00    0.76    0.82    0    0  (Gen:  0)
   517616      6568  24087392  0.00  0.00    0.76    0.82    0    0  (Gen:  0)
   517976      5520  24088976  0.00  0.00    0.76    0.82    0    0  (Gen:  0)
   518096      7696  24092872  0.00  0.00    0.76    0.82    0    0  (Gen:  0)
   517920      7416  24094248  0.00  0.00    0.76    0.82    0    0  (Gen:  0)
   518584      6488  24098568  0.00  0.00    0.76    0.82    0    0  (Gen:  0)
   517888     10440  24106392  0.00  0.00    0.76    0.82    0    0  (Gen:  0)
   517600      8928  24112840  0.00  0.00    0.76    0.82    0    0  (Gen:  0)
   517624      5312  24114440  0.00  0.00    0.76    0.82    0    0  (Gen:  0)
   517424      5784  24116592  0.00  0.00    0.76    0.82    0    0  (Gen:  0)
   517840      5832  24118728  0.00  0.00    0.76    0.82    0    0  (Gen:  0)
   517976      4936  24120440  0.00  0.00    0.76    0.82    0    0  (Gen:  0)
   517400      5280  24123184  0.00  0.00    0.76    0.82    0    0  (Gen:  0)
   517680      6712  24125984  0.00  0.00    0.76    0.82    0    0  (Gen:  0)
   517384      6232  24128464  0.00  0.00    0.76    0.82    0    0  (Gen:  0)
   517088      5408  24129872  0.00  0.00    0.76    0.82    0    0  (Gen:  0)
   517960      5680  24132064  0.00  0.00    0.76    0.82    0    0  (Gen:  0)
   518056      6376  24134672  0.00  0.00    0.76    0.82    0    0  (Gen:  0)
   518072      6920  24137152  0.00  0.00    0.76    0.82    0    0  (Gen:  0)
   518264      5032  24138824  0.00  0.00    0.76    0.82    0    0  (Gen:  0)
   517896      5504  24141448  0.00  0.00    0.76    0.82    0    0  (Gen:  0)
   517976      5120  24143400  0.00  0.00    0.76    0.82    0    0  (Gen:  0)
   517848      5480  24145240  0.00  0.00    0.76    0.82    0    0  (Gen:  0)
   517872      5296  24147008  0.00  0.00    0.76    0.82    0    0  (Gen:  0)
   517960      6256  24149576  0.00  0.00    0.76    0.82    0    0  (Gen:  0)
   518000      5456  24151280  0.00  0.00    0.76    0.82    0    0  (Gen:  0)
   518168      6208  24154272  0.00  0.00    0.76    0.82    0    0  (Gen:  0)
   517824      6408  24156808  0.00  0.00    0.76    0.82    0    0  (Gen:  0)
   518264      5856  24158264  0.00  0.00    0.76    0.82    0    0  (Gen:  0)
   517568      6016  24159792  0.00  0.00    0.76    0.82    0    0  (Gen:  0)
   517824      4864  24161688  0.00  0.00    0.76    0.82    0    0  (Gen:  0)
   517344      5256  24163912  0.00  0.00    0.76    0.82    0    0  (Gen:  0)
   518112      6952  24166984  0.00  0.00    0.76    0.82    0    0  (Gen:  0)
   517016      6416  24169616  0.00  0.00    0.76    0.82    0    0  (Gen:  0)
   517088      6000  24172336  0.00  0.00    0.76    0.82    0    0  (Gen:  0)
   517864      7720  24176168  0.00  0.00    0.76    0.82    0    0  (Gen:  0)
   518328      7344  24177440  0.00  0.00    0.76    0.82    0    0  (Gen:  0)
   518032      7544  24182952  0.00  0.00    0.76    0.82    0    0  (Gen:  0)
   517968      6344  24188336  0.00  0.00    0.76    0.82    0    0  (Gen:  0)
   518224      5920  24191488  0.00  0.00    0.76    0.82    0    0  (Gen:  0)
   517480      5968  24193120  0.00  0.00    0.76    0.82    0    0  (Gen:  0)
   518432      7448  24196592  0.00  0.00    0.76    0.82    0    0  (Gen:  0)
   520016      7488  24198016  0.00  0.00    0.76    0.82    0    0  (Gen:  0)
   517400      9224  24205344  0.00  0.00    0.76    0.82    0    0  (Gen:  0)
   517984      7832  24211072  0.00  0.00    0.76    0.83    0    0  (Gen:  0)
   517936      8064  24216800  0.00  0.00    0.76    0.83    0    0  (Gen:  0)
   518824      8128  24219136  0.00  0.00    0.76    0.83    0    0  (Gen:  0)
   518120      4952  24220808  0.00  0.00    0.76    0.83    0    0  (Gen:  0)
   518296     10344  24228496  0.00  0.00    0.76    0.83    0    0  (Gen:  0)
   517784     11192  24236392  0.00  0.00    0.76    0.83    0    0  (Gen:  0)
   517208      6728  24240616  0.00  0.00    0.76    0.83    0    0  (Gen:  0)
   518144      9000  24245976  0.00  0.00    0.76    0.83    0    0  (Gen:  0)
   518072      9096  24248008  0.00  0.00    0.76    0.83    0    0  (Gen:  0)
   518480      4424  24249456  0.00  0.00    0.77    0.83    0    0  (Gen:  0)
   516880     11208  24258248  0.00  0.00    0.77    0.83    0    0  (Gen:  0)
   517336      8296  24262528  0.00  0.00    0.77    0.83    0    0  (Gen:  0)
   518104      6240  24266232  0.00  0.00    0.77    0.83    0    0  (Gen:  0)
   517752      5712  24267664  0.00  0.00    0.77    0.83    0    0  (Gen:  0)
   517744      5672  24270384  0.00  0.00    0.77    0.83    0    0  (Gen:  0)
   517288      5176  24271680  0.00  0.00    0.77    0.83    0    0  (Gen:  0)
   517608      5368  24274184  0.00  0.00    0.77    0.83    0    0  (Gen:  0)
   517552      5216  24275744  0.00  0.00    0.77    0.83    0    0  (Gen:  0)
   517080      5064  24277504  0.00  0.00    0.77    0.83    0    0  (Gen:  0)
   517624      6056  24280640  0.00  0.00    0.77    0.83    0    0  (Gen:  0)
   517560      6264  24283048  0.00  0.00    0.77    0.83    0    0  (Gen:  0)
   517504      6096  24286472  0.00  0.00    0.77    0.83    0    0  (Gen:  0)
   517072      5392  24289192  0.00  0.00    0.77    0.83    0    0  (Gen:  0)
   517792      4816  24291504  0.00  0.00    0.77    0.83    0    0  (Gen:  0)
   517544      5152  24294608  0.00  0.00    0.77    0.83    0    0  (Gen:  0)
   517592      5824  24297968  0.00  0.00    0.77    0.83    0    0  (Gen:  0)
   517680      4664  24300152  0.00  0.00    0.77    0.83    0    0  (Gen:  0)
   517304      4616  24302752  0.00  0.00    0.77    0.83    0    0  (Gen:  0)
   517776      4568  24305128  0.00  0.00    0.77    0.83    0    0  (Gen:  0)
   517792      4896  24307944  0.00  0.00    0.77    0.83    0    0  (Gen:  0)
   518232      5168  24310984  0.00  0.00    0.77    0.83    0    0  (Gen:  0)
   518000      5272  24313904  0.00  0.00    0.77    0.83    0    0  (Gen:  0)
   517832      5192  24316728  0.00  0.00    0.77    0.83    0    0  (Gen:  0)
   518088      6136  24319896  0.00  0.00    0.77    0.83    0    0  (Gen:  0)
   518144      6096  24322896  0.00  0.00    0.77    0.83    0    0  (Gen:  0)
   517264      5576  24325576  0.00  0.00    0.77    0.83    0    0  (Gen:  0)
   517424      5200  24327240  0.00  0.00    0.77    0.83    0    0  (Gen:  0)
   517848      5248  24329520  0.00  0.00    0.77    0.83    0    0  (Gen:  0)
   517688      5120  24331960  0.00  0.00    0.77    0.83    0    0  (Gen:  0)
   516768      4656  24334048  0.00  0.00    0.77    0.83    0    0  (Gen:  0)
   516976      5632  24336952  0.00  0.00    0.77    0.83    0    0  (Gen:  0)
   517984      7424  24341144  0.00  0.00    0.77    0.83    0    0  (Gen:  0)
   520464      6040  24342216  0.00  0.00    0.77    0.83    0    0  (Gen:  0)
   518960      6488  24347200  0.00  0.00    0.77    0.83    0    0  (Gen:  0)
   518776      5264  24347424  0.00  0.00    0.77    0.83    0    0  (Gen:  0)
   518216      6032  24352240  0.00  0.00    0.77    0.83    0    0  (Gen:  0)
   518056      8696  24358864  0.00  0.00    0.77    0.83    0    0  (Gen:  0)
   517976      5832  24362144  0.00  0.00    0.77    0.83    0    0  (Gen:  0)
   518744      6304  24364648  0.00  0.00    0.77    0.83    0    0  (Gen:  0)
   518488      5592  24366520  0.00  0.00    0.77    0.83    0    0  (Gen:  0)
   518560      5272  24368280  0.00  0.00    0.77    0.83    0    0  (Gen:  0)
   518416      6688  24371816  0.00  0.00    0.77    0.83    0    0  (Gen:  0)
   518544      5528  24373584  0.00  0.00    0.77    0.83    0    0  (Gen:  0)
   517600     10312  24381616  0.00  0.00    0.77    0.83    0    0  (Gen:  0)
   517920      8272  24387768  0.00  0.00    0.77    0.83    0    0  (Gen:  0)
   517376      5624  24389336  0.00  0.00    0.77    0.83    0    0  (Gen:  0)
   518280      5808  24391152  0.00  0.00    0.77    0.83    0    0  (Gen:  0)
   517032      6112  24393056  0.00  0.00    0.77    0.83    0    0  (Gen:  0)
   518440      7704  24397304  0.00  0.00    0.77    0.83    0    0  (Gen:  0)
   518424      8144  24399128  0.00  0.00    0.77    0.83    0    0  (Gen:  0)
   519040      9672  24406248  0.00  0.00    0.77    0.83    0    0  (Gen:  0)
   518232      6160  24407232  0.00  0.00    0.77    0.83    0    0  (Gen:  0)
   517560      3568  24408832  0.00  0.00    0.77    0.83    0    0  (Gen:  0)
   518760      8056  24416264  0.00  0.00    0.77    0.83    0    0  (Gen:  0)
   518120      6632  24417400  0.00  0.00    0.77    0.83    0    0  (Gen:  0)
   517600      9040  24424448  0.00  0.00    0.77    0.83    0    0  (Gen:  0)
   518776     10896  24433120  0.00  0.00    0.77    0.83    0    0  (Gen:  0)
   518944      9144  24438024  0.00  0.00    0.77    0.83    0    0  (Gen:  0)
   518240      7224  24441696  0.00  0.00    0.77    0.83    0    0  (Gen:  0)
   518040      7456  24444944  0.00  0.00    0.77    0.83    0    0  (Gen:  0)
   517824      5208  24445976  0.00  0.00    0.77    0.83    0    0  (Gen:  0)
   517928      4808  24447760  0.00  0.00    0.77    0.83    0    0  (Gen:  0)
   518312      5552  24450312  0.00  0.00    0.77    0.83    0    0  (Gen:  0)
   517304      5944  24452392  0.00  0.00    0.77    0.83    0    0  (Gen:  0)
   517048      5144  24453760  0.00  0.00    0.77    0.83    0    0  (Gen:  0)
   518360      5184  24455672  0.00  0.00    0.77    0.83    0    0  (Gen:  0)
   517600      6200  24458824  0.00  0.00    0.77    0.83    0    0  (Gen:  0)
   517352      5712  24461000  0.00  0.00    0.77    0.83    0    0  (Gen:  0)
   517968      7248  24466352  0.00  0.00    0.77    0.84    0    0  (Gen:  0)
   515536      6512  24467280  0.00  0.00    0.77    0.84    0    0  (Gen:  0)
   517744      5896  24471568  0.00  0.00    0.77    0.84    0    0  (Gen:  0)
   518248      7800  24476576  0.00  0.00    0.77    0.84    0    0  (Gen:  0)
   518344      5984  24479672  0.00  0.00    0.77    0.84    0    0  (Gen:  0)
   517264      5824  24483000  0.00  0.00    0.77    0.84    0    0  (Gen:  0)
   517312      5656  24484840  0.00  0.00    0.77    0.84    0    0  (Gen:  0)
   518624      5024  24486152  0.00  0.00    0.77    0.84    0    0  (Gen:  0)
   518208      8048  24490928  0.00  0.00    0.77    0.84    0    0  (Gen:  0)
   518928      7168  24492136  0.00  0.00    0.77    0.84    0    0  (Gen:  0)
   518904      5648  24496208  0.00  0.00    0.77    0.84    0    0  (Gen:  0)
   518824      5424  24497424  0.00  0.00    0.77    0.84    0    0  (Gen:  0)
   518896      3944  24499704  0.00  0.00    0.78    0.84    0    0  (Gen:  0)
   519184      5232  24504368  0.00  0.00    0.78    0.84    0    0  (Gen:  0)
   518312      5712  24505512  0.00  0.00    0.78    0.84    0    0  (Gen:  0)
   518520     10816  24514240  0.00  0.00    0.78    0.84    0    0  (Gen:  0)
   518456      7296  24519208  0.00  0.00    0.78    0.84    0    0  (Gen:  0)
   518336      6888  24521008  0.00  0.00    0.78    0.84    0    0  (Gen:  0)
   517872      9576  24527928  0.00  0.00    0.78    0.84    0    0  (Gen:  0)
   518672     10056  24534976  0.00  0.00    0.78    0.84    0    0  (Gen:  0)
   517728      6120  24538624  0.00  0.00    0.78    0.84    0    0  (Gen:  0)
   516664      6736  24541312  0.00  0.00    0.78    0.84    0    0  (Gen:  0)
   516208      7632  24545344  0.00  0.00    0.78    0.84    0    0  (Gen:  0)
   516136      6752  24546584  0.00  0.00    0.78    0.84    0    0  (Gen:  0)
   518112      9176  24553896  0.00  0.00    0.78    0.84    0    0  (Gen:  0)
   518736      8208  24559288  0.00  0.00    0.78    0.84    0    0  (Gen:  0)
   518952      6472  24560072  0.00  0.00    0.78    0.84    0    0  (Gen:  0)
   517824      3496  24562056  0.00  0.00    0.78    0.84    0    0  (Gen:  0)
   517464      8312  24570232  0.00  0.00    0.78    0.84    0    0  (Gen:  0)
   517872      5512  24574080  0.00  0.00    0.78    0.84    0    0  (Gen:  0)
   517720      6488  24577976  0.00  0.00    0.78    0.84    0    0  (Gen:  0)
   517944      7848  24581344  0.00  0.00    0.78    0.84    0    0  (Gen:  0)
   517112      6696  24584472  0.00  0.00    0.78    0.84    0    0  (Gen:  0)
   517760      9088  24589640  0.00  0.00    0.78    0.84    0    0  (Gen:  0)
   517184      6680  24590024  0.00  0.00    0.78    0.84    0    0  (Gen:  0)
   518040      5072  24593936  0.00  0.00    0.78    0.84    0    0  (Gen:  0)
   518168      7976  24600616  0.00  0.00    0.78    0.84    0    0  (Gen:  0)
   518216      7256  24606072  0.00  0.00    0.78    0.84    0    0  (Gen:  0)
   518232      7584  24610176  0.00  0.00    0.78    0.84    0    0  (Gen:  0)
   518264      6184  24611184  0.00  0.00    0.78    0.84    0    0  (Gen:  0)
   517472      5784  24613512  0.00  0.00    0.78    0.84    0    0  (Gen:  0)
   518192      6672  24617264  0.00  0.00    0.78    0.84    0    0  (Gen:  0)
   517928      6432  24619600  0.00  0.00    0.78    0.84    0    0  (Gen:  0)
   517192      6896  24621464  0.00  0.00    0.78    0.84    0    0  (Gen:  0)
   518528      5768  24622936  0.00  0.00    0.78    0.84    0    0  (Gen:  0)
   518176      5616  24625672  0.00  0.00    0.78    0.84    0    0  (Gen:  0)
   518064      7744  24629744  0.00  0.00    0.78    0.84    0    0  (Gen:  0)
   517944      5576  24630368  0.00  0.00    0.78    0.84    0    0  (Gen:  0)
   518160     10520  24639192  0.00  0.00    0.78    0.84    0    0  (Gen:  0)
   517896      9136  24644920  0.00  0.00    0.78    0.84    0    0  (Gen:  0)
   518248      5808  24646560  0.00  0.00    0.78    0.84    0    0  (Gen:  0)
   518080      6528  24648920  0.00  0.00    0.78    0.84    0    0  (Gen:  0)
   518176      5792  24651288  0.00  0.00    0.78    0.84    0    0  (Gen:  0)
   517928      3984  24653320  0.00  0.00    0.78    0.84    0    0  (Gen:  0)
   517976      5504  24656864  0.00  0.00    0.78    0.84    0    0  (Gen:  0)
   517632      7112  24660728  0.00  0.00    0.78    0.84    0    0  (Gen:  0)
   517752      5728  24662152  0.00  0.00    0.78    0.84    0    0  (Gen:  0)
   517248      6400  24664560  0.00  0.00    0.78    0.84    0    0  (Gen:  0)
   517496      6512  24666312  0.00  0.00    0.78    0.84    0    0  (Gen:  0)
   517200      6880  24668848  0.00  0.00    0.78    0.84    0    0  (Gen:  0)
   516904      5216  24670136  0.00  0.00    0.78    0.84    0    0  (Gen:  0)
   518368      7416  24674376  0.00  0.00    0.78    0.84    0    0  (Gen:  0)
   518432      8648  24678728  0.00  0.00    0.78    0.84    0    0  (Gen:  0)
   517624      6304  24681176  0.00  0.00    0.78    0.84    0    0  (Gen:  0)
   518448      7368  24684608  0.00  0.00    0.78    0.84    0    0  (Gen:  0)
   518248      6232  24686024  0.00  0.00    0.78    0.84    0    0  (Gen:  0)
   518096      6232  24688920  0.00  0.00    0.78    0.84    0    0  (Gen:  0)
   517800      6424  24691648  0.00  0.00    0.78    0.84    0    0  (Gen:  0)
   517688      5208  24692864  0.00  0.00    0.78    0.84    0    0  (Gen:  0)
   517440      6616  24695944  0.00  0.00    0.78    0.84    0    0  (Gen:  0)
   517712      8584  24700296  0.00  0.00    0.78    0.84    0    0  (Gen:  0)
   517536      5928  24700864  0.00  0.00    0.78    0.84    0    0  (Gen:  0)
   518208      6680  24706296  0.00  0.00    0.78    0.84    0    0  (Gen:  0)
   518360      8272  24713216  0.00  0.00    0.78    0.84    0    0  (Gen:  0)
   517656      5840  24715184  0.00  0.00    0.78    0.84    0    0  (Gen:  0)
   518512      5184  24717184  0.00  0.00    0.78    0.84    0    0  (Gen:  0)
   517712      6224  24720912  0.00  0.00    0.78    0.84    0    0  (Gen:  0)
   518056      5720  24723432  0.00  0.00    0.78    0.84    0    0  (Gen:  0)
   518032      6608  24725528  0.00  0.00    0.78    0.84    0    0  (Gen:  0)
   518768      6488  24727944  0.00  0.00    0.78    0.85    0    0  (Gen:  0)
   517616      6064  24729504  0.00  0.00    0.78    0.85    0    0  (Gen:  0)
   518016      6592  24731736  0.00  0.00    0.78    0.85    0    0  (Gen:  0)
   518280      7600  24735008  0.00  0.00    0.78    0.85    0    0  (Gen:  0)
   518504      7272  24737336  0.00  0.00    0.78    0.85    0    0  (Gen:  0)
   517408      7360  24739832  0.00  0.00    0.78    0.85    0    0  (Gen:  0)
   517920      6184  24740960  0.00  0.00    0.78    0.85    0    0  (Gen:  0)
   517800      7472  24743872  0.00  0.00    0.78    0.85    0    0  (Gen:  0)
   518240      7464  24746288  0.00  0.00    0.78    0.85    0    0  (Gen:  0)
   517408      6984  24749272  0.00  0.00    0.78    0.85    0    0  (Gen:  0)
   517512      7552  24751912  0.00  0.00    0.78    0.85    0    0  (Gen:  0)
   518088      6304  24752976  0.00  0.00    0.78    0.85    0    0  (Gen:  0)
   517464      7408  24755672  0.00  0.00    0.78    0.85    0    0  (Gen:  0)
   517696      6184  24756760  0.00  0.00    0.78    0.85    0    0  (Gen:  0)
   518080      6416  24758800  0.00  0.00    0.79    0.85    0    0  (Gen:  0)
   518384      4464  24760360  0.00  0.00    0.79    0.85    0    0  (Gen:  0)
   518104      4488  24762552  0.00  0.00    0.79    0.85    0    0  (Gen:  0)
   517608      6360  24766384  0.00  0.00    0.79    0.85    0    0  (Gen:  0)
   517512      6360  24768920  0.00  0.00    0.79    0.85    0    0  (Gen:  0)
   518072      5920  24771536  0.00  0.00    0.79    0.85    0    0  (Gen:  0)
   516952      5568  24774120  0.00  0.00    0.79    0.85    0    0  (Gen:  0)
   517768      6088  24776168  0.00  0.00    0.79    0.85    0    0  (Gen:  0)
   515768      5344  24778120  0.00  0.00    0.79    0.85    0    0  (Gen:  0)
   517568      7000  24782544  0.00  0.00    0.79    0.85    0    0  (Gen:  0)
   518264      6864  24784080  0.00  0.00    0.79    0.85    0    0  (Gen:  0)
   517512     10232  24792176  0.00  0.00    0.79    0.85    0    0  (Gen:  0)
   518352      7096  24797504  0.00  0.00    0.79    0.85    0    0  (Gen:  0)
   517752      6184  24798584  0.00  0.00    0.79    0.85    0    0  (Gen:  0)
   517512     10192  24806864  0.00  0.00    0.79    0.85    0    0  (Gen:  0)
   518040      5128  24809616  0.00  0.00    0.79    0.85    0    0  (Gen:  0)
   518488      4744  24811640  0.00  0.00    0.79    0.85    0    0  (Gen:  0)
   518336      4760  24813664  0.00  0.00    0.79    0.85    0    0  (Gen:  0)
   518248      4640  24815776  0.00  0.00    0.79    0.85    0    0  (Gen:  0)
   518192      4296  24817416  0.00  0.00    0.79    0.85    0    0  (Gen:  0)
   518576      5232  24820336  0.00  0.00    0.79    0.85    0    0  (Gen:  0)
   517968      4912  24822472  0.00  0.00    0.79    0.85    0    0  (Gen:  0)
   518040      4640  24824664  0.00  0.00    0.79    0.85    0    0  (Gen:  0)
   517928      4400  24826408  0.00  0.00    0.79    0.85    0    0  (Gen:  0)
   518080      4080  24828080  0.00  0.00    0.79    0.85    0    0  (Gen:  0)
   517880      3896  24829824  0.00  0.00    0.79    0.85    0    0  (Gen:  0)
   518248      4048  24831720  0.00  0.00    0.79    0.85    0    0  (Gen:  0)
   518448      3904  24833416  0.00  0.00    0.79    0.85    0    0  (Gen:  0)
   518384      4240  24835520  0.00  0.00    0.79    0.85    0    0  (Gen:  0)
   517792      4272  24837320  0.00  0.00    0.79    0.85    0    0  (Gen:  0)
   518192      3896  24838720  0.00  0.00    0.79    0.85    0    0  (Gen:  0)
   517792      3952  24840520  0.00  0.00    0.79    0.85    0    0  (Gen:  0)
   518560      6360  24844648  0.00  0.00    0.79    0.85    0    0  (Gen:  0)
   517608      6968  24846280  0.00  0.00    0.79    0.85    0    0  (Gen:  0)
   517648      6368  24850544  0.00  0.00    0.79    0.85    0    0  (Gen:  0)
   516976      8312  24857720  0.00  0.00    0.79    0.85    0    0  (Gen:  0)
   518552      6120  24860448  0.00  0.00    0.79    0.85    0    0  (Gen:  0)
   517472      5304  24862768  0.00  0.00    0.79    0.85    0    0  (Gen:  0)
   517640      5192  24865192  0.00  0.00    0.79    0.85    0    0  (Gen:  0)
   517568      6664  24868720  0.00  0.00    0.79    0.85    0    0  (Gen:  0)
   518384      7536  24872256  0.00  0.00    0.79    0.85    0    0  (Gen:  0)
   517576      6768  24874072  0.00  0.00    0.79    0.85    0    0  (Gen:  0)
   518048      4848  24876160  0.00  0.00    0.79    0.85    0    0  (Gen:  0)
   518000      5368  24878608  0.00  0.00    0.79    0.85    0    0  (Gen:  0)
   518224      7784  24883128  0.00  0.00    0.79    0.85    0    0  (Gen:  0)
   518016      6616  24883680  0.00  0.00    0.79    0.85    0    0  (Gen:  0)
   518128      5928  24887824  0.00  0.00    0.79    0.85    0    0  (Gen:  0)
   517968      8904  24894680  0.00  0.00    0.79    0.85    0    0  (Gen:  0)
   518192      4568  24897152  0.00  0.00    0.79    0.85    0    0  (Gen:  0)
   518120      5304  24900152  0.00  0.00    0.79    0.85    0    0  (Gen:  0)
   517712      5208  24901176  0.00  0.00    0.79    0.85    0    0  (Gen:  0)
   518816      7088  24905160  0.00  0.00    0.79    0.85    0    0  (Gen:  0)
   518648      7480  24907080  0.00  0.00    0.79    0.85    0    0  (Gen:  0)
   517240      6744  24911480  0.00  0.00    0.79    0.85    0    0  (Gen:  0)
   519144      8072  24916952  0.00  0.00    0.79    0.85    0    0  (Gen:  0)
   518744      7600  24918440  0.00  0.00    0.79    0.85    0    0  (Gen:  0)
   518104      9248  24925336  0.00  0.00    0.79    0.85    0    0  (Gen:  0)
   518672     11048  24932264  0.00  0.00    0.79    0.85    0    0  (Gen:  0)
   518624      4936  24934968  0.00  0.00    0.79    0.85    0    0  (Gen:  0)
   518672      4968  24936592  0.00  0.00    0.79    0.85    0    0  (Gen:  0)
   518248      5064  24938648  0.00  0.00    0.79    0.85    0    0  (Gen:  0)
   517496      5856  24941448  0.00  0.00    0.79    0.85    0    0  (Gen:  0)
   518208      5720  24943976  0.00  0.00    0.79    0.85    0    0  (Gen:  0)
   518400      6136  24947296  0.00  0.00    0.79    0.85    0    0  (Gen:  0)
   518640      5576  24948360  0.00  0.00    0.79    0.86    0    0  (Gen:  0)
   518072     10040  24956728  0.00  0.00    0.79    0.86    0    0  (Gen:  0)
   518128      5200  24958656  0.00  0.00    0.79    0.86    0    0  (Gen:  0)
   518480      4448  24961072  0.00  0.00    0.79    0.86    0    0  (Gen:  0)
   518016      6056  24964440  0.00  0.00    0.79    0.86    0    0  (Gen:  0)
   518256      5912  24965984  0.00  0.00    0.79    0.86    0    0  (Gen:  0)
   516976      7080  24969056  0.00  0.00    0.79    0.86    0    0  (Gen:  0)
   517544      5392  24970880  0.00  0.00    0.79    0.86    0    0  (Gen:  0)
   518088      7576  24974512  0.00  0.00    0.79    0.86    0    0  (Gen:  0)
   518704      7216  24975664  0.00  0.00    0.79    0.86    0    0  (Gen:  0)
   518296      9816  24983600  0.00  0.00    0.79    0.86    0    0  (Gen:  0)
   517664      7424  24989080  0.00  0.00    0.79    0.86    0    0  (Gen:  0)
   517824      5408  24991152  0.00  0.00    0.79    0.86    0    0  (Gen:  0)
   518280      4920  24992696  0.00  0.00    0.79    0.86    0    0  (Gen:  0)
   518840      6320  24996080  0.00  0.00    0.79    0.86    0    0  (Gen:  0)
   517816      6024  24997952  0.00  0.00    0.80    0.86    0    0  (Gen:  0)
   517584      5680  24999456  0.00  0.00    0.80    0.86    0    0  (Gen:  0)
   517984      5928  25001136  0.00  0.00    0.80    0.86    0    0  (Gen:  0)
   517248      6024  25002816  0.00  0.00    0.80    0.86    0    0  (Gen:  0)
   517960      7400  25007080  0.00  0.00    0.80    0.86    0    0  (Gen:  0)
   518864      6840  25008008  0.00  0.00    0.80    0.86    0    0  (Gen:  0)
   517464      4288  25010312  0.00  0.00    0.80    0.86    0    0  (Gen:  0)
   517584      9664  25019768  0.00  0.00    0.80    0.86    0    0  (Gen:  0)
   518816      7928  25024768  0.00  0.00    0.80    0.86    0    0  (Gen:  0)
   518128      5424  25027000  0.00  0.00    0.80    0.86    0    0  (Gen:  0)
   517176      5432  25028992  0.00  0.00    0.80    0.86    0    0  (Gen:  0)
   517736      5408  25030944  0.00  0.00    0.80    0.86    0    0  (Gen:  0)
   517832      4696  25032136  0.00  0.00    0.80    0.86    0    0  (Gen:  0)
   517176      5112  25034568  0.00  0.00    0.80    0.86    0    0  (Gen:  0)
   517184      5856  25036664  0.00  0.00    0.80    0.86    0    0  (Gen:  0)
   518224      6696  25039664  0.00  0.00    0.80    0.86    0    0  (Gen:  0)
   518424      6544  25042936  0.00  0.00    0.80    0.86    0    0  (Gen:  0)
   517704      7144  25045840  0.00  0.00    0.80    0.86    0    0  (Gen:  0)
   518464      5896  25047456  0.00  0.00    0.80    0.86    0    0  (Gen:  0)
   517640      6656  25050832  0.00  0.00    0.80    0.86    0    0  (Gen:  0)
   518024      5608  25053168  0.00  0.00    0.80    0.86    0    0  (Gen:  0)
   517896      6272  25056008  0.00  0.00    0.80    0.86    0    0  (Gen:  0)
   518144      6000  25057736  0.00  0.00    0.80    0.86    0    0  (Gen:  0)
   516904      7688  25061360  0.00  0.00    0.80    0.86    0    0  (Gen:  0)
   518552      7072  25062368  0.00  0.00    0.80    0.86    0    0  (Gen:  0)
   518392      8000  25068120  0.00  0.00    0.80    0.86    0    0  (Gen:  0)
   518328     11592  25076984  0.00  0.00    0.80    0.86    0    0  (Gen:  0)
   517808      7264  25078232  0.00  0.00    0.80    0.86    0    0  (Gen:  0)
   518176      5496  25081400  0.00  0.00    0.80    0.86    0    0  (Gen:  0)
   517560      9712  25090688  0.00  0.00    0.80    0.86    0    0  (Gen:  0)
   518816      7400  25096352  0.00  0.00    0.80    0.86    0    0  (Gen:  0)
   518456      5816  25099352  0.00  0.00    0.80    0.86    0    0  (Gen:  0)
   517840      5376  25101112  0.00  0.00    0.80    0.86    0    0  (Gen:  0)
   517800      5432  25102840  0.00  0.00    0.80    0.86    0    0  (Gen:  0)
   516360      6296  25105688  0.00  0.00    0.80    0.86    0    0  (Gen:  0)
   517936      7832  25109560  0.00  0.00    0.80    0.86    0    0  (Gen:  0)
   518024      5640  25111024  0.00  0.00    0.80    0.86    0    0  (Gen:  0)
   517632      5376  25113200  0.00  0.00    0.80    0.86    0    0  (Gen:  0)
   517288      5792  25115248  0.00  0.00    0.80    0.86    0    0  (Gen:  0)
   517280      6416  25117816  0.00  0.00    0.80    0.86    0    0  (Gen:  0)
   517064      6664  25120448  0.00  0.00    0.80    0.86    0    0  (Gen:  0)
   517160      5216  25121608  0.00  0.00    0.80    0.86    0    0  (Gen:  0)
   517176      6480  25124976  0.00  0.00    0.80    0.86    0    0  (Gen:  0)
   517792      5472  25126552  0.00  0.00    0.80    0.86    0    0  (Gen:  0)
   518232      5584  25128320  0.00  0.00    0.80    0.86    0    0  (Gen:  0)
   517936      6448  25130728  0.00  0.00    0.80    0.86    0    0  (Gen:  0)
   517608      5920  25132160  0.00  0.00    0.80    0.86    0    0  (Gen:  0)
   517960      5632  25134560  0.00  0.00    0.80    0.86    0    0  (Gen:  0)
   516880      6448  25136656  0.00  0.00    0.80    0.86    0    0  (Gen:  0)
   517824      6728  25139688  0.00  0.00    0.80    0.86    0    0  (Gen:  0)
   518840      6024  25141448  0.00  0.00    0.80    0.86    0    0  (Gen:  0)
   518192      6392  25143104  0.00  0.00    0.80    0.86    0    0  (Gen:  0)
   517968      4464  25144192  0.00  0.00    0.80    0.86    0    0  (Gen:  0)
   517528      4984  25146696  0.00  0.00    0.80    0.86    0    0  (Gen:  0)
   517496      7384  25150504  0.00  0.00    0.80    0.86    0    0  (Gen:  0)
   518296      6816  25153040  0.00  0.00    0.80    0.86    0    0  (Gen:  0)
   518184      5456  25155568  0.00  0.00    0.80    0.86    0    0  (Gen:  0)
   517120      5912  25158288  0.00  0.00    0.80    0.86    0    0  (Gen:  0)
   516888      6840  25161176  0.00  0.00    0.80    0.86    0    0  (Gen:  0)
   518032      6488  25163944  0.00  0.00    0.80    0.86    0    0  (Gen:  0)
   517200      7808  25167784  0.00  0.00    0.80    0.86    0    0  (Gen:  0)
   518240      6520  25169720  0.00  0.00    0.80    0.86    0    0  (Gen:  0)
   518408      7216  25171992  0.00  0.00    0.80    0.87    0    0  (Gen:  0)
   518184      9128  25176904  0.00  0.00    0.80    0.87    0    0  (Gen:  0)
   519160      8760  25179664  0.00  0.00    0.80    0.87    0    0  (Gen:  0)
   518208      5968  25181600  0.00  0.00    0.80    0.87    0    0  (Gen:  0)
   519008      9928  25188560  0.00  0.00    0.80    0.87    0    0  (Gen:  0)
   518176     11176  25196480  0.00  0.00    0.80    0.87    0    0  (Gen:  0)
   518064      9424  25201928  0.00  0.00    0.80    0.87    0    0  (Gen:  0)
   517464      9008  25207080  0.00  0.00    0.80    0.87    0    0  (Gen:  0)
   518408      6528  25208704  0.00  0.00    0.80    0.87    0    0  (Gen:  0)
   518272      6352  25210480  0.00  0.00    0.80    0.87    0    0  (Gen:  0)
   517312      5352  25212608  0.00  0.00    0.80    0.87    0    0  (Gen:  0)
   517944      6752  25216000  0.00  0.00    0.80    0.87    0    0  (Gen:  0)
   517336      7000  25217720  0.00  0.00    0.80    0.87    0    0  (Gen:  0)
   518472      6792  25219976  0.00  0.00    0.80    0.87    0    0  (Gen:  0)
   518176      6504  25221952  0.00  0.00    0.80    0.87    0    0  (Gen:  0)
   517960      5184  25223272  0.00  0.00    0.81    0.87    0    0  (Gen:  0)
   518800      5000  25225424  0.00  0.00    0.81    0.87    0    0  (Gen:  0)
   518232      6640  25228392  0.00  0.00    0.81    0.87    0    0  (Gen:  0)
   517704      8832  25233048  0.00  0.00    0.81    0.87    0    0  (Gen:  0)
   517512      7288  25234152  0.00  0.00    0.81    0.87    0    0  (Gen:  0)
   517048      7904  25240096  0.00  0.00    0.81    0.87    0    0  (Gen:  0)
   517048      8440  25245128  0.00  0.00    0.81    0.87    0    0  (Gen:  0)
   516552      5952  25247912  0.00  0.00    0.81    0.87    0    0  (Gen:  0)
   516656      5320  25249888  0.00  0.00    0.81    0.87    0    0  (Gen:  0)
   517352      5264  25252328  0.00  0.00    0.81    0.87    0    0  (Gen:  0)
   518008      4616  25253872  0.00  0.00    0.81    0.87    0    0  (Gen:  0)
   518768      5168  25255648  0.00  0.00    0.81    0.87    0    0  (Gen:  0)
   517856      5000  25257424  0.00  0.00    0.81    0.87    0    0  (Gen:  0)
   517296      4232  25259240  0.00  0.00    0.81    0.87    0    0  (Gen:  0)
   517024      3880  25260968  0.00  0.00    0.81    0.87    0    0  (Gen:  0)
   514552      4504  25263576  0.00  0.00    0.81    0.87    0    0  (Gen:  0)
   517160      5424  25266664  0.00  0.00    0.81    0.87    0    0  (Gen:  0)
   515168      5496  25268496  0.00  0.00    0.81    0.87    0    0  (Gen:  0)
   517272      5216  25271424  0.00  0.00    0.81    0.87    0    0  (Gen:  0)
   516448      5688  25273656  0.00  0.00    0.81    0.87    0    0  (Gen:  0)
   517080      5520  25275760  0.00  0.00    0.81    0.87    0    0  (Gen:  0)
   516656      5480  25277776  0.00  0.00    0.81    0.87    0    0  (Gen:  0)
   518240      5496  25279824  0.00  0.00    0.81    0.87    0    0  (Gen:  0)
   516800      5528  25281840  0.00  0.00    0.81    0.87    0    0  (Gen:  0)
   517760      5848  25284288  0.00  0.00    0.81    0.87    0    0  (Gen:  0)
   516896      5408  25285928  0.00  0.00    0.81    0.87    0    0  (Gen:  0)
   517072      5480  25288120  0.00  0.00    0.81    0.87    0    0  (Gen:  0)
   517144      6024  25290696  0.00  0.00    0.81    0.87    0    0  (Gen:  0)
   518208      5600  25292504  0.00  0.00    0.81    0.87    0    0  (Gen:  0)
   517696      4712  25293904  0.00  0.00    0.81    0.87    0    0  (Gen:  0)
   517776      4088  25295576  0.00  0.00    0.81    0.87    0    0  (Gen:  0)
   516856      4080  25297576  0.00  0.00    0.81    0.87    0    0  (Gen:  0)
   517088      5456  25300696  0.00  0.00    0.81    0.87    0    0  (Gen:  0)
   516352      5248  25302736  0.00  0.00    0.81    0.87    0    0  (Gen:  0)
   517384      5448  25305352  0.00  0.00    0.81    0.87    0    0  (Gen:  0)
   517080      5952  25308032  0.00  0.00    0.81    0.87    0    0  (Gen:  0)
   517528      5888  25309984  0.00  0.00    0.81    0.87    0    0  (Gen:  0)
   517624      5272  25311400  0.00  0.00    0.81    0.87    0    0  (Gen:  0)
   515912      5088  25313608  0.00  0.00    0.81    0.87    0    0  (Gen:  0)
   515864      4512  25315504  0.00  0.00    0.81    0.87    0    0  (Gen:  0)
   515872      4656  25317744  0.00  0.00    0.81    0.87    0    0  (Gen:  0)
   516920      8000  25322992  0.00  0.00    0.81    0.87    0    0  (Gen:  0)
   517728      7176  25324400  0.00  0.00    0.81    0.87    0    0  (Gen:  0)
   518472      3296  25325544  0.00  0.00    0.81    0.87    0    0  (Gen:  0)
   517448      8728  25333960  0.00  0.00    0.81    0.87    0    0  (Gen:  0)
   516248      5144  25337752  0.00  0.00    0.81    0.87    0    0  (Gen:  0)
   518320      6528  25341904  0.00  0.00    0.81    0.87    0    0  (Gen:  0)
   518544      6336  25344128  0.00  0.00    0.81    0.87    0    0  (Gen:  0)
   518584      6248  25345920  0.00  0.00    0.81    0.87    0    0  (Gen:  0)
   517536      5728  25347368  0.00  0.00    0.81    0.87    0    0  (Gen:  0)
   517472      4664  25348752  0.00  0.00    0.81    0.87    0    0  (Gen:  0)
   516832      6232  25352888  0.00  0.00    0.81    0.87    0    0  (Gen:  0)
   517936      7344  25354880  0.00  0.00    0.81    0.87    0    0  (Gen:  0)
   518680      8424  25360744  0.00  0.00    0.81    0.87    0    0  (Gen:  0)
   517672      8064  25366192  0.00  0.00    0.81    0.87    0    0  (Gen:  0)
   517568      4976  25368696  0.00  0.00    0.81    0.87    0    0  (Gen:  0)
   518608      5080  25370400  0.00  0.00    0.81    0.87    0    0  (Gen:  0)
   519216      5936  25373144  0.00  0.00    0.81    0.87    0    0  (Gen:  0)
   517464      5320  25374408  0.00  0.00    0.81    0.87    0    0  (Gen:  0)
   519808      4688  25375712  0.00  0.00    0.81    0.88    0    0  (Gen:  0)
   517784      4904  25378032  0.00  0.00    0.81    0.88    0    0  (Gen:  0)
   517720      5928  25381272  0.00  0.00    0.81    0.88    0    0  (Gen:  0)
   517608      6264  25383792  0.00  0.00    0.81    0.88    0    0  (Gen:  0)
   518400      5232  25385232  0.00  0.00    0.81    0.88    0    0  (Gen:  0)
   517352      5640  25387320  0.00  0.00    0.81    0.88    0    0  (Gen:  0)
   517592      5512  25389592  0.00  0.00    0.81    0.88    0    0  (Gen:  0)
   517800      5112  25391192  0.00  0.00    0.81    0.88    0    0  (Gen:  0)
   517568      5968  25394160  0.00  0.00    0.81    0.88    0    0  (Gen:  0)
   517792      5680  25395944  0.00  0.00    0.81    0.88    0    0  (Gen:  0)
   518008      6008  25397848  0.00  0.00    0.81    0.88    0    0  (Gen:  0)
   517576      6728  25400088  0.00  0.00    0.81    0.88    0    0  (Gen:  0)
   518472      7552  25403544  0.00  0.00    0.81    0.88    0    0  (Gen:  0)
   518632      6504  25404600  0.00  0.00    0.81    0.88    0    0  (Gen:  0)
   517872      9872  25412552  0.00  0.00    0.81    0.88    0    0  (Gen:  0)
   518144      7752  25417776  0.00  0.00    0.81    0.88    0    0  (Gen:  0)
   517944      5592  25420208  0.00  0.00    0.81    0.88    0    0  (Gen:  0)
   518200      7264  25423808  0.00  0.00    0.81    0.88    0    0  (Gen:  0)
   517928      8584  25427880  0.00  0.00    0.82    0.88    0    0  (Gen:  0)
   518752      7024  25428856  0.00  0.00    0.82    0.88    0    0  (Gen:  0)
   519080      3920  25430728  0.00  0.00    0.82    0.88    0    0  (Gen:  0)
   517384      9256  25439728  0.00  0.00    0.82    0.88    0    0  (Gen:  0)
   517088      5776  25442928  0.00  0.00    0.82    0.88    0    0  (Gen:  0)
   517864      4744  25444824  0.00  0.00    0.82    0.88    0    0  (Gen:  0)
   517040      5184  25446472  0.00  0.00    0.82    0.88    0    0  (Gen:  0)
   517680      7256  25450520  0.00  0.00    0.82    0.88    0    0  (Gen:  0)
   518160      7208  25452000  0.00  0.00    0.82    0.88    0    0  (Gen:  0)
   518192      7432  25457400  0.00  0.00    0.82    0.88    0    0  (Gen:  0)
   518112     12192  25465272  0.00  0.00    0.82    0.88    0    0  (Gen:  0)
   517616      7688  25469264  0.00  0.00    0.82    0.88    0    0  (Gen:  0)
   517824      7048  25473048  0.00  0.00    0.82    0.88    0    0  (Gen:  0)
   518040      6272  25474944  0.00  0.00    0.82    0.88    0    0  (Gen:  0)
   517504      8112  25478752  0.00  0.00    0.82    0.88    0    0  (Gen:  0)
   518112      7224  25479984  0.00  0.00    0.82    0.88    0    0  (Gen:  0)
   518088      9200  25487080  0.00  0.00    0.82    0.88    0    0  (Gen:  0)
   517912      9176  25493344  0.00  0.00    0.82    0.88    0    0  (Gen:  0)
   518528      6032  25495840  0.00  0.00    0.82    0.88    0    0  (Gen:  0)
   517752      4984  25496856  0.00  0.00    0.82    0.88    0    0  (Gen:  0)
   518056      7328  25500696  0.00  0.00    0.82    0.88    0    0  (Gen:  0)
   517792      8368  25505752  0.00  0.00    0.82    0.88    0    0  (Gen:  0)
   518680      7912  25506864  0.00  0.00    0.82    0.88    0    0  (Gen:  0)
   518440      5080  25509880  0.00  0.00    0.82    0.88    0    0  (Gen:  0)
   517928      9120  25518496  0.00  0.00    0.82    0.88    0    0  (Gen:  0)
   517928      7064  25523936  0.00  0.00    0.82    0.88    0    0  (Gen:  0)
   518120      7152  25528160  0.00  0.00    0.82    0.88    0    0  (Gen:  0)
   518248      5728  25529928  0.00  0.00    0.82    0.88    0    0  (Gen:  0)
   517912      5392  25531208  0.00  0.00    0.82    0.88    0    0  (Gen:  0)
   516944      8216  25535568  0.00  0.00    0.82    0.88    0    0  (Gen:  0)
   517440      6400  25536288  0.00  0.00    0.82    0.88    0    0  (Gen:  0)
   517960      6224  25541016  0.00  0.00    0.82    0.88    0    0  (Gen:  0)
   519248      9304  25549080  0.00  0.00    0.82    0.88    0    0  (Gen:  0)
   517136      5296  25551552  0.00  0.00    0.82    0.88    0    0  (Gen:  0)
   517168      4168  25553032  0.00  0.00    0.82    0.88    0    0  (Gen:  0)
   517744      6040  25556648  0.00  0.00    0.82    0.88    0    0  (Gen:  0)
   517520      8192  25560152  0.00  0.00    0.82    0.88    0    0  (Gen:  0)
   517168      7560  25563272  0.00  0.00    0.82    0.88    0    0  (Gen:  0)
   517576      6656  25565888  0.00  0.00    0.82    0.88    0    0  (Gen:  0)
   517896      7104  25568464  0.00  0.00    0.82    0.88    0    0  (Gen:  0)
   517944      6736  25571352  0.00  0.00    0.82    0.88    0    0  (Gen:  0)
   516640      7528  25574912  0.00  0.00    0.82    0.88    0    0  (Gen:  0)
   518192      5488  25575728  0.00  0.00    0.82    0.88    0    0  (Gen:  0)
   517848     10704  25584776  0.00  0.00    0.82    0.88    0    0  (Gen:  0)
   518232      7912  25589760  0.00  0.00    0.82    0.88    0    0  (Gen:  0)
   518368      5792  25589880  0.00  0.00    0.82    0.88    0    0  (Gen:  0)
   518344      9800  25598192  0.00  0.00    0.82    0.88    0    0  (Gen:  0)
   517240      8912  25604240  0.00  0.00    0.82    0.88    0    0  (Gen:  0)
   518440      5976  25606440  0.00  0.00    0.82    0.88    0    0  (Gen:  0)
   517920      5312  25608016  0.00  0.00    0.82    0.88    0    0  (Gen:  0)
   518368      6312  25611672  0.00  0.00    0.82    0.88    0    0  (Gen:  0)
   517456      5872  25613304  0.00  0.00    0.82    0.88    0    0  (Gen:  0)
   518168      6480  25615280  0.00  0.00    0.82    0.88    0    0  (Gen:  0)
   517880      8568  25618976  0.00  0.00    0.82    0.88    0    0  (Gen:  0)
   518144      6672  25619384  0.00  0.00    0.82    0.88    0    0  (Gen:  0)
   516456      5944  25623848  0.00  0.00    0.82    0.88    0    0  (Gen:  0)
   515896     10200  25631408  0.00  0.00    0.82    0.88    0    0  (Gen:  0)
   517480      8192  25638024  0.00  0.00    0.82    0.88    0    0  (Gen:  0)
   518200      6032  25640168  0.00  0.00    0.82    0.88    0    0  (Gen:  0)
   518728      6048  25642328  0.00  0.00    0.82    0.89    0    0  (Gen:  0)
   518744      7576  25647064  0.00  0.00    0.82    0.89    0    0  (Gen:  0)
   518744      5968  25647296  0.00  0.00    0.82    0.89    0    0  (Gen:  0)
   516640      8648  25654592  0.00  0.00    0.82    0.89    0    0  (Gen:  0)
   517032      6704  25657952  0.00  0.00    0.82    0.89    0    0  (Gen:  0)
   516528      5432  25660088  0.00  0.00    0.82    0.89    0    0  (Gen:  0)
   517088      5120  25661712  0.00  0.00    0.82    0.89    0    0  (Gen:  0)
   516328      7296  25665880  0.00  0.00    0.82    0.89    0    0  (Gen:  0)
   518384      6752  25667120  0.00  0.00    0.82    0.89    0    0  (Gen:  0)
   518912      4096  25669040  0.00  0.00    0.82    0.89    0    0  (Gen:  0)
   517976      9608  25678456  0.00  0.00    0.82    0.89    0    0  (Gen:  0)
   518128      8168  25683728  0.00  0.00    0.82    0.89    0    0  (Gen:  0)
   518312      5536  25686192  0.00  0.00    0.82    0.89    0    0  (Gen:  0)
   518856      6600  25689040  0.00  0.00    0.82    0.89    0    0  (Gen:  0)
   518512      6512  25691456  0.00  0.00    0.82    0.89    0    0  (Gen:  0)
   518088      6768  25693800  0.00  0.00    0.82    0.89    0    0  (Gen:  0)
   518032      7016  25696080  0.00  0.00    0.82    0.89    0    0  (Gen:  0)
   517368      7224  25699880  0.00  0.00    0.82    0.89    0    0  (Gen:  0)
   517160      8520  25703432  0.00  0.00    0.82    0.89    0    0  (Gen:  0)
   517872      6680  25704488  0.00  0.00    0.83    0.89    0    0  (Gen:  0)
   518008      4128  25707224  0.00  0.00    0.83    0.89    0    0  (Gen:  0)
   518240      9304  25716200  0.00  0.00    0.83    0.89    0    0  (Gen:  0)
   517632      6384  25720192  0.00  0.00    0.83    0.89    0    0  (Gen:  0)
   517304      7328  25724712  0.00  0.00    0.83    0.89    0    0  (Gen:  0)
   518336      7040  25725616  0.00  0.00    0.83    0.89    0    0  (Gen:  0)
   517576      6960  25730880  0.00  0.00    0.83    0.89    0    0  (Gen:  0)
   518040     10576  25738672  0.00  0.00    0.83    0.89    0    0  (Gen:  0)
   518392      5672  25741104  0.00  0.00    0.83    0.89    0    0  (Gen:  0)
   518424      4888  25743312  0.00  0.00    0.83    0.89    0    0  (Gen:  0)
   518048      8360  25748416  0.00  0.00    0.83    0.89    0    0  (Gen:  0)
   517992      6136  25752096  0.00  0.00    0.83    0.89    0    0  (Gen:  0)
   518608      6440  25757040  0.00  0.00    0.83    0.89    0    0  (Gen:  0)
   518776      5240  25757824  0.00  0.00    0.83    0.89    0    0  (Gen:  0)
   517784      6072  25762600  0.00  0.00    0.83    0.89    0    0  (Gen:  0)
   518360      6040  25767048  0.00  0.00    0.83    0.89    0    0  (Gen:  0)
   518048      6392  25768608  0.00  0.00    0.83    0.89    0    0  (Gen:  0)
   518160      7424  25774048  0.00  0.00    0.83    0.89    0    0  (Gen:  0)
   518224      5112  25776952  0.00  0.00    0.83    0.89    0    0  (Gen:  0)
   518400      4840  25779184  0.00  0.00    0.83    0.89    0    0  (Gen:  0)
   518008      6632  25783696  0.00  0.00    0.83    0.89    0    0  (Gen:  0)
   517048      6264  25784576  0.00  0.00    0.83    0.89    0    0  (Gen:  0)
   518728      8224  25791000  0.00  0.00    0.83    0.89    0    0  (Gen:  0)
   518768      5704  25793864  0.00  0.00    0.83    0.89    0    0  (Gen:  0)
   519032      4880  25795400  0.00  0.00    0.83    0.89    0    0  (Gen:  0)
   519096      4488  25797784  0.00  0.00    0.83    0.89    0    0  (Gen:  0)
   519160      4912  25800312  0.00  0.00    0.83    0.89    0    0  (Gen:  0)
   518968      5296  25802648  0.00  0.00    0.83    0.89    0    0  (Gen:  0)
   517360      7192  25806704  0.00  0.00    0.83    0.89    0    0  (Gen:  0)
   517568      6200  25807328  0.00  0.00    0.83    0.89    0    0  (Gen:  0)
   517880      8168  25813784  0.00  0.00    0.83    0.89    0    0  (Gen:  0)
   518128      7008  25817880  0.00  0.00    0.83    0.89    0    0  (Gen:  0)
   518360      5648  25820184  0.00  0.00    0.83    0.89    0    0  (Gen:  0)
   518832      5176  25821696  0.00  0.00    0.83    0.89    0    0  (Gen:  0)
   518520      5192  25823696  0.00  0.00    0.83    0.89    0    0  (Gen:  0)
   517888      5504  25825992  0.00  0.00    0.83    0.89    0    0  (Gen:  0)
   517976      5632  25828104  0.00  0.00    0.83    0.89    0    0  (Gen:  0)
   518088      5632  25830136  0.00  0.00    0.83    0.89    0    0  (Gen:  0)
   518104      5464  25831952  0.00  0.00    0.83    0.89    0    0  (Gen:  0)
   517560      5576  25834056  0.00  0.00    0.83    0.89    0    0  (Gen:  0)
   518832      5680  25836368  0.00  0.00    0.83    0.89    0    0  (Gen:  0)
   518312      5152  25838400  0.00  0.00    0.83    0.89    0    0  (Gen:  0)
   518040      5176  25841240  0.00  0.00    0.83    0.89    0    0  (Gen:  0)
   518168      7888  25845424  0.00  0.00    0.83    0.89    0    0  (Gen:  0)
   518816      6904  25846288  0.00  0.00    0.83    0.89    0    0  (Gen:  0)
   518488      8296  25852936  0.00  0.00    0.83    0.89    0    0  (Gen:  0)
   519080      6160  25857200  0.00  0.00    0.83    0.89    0    0  (Gen:  0)
   518936      4800  25858872  0.00  0.00    0.83    0.89    0    0  (Gen:  0)
   518840      5432  25861272  0.00  0.00    0.83    0.89    0    0  (Gen:  0)
   518584      7648  25865424  0.00  0.00    0.83    0.89    0    0  (Gen:  0)
   517520      6800  25866648  0.00  0.00    0.83    0.89    0    0  (Gen:  0)
   518216      7488  25872056  0.00  0.00    0.83    0.89    0    0  (Gen:  0)
   517800     10088  25879096  0.00  0.00    0.83    0.89    0    0  (Gen:  0)
   518792      7088  25880080  0.00  0.00    0.83    0.89    0    0  (Gen:  0)
   518688      7600  25886056  0.00  0.00    0.83    0.89    0    0  (Gen:  0)
   518448      9144  25892768  0.00  0.00    0.83    0.89    0    0  (Gen:  0)
   517872      5544  25895552  0.00  0.00    0.83    0.89    0    0  (Gen:  0)
   518232      7768  25899768  0.00  0.00    0.83    0.90    0    0  (Gen:  0)
   517184      7384  25900776  0.00  0.00    0.83    0.90    0    0  (Gen:  0)
   517088      6872  25906112  0.00  0.00    0.83    0.90    0    0  (Gen:  0)
   517816     10536  25913448  0.00  0.00    0.83    0.90    0    0  (Gen:  0)
   520232      6696  25918136  0.00  0.00    0.83    0.90    0    0  (Gen:  0)
   518728      6320  25919264  0.00  0.00    0.83    0.90    0    0  (Gen:  0)
   517704      7872  25926376  0.00  0.00    0.83    0.90    0    0  (Gen:  0)
   518104      4352  25929016  0.00  0.00    0.83    0.90    0    0  (Gen:  0)
   518424      5976  25932904  0.00  0.00    0.83    0.90    0    0  (Gen:  0)
   518648      6536  25934488  0.00  0.00    0.83    0.90    0    0  (Gen:  0)
   519184      7160  25939664  0.00  0.00    0.83    0.90    0    0  (Gen:  0)
   519096      4728  25942936  0.00  0.00    0.83    0.90    0    0  (Gen:  0)
   519160      4864  25945464  0.00  0.00    0.83    0.90    0    0  (Gen:  0)
   518696      6904  25949416  0.00  0.00    0.83    0.90    0    0  (Gen:  0)
   517688      6288  25950376  0.00  0.00    0.83    0.90    0    0  (Gen:  0)
   517840      7144  25955696  0.00  0.00    0.83    0.90    0    0  (Gen:  0)
   517496      7816  25960656  0.00  0.00    0.83    0.90    0    0  (Gen:  0)
   518584      5544  25962936  0.00  0.00    0.83    0.90    0    0  (Gen:  0)
   517944      6272  25965640  0.00  0.00    0.83    0.90    0    0  (Gen:  0)
   517600      5936  25967848  0.00  0.00    0.83    0.90    0    0  (Gen:  0)
   517504      5664  25969968  0.00  0.00    0.83    0.90    0    0  (Gen:  0)
   517272      5888  25971464  0.00  0.00    0.84    0.90    0    0  (Gen:  0)
   518472      4936  25973328  0.00  0.00    0.84    0.90    0    0  (Gen:  0)
   517896      4552  25975288  0.00  0.00    0.84    0.90    0    0  (Gen:  0)
   518088      5080  25977608  0.00  0.00    0.84    0.90    0    0  (Gen:  0)
   517016      5616  25980648  0.00  0.00    0.84    0.90    0    0  (Gen:  0)
   517760      7968  25984168  0.00  0.00    0.84    0.90    0    0  (Gen:  0)
   518472      7304  25985064  0.00  0.00    0.84    0.90    0    0  (Gen:  0)
   517520      8416  25991760  0.00  0.00    0.84    0.90    0    0  (Gen:  0)
   519176      6520  25996464  0.00  0.00    0.84    0.90    0    0  (Gen:  0)
   517584      5944  25997368  0.00  0.00    0.84    0.90    0    0  (Gen:  0)
   518896     10600  26006144  0.00  0.00    0.84    0.90    0    0  (Gen:  0)
   518880      6856  26011016  0.00  0.00    0.84    0.90    0    0  (Gen:  0)
   517664      5752  26013096  0.00  0.00    0.84    0.90    0    0  (Gen:  0)
   517496      5560  26014776  0.00  0.00    0.84    0.90    0    0  (Gen:  0)
   517800      6552  26017640  0.00  0.00    0.84    0.90    0    0  (Gen:  0)
   518536      6400  26020696  0.00  0.00    0.84    0.90    0    0  (Gen:  0)
   518312      5528  26021976  0.00  0.00    0.84    0.90    0    0  (Gen:  0)
   519152      4880  26023376  0.00  0.00    0.84    0.90    0    0  (Gen:  0)
   519104      5616  26026120  0.00  0.00    0.84    0.90    0    0  (Gen:  0)
   519192      5600  26027800  0.00  0.00    0.84    0.90    0    0  (Gen:  0)
   518448      6424  26030568  0.00  0.00    0.84    0.90    0    0  (Gen:  0)
   518496      6304  26032832  0.00  0.00    0.84    0.90    0    0  (Gen:  0)
   518216      5904  26034992  0.00  0.00    0.84    0.90    0    0  (Gen:  0)
   518480      7888  26038792  0.00  0.00    0.84    0.90    0    0  (Gen:  0)
   519280      7496  26039784  0.00  0.00    0.84    0.90    0    0  (Gen:  0)
   518400      8400  26046248  0.00  0.00    0.84    0.90    0    0  (Gen:  0)
   518168      7696  26052776  0.00  0.00    0.84    0.90    0    0  (Gen:  0)
   518320      5328  26055296  0.00  0.00    0.84    0.90    0    0  (Gen:  0)
   517368      6288  26058280  0.00  0.00    0.84    0.90    0    0  (Gen:  0)
   517536      6888  26061144  0.00  0.00    0.84    0.90    0    0  (Gen:  0)
   517424      7184  26062888  0.00  0.00    0.84    0.90    0    0  (Gen:  0)
   517536      9728  26070416  0.00  0.00    0.84    0.90    0    0  (Gen:  0)
   519056      8664  26075640  0.00  0.00    0.84    0.90    0    0  (Gen:  0)
   518760      7480  26079760  0.00  0.00    0.84    0.90    0    0  (Gen:  0)
   517080      7848  26083424  0.00  0.00    0.84    0.90    0    0  (Gen:  0)
   518032      7840  26084776  0.00  0.00    0.84    0.90    0    0  (Gen:  0)
   517288      9432  26092280  0.00  0.00    0.84    0.90    0    0  (Gen:  0)
   518512      8360  26099344  0.00  0.00    0.84    0.90    0    0  (Gen:  0)
   518264      7368  26104152  0.00  0.00    0.84    0.90    0    0  (Gen:  0)
   517736      6160  26106576  0.00  0.00    0.84    0.90    0    0  (Gen:  0)
   517824      6080  26109264  0.00  0.00    0.84    0.90    0    0  (Gen:  0)
   518048      6024  26111648  0.00  0.00    0.84    0.90    0    0  (Gen:  0)
   518944      6152  26113368  0.00  0.00    0.84    0.90    0    0  (Gen:  0)
   517784      6152  26115296  0.00  0.00    0.84    0.90    0    0  (Gen:  0)
   518144      6248  26117088  0.00  0.00    0.84    0.90    0    0  (Gen:  0)
   518280      4800  26118656  0.00  0.00    0.84    0.90    0    0  (Gen:  0)
   518560      7832  26123544  0.00  0.00    0.84    0.90    0    0  (Gen:  0)
   519152      7280  26124224  0.00  0.00    0.84    0.90    0    0  (Gen:  0)
   518216      8200  26130832  0.00  0.00    0.84    0.90    0    0  (Gen:  0)
   518576      9096  26138800  0.00  0.00    0.84    0.90    0    0  (Gen:  0)
   518568      5600  26141904  0.00  0.00    0.84    0.90    0    0  (Gen:  0)
   518504      6000  26144528  0.00  0.00    0.84    0.90    0    0  (Gen:  0)
   518344      7296  26147384  0.00  0.00    0.84    0.90    0    0  (Gen:  0)
   518048      6344  26149824  0.00  0.00    0.84    0.90    0    0  (Gen:  0)
   517968      5752  26151624  0.00  0.00    0.84    0.90    0    0  (Gen:  0)
   518200      6248  26155056  0.00  0.00    0.84    0.91    0    0  (Gen:  0)
   517960      5936  26157016  0.00  0.00    0.84    0.91    0    0  (Gen:  0)
   518520      5272  26158720  0.00  0.00    0.84    0.91    0    0  (Gen:  0)
   517848      5520  26160784  0.00  0.00    0.84    0.91    0    0  (Gen:  0)
   517648      7168  26164584  0.00  0.00    0.84    0.91    0    0  (Gen:  0)
   518072      4768  26164832  0.00  0.00    0.84    0.91    0    0  (Gen:  0)
   517824      5800  26167016  0.00  0.00    0.84    0.91    0    0  (Gen:  0)
   518376      6024  26168472  0.00  0.00    0.84    0.91    0    0  (Gen:  0)
   517736      5088  26169560  0.00  0.00    0.84    0.91    0    0  (Gen:  0)
   518264      5648  26171656  0.00  0.00    0.84    0.91    0    0  (Gen:  0)
   517608      6064  26173584  0.00  0.00    0.84    0.91    0    0  (Gen:  0)
   518376      8968  26178952  0.00  0.00    0.84    0.91    0    0  (Gen:  0)
   518672      8296  26181304  0.00  0.00    0.84    0.91    0    0  (Gen:  0)
   518592      7360  26185528  0.00  0.00    0.84    0.91    0    0  (Gen:  0)
   518000      3904  26186880  0.00  0.00    0.84    0.91    0    0  (Gen:  0)
   518336      3544  26188264  0.00  0.00    0.84    0.91    0    0  (Gen:  0)
   518232     11008  26197016  0.00  0.00    0.84    0.91    0    0  (Gen:  0)
   518768      8288  26201848  0.00  0.00    0.84    0.91    0    0  (Gen:  0)
   517976      5192  26204088  0.00  0.00    0.84    0.91    0    0  (Gen:  0)
   517736      5496  26205576  0.00  0.00    0.84    0.91    0    0  (Gen:  0)
   518296      5256  26207664  0.00  0.00    0.84    0.91    0    0  (Gen:  0)
   518416      6472  26211224  0.00  0.00    0.84    0.91    0    0  (Gen:  0)
   517856      5992  26213280  0.00  0.00    0.84    0.91    0    0  (Gen:  0)
   518592      6064  26215080  0.00  0.00    0.84    0.91    0    0  (Gen:  0)
   518208      6648  26217856  0.00  0.00    0.85    0.91    0    0  (Gen:  0)
   518496      9128  26222232  0.00  0.00    0.85    0.91    0    0  (Gen:  0)
   518288      8328  26223808  0.00  0.00    0.85    0.91    0    0  (Gen:  0)
   518936      4344  26225664  0.00  0.00    0.85    0.91    0    0  (Gen:  0)
   518600     10840  26236080  0.00  0.00    0.85    0.91    0    0  (Gen:  0)
   517136     10000  26244592  0.00  0.00    0.85    0.91    0    0  (Gen:  0)
   518648      6736  26248328  0.00  0.00    0.85    0.91    0    0  (Gen:  0)
   517944      8288  26254216  0.00  0.00    0.85    0.91    0    0  (Gen:  0)
   518072      7144  26256904  0.00  0.00    0.85    0.91    0    0  (Gen:  0)
   518192      7184  26258792  0.00  0.00    0.85    0.91    0    0  (Gen:  0)
   518680      6624  26261000  0.00  0.00    0.85    0.91    0    0  (Gen:  0)
   518728      5336  26262888  0.00  0.00    0.85    0.91    0    0  (Gen:  0)
   518672      5688  26265744  0.00  0.00    0.85    0.91    0    0  (Gen:  0)
   518152      7512  26269720  0.00  0.00    0.85    0.91    0    0  (Gen:  0)
   517968      6264  26270680  0.00  0.00    0.85    0.91    0    0  (Gen:  0)
   518744      4624  26273536  0.00  0.00    0.85    0.91    0    0  (Gen:  0)
   517816      7496  26280456  0.00  0.00    0.85    0.91    0    0  (Gen:  0)
   518048      4176  26282696  0.00  0.00    0.85    0.91    0    0  (Gen:  0)
   518256      5944  26286384  0.00  0.00    0.85    0.91    0    0  (Gen:  0)
   517688      5696  26287848  0.00  0.00    0.85    0.91    0    0  (Gen:  0)
   517672      4520  26290176  0.00  0.00    0.85    0.91    0    0  (Gen:  0)
   517608      4784  26292552  0.00  0.00    0.85    0.91    0    0  (Gen:  0)
   518024      4888  26294792  0.00  0.00    0.85    0.91    0    0  (Gen:  0)
   517984      5160  26297200  0.00  0.00    0.85    0.91    0    0  (Gen:  0)
   517888      4616  26298928  0.00  0.00    0.85    0.91    0    0  (Gen:  0)
   517608      4312  26301120  0.00  0.00    0.85    0.91    0    0  (Gen:  0)
   517672      4424  26303440  0.00  0.00    0.85    0.91    0    0  (Gen:  0)
   517672      4752  26305904  0.00  0.00    0.85    0.91    0    0  (Gen:  0)
   517768      4936  26308224  0.00  0.00    0.85    0.91    0    0  (Gen:  0)
   517216      5472  26310896  0.00  0.00    0.85    0.91    0    0  (Gen:  0)
   517712      5328  26312928  0.00  0.00    0.85    0.91    0    0  (Gen:  0)
   517656      4904  26315288  0.00  0.00    0.85    0.91    0    0  (Gen:  0)
   517976      5696  26318320  0.00  0.00    0.85    0.91    0    0  (Gen:  0)
   517736      5304  26319832  0.00  0.00    0.85    0.91    0    0  (Gen:  0)
   516304      6600  26324288  0.00  0.00    0.85    0.91    0    0  (Gen:  0)
   517312      6344  26325032  0.00  0.00    0.85    0.91    0    0  (Gen:  0)
   518072      8336  26331744  0.00  0.00    0.85    0.91    0    0  (Gen:  0)
   517960      5336  26335360  0.00  0.00    0.85    0.91    0    0  (Gen:  0)
   518472      4368  26337144  0.00  0.00    0.85    0.91    0    0  (Gen:  0)
   518416      6576  26341432  0.00  0.00    0.85    0.91    0    0  (Gen:  0)
   518200      5728  26342984  0.00  0.00    0.85    0.91    0    0  (Gen:  0)
   518024      7976  26347272  0.00  0.00    0.85    0.91    0    0  (Gen:  0)
   517216      7440  26348792  0.00  0.00    0.85    0.91    0    0  (Gen:  0)
   516872      6984  26353720  0.00  0.00    0.85    0.91    0    0  (Gen:  0)
   517512      9328  26360088  0.00  0.00    0.85    0.91    0    0  (Gen:  0)
   518704      4648  26362544  0.00  0.00    0.85    0.91    0    0  (Gen:  0)
   517944      5264  26365216  0.00  0.00    0.85    0.91    0    0  (Gen:  0)
   518464      5280  26367560  0.00  0.00    0.85    0.91    0    0  (Gen:  0)
   519696      5920  26369760  0.00  0.00    0.85    0.91    0    0  (Gen:  0)
   519704      5560  26372224  0.00  0.00    0.85    0.91    0    0  (Gen:  0)
   518664      7160  26375760  0.00  0.00    0.85    0.91    0    0  (Gen:  0)
   518280      6480  26377024  0.00  0.00    0.85    0.91    0    0  (Gen:  0)
   518160      9616  26384520  0.00  0.00    0.85    0.91    0    0  (Gen:  0)
   519464      5600  26385288  0.00  0.00    0.85    0.91    0    0  (Gen:  0)
   517896      7184  26391040  0.00  0.00    0.85    0.92    0    0  (Gen:  0)
   518744      8944  26397640  0.00  0.00    0.85    0.92    0    0  (Gen:  0)
   517608      5336  26399912  0.00  0.00    0.85    0.92    0    0  (Gen:  0)
   518152      5568  26402400  0.00  0.00    0.85    0.92    0    0  (Gen:  0)
   517920      5664  26404056  0.00  0.00    0.85    0.92    0    0  (Gen:  0)
   518400      7760  26408232  0.00  0.00    0.85    0.92    0    0  (Gen:  0)
   518600      6888  26408864  0.00  0.00    0.85    0.92    0    0  (Gen:  0)
   517944      8552  26415592  0.00  0.00    0.85    0.92    0    0  (Gen:  0)
   518072     10872  26422168  0.00  0.00    0.85    0.92    0    0  (Gen:  0)
   517936      6112  26424544  0.00  0.00    0.85    0.92    0    0  (Gen:  0)
   518464      6240  26427360  0.00  0.00    0.85    0.92    0    0  (Gen:  0)
   517960      5712  26428640  0.00  0.00    0.85    0.92    0    0  (Gen:  0)
   516632      7344  26432608  0.00  0.00    0.85    0.92    0    0  (Gen:  0)
   517560      6992  26433736  0.00  0.00    0.85    0.92    0    0  (Gen:  0)
   517440      8168  26440264  0.00  0.00    0.85    0.92    0    0  (Gen:  0)
   518464      9728  26447520  0.00  0.00    0.85    0.92    0    0  (Gen:  0)
   518288     10224  26453816  0.00  0.00    0.85    0.92    0    0  (Gen:  0)
   518792      7072  26454432  0.00  0.00    0.85    0.92    0    0  (Gen:  0)
   518144      7360  26460288  0.00  0.00    0.85    0.92    0    0  (Gen:  0)
   518408      9688  26467808  0.00  0.00    0.85    0.92    0    0  (Gen:  0)
   518472      5448  26470104  0.00  0.00    0.85    0.92    0    0  (Gen:  0)
   518344      5056  26472480  0.00  0.00    0.85    0.92    0    0  (Gen:  0)
   517856      5064  26474056  0.00  0.00    0.85    0.92    0    0  (Gen:  0)
   518152      4944  26475992  0.00  0.00    0.85    0.92    0    0  (Gen:  0)
   517784      4752  26477192  0.00  0.00    0.85    0.92    0    0  (Gen:  0)
   518320      5408  26479936  0.00  0.00    0.86    0.92    0    0  (Gen:  0)
   518040      5432  26481224  0.00  0.00    0.86    0.92    0    0  (Gen:  0)
   518016      4896  26482776  0.00  0.00    0.86    0.92    0    0  (Gen:  0)
   517728      5528  26485560  0.00  0.00    0.86    0.92    0    0  (Gen:  0)
   517488      7608  26489568  0.00  0.00    0.86    0.92    0    0  (Gen:  0)
   518248      6656  26490776  0.00  0.00    0.86    0.92    0    0  (Gen:  0)
   518656      3984  26493024  0.00  0.00    0.86    0.92    0    0  (Gen:  0)
   517808      9256  26501912  0.00  0.00    0.86    0.92    0    0  (Gen:  0)
   518088      7656  26505760  0.00  0.00    0.86    0.92    0    0  (Gen:  0)
   518104      5016  26506912  0.00  0.00    0.86    0.92    0    0  (Gen:  0)
   517392      4912  26508640  0.00  0.00    0.86    0.92    0    0  (Gen:  0)
   518040      4840  26510728  0.00  0.00    0.86    0.92    0    0  (Gen:  0)
   518360      5064  26513112  0.00  0.00    0.86    0.92    0    0  (Gen:  0)
   517184      8096  26517824  0.00  0.00    0.86    0.92    0    0  (Gen:  0)
   518336      6808  26518648  0.00  0.00    0.86    0.92    0    0  (Gen:  0)
   518144      3552  26520120  0.00  0.00    0.86    0.92    0    0  (Gen:  0)
   518128     11496  26529392  0.00  0.00    0.86    0.92    0    0  (Gen:  0)
   517936      8072  26534488  0.00  0.00    0.86    0.92    0    0  (Gen:  0)
   518280      6280  26537944  0.00  0.00    0.86    0.92    0    0  (Gen:  0)
   518184      6328  26540520  0.00  0.00    0.86    0.92    0    0  (Gen:  0)
   518040      8424  26545000  0.00  0.00    0.86    0.92    0    0  (Gen:  0)
   519048      7976  26546040  0.00  0.00    0.86    0.92    0    0  (Gen:  0)
   517816      3904  26547552  0.00  0.00    0.86    0.92    0    0  (Gen:  0)
   517544     11760  26556840  0.00  0.00    0.86    0.92    0    0  (Gen:  0)
   517000      8936  26562536  0.00  0.00    0.86    0.92    0    0  (Gen:  0)
   518400      6264  26564800  0.00  0.00    0.86    0.92    0    0  (Gen:  0)
   517560      4872  26566120  0.00  0.00    0.86    0.92    0    0  (Gen:  0)
   517952      4984  26568808  0.00  0.00    0.86    0.92    0    0  (Gen:  0)
   517968      5472  26570440  0.00  0.00    0.86    0.92    0    0  (Gen:  0)
   518088      5088  26572048  0.00  0.00    0.86    0.92    0    0  (Gen:  0)
   517824      4736  26573968  0.00  0.00    0.86    0.92    0    0  (Gen:  0)
   518264      7600  26578288  0.00  0.00    0.86    0.92    0    0  (Gen:  0)
   517568      7136  26579728  0.00  0.00    0.86    0.92    0    0  (Gen:  0)
   517616      4936  26582552  0.00  0.00    0.86    0.92    0    0  (Gen:  0)
   518112      9664  26591776  0.00  0.00    0.86    0.92    0    0  (Gen:  0)
   518424      7048  26596328  0.00  0.00    0.86    0.92    0    0  (Gen:  0)
   517704      5608  26598560  0.00  0.00    0.86    0.92    0    0  (Gen:  0)
   517584      7136  26602448  0.00  0.00    0.86    0.92    0    0  (Gen:  0)
   517376      6784  26605104  0.00  0.00    0.86    0.92    0    0  (Gen:  0)
   517888      5960  26606944  0.00  0.00    0.86    0.92    0    0  (Gen:  0)
   518088      5424  26608928  0.00  0.00    0.86    0.92    0    0  (Gen:  0)
   518584      5816  26611600  0.00  0.00    0.86    0.92    0    0  (Gen:  0)
   517312      5560  26612736  0.00  0.00    0.86    0.92    0    0  (Gen:  0)
   518008      7648  26617392  0.00  0.00    0.86    0.92    0    0  (Gen:  0)
   517864      6360  26618688  0.00  0.00    0.86    0.92    0    0  (Gen:  0)
   518496     10976  26627328  0.00  0.00    0.86    0.92    0    0  (Gen:  0)
   518432      8424  26632136  0.00  0.00    0.86    0.92    0    0  (Gen:  0)
   517264      5256  26634952  0.00  0.00    0.86    0.92    0    0  (Gen:  0)
   518832      5824  26636840  0.00  0.00    0.86    0.92    0    0  (Gen:  0)
   517600      5320  26638952  0.00  0.00    0.86    0.92    0    0  (Gen:  0)
   517488      7256  26642568  0.00  0.00    0.86    0.92    0    0  (Gen:  0)
   518048      6632  26644696  0.00  0.00    0.86    0.93    0    0  (Gen:  0)
   518440      6200  26646760  0.00  0.00    0.86    0.93    0    0  (Gen:  0)
   517880      9024  26652056  0.00  0.00    0.86    0.93    0    0  (Gen:  0)
   517936      7896  26652824  0.00  0.00    0.86    0.93    0    0  (Gen:  0)
   518680      6136  26656880  0.00  0.00    0.86    0.93    0    0  (Gen:  0)
   517872      9152  26663672  0.00  0.00    0.86    0.93    0    0  (Gen:  0)
   517936      7776  26669288  0.00  0.00    0.86    0.93    0    0  (Gen:  0)
   517848      7736  26672552  0.00  0.00    0.86    0.93    0    0  (Gen:  0)
   518184      9096  26675920  0.00  0.00    0.86    0.93    0    0  (Gen:  0)
   516976      7272  26678576  0.00  0.00    0.86    0.93    0    0  (Gen:  0)
   518184      6352  26680744  0.00  0.00    0.86    0.93    0    0  (Gen:  0)
   517944      6408  26682864  0.00  0.00    0.86    0.93    0    0  (Gen:  0)
   518160      6048  26684032  0.00  0.00    0.86    0.93    0    0  (Gen:  0)
   518112      6664  26687440  0.00  0.00    0.86    0.93    0    0  (Gen:  0)
   518304      6960  26690712  0.00  0.00    0.86    0.93    0    0  (Gen:  0)
   517960      6536  26693208  0.00  0.00    0.86    0.93    0    0  (Gen:  0)
   517984      4680  26694552  0.00  0.00    0.86    0.93    0    0  (Gen:  0)
   517352      6072  26697664  0.00  0.00    0.86    0.93    0    0  (Gen:  0)
   518632      6088  26699576  0.00  0.00    0.86    0.93    0    0  (Gen:  0)
   518080      6776  26702616  0.00  0.00    0.86    0.93    0    0  (Gen:  0)
   517768      5464  26703976  0.00  0.00    0.86    0.93    0    0  (Gen:  0)
   518216      5872  26706400  0.00  0.00    0.86    0.93    0    0  (Gen:  0)
   518648      7592  26710352  0.00  0.00    0.86    0.93    0    0  (Gen:  0)
   517696      5776  26712736  0.00  0.00    0.86    0.93    0    0  (Gen:  0)
   517912      5488  26714376  0.00  0.00    0.86    0.93    0    0  (Gen:  0)
   518232      4848  26715672  0.00  0.00    0.86    0.93    0    0  (Gen:  0)
   517432      5616  26718520  0.00  0.00    0.86    0.93    0    0  (Gen:  0)
   517704      5664  26720256  0.00  0.00    0.87    0.93    0    0  (Gen:  0)
   518336      5400  26722008  0.00  0.00    0.87    0.93    0    0  (Gen:  0)
   518288      5632  26724280  0.00  0.00    0.87    0.93    0    0  (Gen:  0)
   518032      6536  26727264  0.00  0.00    0.87    0.93    0    0  (Gen:  0)
   518448      6984  26729880  0.00  0.00    0.87    0.93    0    0  (Gen:  0)
   517936      9136  26734200  0.00  0.00    0.87    0.93    0    0  (Gen:  0)
   518768      6944  26735312  0.00  0.00    0.87    0.93    0    0  (Gen:  0)
   517920      9840  26743064  0.00  0.00    0.87    0.93    0    0  (Gen:  0)
   518160     10176  26750968  0.00  0.00    0.87    0.93    0    0  (Gen:  0)
   517488      7776  26755680  0.00  0.00    0.87    0.93    0    0  (Gen:  0)
   517096      7432  26760488  0.00  0.00    0.87    0.93    0    0  (Gen:  0)
   518336      7312  26763520  0.00  0.00    0.87    0.93    0    0  (Gen:  0)
   518400      7184  26765008  0.00  0.00    0.87    0.93    0    0  (Gen:  0)
   518568      7120  26767512  0.00  0.00    0.87    0.93    0    0  (Gen:  0)
   517688      7264  26770376  0.00  0.00    0.87    0.93    0    0  (Gen:  0)
   517712      7248  26772464  0.00  0.00    0.87    0.93    0    0  (Gen:  0)
   518616      7656  26775696  0.00  0.00    0.87    0.93    0    0  (Gen:  0)
   517832      7160  26777528  0.00  0.00    0.87    0.93    0    0  (Gen:  0)
   518224      7120  26779352  0.00  0.00    0.87    0.93    0    0  (Gen:  0)
   517392      5456  26781768  0.00  0.00    0.87    0.93    0    0  (Gen:  0)
   517888      5440  26783696  0.00  0.00    0.87    0.93    0    0  (Gen:  0)
   518552      7760  26788160  0.00  0.00    0.87    0.93    0    0  (Gen:  0)
   517816     11192  26795888  0.00  0.00    0.87    0.93    0    0  (Gen:  0)
   519032      8376  26797128  0.00  0.00    0.87    0.93    0    0  (Gen:  0)
   518200      4288  26799632  0.00  0.00    0.87    0.93    0    0  (Gen:  0)
   517488      9592  26808736  0.00  0.00    0.87    0.93    0    0  (Gen:  0)
   518832      9672  26814976  0.00  0.00    0.87    0.93    0    0  (Gen:  0)
   517832      4912  26816888  0.00  0.00    0.87    0.93    0    0  (Gen:  0)
   517968      5592  26819208  0.00  0.00    0.87    0.93    0    0  (Gen:  0)
   517936      9640  26825048  0.00  0.00    0.87    0.93    0    0  (Gen:  0)
   518584     13504  26833928  0.00  0.00    0.87    0.93    0    0  (Gen:  0)
   518784     14552  26843896  0.00  0.00    0.87    0.93    0    0  (Gen:  0)
   518656     13456  26854448  0.00  0.00    0.87    0.93    0    0  (Gen:  0)
   519312     11992  26862848  0.00  0.00    0.87    0.93    0    0  (Gen:  0)
   518576     15000  26873144  0.00  0.00    0.87    0.93    0    0  (Gen:  0)
   518064      8616  26876648  0.00  0.00    0.87    0.93    0    0  (Gen:  0)
   517720      9840  26882272  0.00  0.00    0.87    0.93    0    0  (Gen:  0)
   517864     11136  26888752  0.00  0.00    0.87    0.93    0    0  (Gen:  0)
   518920      6520  26890664  0.00  0.00    0.87    0.93    0    0  (Gen:  0)
   518160      9144  26897264  0.00  0.00    0.87    0.93    0    0  (Gen:  0)
   518144     13496  26908560  0.00  0.00    0.87    0.93    0    0  (Gen:  0)
   518520     14336  26920336  0.00  0.00    0.87    0.93    0    0  (Gen:  0)
   518192     16344  26933928  0.00  0.00    0.87    0.93    0    0  (Gen:  0)
   518760     13408  26944984  0.00  0.00    0.87    0.93    0    0  (Gen:  0)
   518544     14648  26957200  0.00  0.00    0.87    0.93    0    0  (Gen:  0)
   518312     12664  26966208  0.00  0.00    0.87    0.93    0    0  (Gen:  0)
   518472      5472  26968776  0.00  0.00    0.87    0.93    0    0  (Gen:  0)
   518720      7712  26973248  0.00  0.00    0.87    0.94    0    0  (Gen:  0)
   516824      5904  26976144  0.00  0.00    0.87    0.94    0    0  (Gen:  0)
   518520      9432  26981600  0.00  0.00    0.87    0.94    0    0  (Gen:  0)
   517984      6888  26984816  0.00  0.00    0.87    0.94    0    0  (Gen:  0)
   518336      8264  26988672  0.00  0.00    0.87    0.94    0    0  (Gen:  0)
   518472      4952  26990864  0.00  0.00    0.87    0.94    0    0  (Gen:  0)
   517816      4576  26993344  0.00  0.00    0.87    0.94    0    0  (Gen:  0)
   517656      7656  26998840  0.00  0.00    0.87    0.94    0    0  (Gen:  0)
   518832     13328  27008016  0.00  0.00    0.87    0.94    0    0  (Gen:  0)
   517080      8176  27013192  0.00  0.00    0.87    0.94    0    0  (Gen:  0)
   519232      7208  27016232  0.00  0.00    0.87    0.94    0    0  (Gen:  0)
   517728      5112  27017280  0.00  0.00    0.87    0.94    0    0  (Gen:  0)
   517912      7512  27022128  0.00  0.00    0.87    0.94    0    0  (Gen:  0)
   518072      5944  27024496  0.00  0.00    0.87    0.94    0    0  (Gen:  0)
   517584      4632  27026848  0.00  0.00    0.87    0.94    0    0  (Gen:  0)
   516632      9240  27034224  0.00  0.00    0.87    0.94    0    0  (Gen:  0)
   518232      6912  27036512  0.00  0.00    0.87    0.94    0    0  (Gen:  0)
   517664      5520  27038552  0.00  0.00    0.87    0.94    0    0  (Gen:  0)
   517192      4904  27039920  0.00  0.00    0.87    0.94    0    0  (Gen:  0)
   517488      9424  27047008  0.00  0.00    0.87    0.94    0    0  (Gen:  0)
   518192      7768  27048136  0.00  0.00    0.87    0.94    0    0  (Gen:  0)
   518800      3568  27049696  0.00  0.00    0.87    0.94    0    0  (Gen:  0)
   517384      8992  27058440  0.00  0.00    0.87    0.94    0    0  (Gen:  0)
   516592      5440  27061776  0.00  0.00    0.87    0.94    0    0  (Gen:  0)
   517560      8936  27067424  0.00  0.00    0.87    0.94    0    0  (Gen:  0)
   517144      6928  27070176  0.00  0.00    0.87    0.94    0    0  (Gen:  0)
   518304     10184  27075960  0.00  0.00    0.87    0.94    0    0  (Gen:  0)
   518064     10296  27082472  0.00  0.00    0.88    0.94    0    0  (Gen:  0)
   518448     10968  27088320  0.00  0.00    0.88    0.94    0    0  (Gen:  0)
   518416     10712  27092824  0.00  0.00    0.88    0.94    0    0  (Gen:  0)
   518232      7528  27094520  0.00  0.00    0.88    0.94    0    0  (Gen:  0)
   518112     11576  27103792  0.00  0.00    0.88    0.94    0    0  (Gen:  0)
   519496     16048  27115576  0.00  0.00    0.88    0.94    0    0  (Gen:  0)
   518760      7880  27117880  0.00  0.00    0.88    0.94    0    0  (Gen:  0)
   518624      3808  27118808  0.00  0.00    0.88    0.94    0    0  (Gen:  0)
   518248     14200  27131336  0.00  0.00    0.88    0.94    0    0  (Gen:  0)
   517984     11968  27139888  0.00  0.00    0.88    0.94    0    0  (Gen:  0)
   518448      8312  27142304  0.00  0.00    0.88    0.94    0    0  (Gen:  0)
   519536      6000  27145248  0.00  0.00    0.88    0.94    0    0  (Gen:  0)
   518360  24257784  24315112  0.03  0.03    0.90    0.97    0    0  (Gen:  1)
   518136     12048  24315968  0.00  0.00    0.90    0.97    0    0  (Gen:  0)
   518304      7968  24321936  0.00  0.00    0.90    0.97    0    0  (Gen:  0)
   518256     12528  24332800  0.00  0.00    0.90    0.97    0    0  (Gen:  0)
   518832     14088  24344632  0.00  0.00    0.90    0.97    0    0  (Gen:  0)
   517656     13032  24353296  0.00  0.00    0.90    0.97    0    0  (Gen:  0)
   517448      5712  24355520  0.00  0.00    0.90    0.97    0    0  (Gen:  0)
   518520     10048  24361032  0.00  0.00    0.90    0.97    0    0  (Gen:  0)
   519280     11560  24367176  0.00  0.00    0.90    0.97    0    0  (Gen:  0)
   517928      6736  24370912  0.00  0.00    0.91    0.97    0    0  (Gen:  0)
   518104      5456  24372688  0.00  0.00    0.91    0.97    0    0  (Gen:  0)
   518480      5648  24377088  0.00  0.00    0.91    0.97    0    0  (Gen:  0)
   519184      9728  24384240  0.00  0.00    0.91    0.97    0    0  (Gen:  0)
   518056      6920  24385192  0.00  0.00    0.91    0.97    0    0  (Gen:  0)
   518288      4224  24387232  0.00  0.00    0.91    0.97    0    0  (Gen:  0)
   517720      9112  24393768  0.00  0.00    0.91    0.97    0    0  (Gen:  0)
   518360      4520  24396648  0.00  0.00    0.91    0.97    0    0  (Gen:  0)
   517344      5256  24399840  0.00  0.00    0.91    0.97    0    0  (Gen:  0)
   517760      5712  24403264  0.00  0.00    0.91    0.97    0    0  (Gen:  0)
   518672      6648  24407800  0.00  0.00    0.91    0.97    0    0  (Gen:  0)
   518760      5968  24408768  0.00  0.00    0.91    0.97    0    0  (Gen:  0)
   518968      5928  24413056  0.00  0.00    0.91    0.97    0    0  (Gen:  0)
   517568      6336  24414248  0.00  0.00    0.91    0.97    0    0  (Gen:  0)
   518384      7848  24419872  0.00  0.00    0.91    0.97    0    0  (Gen:  0)
   518656      4888  24422680  0.00  0.00    0.91    0.97    0    0  (Gen:  0)
   518176      5640  24425800  0.00  0.00    0.91    0.97    0    0  (Gen:  0)
   517880      5640  24429104  0.00  0.00    0.91    0.97    0    0  (Gen:  0)
   517904      5200  24432040  0.00  0.00    0.91    0.97    0    0  (Gen:  0)
   517920      5184  24435368  0.00  0.00    0.91    0.97    0    0  (Gen:  0)
   518032      5464  24438792  0.00  0.00    0.91    0.97    0    0  (Gen:  0)
   517904      5696  24442192  0.00  0.00    0.91    0.97    0    0  (Gen:  0)
   517936      4912  24444608  0.00  0.00    0.91    0.97    0    0  (Gen:  0)
   517704      7448  24450464  0.00  0.00    0.91    0.97    0    0  (Gen:  0)
   518152      5840  24451176  0.00  0.00    0.91    0.97    0    0  (Gen:  0)
   516664      5928  24455568  0.00  0.00    0.91    0.97    0    0  (Gen:  0)
   515576      5056  24456136  0.00  0.00    0.91    0.97    0    0  (Gen:  0)
   516352      6392  24461272  0.00  0.00    0.91    0.97    0    0  (Gen:  0)
   518080      5616  24461944  0.00  0.00    0.91    0.97    0    0  (Gen:  0)
   518288      5576  24465744  0.00  0.00    0.91    0.97    0    0  (Gen:  0)
   518088      8200  24472056  0.00  0.00    0.91    0.97    0    0  (Gen:  0)
   519112      4888  24473848  0.00  0.00    0.91    0.97    0    0  (Gen:  0)
   518288      5128  24475800  0.00  0.00    0.91    0.97    0    0  (Gen:  0)
   518328      4848  24478112  0.00  0.00    0.91    0.97    0    0  (Gen:  0)
   518344      4904  24480640  0.00  0.00    0.91    0.97    0    0  (Gen:  0)
   518368      4680  24482552  0.00  0.00    0.91    0.97    0    0  (Gen:  0)
   518376      5088  24485096  0.00  0.00    0.91    0.97    0    0  (Gen:  0)
   518032      5264  24487408  0.00  0.00    0.91    0.97    0    0  (Gen:  0)
   518064      4520  24488840  0.00  0.00    0.91    0.97    0    0  (Gen:  0)
   518320      3816  24490992  0.00  0.00    0.91    0.97    0    0  (Gen:  0)
   518376      4272  24493320  0.00  0.00    0.91    0.97    0    0  (Gen:  0)
   518360      4784  24495968  0.00  0.00    0.91    0.97    0    0  (Gen:  0)
   518360      5096  24498416  0.00  0.00    0.91    0.97    0    0  (Gen:  0)
   518048      6568  24502040  0.00  0.00    0.91    0.97    0    0  (Gen:  0)
   517872      6432  24503336  0.00  0.00    0.91    0.97    0    0  (Gen:  0)
   517544      7264  24508632  0.00  0.00    0.91    0.97    0    0  (Gen:  0)
   518560      5784  24513392  0.00  0.00    0.91    0.97    0    0  (Gen:  0)
   518504      7272  24518328  0.00  0.00    0.91    0.97    0    0  (Gen:  0)
   517648      7216  24521216  0.00  0.00    0.91    0.97    0    0  (Gen:  0)
   517504      4768  24523784  0.00  0.00    0.91    0.97    0    0  (Gen:  0)
   517664      4840  24526504  0.00  0.00    0.91    0.97    0    0  (Gen:  0)
   517792      6392  24530736  0.00  0.00    0.91    0.98    0    0  (Gen:  0)
   517784      4496  24533512  0.00  0.00    0.91    0.98    0    0  (Gen:  0)
   517200      4552  24536168  0.00  0.00    0.91    0.98    0    0  (Gen:  0)
   518544      5368  24539656  0.00  0.00    0.91    0.98    0    0  (Gen:  0)
   517480      4960  24542328  0.00  0.00    0.91    0.98    0    0  (Gen:  0)
   517848      4936  24545464  0.00  0.00    0.91    0.98    0    0  (Gen:  0)
   517608      5272  24548424  0.00  0.00    0.91    0.98    0    0  (Gen:  0)
   517624      6248  24551336  0.00  0.00    0.91    0.98    0    0  (Gen:  0)
   517464      5240  24553384  0.00  0.00    0.91    0.98    0    0  (Gen:  0)
   518152      5296  24556232  0.00  0.00    0.91    0.98    0    0  (Gen:  0)
   517256      6672  24559792  0.00  0.00    0.91    0.98    0    0  (Gen:  0)
   518464      6456  24561064  0.00  0.00    0.91    0.98    0    0  (Gen:  0)
   518496      9560  24568768  0.00  0.00    0.91    0.98    0    0  (Gen:  0)
   519352      4768  24570568  0.00  0.00    0.91    0.98    0    0  (Gen:  0)
   519336      4976  24573216  0.00  0.00    0.91    0.98    0    0  (Gen:  0)
   519184      4976  24575152  0.00  0.00    0.91    0.98    0    0  (Gen:  0)
   516768      7680  24579880  0.00  0.00    0.91    0.98    0    0  (Gen:  0)
   517120      7120  24581384  0.00  0.00    0.91    0.98    0    0  (Gen:  0)
   517112      7464  24586816  0.00  0.00    0.91    0.98    0    0  (Gen:  0)
   518944      6376  24587616  0.00  0.00    0.91    0.98    0    0  (Gen:  0)
   518624      3800  24589464  0.00  0.00    0.91    0.98    0    0  (Gen:  0)
   518480     10832  24597896  0.00  0.00    0.91    0.98    0    0  (Gen:  0)
   518128      7848  24602368  0.00  0.00    0.91    0.98    0    0  (Gen:  0)
   518392      6744  24605496  0.00  0.00    0.91    0.98    0    0  (Gen:  0)
   518864      6456  24606376  0.00  0.00    0.91    0.98    0    0  (Gen:  0)
   517936      7184  24612184  0.00  0.00    0.91    0.98    0    0  (Gen:  0)
   518128      7208  24613568  0.00  0.00    0.91    0.98    0    0  (Gen:  0)
   518088      8320  24619800  0.00  0.00    0.91    0.98    0    0  (Gen:  0)
   518832      6224  24624816  0.00  0.00    0.91    0.98    0    0  (Gen:  0)
   518280      5488  24626960  0.00  0.00    0.91    0.98    0    0  (Gen:  0)
   518248      8384  24632728  0.00  0.00    0.92    0.98    0    0  (Gen:  0)
   518576      8960  24638104  0.00  0.00    0.92    0.98    0    0  (Gen:  0)
   518160      7336  24639440  0.00  0.00    0.92    0.98    0    0  (Gen:  0)
   518160      4200  24641992  0.00  0.00    0.92    0.98    0    0  (Gen:  0)
   518208      9480  24651344  0.00  0.00    0.92    0.98    0    0  (Gen:  0)
   518024      4768  24654264  0.00  0.00    0.92    0.98    0    0  (Gen:  0)
   518368      6488  24658616  0.00  0.00    0.92    0.98    0    0  (Gen:  0)
   517816      6648  24659968  0.00  0.00    0.92    0.98    0    0  (Gen:  0)
   518200      6720  24664832  0.00  0.00    0.92    0.98    0    0  (Gen:  0)
   517632      5664  24666224  0.00  0.00    0.92    0.98    0    0  (Gen:  0)
   517624      5440  24669720  0.00  0.00    0.92    0.98    0    0  (Gen:  0)
   518512      5400  24674072  0.00  0.00    0.92    0.98    0    0  (Gen:  0)
   518640      5816  24675576  0.00  0.00    0.92    0.98    0    0  (Gen:  0)
   518648      8392  24681720  0.00  0.00    0.92    0.98    0    0  (Gen:  0)
   518432      7632  24683448  0.00  0.00    0.92    0.98    0    0  (Gen:  0)
   517584      8584  24689488  0.00  0.00    0.92    0.98    0    0  (Gen:  0)
   519536      7560  24691480  0.00  0.00    0.92    0.98    0    0  (Gen:  0)
   518368      5312  24693776  0.00  0.00    0.92    0.98    0    0  (Gen:  0)
   518096     12176  24702632  0.00  0.00    0.92    0.98    0    0  (Gen:  0)
   518416      9528  24709832  0.00  0.00    0.92    0.98    0    0  (Gen:  0)
   518344      6768  24713824  0.00  0.00    0.92    0.98    0    0  (Gen:  0)
   518104      6056  24715584  0.00  0.00    0.92    0.98    0    0  (Gen:  0)
   518160      6688  24717728  0.00  0.00    0.92    0.98    0    0  (Gen:  0)
   518136      6136  24718928  0.00  0.00    0.92    0.98    0    0  (Gen:  0)
   518408      9520  24724192  0.00  0.00    0.92    0.98    0    0  (Gen:  0)
   518096      8024  24727600  0.00  0.00    0.92    0.98    0    0  (Gen:  0)
   518368      9336  24732792  0.00  0.00    0.92    0.98    0    0  (Gen:  0)
   519200      8312  24734464  0.00  0.00    0.92    0.98    0    0  (Gen:  0)
   518592      8864  24741032  0.00  0.00    0.92    0.98    0    0  (Gen:  0)
   518368      5688  24742040  0.00  0.00    0.92    0.98    0    0  (Gen:  0)
   518248      3944  24744696  0.00  0.00    0.92    0.98    0    0  (Gen:  0)
   517416      7272  24751600  0.00  0.00    0.92    0.98    0    0  (Gen:  0)
   516832      6152  24752840  0.00  0.00    0.92    0.98    0    0  (Gen:  0)
   517672      9600  24760472  0.00  0.00    0.92    0.98    0    0  (Gen:  0)
   518240      7176  24762032  0.00  0.00    0.92    0.98    0    0  (Gen:  0)
   518664      5920  24766016  0.00  0.00    0.92    0.98    0    0  (Gen:  0)
   519040      9992  24775544  0.00  0.00    0.92    0.98    0    0  (Gen:  0)
   518680      6320  24778848  0.00  0.00    0.92    0.98    0    0  (Gen:  0)
   518280      4112  24780912  0.00  0.00    0.92    0.98    0    0  (Gen:  0)
   518176      4528  24783736  0.00  0.00    0.92    0.98    0    0  (Gen:  0)
   518216      4080  24785720  0.00  0.00    0.92    0.98    0    0  (Gen:  0)
   518424      4576  24788648  0.00  0.00    0.92    0.98    0    0  (Gen:  0)
   518304      4440  24790944  0.00  0.00    0.92    0.98    0    0  (Gen:  0)
   518224      4080  24793016  0.00  0.00    0.92    0.98    0    0  (Gen:  0)
   518168      4472  24795840  0.00  0.00    0.92    0.98    0    0  (Gen:  0)
   518488      4368  24798168  0.00  0.00    0.92    0.98    0    0  (Gen:  0)
   517616      6280  24802496  0.00  0.00    0.92    0.98    0    0  (Gen:  0)
   517208      6192  24803288  0.00  0.00    0.92    0.99    0    0  (Gen:  0)
   517136      5736  24807384  0.00  0.00    0.92    0.99    0    0  (Gen:  0)
   518560      5936  24808576  0.00  0.00    0.92    0.99    0    0  (Gen:  0)
   518352      8976  24815856  0.00  0.00    0.92    0.99    0    0  (Gen:  0)
   517544      6896  24819432  0.00  0.00    0.92    0.99    0    0  (Gen:  0)
   517784      5200  24821000  0.00  0.00    0.92    0.99    0    0  (Gen:  0)
   517696      5496  24823232  0.00  0.00    0.92    0.99    0    0  (Gen:  0)
   517968      4736  24824480  0.00  0.00    0.92    0.99    0    0  (Gen:  0)
   518352      8160  24830296  0.00  0.00    0.92    0.99    0    0  (Gen:  0)
   517592      6736  24831272  0.00  0.00    0.92    0.99    0    0  (Gen:  0)
   517736      3776  24833504  0.00  0.00    0.92    0.99    0    0  (Gen:  0)
   518072      9952  24842728  0.00  0.00    0.92    0.99    0    0  (Gen:  0)
   517872      8304  24848376  0.00  0.00    0.92    0.99    0    0  (Gen:  0)
   518504      5640  24851104  0.00  0.00    0.92    0.99    0    0  (Gen:  0)
   517432      5984  24852808  0.00  0.00    0.92    0.99    0    0  (Gen:  0)
   518336      5392  24854120  0.00  0.00    0.92    0.99    0    0  (Gen:  0)
   518224      5872  24856704  0.00  0.00    0.92    0.99    0    0  (Gen:  0)
   519024      8432  24860696  0.00  0.00    0.92    0.99    0    0  (Gen:  0)
   518056      7528  24861392  0.00  0.00    0.92    0.99    0    0  (Gen:  0)
   518080      7832  24867264  0.00  0.00    0.92    0.99    0    0  (Gen:  0)
   518192     11192  24875512  0.00  0.00    0.92    0.99    0    0  (Gen:  0)
   517640      7448  24880304  0.00  0.00    0.92    0.99    0    0  (Gen:  0)
   517720      4928  24882304  0.00  0.00    0.92    0.99    0    0  (Gen:  0)
   517840      4976  24884576  0.00  0.00    0.92    0.99    0    0  (Gen:  0)
   517872      4840  24886352  0.00  0.00    0.92    0.99    0    0  (Gen:  0)
   517712      5000  24888440  0.00  0.00    0.92    0.99    0    0  (Gen:  0)
   518448      5248  24890976  0.00  0.00    0.92    0.99    0    0  (Gen:  0)
   517448      4816  24892616  0.00  0.00    0.92    0.99    0    0  (Gen:  0)
   518216      5368  24895064  0.00  0.00    0.92    0.99    0    0  (Gen:  0)
   518456      6568  24898376  0.00  0.00    0.92    0.99    0    0  (Gen:  0)
   519144      6128  24899936  0.00  0.00    0.93    0.99    0    0  (Gen:  0)
   520232      7960  24905952  0.00  0.00    0.93    0.99    0    0  (Gen:  0)
   518208      7584  24907776  0.00  0.00    0.93    0.99    0    0  (Gen:  0)
   518448      5952  24911336  0.00  0.00    0.93    0.99    0    0  (Gen:  0)
   517320      7552  24918456  0.00  0.00    0.93    0.99    0    0  (Gen:  0)
   518720      7240  24920176  0.00  0.00    0.93    0.99    0    0  (Gen:  0)
   519232      8312  24926088  0.00  0.00    0.93    0.99    0    0  (Gen:  0)
   517320     11040  24933856  0.00  0.00    0.93    0.99    0    0  (Gen:  0)
   517904      8184  24939008  0.00  0.00    0.93    0.99    0    0  (Gen:  0)
   517600      5776  24941984  0.00  0.00    0.93    0.99    0    0  (Gen:  0)
   517280      6080  24944312  0.00  0.00    0.93    0.99    0    0  (Gen:  0)
   518568      5400  24945720  0.00  0.00    0.93    0.99    0    0  (Gen:  0)
   518448      5232  24947528  0.00  0.00    0.93    0.99    0    0  (Gen:  0)
   517976      4696  24949120  0.00  0.00    0.93    0.99    0    0  (Gen:  0)
   518648      4856  24951112  0.00  0.00    0.93    0.99    0    0  (Gen:  0)
   518112      6504  24954112  0.00  0.00    0.93    0.99    0    0  (Gen:  0)
   518520      6224  24957152  0.00  0.00    0.93    0.99    0    0  (Gen:  0)
   518536      7560  24961112  0.00  0.00    0.93    0.99    0    0  (Gen:  0)
   519152      7552  24963424  0.00  0.00    0.93    0.99    0    0  (Gen:  0)
   518360      4816  24965208  0.00  0.00    0.93    0.99    0    0  (Gen:  0)
   517568     10760  24973112  0.00  0.00    0.93    0.99    0    0  (Gen:  0)
   518080      9136  24978520  0.00  0.00    0.93    0.99    0    0  (Gen:  0)
   517248      5920  24981360  0.00  0.00    0.93    0.99    0    0  (Gen:  0)
   518040      5456  24983264  0.00  0.00    0.93    0.99    0    0  (Gen:  0)
   517744      4720  24984800  0.00  0.00    0.93    0.99    0    0  (Gen:  0)
   517904      5256  24987168  0.00  0.00    0.93    0.99    0    0  (Gen:  0)
   517216      6832  24990064  0.00  0.00    0.93    0.99    0    0  (Gen:  0)
   517704      7872  24993744  0.00  0.00    0.93    0.99    0    0  (Gen:  0)
   518040      5760  24995432  0.00  0.00    0.93    0.99    0    0  (Gen:  0)
   517808      5464  24997112  0.00  0.00    0.93    0.99    0    0  (Gen:  0)
   518128      5208  24999096  0.00  0.00    0.93    0.99    0    0  (Gen:  0)
   517456      5136  25001216  0.00  0.00    0.93    0.99    0    0  (Gen:  0)
   518232      5376  25002952  0.00  0.00    0.93    0.99    0    0  (Gen:  0)
   517976      5472  25005192  0.00  0.00    0.93    0.99    0    0  (Gen:  0)
   517752      5728  25007608  0.00  0.00    0.93    0.99    0    0  (Gen:  0)
   517976      5720  25009072  0.00  0.00    0.93    0.99    0    0  (Gen:  0)
   517248      5712  25011464  0.00  0.00    0.93    0.99    0    0  (Gen:  0)
   515904      4632  25013016  0.00  0.00    0.93    0.99    0    0  (Gen:  0)
   517496      5272  25016312  0.00  0.00    0.93    0.99    0    0  (Gen:  0)
   518064      7648  25020408  0.00  0.00    0.93    0.99    0    0  (Gen:  0)
   519224      6448  25020920  0.00  0.00    0.93    0.99    0    0  (Gen:  0)
   518256      6272  25025840  0.00  0.00    0.93    0.99    0    0  (Gen:  0)
   518368      9464  25034152  0.00  0.00    0.93    0.99    0    0  (Gen:  0)
   518440      7056  25037552  0.00  0.00    0.93    0.99    0    0  (Gen:  0)
   517104      5360  25039952  0.00  0.00    0.93    0.99    0    0  (Gen:  0)
   517952      5984  25043408  0.00  0.00    0.93    0.99    0    0  (Gen:  0)
   517688      5872  25044360  0.00  0.00    0.93    1.00    0    0  (Gen:  0)
   517728      8216  25051224  0.00  0.00    0.93    1.00    0    0  (Gen:  0)
   517512      5760  25055136  0.00  0.00    0.93    1.00    0    0  (Gen:  0)
   517824      4304  25056720  0.00  0.00    0.93    1.00    0    0  (Gen:  0)
   518000      7544  25061856  0.00  0.00    0.93    1.00    0    0  (Gen:  0)
   518472      8304  25066000  0.00  0.00    0.93    1.00    0    0  (Gen:  0)
   518520      7560  25067632  0.00  0.00    0.93    1.00    0    0  (Gen:  0)
   517640      8200  25069584  0.00  0.00    0.93    1.00    0    0  (Gen:  0)
   518600      7952  25071080  0.00  0.00    0.93    1.00    0    0  (Gen:  0)
   518064      7920  25072720  0.00  0.00    0.93    1.00    0    0  (Gen:  0)
   518992      8224  25074736  0.00  0.00    0.93    1.00    0    0  (Gen:  0)
   518512      8624  25077136  0.00  0.00    0.93    1.00    0    0  (Gen:  0)
   518192      7120  25079344  0.00  0.00    0.93    1.00    0    0  (Gen:  0)
   517840      5896  25081424  0.00  0.00    0.93    1.00    0    0  (Gen:  0)
   517496      5904  25083112  0.00  0.00    0.93    1.00    0    0  (Gen:  0)
   517928      9368  25088360  0.00  0.00    0.93    1.00    0    0  (Gen:  0)
   518120      7776  25090952  0.00  0.00    0.93    1.00    0    0  (Gen:  0)
   517096      8104  25094800  0.00  0.00    0.93    1.00    0    0  (Gen:  0)
   518376      7904  25096320  0.00  0.00    0.93    1.00    0    0  (Gen:  0)
   518848      8936  25103240  0.00  0.00    0.93    1.00    0    0  (Gen:  0)
   517536     11384  25113448  0.00  0.00    0.93    1.00    0    0  (Gen:  0)
   518288      7336  25114728  0.00  0.00    0.93    1.00    0    0  (Gen:  0)
   516624      4528  25117120  0.00  0.00    0.93    1.00    0    0  (Gen:  0)
   518080      8328  25124592  0.00  0.00    0.93    1.00    0    0  (Gen:  0)
   516976      7328  25126064  0.00  0.00    0.93    1.00    0    0  (Gen:  0)
   518272      8816  25132760  0.00  0.00    0.93    1.00    0    0  (Gen:  0)
   517936      9424  25139216  0.00  0.00    0.93    1.00    0    0  (Gen:  0)
   516808      7576  25140824  0.00  0.00    0.93    1.00    0    0  (Gen:  0)
   517224      8608  25147128  0.00  0.00    0.93    1.00    0    0  (Gen:  0)
   518296     11864  25155856  0.00  0.00    0.93    1.00    0    0  (Gen:  0)
   518160      9648  25163664  0.00  0.00    0.93    1.00    0    0  (Gen:  0)
   518040      8232  25168120  0.00  0.00    0.93    1.00    0    0  (Gen:  0)
   517656      6480  25170648  0.00  0.00    0.94    1.00    0    0  (Gen:  0)
   518192      6432  25172704  0.00  0.00    0.94    1.00    0    0  (Gen:  0)
   517856      5960  25175264  0.00  0.00    0.94    1.00    0    0  (Gen:  0)
   518000      5848  25177416  0.00  0.00    0.94    1.00    0    0  (Gen:  0)
   518504      8056  25181720  0.00  0.00    0.94    1.00    0    0  (Gen:  0)
   517352      9024  25186496  0.00  0.00    0.94    1.00    0    0  (Gen:  0)
   518440      7952  25188512  0.00  0.00    0.94    1.00    0    0  (Gen:  0)
   516904      5808  25189680  0.00  0.00    0.94    1.00    0    0  (Gen:  0)
   516232      5584  25191896  0.00  0.00    0.94    1.00    0    0  (Gen:  0)
   518296      6032  25193880  0.00  0.00    0.94    1.00    0    0  (Gen:  0)
   516464      5184  25194808  0.00  0.00    0.94    1.00    0    0  (Gen:  0)
   516528      5632  25197104  0.00  0.00    0.94    1.00    0    0  (Gen:  0)
   517480      5112  25197912  0.00  0.00    0.94    1.00    0    0  (Gen:  0)
   516488      5480  25199896  0.00  0.00    0.94    1.00    0    0  (Gen:  0)
   517696      7304  25203320  0.00  0.00    0.94    1.00    0    0  (Gen:  0)
   517744      7648  25207080  0.00  0.00    0.94    1.00    0    0  (Gen:  0)
   517264      5760  25209072  0.00  0.00    0.94    1.00    0    0  (Gen:  0)
   518200      6408  25211856  0.00  0.00    0.94    1.00    0    0  (Gen:  0)
   517104      8016  25215640  0.00  0.00    0.94    1.00    0    0  (Gen:  0)
   516960      7600  25217336  0.00  0.00    0.94    1.00    0    0  (Gen:  0)
   517728      9112  25224256  0.00  0.00    0.94    1.00    0    0  (Gen:  0)
   518624     10016  25232096  0.00  0.00    0.94    1.00    0    0  (Gen:  0)
   518664      5936  25232912  0.00  0.00    0.94    1.00    0    0  (Gen:  0)
   518784      5152  25236504  0.00  0.00    0.94    1.00    0    0  (Gen:  0)
   518168     10104  25245984  0.00  0.00    0.94    1.00    0    0  (Gen:  0)
   516736      8336  25251696  0.00  0.00    0.94    1.00    0    0  (Gen:  0)
   516736      5264  25253576  0.00  0.00    0.94    1.00    0    0  (Gen:  0)
   516696      4728  25254848  0.00  0.00    0.94    1.00    0    0  (Gen:  0)
   516976      7712  25259304  0.00  0.00    0.94    1.00    0    0  (Gen:  0)
   518432      7120  25259880  0.00  0.00    0.94    1.00    0    0  (Gen:  0)
   518208      3776  25262264  0.00  0.00    0.94    1.00    0    0  (Gen:  0)
   517864     10288  25272512  0.00  0.00    0.94    1.00    0    0  (Gen:  0)
   518112      5704  25276208  0.00  0.00    0.94    1.00    0    0  (Gen:  0)
   518096      4880  25278264  0.00  0.00    0.94    1.00    0    0  (Gen:  0)
   518536      5136  25280456  0.00  0.00    0.94    1.00    0    0  (Gen:  0)
   518368      5152  25282512  0.00  0.00    0.94    1.00    0    0  (Gen:  0)
   518528      4808  25284152  0.00  0.00    0.94    1.00    0    0  (Gen:  0)
   518456      5232  25286560  0.00  0.00    0.94    1.00    0    0  (Gen:  0)
   518336      5232  25288544  0.00  0.00    0.94    1.00    0    0  (Gen:  0)
   517400      5232  25290528  0.00  0.00    0.94    1.00    0    0  (Gen:  0)
   517208      5152  25292528  0.00  0.00    0.94    1.00    0    0  (Gen:  0)
   518528      4856  25294216  0.00  0.00    0.94    1.00    0    0  (Gen:  0)
   518368      4792  25296192  0.00  0.00    0.94    1.00    0    0  (Gen:  0)
   518568      4800  25298368  0.00  0.00    0.94    1.00    0    0  (Gen:  0)
   518336      5088  25300632  0.00  0.00    0.94    1.00    0    0  (Gen:  0)
   517640      5000  25302344  0.00  0.00    0.94    1.01    0    0  (Gen:  0)
   517400      4904  25304328  0.00  0.00    0.94    1.01    0    0  (Gen:  0)
   517600      5096  25306600  0.00  0.00    0.94    1.01    0    0  (Gen:  0)
   518648      5216  25308696  0.00  0.00    0.94    1.01    0    0  (Gen:  0)
   519088      5368  25310648  0.00  0.00    0.94    1.01    0    0  (Gen:  0)
   517792      8456  25315808  0.00  0.00    0.94    1.01    0    0  (Gen:  0)
   515432      6344  25316656  0.00  0.00    0.94    1.01    0    0  (Gen:  0)
   516328      7016  25322408  0.00  0.00    0.94    1.01    0    0  (Gen:  0)
   517368     10440  25330176  0.00  0.00    0.94    1.01    0    0  (Gen:  0)
   517584      7256  25334432  0.00  0.00    0.94    1.01    0    0  (Gen:  0)
   517176      5952  25336904  0.00  0.00    0.94    1.01    0    0  (Gen:  0)
   518320      6152  25338584  0.00  0.00    0.94    1.01    0    0  (Gen:  0)
   517800      6032  25340400  0.00  0.00    0.94    1.01    0    0  (Gen:  0)
   517968      5800  25341840  0.00  0.00    0.94    1.01    0    0  (Gen:  0)
   518144      8000  25345656  0.00  0.00    0.94    1.01    0    0  (Gen:  0)
   517544      7968  25347016  0.00  0.00    0.94    1.01    0    0  (Gen:  0)
   517992      8048  25352984  0.00  0.00    0.94    1.01    0    0  (Gen:  0)
   518360      9808  25361712  0.00  0.00    0.94    1.01    0    0  (Gen:  0)
   518096      7296  25366848  0.00  0.00    0.94    1.01    0    0  (Gen:  0)
   518560      5560  25368264  0.00  0.00    0.94    1.01    0    0  (Gen:  0)
   518096      5072  25369952  0.00  0.00    0.94    1.01    0    0  (Gen:  0)
   518464      4840  25371744  0.00  0.00    0.94    1.01    0    0  (Gen:  0)
   518112      5536  25374432  0.00  0.00    0.94    1.01    0    0  (Gen:  0)
   518320      5320  25375880  0.00  0.00    0.94    1.01    0    0  (Gen:  0)
   518240      5368  25378064  0.00  0.00    0.94    1.01    0    0  (Gen:  0)
   518472      5544  25379888  0.00  0.00    0.94    1.01    0    0  (Gen:  0)
   518128      5544  25381832  0.00  0.00    0.94    1.01    0    0  (Gen:  0)
   519040      7608  25385720  0.00  0.00    0.94    1.01    0    0  (Gen:  0)
   519296      7784  25387376  0.00  0.00    0.94    1.01    0    0  (Gen:  0)
   519104      7768  25392504  0.00  0.00    0.94    1.01    0    0  (Gen:  0)
   517576     10840  25398368  0.00  0.00    0.94    1.01    0    0  (Gen:  0)
   519152      7200  25400000  0.00  0.00    0.94    1.01    0    0  (Gen:  0)
   519392      8008  25405528  0.00  0.00    0.95    1.01    0    0  (Gen:  0)
   517832     10816  25414464  0.00  0.00    0.95    1.01    0    0  (Gen:  0)
   518184      7880  25419000  0.00  0.00    0.95    1.01    0    0  (Gen:  0)
   518952      5624  25421808  0.00  0.00    0.95    1.01    0    0  (Gen:  0)
   517688      6240  25423880  0.00  0.00    0.95    1.01    0    0  (Gen:  0)
   517728      5480  25425616  0.00  0.00    0.95    1.01    0    0  (Gen:  0)
   518320      4952  25426896  0.00  0.00    0.95    1.01    0    0  (Gen:  0)
   518200      5360  25429752  0.00  0.00    0.95    1.01    0    0  (Gen:  0)
   518904      5288  25430992  0.00  0.00    0.95    1.01    0    0  (Gen:  0)
   517512      7336  25434888  0.00  0.00    0.95    1.01    0    0  (Gen:  0)
   517712      6592  25437176  0.00  0.00    0.95    1.01    0    0  (Gen:  0)
   518616      7256  25441240  0.00  0.00    0.95    1.01    0    0  (Gen:  0)
   519112      6960  25442872  0.00  0.00    0.95    1.01    0    0  (Gen:  0)
   519080      4200  25444728  0.00  0.00    0.95    1.01    0    0  (Gen:  0)
   519152     11160  25453008  0.00  0.00    0.95    1.01    0    0  (Gen:  0)
   518160      8288  25458768  0.00  0.00    0.95    1.01    0    0  (Gen:  0)
   517776      5928  25461472  0.00  0.00    0.95    1.01    0    0  (Gen:  0)
   518360      5608  25463456  0.00  0.00    0.95    1.01    0    0  (Gen:  0)
   518360      5224  25465440  0.00  0.00    0.95    1.01    0    0  (Gen:  0)
   518432      4648  25466880  0.00  0.00    0.95    1.01    0    0  (Gen:  0)
   518576      9144  25473696  0.00  0.00    0.95    1.01    0    0  (Gen:  0)
   518248      8480  25475256  0.00  0.00    0.95    1.01    0    0  (Gen:  0)
   518992      4520  25477432  0.00  0.00    0.95    1.01    0    0  (Gen:  0)
   517760      8544  25485944  0.00  0.00    0.95    1.01    0    0  (Gen:  0)
   517440      6072  25490296  0.00  0.00    0.95    1.01    0    0  (Gen:  0)
   517720      5456  25491888  0.00  0.00    0.95    1.01    0    0  (Gen:  0)
   517184      4840  25493160  0.00  0.00    0.95    1.01    0    0  (Gen:  0)
   517648      5296  25495720  0.00  0.00    0.95    1.01    0    0  (Gen:  0)
   517576      5648  25497576  0.00  0.00    0.95    1.01    0    0  (Gen:  0)
   518024      5400  25499264  0.00  0.00    0.95    1.01    0    0  (Gen:  0)
   518832      5552  25501256  0.00  0.00    0.95    1.01    0    0  (Gen:  0)
   517872      5392  25503352  0.00  0.00    0.95    1.01    0    0  (Gen:  0)
   518384      5312  25505000  0.00  0.00    0.95    1.01    0    0  (Gen:  0)
   517968      5656  25507224  0.00  0.00    0.95    1.01    0    0  (Gen:  0)
   518520      5304  25509768  0.00  0.00    0.95    1.01    0    0  (Gen:  0)
   518688      4864  25512752  0.00  0.00    0.95    1.01    0    0  (Gen:  0)
   516008      5928  25516664  0.00  0.00    0.95    1.01    0    0  (Gen:  0)
   515528      6088  25517560  0.00  0.00    0.95    1.01    0    0  (Gen:  0)
   518080      5992  25521952  0.00  0.00    0.95    1.01    0    0  (Gen:  0)
   517944      6216  25522952  0.00  0.00    0.95    1.01    0    0  (Gen:  0)
   518008      9256  25530400  0.00  0.00    0.95    1.02    0    0  (Gen:  0)
   517816      6544  25534592  0.00  0.00    0.95    1.02    0    0  (Gen:  0)
   517856      5640  25536448  0.00  0.00    0.95    1.02    0    0  (Gen:  0)
   518080      4624  25538048  0.00  0.00    0.95    1.02    0    0  (Gen:  0)
   517744      4320  25539400  0.00  0.00    0.95    1.02    0    0  (Gen:  0)
   517968      6200  25542904  0.00  0.00    0.95    1.02    0    0  (Gen:  0)
   518336      7400  25546176  0.00  0.00    0.95    1.02    0    0  (Gen:  0)
   517776      5056  25548456  0.00  0.00    0.95    1.02    0    0  (Gen:  0)
   518128      6048  25550776  0.00  0.00    0.95    1.02    0    0  (Gen:  0)
   517280      7344  25554120  0.00  0.00    0.95    1.02    0    0  (Gen:  0)
   517384      8376  25558608  0.00  0.00    0.95    1.02    0    0  (Gen:  0)
   518864      7144  25560824  0.00  0.00    0.95    1.02    0    0  (Gen:  0)
   517728      7856  25562768  0.00  0.00    0.95    1.02    0    0  (Gen:  0)
   517544      7392  25564024  0.00  0.00    0.95    1.02    0    0  (Gen:  0)
   517280      7344  25565720  0.00  0.00    0.95    1.02    0    0  (Gen:  0)
   517824      7856  25567904  0.00  0.00    0.95    1.02    0    0  (Gen:  0)
   517296      9424  25571272  0.00  0.00    0.95    1.02    0    0  (Gen:  0)
   518216      5384  25572800  0.00  0.00    0.95    1.02    0    0  (Gen:  0)
   518336      4992  25575608  0.00  0.00    0.95    1.02    0    0  (Gen:  0)
   518328      6384  25578992  0.00  0.00    0.95    1.02    0    0  (Gen:  0)
   518808     10328  25585256  0.00  0.00    0.95    1.02    0    0  (Gen:  0)
   517728      4808  25586120  0.00  0.00    0.95    1.02    0    0  (Gen:  0)
   518000      7432  25590008  0.00  0.00    0.95    1.02    0    0  (Gen:  0)
   517320      7920  25592104  0.00  0.00    0.95    1.02    0    0  (Gen:  0)
   516744      3056  25592968  0.00  0.00    0.95    1.02    0    0  (Gen:  0)
   517504      6504  25597688  0.00  0.00    0.95    1.02    0    0  (Gen:  0)
   517160      5360  25599448  0.00  0.00    0.95    1.02    0    0  (Gen:  0)
   516600     11960  25609168  0.00  0.00    0.95    1.02    0    0  (Gen:  0)
   516968      7056  25610568  0.00  0.00    0.95    1.02    0    0  (Gen:  0)
   517080      3672  25612112  0.00  0.00    0.95    1.02    0    0  (Gen:  0)
   517584      6768  25616568  0.00  0.00    0.95    1.02    0    0  (Gen:  0)
   517256      5128  25617960  0.00  0.00    0.95    1.02    0    0  (Gen:  0)
   518112      8320  25624384  0.00  0.00    0.95    1.02    0    0  (Gen:  0)
   518976      6776  25625848  0.00  0.00    0.95    1.02    0    0  (Gen:  0)
   518784      6672  25630208  0.00  0.00    0.96    1.02    0    0  (Gen:  0)
   518840     10328  25640448  0.00  0.00    0.96    1.02    0    0  (Gen:  0)
   518920      7656  25641960  0.00  0.00    0.96    1.02    0    0  (Gen:  0)
   518824      6048  25645696  0.00  0.00    0.96    1.02    0    0  (Gen:  0)
   518896      4192  25647024  0.00  0.00    0.96    1.02    0    0  (Gen:  0)
   518352      4352  25649088  0.00  0.00    0.96    1.02    0    0  (Gen:  0)
   517624     10944  25659496  0.00  0.00    0.96    1.02    0    0  (Gen:  0)
   517808      9376  25664952  0.00  0.00    0.96    1.02    0    0  (Gen:  0)
   519248      5456  25666504  0.00  0.00    0.96    1.02    0    0  (Gen:  0)
   518168      5432  25669608  0.00  0.00    0.96    1.02    0    0  (Gen:  0)
   519384      4288  25670984  0.00  0.00    0.96    1.02    0    0  (Gen:  0)
   518616      8832  25677784  0.00  0.00    0.96    1.02    0    0  (Gen:  0)
   518280     12664  25687424  0.00  0.00    0.96    1.02    0    0  (Gen:  0)
   518736     11416  25696960  0.00  0.00    0.96    1.02    0    0  (Gen:  0)
   518656     12248  25705960  0.00  0.00    0.96    1.02    0    0  (Gen:  0)
   518832     10320  25713024  0.00  0.00    0.96    1.02    0    0  (Gen:  0)
   519376      7448  25714136  0.00  0.00    0.96    1.02    0    0  (Gen:  0)
   518712      9104  25721304  0.00  0.00    0.96    1.02    0    0  (Gen:  0)
   518192      4400  25722936  0.00  0.00    0.96    1.02    0    0  (Gen:  0)
   519064      3480  25724008  0.00  0.00    0.96    1.02    0    0  (Gen:  0)
   518248     12296  25734264  0.00  0.00    0.96    1.02    0    0  (Gen:  0)
   517912     11880  25742152  0.00  0.00    0.96    1.02    0    0  (Gen:  0)
   517272      6784  25746272  0.00  0.00    0.96    1.02    0    0  (Gen:  0)
   516984      6008  25748928  0.00  0.00    0.96    1.02    0    0  (Gen:  0)
   517576      7288  25751744  0.00  0.00    0.96    1.02    0    0  (Gen:  0)
   517248      6200  25753080  0.00  0.00    0.96    1.02    0    0  (Gen:  0)
   517728      5432  25754352  0.00  0.00    0.96    1.02    0    0  (Gen:  0)
   517992      5800  25756160  0.00  0.00    0.96    1.02    0    0  (Gen:  0)
   517208      5280  25757184  0.00  0.00    0.96    1.02    0    0  (Gen:  0)
   516808      5696  25759728  0.00  0.00    0.96    1.02    0    0  (Gen:  0)
   518016      9320  25764760  0.00  0.00    0.96    1.02    0    0  (Gen:  0)
   518736      8288  25768760  0.00  0.00    0.96    1.02    0    0  (Gen:  0)
   518072      5760  25770600  0.00  0.00    0.96    1.02    0    0  (Gen:  0)
   518232      5904  25772920  0.00  0.00    0.96    1.02    0    0  (Gen:  0)
   517528      9072  25777816  0.00  0.00    0.96    1.02    0    0  (Gen:  0)
   517728      7432  25779168  0.00  0.00    0.96    1.02    0    0  (Gen:  0)
   517264      4960  25782384  0.00  0.00    0.96    1.02    0    0  (Gen:  0)
   517552     10032  25792016  0.00  0.00    0.96    1.02    0    0  (Gen:  0)
   517896      7944  25797240  0.00  0.00    0.96    1.03    0    0  (Gen:  0)
   518336      5832  25798008  0.00  0.00    0.96    1.03    0    0  (Gen:  0)
   518768      7840  25804280  0.00  0.00    0.96    1.03    0    0  (Gen:  0)
   518160      6368  25805272  0.00  0.00    0.96    1.03    0    0  (Gen:  0)
   517072      7272  25810608  0.00  0.00    0.96    1.03    0    0  (Gen:  0)
   517552      4624  25811544  0.00  0.00    0.96    1.03    0    0  (Gen:  0)
   518088      7040  25816808  0.00  0.00    0.96    1.03    0    0  (Gen:  0)
   517496     10432  25824408  0.00  0.00    0.96    1.03    0    0  (Gen:  0)
   517608      6040  25826928  0.00  0.00    0.96    1.03    0    0  (Gen:  0)
   517664      4312  25827640  0.00  0.00    0.96    1.03    0    0  (Gen:  0)
   517736      7016  25831992  0.00  0.00    0.96    1.03    0    0  (Gen:  0)
   518624      8056  25833864  0.00  0.00    0.96    1.03    0    0  (Gen:  0)
   517320      9472  25840952  0.00  0.00    0.96    1.03    0    0  (Gen:  0)
   518632     10616  25848624  0.00  0.00    0.96    1.03    0    0  (Gen:  0)
   518384      6128  25851472  0.00  0.00    0.96    1.03    0    0  (Gen:  0)
   518192      5960  25853824  0.00  0.00    0.96    1.03    0    0  (Gen:  0)
   518328      5312  25855408  0.00  0.00    0.96    1.03    0    0  (Gen:  0)
   517504      7224  25859320  0.00  0.00    0.96    1.03    0    0  (Gen:  0)
   515872      6544  25860384  0.00  0.00    0.96    1.03    0    0  (Gen:  0)
   516832      7400  25866208  0.00  0.00    0.96    1.03    0    0  (Gen:  0)
   517872      7424  25871792  0.00  0.00    0.96    1.03    0    0  (Gen:  0)
   517424      5192  25873632  0.00  0.00    0.96    1.03    0    0  (Gen:  0)
   518824      4760  25875120  0.00  0.00    0.96    1.03    0    0  (Gen:  0)
   518728      4608  25877104  0.00  0.00    0.96    1.03    0    0  (Gen:  0)
   518400      6240  25881032  0.00  0.00    0.96    1.03    0    0  (Gen:  0)
   519096      6472  25882184  0.00  0.00    0.96    1.03    0    0  (Gen:  0)
   517592      8992  25889496  0.00  0.00    0.96    1.03    0    0  (Gen:  0)
   518112      6912  25894768  0.00  0.00    0.96    1.03    0    0  (Gen:  0)
   517664      4792  25895824  0.00  0.00    0.97    1.03    0    0  (Gen:  0)
   517584      4912  25897560  0.00  0.00    0.97    1.03    0    0  (Gen:  0)
   517808      5280  25900072  0.00  0.00    0.97    1.03    0    0  (Gen:  0)
   517824      5424  25901632  0.00  0.00    0.97    1.03    0    0  (Gen:  0)
   518472      5472  25903608  0.00  0.00    0.97    1.03    0    0  (Gen:  0)
   518296      5552  25905376  0.00  0.00    0.97    1.03    0    0  (Gen:  0)
   518264      4736  25906576  0.00  0.00    0.97    1.03    0    0  (Gen:  0)
   518216      5200  25909096  0.00  0.00    0.97    1.03    0    0  (Gen:  0)
   517848      5760  25911168  0.00  0.00    0.97    1.03    0    0  (Gen:  0)
   518384      5728  25913208  0.00  0.00    0.97    1.03    0    0  (Gen:  0)
   518296      6520  25915688  0.00  0.00    0.97    1.03    0    0  (Gen:  0)
   517912      6872  25918640  0.00  0.00    0.97    1.03    0    0  (Gen:  0)
   518512      7840  25921944  0.00  0.00    0.97    1.03    0    0  (Gen:  0)
   517064      7904  25923400  0.00  0.00    0.97    1.03    0    0  (Gen:  0)
   519120      4016  25925496  0.00  0.00    0.97    1.03    0    0  (Gen:  0)
   518616     10552  25935480  0.00  0.00    0.97    1.03    0    0  (Gen:  0)
   517880     10808  25942720  0.00  0.00    0.97    1.03    0    0  (Gen:  0)
   517504      6944  25946456  0.00  0.00    0.97    1.04    0    0  (Gen:  0)
   518200      6256  25948224  0.00  0.00    0.97    1.04    0    0  (Gen:  0)
   518512      8904  25952256  0.00  0.00    0.97    1.04    0    0  (Gen:  0)
   519272      9072  25954056  0.00  0.00    0.97    1.04    0    0  (Gen:  0)
   517392      5440  25957200  0.00  0.00    0.97    1.04    0    0  (Gen:  0)
   517960     11296  25968168  0.00  0.00    0.97    1.04    0    0  (Gen:  0)
   518088     11624  25976248  0.00  0.00    0.97    1.04    0    0  (Gen:  0)
   517704      8384  25982008  0.00  0.00    0.97    1.04    0    0  (Gen:  0)
   518600      9136  25986368  0.00  0.00    0.97    1.04    0    0  (Gen:  0)
   518248      7856  25988176  0.00  0.00    0.97    1.04    0    0  (Gen:  0)
   517872      8872  25994360  0.00  0.00    0.97    1.04    0    0  (Gen:  0)
   517912     12872  26004000  0.00  0.00    0.97    1.04    0    0  (Gen:  0)
   517784      8168  26010200  0.00  0.00    0.97    1.04    0    0  (Gen:  0)
   518424      6048  26013624  0.00  0.00    0.97    1.04    0    0  (Gen:  0)
   518496      5696  26014968  0.00  0.00    0.97    1.04    0    0  (Gen:  0)
   518024      5768  26016472  0.00  0.00    0.97    1.04    0    0  (Gen:  0)
   517872      6096  26018384  0.00  0.00    0.97    1.04    0    0  (Gen:  0)
   517736      6008  26020104  0.00  0.00    0.97    1.04    0    0  (Gen:  0)
   517368      5192  26021288  0.00  0.00    0.97    1.04    0    0  (Gen:  0)
   517536      5488  26023600  0.00  0.00    0.97    1.04    0    0  (Gen:  0)
   517464      5320  26024440  0.00  0.00    0.97    1.04    0    0  (Gen:  0)
   517112      7712  26028680  0.00  0.00    0.98    1.04    0    0  (Gen:  0)
   517224      7816  26030032  0.00  0.00    0.98    1.04    0    0  (Gen:  0)
   517632      6904  26035064  0.00  0.00    0.98    1.04    0    0  (Gen:  0)
   517496      4760  26036512  0.00  0.00    0.98    1.04    0    0  (Gen:  0)
   516984      6784  26040976  0.00  0.00    0.98    1.04    0    0  (Gen:  0)
   518016     10096  26048512  0.00  0.00    0.98    1.04    0    0  (Gen:  0)
   516456      7464  26049616  0.00  0.00    0.98    1.04    0    0  (Gen:  0)
   517600      7432  26054952  0.00  0.00    0.98    1.04    0    0  (Gen:  0)
   517864      5096  26056528  0.00  0.00    0.98    1.04    0    0  (Gen:  0)
   518088      4464  26058496  0.00  0.00    0.98    1.04    0    0  (Gen:  0)
   517400      5672  26064080  0.00  0.00    0.98    1.04    0    0  (Gen:  0)
   518480      6496  26065704  0.00  0.00    0.98    1.04    0    0  (Gen:  0)
   518304     10632  26074048  0.00  0.00    0.98    1.04    0    0  (Gen:  0)
   517200      8816  26080008  0.00  0.00    0.98    1.04    0    0  (Gen:  0)
   518432      7248  26081224  0.00  0.00    0.98    1.04    0    0  (Gen:  0)
   517800      5712  26084688  0.00  0.00    0.98    1.04    0    0  (Gen:  0)
   518392      4504  26086072  0.00  0.00    0.98    1.04    0    0  (Gen:  0)
   518240      8584  26092384  0.00  0.00    0.98    1.04    0    0  (Gen:  0)
   518688     13368  26102616  0.00  0.00    0.98    1.04    0    0  (Gen:  0)
   517896      7072  26104144  0.00  0.00    0.98    1.04    0    0  (Gen:  0)
   518296      3800  26105616  0.00  0.00    0.98    1.05    0    0  (Gen:  0)
   517656      5400  26108840  0.00  0.00    0.98    1.05    0    0  (Gen:  0)
   518328      5256  26110520  0.00  0.00    0.98    1.05    0    0  (Gen:  0)
   518112     11168  26119320  0.00  0.00    0.98    1.05    0    0  (Gen:  0)
   518304     11704  26129456  0.00  0.00    0.98    1.05    0    0  (Gen:  0)
   518600     12224  26138608  0.00  0.00    0.98    1.05    0    0  (Gen:  0)
   518336     12176  26149016  0.00  0.00    0.98    1.05    0    0  (Gen:  0)
   517760      7128  26149872  0.00  0.00    0.98    1.05    0    0  (Gen:  0)
   518640      3728  26151616  0.00  0.00    0.98    1.05    0    0  (Gen:  0)
   518544      9200  26158560  0.00  0.00    0.98    1.05    0    0  (Gen:  0)
   517264      5056  26159936  0.00  0.00    0.98    1.05    0    0  (Gen:  0)
   518800      8288  26166048  0.00  0.00    0.98    1.05    0    0  (Gen:  0)
   517464     10416  26175168  0.00  0.00    0.98    1.05    0    0  (Gen:  0)
   518176      8208  26181080  0.00  0.00    0.98    1.05    0    0  (Gen:  0)
   517808      7168  26184008  0.00  0.00    0.98    1.05    0    0  (Gen:  0)
   517696      6768  26186440  0.00  0.00    0.98    1.05    0    0  (Gen:  0)
   518128      5464  26187440  0.00  0.00    0.98    1.05    0    0  (Gen:  0)
   517688      5736  26189712  0.00  0.00    0.98    1.05    0    0  (Gen:  0)
   517744      5624  26191136  0.00  0.00    0.98    1.05    0    0  (Gen:  0)
   517704      5760  26192944  0.00  0.00    0.98    1.05    0    0  (Gen:  0)
   517528      7832  26196936  0.00  0.00    0.98    1.05    0    0  (Gen:  0)
   517600      8584  26201160  0.00  0.00    0.98    1.05    0    0  (Gen:  0)
   517416      7320  26203592  0.00  0.00    0.98    1.05    0    0  (Gen:  0)
   518352      6120  26205856  0.00  0.00    0.98    1.05    0    0  (Gen:  0)
   517920      9656  26211736  0.00  0.00    0.98    1.05    0    0  (Gen:  0)
   518152      7424  26212856  0.00  0.00    0.98    1.05    0    0  (Gen:  0)
   517200      5880  26216656  0.00  0.00    0.98    1.05    0    0  (Gen:  0)
   518400      9768  26225896  0.00  0.00    0.99    1.05    0    0  (Gen:  0)
   518536      8128  26230872  0.00  0.00    0.99    1.05    0    0  (Gen:  0)
   517280      7464  26232280  0.00  0.00    0.99    1.05    0    0  (Gen:  0)
   517296      9816  26239880  0.00  0.00    0.99    1.05    0    0  (Gen:  0)
   518968      7312  26243784  0.00  0.00    0.99    1.05    0    0  (Gen:  0)
   518920      5480  26246136  0.00  0.00    0.99    1.05    0    0  (Gen:  0)
   518096      7640  26250232  0.00  0.00    0.99    1.05    0    0  (Gen:  0)
   518056      7024  26251168  0.00  0.00    0.99    1.05    0    0  (Gen:  0)
   518352      9536  26258856  0.00  0.00    0.99    1.05    0    0  (Gen:  0)
   518168      7536  26264440  0.00  0.00    0.99    1.05    0    0  (Gen:  0)
   517224      4808  26266680  0.00  0.00    0.99    1.05    0    0  (Gen:  0)
   518568      4864  26268856  0.00  0.00    0.99    1.05    0    0  (Gen:  0)
   518352      4824  26270880  0.00  0.00    0.99    1.05    0    0  (Gen:  0)
   518624      4752  26272792  0.00  0.00    0.99    1.05    0    0  (Gen:  0)
   518272      4552  26274576  0.00  0.00    0.99    1.05    0    0  (Gen:  0)
   518768      4744  26276752  0.00  0.00    0.99    1.05    0    0  (Gen:  0)
   517944      4952  26278944  0.00  0.00    0.99    1.05    0    0  (Gen:  0)
   517400      4928  26280928  0.00  0.00    0.99    1.05    0    0  (Gen:  0)
   517544      4800  26282856  0.00  0.00    0.99    1.05    0    0  (Gen:  0)
   518272      4600  26284640  0.00  0.00    0.99    1.05    0    0  (Gen:  0)
   518648      4840  26286912  0.00  0.00    0.99    1.06    0    0  (Gen:  0)
   518416      4632  26288688  0.00  0.00    0.99    1.06    0    0  (Gen:  0)
   518120      4848  26290880  0.00  0.00    0.99    1.06    0    0  (Gen:  0)
   517560      5056  26292888  0.00  0.00    0.99    1.06    0    0  (Gen:  0)
   517400      4936  26294872  0.00  0.00    0.99    1.06    0    0  (Gen:  0)
   518072      5224  26297216  0.00  0.00    0.99    1.06    0    0  (Gen:  0)
   517792      5336  26299312  0.00  0.00    0.99    1.06    0    0  (Gen:  0)
   518416      5136  26301120  0.00  0.00    0.99    1.06    0    0  (Gen:  0)
   517760      7888  26305944  0.00  0.00    0.99    1.06    0    0  (Gen:  0)
   517504      6944  26307080  0.00  0.00    0.99    1.06    0    0  (Gen:  0)
   518296      9040  26314272  0.00  0.00    0.99    1.06    0    0  (Gen:  0)
   517880      9880  26321712  0.00  0.00    0.99    1.06    0    0  (Gen:  0)
   517112      6776  26326592  0.00  0.00    0.99    1.06    0    0  (Gen:  0)
   517232      5928  26328360  0.00  0.00    0.99    1.06    0    0  (Gen:  0)
   518000      5792  26329768  0.00  0.00    0.99    1.06    0    0  (Gen:  0)
   518632      5680  26331512  0.00  0.00    0.99    1.06    0    0  (Gen:  0)
   517672      6192  26333664  0.00  0.00    0.99    1.06    0    0  (Gen:  0)
   518608      8416  26337584  0.00  0.00    0.99    1.06    0    0  (Gen:  0)
   518128      7920  26338520  0.00  0.00    0.99    1.06    0    0  (Gen:  0)
   517696      9680  26346016  0.00  0.00    0.99    1.06    0    0  (Gen:  0)
   518624     10928  26353648  0.00  0.00    0.99    1.06    0    0  (Gen:  0)
   518248      7368  26357752  0.00  0.00    0.99    1.06    0    0  (Gen:  0)
   518128      5240  26359376  0.00  0.00    0.99    1.06    0    0  (Gen:  0)
   517944      4544  26360864  0.00  0.00    0.99    1.06    0    0  (Gen:  0)
   517792      5384  26363632  0.00  0.00    0.99    1.06    0    0  (Gen:  0)
   517808      5784  26365456  0.00  0.00    0.99    1.06    0    0  (Gen:  0)
   517552      5840  26367592  0.00  0.00    0.99    1.06    0    0  (Gen:  0)
   518056      5288  26368944  0.00  0.00    0.99    1.06    0    0  (Gen:  0)
   517792      5328  26370880  0.00  0.00    1.00    1.06    0    0  (Gen:  0)
   517896      5392  26372720  0.00  0.00    1.00    1.06    0    0  (Gen:  0)
   519032      7416  26376896  0.00  0.00    1.00    1.06    0    0  (Gen:  0)
   519256      8096  26378672  0.00  0.00    1.00    1.06    0    0  (Gen:  0)
   519144      8216  26384016  0.00  0.00    1.00    1.06    0    0  (Gen:  0)
   517968      8288  26389392  0.00  0.00    1.00    1.06    0    0  (Gen:  0)
   518744      7608  26391432  0.00  0.00    1.00    1.06    0    0  (Gen:  0)
   519256      8616  26397248  0.00  0.00    1.00    1.06    0    0  (Gen:  0)
   517720     10520  26406112  0.00  0.00    1.00    1.06    0    0  (Gen:  0)
   516872      8520  26411128  0.00  0.00    1.00    1.06    0    0  (Gen:  0)
   517208      5936  26413232  0.00  0.00    1.00    1.06    0    0  (Gen:  0)
   517784      5672  26415288  0.00  0.00    1.00    1.06    0    0  (Gen:  0)
   517488      5392  26417000  0.00  0.00    1.00    1.06    0    0  (Gen:  0)
   517672      5592  26419280  0.00  0.00    1.00    1.06    0    0  (Gen:  0)
   517872      5288  26420664  0.00  0.00    1.00    1.06    0    0  (Gen:  0)
   517248      5264  26422504  0.00  0.00    1.00    1.06    0    0  (Gen:  0)
   517568      7200  26426480  0.00  0.00    1.00    1.06    0    0  (Gen:  0)
   518232      6592  26428800  0.00  0.00    1.00    1.06    0    0  (Gen:  0)
   518568      7560  26432800  0.00  0.00    1.00    1.06    0    0  (Gen:  0)
   518104      6872  26434400  0.00  0.00    1.00    1.06    0    0  (Gen:  0)
   519216      4720  26436776  0.00  0.00    1.00    1.06    0    0  (Gen:  0)
   517864     11728  26445088  0.00  0.00    1.00    1.06    0    0  (Gen:  0)
   518424      7680  26450064  0.00  0.00    1.00    1.07    0    0  (Gen:  0)
   517744      5720  26453112  0.00  0.00    1.00    1.07    0    0  (Gen:  0)
   518360      5768  26455096  0.00  0.00    1.00    1.07    0    0  (Gen:  0)
   518360      5384  26457080  0.00  0.00    1.00    1.07    0    0  (Gen:  0)
   517800      5760  26459440  0.00  0.00    1.00    1.07    0    0  (Gen:  0)
   517632      6088  26461976  0.00  0.00    1.00    1.07    0    0  (Gen:  0)
   517792      8144  26467360  0.00  0.00    1.00    1.07    0    0  (Gen:  0)
   518032      8464  26471336  0.00  0.00    1.00    1.07    0    0  (Gen:  0)
   519064      5568  26472440  0.00  0.00    1.00    1.07    0    0  (Gen:  0)
   518976     11016  26481696  0.00  0.00    1.00    1.07    0    0  (Gen:  0)
   518264     11488  26492224  0.00  0.00    1.00    1.07    0    0  (Gen:  0)
   517904      8800  26499848  0.00  0.00    1.00    1.07    0    0  (Gen:  0)
   518456     10552  26507904  0.00  0.00    1.00    1.07    0    0  (Gen:  0)
   518520      9024  26512496  0.00  0.00    1.00    1.07    0    0  (Gen:  0)
   517976      8720  26517328  0.00  0.00    1.00    1.07    0    0  (Gen:  0)
   517800     10792  26523656  0.00  0.00    1.00    1.07    0    0  (Gen:  0)
   518616     12848  26530552  0.00  0.00    1.00    1.07    0    0  (Gen:  0)
   518720     14512  26539408  0.00  0.00    1.00    1.07    0    0  (Gen:  0)
   518336     14920  26546160  0.00  0.00    1.00    1.07    0    0  (Gen:  0)
   518488     14760  26552312  0.00  0.00    1.00    1.07    0    0  (Gen:  0)
   517808     13240  26555512  0.00  0.00    1.00    1.07    0    0  (Gen:  0)
   518456      5120  26556848  0.00  0.00    1.00    1.07    0    0  (Gen:  0)
   518088      9368  26564400  0.00  0.00    1.00    1.07    0    0  (Gen:  0)
   518192      5744  26565824  0.00  0.00    1.00    1.07    0    0  (Gen:  0)
   517696     10496  26573952  0.00  0.00    1.00    1.07    0    0  (Gen:  0)
   517520      6408  26575464  0.00  0.00    1.00    1.07    0    0  (Gen:  0)
   517160      3496  26576744  0.00  0.00    1.00    1.07    0    0  (Gen:  0)
   517248     10640  26586960  0.00  0.00    1.00    1.07    0    0  (Gen:  0)
   518480      7472  26588424  0.00  0.00    1.00    1.07    0    0  (Gen:  0)
   518088      7144  26593176  0.00  0.00    1.01    1.07    0    0  (Gen:  0)
   519096     13800  26604432  0.00  0.00    1.01    1.07    0    0  (Gen:  0)
   518016     13768  26614384  0.00  0.00    1.01    1.07    0    0  (Gen:  0)
   517504      7280  26619352  0.00  0.00    1.01    1.07    0    0  (Gen:  0)
   517120      6712  26620288  0.00  0.00    1.01    1.07    0    0  (Gen:  0)
   517352      4840  26623696  0.00  0.00    1.01    1.07    0    0  (Gen:  0)
   519256      4584  26624816  0.00  0.00    1.01    1.07    0    0  (Gen:  0)
   518232      9120  26631888  0.00  0.00    1.01    1.07    0    0  (Gen:  0)
   518376      9768  26639480  0.00  0.00    1.01    1.07    0    0  (Gen:  0)
   516912      8480  26644968  0.00  0.00    1.01    1.07    0    0  (Gen:  0)
   519704      8112  26646856  0.00  0.00    1.01    1.07    0    0  (Gen:  0)
   518080      8312  26652264  0.00  0.00    1.01    1.07    0    0  (Gen:  0)
   518248      9720  26660632  0.00  0.00    1.01    1.07    0    0  (Gen:  0)
   518080      6064  26664416  0.00  0.00    1.01    1.07    0    0  (Gen:  0)
   517912      5704  26666736  0.00  0.00    1.01    1.07    0    0  (Gen:  0)
   517976      5416  26668224  0.00  0.00    1.01    1.07    0    0  (Gen:  0)
   518504      4888  26669696  0.00  0.00    1.01    1.07    0    0  (Gen:  0)
   518024      8712  26675512  0.00  0.00    1.01    1.07    0    0  (Gen:  0)
   518184      7248  26677792  0.00  0.00    1.01    1.07    0    0  (Gen:  0)
   518328      4872  26678960  0.00  0.00    1.01    1.07    0    0  (Gen:  0)
   518280      4968  26681144  0.00  0.00    1.01    1.07    0    0  (Gen:  0)
   517472      5808  26683352  0.00  0.00    1.01    1.07    0    0  (Gen:  0)
   516048      5624  26685768  0.00  0.00    1.01    1.08    0    0  (Gen:  0)
   516032      5328  26688136  0.00  0.00    1.01    1.08    0    0  (Gen:  0)
   516720      7384  26692328  0.00  0.00    1.01    1.08    0    0  (Gen:  0)
   518136     12448  26700744  0.00  0.00    1.01    1.08    0    0  (Gen:  0)
   518720     10288  26705776  0.00  0.00    1.01    1.08    0    0  (Gen:  0)
   517936      7752  26709160  0.00  0.00    1.01    1.08    0    0  (Gen:  0)
   518432      7952  26710632  0.00  0.00    1.01    1.08    0    0  (Gen:  0)
   518432      8928  26713040  0.00  0.00    1.01    1.08    0    0  (Gen:  0)
   518176     10392  26716304  0.00  0.00    1.01    1.08    0    0  (Gen:  0)
   518072      6128  26717696  0.00  0.00    1.01    1.08    0    0  (Gen:  0)
   517672     10840  26726568  0.00  0.00    1.01    1.08    0    0  (Gen:  0)
   517864      6352  26727696  0.00  0.00    1.01    1.08    0    0  (Gen:  0)
   518256      7520  26733272  0.00  0.00    1.01    1.08    0    0  (Gen:  0)
   518632      5336  26737512  0.00  0.00    1.01    1.08    0    0  (Gen:  0)
   517856      5664  26738960  0.00  0.00    1.01    1.08    0    0  (Gen:  0)
   518232     11712  26748432  0.00  0.00    1.01    1.08    0    0  (Gen:  0)
   518104     12440  26758696  0.00  0.00    1.01    1.08    0    0  (Gen:  0)
   518536     11248  26766232  0.00  0.00    1.01    1.08    0    0  (Gen:  0)
   518216      5264  26767056  0.00  0.00    1.01    1.08    0    0  (Gen:  0)
   518024     10160  26775704  0.00  0.00    1.01    1.08    0    0  (Gen:  0)
   518480     12280  26785208  0.00  0.00    1.01    1.08    0    0  (Gen:  0)
   518816     10712  26794512  0.00  0.00    1.01    1.08    0    0  (Gen:  0)
   518536     10512  26801696  0.00  0.00    1.01    1.08    0    0  (Gen:  0)
   518040      8904  26806208  0.00  0.00    1.01    1.08    0    0  (Gen:  0)
   518912      9136  26808968  0.00  0.00    1.01    1.08    0    0  (Gen:  0)
   518216      8432  26810144  0.00  0.00    1.01    1.08    0    0  (Gen:  0)
   517960      8304  26816896  0.00  0.00    1.01    1.08    0    0  (Gen:  0)
   518448     13064  26826672  0.00  0.00    1.01    1.08    0    0  (Gen:  0)
   517032     12136  26834776  0.00  0.00    1.01    1.08    0    0  (Gen:  0)
   517008     10336  26841160  0.00  0.00    1.01    1.08    0    0  (Gen:  0)
   517968      7112  26843256  0.00  0.00    1.01    1.08    0    0  (Gen:  0)
   517784      8392  26845464  0.00  0.00    1.01    1.08    0    0  (Gen:  0)
   518608      7936  26846584  0.00  0.00    1.02    1.08    0    0  (Gen:  0)
   518792      9224  26850056  0.00  0.00    1.02    1.08    0    0  (Gen:  0)
   517880      8752  26851472  0.00  0.00    1.02    1.08    0    0  (Gen:  0)
   517960      8968  26858304  0.00  0.00    1.02    1.08    0    0  (Gen:  0)
   518400     12368  26867760  0.00  0.00    1.02    1.08    0    0  (Gen:  0)
   517696     10880  26876256  0.00  0.00    1.02    1.08    0    0  (Gen:  0)
   518648     10432  26883464  0.00  0.00    1.02    1.08    0    0  (Gen:  0)
   517704      7864  26887064  0.00  0.00    1.02    1.08    0    0  (Gen:  0)
   518536      7416  26888360  0.00  0.00    1.02    1.08    0    0  (Gen:  0)
   517744      6736  26888904  0.00  0.00    1.02    1.08    0    0  (Gen:  0)
   518792      6920  26890136  0.00  0.00    1.02    1.08    0    0  (Gen:  0)
   517688      7160  26891576  0.00  0.00    1.02    1.08    0    0  (Gen:  0)
   518544      7416  26893264  0.00  0.00    1.02    1.08    0    0  (Gen:  0)
   518024     11648  26898936  0.00  0.00    1.02    1.08    0    0  (Gen:  0)
   517592     12936  26904880  0.00  0.00    1.02    1.08    0    0  (Gen:  0)
   517584      7200  26907080  0.00  0.00    1.02    1.08    0    0  (Gen:  0)
   517416      7152  26908176  0.00  0.00    1.02    1.08    0    0  (Gen:  0)
   517864      7192  26909672  0.00  0.00    1.02    1.08    0    0  (Gen:  0)
   518240      7280  26911216  0.00  0.00    1.02    1.08    0    0  (Gen:  0)
   518600      7688  26913056  0.00  0.00    1.02    1.08    0    0  (Gen:  0)
   517080      7832  26914640  0.00  0.00    1.02    1.08    0    0  (Gen:  0)
   517216      7984  26916280  0.00  0.00    1.02    1.08    0    0  (Gen:  0)
   518160      8632  26919736  0.00  0.00    1.02    1.09    0    0  (Gen:  0)
   517952      4704  26921336  0.00  0.00    1.02    1.09    0    0  (Gen:  0)
   516792      5536  26924720  0.00  0.00    1.02    1.09    0    0  (Gen:  0)
   517824     10952  26932216  0.00  0.00    1.02    1.09    0    0  (Gen:  0)
   517800      6216  26935200  0.00  0.00    1.02    1.09    0    0  (Gen:  0)
   518600      5824  26937120  0.00  0.00    1.02    1.09    0    0  (Gen:  0)
   518496      5096  26938784  0.00  0.00    1.02    1.09    0    0  (Gen:  0)
   517704      5616  26941688  0.00  0.00    1.02    1.09    0    0  (Gen:  0)
   518128      5864  26945304  0.00  0.00    1.02    1.09    0    0  (Gen:  0)
   518184      5144  26948448  0.00  0.00    1.02    1.09    0    0  (Gen:  0)
   517920      4728  26951264  0.00  0.00    1.02    1.09    0    0  (Gen:  0)
   517920      6912  26955568  0.00  0.00    1.02    1.09    0    0  (Gen:  0)
   517872      6696  26958368  0.00  0.00    1.02    1.09    0    0  (Gen:  0)
   518128      6368  26960920  0.00  0.00    1.02    1.09    0    0  (Gen:  0)
   517792      6120  26963120  0.00  0.00    1.02    1.09    0    0  (Gen:  0)
   518384      6256  26965960  0.00  0.00    1.02    1.09    0    0  (Gen:  0)
   518064      6416  26969408  0.00  0.00    1.02    1.09    0    0  (Gen:  0)
   518192      6608  26973488  0.00  0.00    1.02    1.09    0    0  (Gen:  0)
   518888      5616  26973784  0.00  0.00    1.02    1.09    0    0  (Gen:  0)
   516520      5904  26978456  0.00  0.00    1.02    1.09    0    0  (Gen:  0)
   516840      5648  26979112  0.00  0.00    1.02    1.09    0    0  (Gen:  0)
   518200      9160  26986704  0.00  0.00    1.02    1.09    0    0  (Gen:  0)
   517680      4752  26988336  0.00  0.00    1.02    1.09    0    0  (Gen:  0)
   517584      4912  26990840  0.00  0.00    1.02    1.09    0    0  (Gen:  0)
   517456      5448  26993440  0.00  0.00    1.02    1.09    0    0  (Gen:  0)
   517872      6008  26996096  0.00  0.00    1.02    1.09    0    0  (Gen:  0)
   517072      5016  26997432  0.00  0.00    1.02    1.09    0    0  (Gen:  0)
   518200      4776  27000216  0.00  0.00    1.02    1.09    0    0  (Gen:  0)
   516816      5232  27002808  0.00  0.00    1.02    1.09    0    0  (Gen:  0)
   517000      4256  27004608  0.00  0.00    1.02    1.09    0    0  (Gen:  0)
   516704      5064  27007664  0.00  0.00    1.02    1.09    0    0  (Gen:  0)
   517024      4864  27009568  0.00  0.00    1.02    1.09    0    0  (Gen:  0)
   517432      6624  27013856  0.00  0.00    1.02    1.09    0    0  (Gen:  0)
   518064      6128  27014800  0.00  0.00    1.02    1.09    0    0  (Gen:  0)
   518184      7224  27020576  0.00  0.00    1.02    1.09    0    0  (Gen:  0)
   518248      5688  27021472  0.00  0.00    1.02    1.09    0    0  (Gen:  0)
   518720      6424  27026352  0.00  0.00    1.03    1.09    0    0  (Gen:  0)
   518368      5704  27027080  0.00  0.00    1.03    1.09    0    0  (Gen:  0)
   517384      6680  27032096  0.00  0.00    1.03    1.09    0    0  (Gen:  0)
   517720      8144  27039192  0.00  0.00    1.03    1.09    0    0  (Gen:  0)
   518496      8592  27044000  0.00  0.00    1.03    1.09    0    0  (Gen:  0)
   517472      7568  27047696  0.00  0.00    1.03    1.09    0    0  (Gen:  0)
   518592      9728  27052544  0.00  0.00    1.03    1.09    0    0  (Gen:  0)
   518384      8248  27056344  0.00  0.00    1.03    1.09    0    0  (Gen:  0)
   518224      7656  27059208  0.00  0.00    1.03    1.09    0    0  (Gen:  0)
   518296      8072  27061824  0.00  0.00    1.03    1.09    0    0  (Gen:  0)
   517960      7520  27064672  0.00  0.00    1.03    1.09    0    0  (Gen:  0)
   518792      6872  27067152  0.00  0.00    1.03    1.09    0    0  (Gen:  0)
   517256      7296  27069552  0.00  0.00    1.03    1.09    0    0  (Gen:  0)
   518528      6592  27071544  0.00  0.00    1.03    1.09    0    0  (Gen:  0)
   518112      5472  27074688  0.00  0.00    1.03    1.09    0    0  (Gen:  0)
   518088      5136  27076816  0.00  0.00    1.03    1.09    0    0  (Gen:  0)
   517848      5624  27079648  0.00  0.00    1.03    1.09    0    0  (Gen:  0)
   518464      5440  27081672  0.00  0.00    1.03    1.09    0    0  (Gen:  0)
   518560      4944  27083480  0.00  0.00    1.03    1.09    0    0  (Gen:  0)
   518216      4672  27085888  0.00  0.00    1.03    1.09    0    0  (Gen:  0)
   518200      4920  27088968  0.00  0.00    1.03    1.09    0    0  (Gen:  0)
   518304      5176  27091072  0.00  0.00    1.03    1.10    0    0  (Gen:  0)
   518384      5208  27094040  0.00  0.00    1.03    1.10    0    0  (Gen:  0)
   518280      4152  27096104  0.00  0.00    1.03    1.10    0    0  (Gen:  0)
   518048      4416  27098800  0.00  0.00    1.03    1.10    0    0  (Gen:  0)
   517976      6704  27103512  0.00  0.00    1.03    1.10    0    0  (Gen:  0)
   519200      6816  27104744  0.00  0.00    1.03    1.10    0    0  (Gen:  0)
   517352      6632  27109720  0.00  0.00    1.03    1.10    0    0  (Gen:  0)
   517904      4992  27113680  0.00  0.00    1.03    1.10    0    0  (Gen:  0)
   518240      5056  27116656  0.00  0.00    1.03    1.10    0    0  (Gen:  0)
   517528      7440  27120848  0.00  0.00    1.03    1.10    0    0  (Gen:  0)
   519728      6240  27121720  0.00  0.00    1.03    1.10    0    0  (Gen:  0)
   518296      6784  27126928  0.00  0.00    1.03    1.10    0    0  (Gen:  0)
   517592      6944  27131752  0.00  0.00    1.03    1.10    0    0  (Gen:  0)
   517856      5640  27134848  0.00  0.00    1.03    1.10    0    0  (Gen:  0)
   518000      5352  27136216  0.00  0.00    1.03    1.10    0    0  (Gen:  0)
   518528      5360  27138704  0.00  0.00    1.03    1.10    0    0  (Gen:  0)
   518536      7576  27142872  0.00  0.00    1.03    1.10    0    0  (Gen:  0)
   518736      6112  27143576  0.00  0.00    1.03    1.10    0    0  (Gen:  0)
   518008      8320  27150416  0.00  0.00    1.03    1.10    0    0  (Gen:  0)
   518704      6728  27154216  0.00  0.00    1.03    1.10    0    0  (Gen:  0)
   517984      5176  27156304  0.00  0.00    1.03    1.10    0    0  (Gen:  0)
   518696      6488  27159464  0.00  0.00    1.03    1.10    0    0  (Gen:  0)
   518624      5528  27161024  0.00  0.00    1.03    1.10    0    0  (Gen:  0)
   518008      6024  27163984  0.00  0.00    1.03    1.10    0    0  (Gen:  0)
   518096      5576  27165928  0.00  0.00    1.03    1.10    0    0  (Gen:  0)
   518368      5352  27168168  0.00  0.00    1.03    1.10    0    0  (Gen:  0)
   516360      6680  27171496  0.00  0.00    1.03    1.10    0    0  (Gen:  0)
   516056      5752  27172344  0.00  0.00    1.03    1.10    0    0  (Gen:  0)
   518208     10192  27181248  0.00  0.00    1.03    1.10    0    0  (Gen:  0)
   517584      6504  27185160  0.00  0.00    1.03    1.10    0    0  (Gen:  0)
   518320      6136  27187536  0.00  0.00    1.03    1.10    0    0  (Gen:  0)
   518192      5480  27189752  0.00  0.00    1.03    1.10    0    0  (Gen:  0)
   518352      5664  27191920  0.00  0.00    1.03    1.10    0    0  (Gen:  0)
   518080      6368  27194616  0.00  0.00    1.03    1.10    0    0  (Gen:  0)
   517520      5264  27196344  0.00  0.00    1.03    1.10    0    0  (Gen:  0)
   517848      5264  27197960  0.00  0.00    1.03    1.10    0    0  (Gen:  0)
   518048      4768  27199960  0.00  0.00    1.03    1.10    0    0  (Gen:  0)
   518552      4496  27201520  0.00  0.00    1.03    1.10    0    0  (Gen:  0)
   518416      3896  27203376  0.00  0.00    1.03    1.10    0    0  (Gen:  0)
   518264      4472  27205696  0.00  0.00    1.03    1.10    0    0  (Gen:  0)
   518072      5008  27208328  0.00  0.00    1.04    1.10    0    0  (Gen:  0)
   518208      4776  27210720  0.00  0.00    1.04    1.10    0    0  (Gen:  0)
   518112      4792  27212840  0.00  0.00    1.04    1.10    0    0  (Gen:  0)
   518496      4344  27214448  0.00  0.00    1.04    1.10    0    0  (Gen:  0)
   517896      6736  27218808  0.00  0.00    1.04    1.10    0    0  (Gen:  0)
   516040      6600  27219952  0.00  0.00    1.04    1.10    0    0  (Gen:  0)
   517416      6752  27225144  0.00  0.00    1.04    1.10    0    0  (Gen:  0)
   517696      7168  27230528  0.00  0.00    1.04    1.10    0    0  (Gen:  0)
   518336      4744  27232984  0.00  0.00    1.04    1.10    0    0  (Gen:  0)
   518032      5416  27235264  0.00  0.00    1.04    1.10    0    0  (Gen:  0)
   518216      5064  27237904  0.00  0.00    1.04    1.10    0    0  (Gen:  0)
   518256      7200  27242632  0.00  0.00    1.04    1.10    0    0  (Gen:  0)
   516552      6832  27244264  0.00  0.00    1.04    1.10    0    0  (Gen:  0)
   516808      3160  27245864  0.00  0.00    1.04    1.10    0    0  (Gen:  0)
   518488      8976  27254688  0.00  0.00    1.04    1.10    0    0  (Gen:  0)
   517520      6768  27257608  0.00  0.00    1.04    1.10    0    0  (Gen:  0)
   517984      6280  27260832  0.00  0.00    1.04    1.10    0    0  (Gen:  0)
   517720      4992  27261984  0.00  0.00    1.04    1.10    0    0  (Gen:  0)
   518736      4536  27263888  0.00  0.00    1.04    1.10    0    0  (Gen:  0)
   518096      4184  27265544  0.00  0.00    1.04    1.10    0    0  (Gen:  0)
   516392      6392  27269448  0.00  0.00    1.04    1.10    0    0  (Gen:  0)
   517240      5736  27270720  0.00  0.00    1.04    1.11    0    0  (Gen:  0)
   518144      8984  27278928  0.00  0.00    1.04    1.11    0    0  (Gen:  0)
   517664      6608  27283256  0.00  0.00    1.04    1.11    0    0  (Gen:  0)
   517624      5096  27284280  0.00  0.00    1.04    1.11    0    0  (Gen:  0)
   517704      4880  27286072  0.00  0.00    1.04    1.11    0    0  (Gen:  0)
   518528      6520  27289696  0.00  0.00    1.04    1.11    0    0  (Gen:  0)
   517608      5480  27291784  0.00  0.00    1.04    1.11    0    0  (Gen:  0)
   517392      5744  27294136  0.00  0.00    1.04    1.11    0    0  (Gen:  0)
   517976      5248  27295496  0.00  0.00    1.04    1.11    0    0  (Gen:  0)
   518096      6704  27298760  0.00  0.00    1.04    1.11    0    0  (Gen:  0)
   517504      6040  27301392  0.00  0.00    1.04    1.11    0    0  (Gen:  0)
   517344      5176  27302472  0.00  0.00    1.04    1.11    0    0  (Gen:  0)
   517984      4712  27304192  0.00  0.00    1.04    1.11    0    0  (Gen:  0)
   517992      4656  27306104  0.00  0.00    1.04    1.11    0    0  (Gen:  0)
   517440      5104  27307840  0.00  0.00    1.04    1.11    0    0  (Gen:  0)
   518368      6848  27311624  0.00  0.00    1.04    1.11    0    0  (Gen:  0)
   518040      6576  27312456  0.00  0.00    1.04    1.11    0    0  (Gen:  0)
   518376      9424  27320328  0.00  0.00    1.04    1.11    0    0  (Gen:  0)
   518088      6968  27323792  0.00  0.00    1.04    1.11    0    0  (Gen:  0)
   518216      4488  27326432  0.00  0.00    1.04    1.11    0    0  (Gen:  0)
   518336      5432  27329416  0.00  0.00    1.04    1.11    0    0  (Gen:  0)
   518400      5888  27332064  0.00  0.00    1.04    1.11    0    0  (Gen:  0)
   517536      6912  27335240  0.00  0.00    1.04    1.11    0    0  (Gen:  0)
   517688      5880  27337640  0.00  0.00    1.04    1.11    0    0  (Gen:  0)
   517704      6216  27340192  0.00  0.00    1.04    1.11    0    0  (Gen:  0)
   517320      5824  27341872  0.00  0.00    1.04    1.11    0    0  (Gen:  0)
   518304      6608  27345624  0.00  0.00    1.04    1.11    0    0  (Gen:  0)
   518568      6592  27346488  0.00  0.00    1.04    1.11    0    0  (Gen:  0)
   518288      8152  27353040  0.00  0.00    1.04    1.11    0    0  (Gen:  0)
   518184      7760  27358248  0.00  0.00    1.04    1.11    0    0  (Gen:  0)
   517984      7432  27360288  0.00  0.00    1.04    1.11    0    0  (Gen:  0)
   517736      8720  27366568  0.00  0.00    1.04    1.11    0    0  (Gen:  0)
   518184      7992  27372768  0.00  0.00    1.04    1.11    0    0  (Gen:  0)
   291288  25597768  25655096  0.04  0.03    1.08    1.15    0    0  (Gen:  1)
   517112      7512  25659520  0.00  0.00    1.08    1.15    0    0  (Gen:  0)
   518648      7064  25662368  0.00  0.00    1.08    1.15    0    0  (Gen:  0)
   518616      7248  25665112  0.00  0.00    1.08    1.15    0    0  (Gen:  0)
   517832      6232  25666936  0.00  0.00    1.08    1.15    0    0  (Gen:  0)
   518296      7664  25670096  0.00  0.00    1.08    1.15    0    0  (Gen:  0)
   518480      6864  25671648  0.00  0.00    1.08    1.15    0    0  (Gen:  0)
   518152      6824  25676600  0.00  0.00    1.08    1.15    0    0  (Gen:  0)
   517752      9360  25684624  0.00  0.00    1.08    1.15    0    0  (Gen:  0)
   517664      7832  25689088  0.00  0.00    1.08    1.15    0    0  (Gen:  0)
   518696      7744  25693120  0.00  0.00    1.08    1.15    0    0  (Gen:  0)
   518616      6840  25693704  0.00  0.00    1.08    1.15    0    0  (Gen:  0)
   518080      6008  25698344  0.00  0.00    1.08    1.15    0    0  (Gen:  0)
   518168     10784  25706352  0.00  0.00    1.08    1.15    0    0  (Gen:  0)
   517488      8536  25712648  0.00  0.00    1.08    1.15    0    0  (Gen:  0)
   518536      8336  25717488  0.00  0.00    1.08    1.15    0    0  (Gen:  0)
   520344      7440  25719648  0.00  0.00    1.08    1.15    0    0  (Gen:  0)
   517520      3688  25721048  0.00  0.00    1.08    1.15    0    0  (Gen:  0)
   518168      8800  25729696  0.00  0.00    1.08    1.15    0    0  (Gen:  0)
   518192      7576  25735984  0.00  0.00    1.08    1.15    0    0  (Gen:  0)
   517664      5376  25737592  0.00  0.00    1.08    1.15    0    0  (Gen:  0)
   518360     10376  25744104  0.00  0.00    1.08    1.15    0    0  (Gen:  0)
   518456      8216  25746216  0.00  0.00    1.08    1.15    0    0  (Gen:  0)
   517304      8384  25747680  0.00  0.00    1.08    1.15    0    0  (Gen:  0)
   517440      8864  25751552  0.00  0.00    1.08    1.15    0    0  (Gen:  0)
   517456      8512  25752456  0.00  0.00    1.08    1.15    0    0  (Gen:  0)
   518016      9312  25760064  0.00  0.00    1.08    1.15    0    0  (Gen:  0)
   517960     10728  25767504  0.00  0.00    1.08    1.15    0    0  (Gen:  0)
   517712     10576  25774856  0.00  0.00    1.08    1.15    0    0  (Gen:  0)
   518104      7464  25777576  0.00  0.00    1.08    1.15    0    0  (Gen:  0)
   517976      6312  25778880  0.00  0.00    1.08    1.15    0    0  (Gen:  0)
   517296      5760  25780352  0.00  0.00    1.08    1.15    0    0  (Gen:  0)
   517624      9928  25786112  0.00  0.00    1.08    1.15    0    0  (Gen:  0)
   517880      5792  25789088  0.00  0.00    1.08    1.15    0    0  (Gen:  0)
   518784      5912  25791344  0.00  0.00    1.08    1.15    0    0  (Gen:  0)
   518232      7792  25795424  0.00  0.00    1.08    1.15    0    0  (Gen:  0)
   517768      9208  25800648  0.00  0.00    1.08    1.15    0    0  (Gen:  0)
   519104      6744  25800896  0.00  0.00    1.08    1.15    0    0  (Gen:  0)
   518896      6096  25805560  0.00  0.00    1.08    1.15    0    0  (Gen:  0)
   517968      9712  25811928  0.00  0.00    1.08    1.15    0    0  (Gen:  0)
   518848      5712  25816136  0.00  0.00    1.08    1.15    0    0  (Gen:  0)
   518136      6856  25820112  0.00  0.00    1.08    1.15    0    0  (Gen:  0)
   518640      9008  25824664  0.00  0.00    1.08    1.15    0    0  (Gen:  0)
   518488      7464  25826760  0.00  0.00    1.08    1.15    0    0  (Gen:  0)
   518184      6000  25828448  0.00  0.00    1.08    1.15    0    0  (Gen:  0)
   518400      7928  25832800  0.00  0.00    1.08    1.15    0    0  (Gen:  0)
   518864      9880  25838376  0.00  0.00    1.08    1.15    0    0  (Gen:  0)
   518096      7112  25839512  0.00  0.00    1.09    1.15    0    0  (Gen:  0)
   517440      8040  25844536  0.00  0.00    1.09    1.15    0    0  (Gen:  0)
   518328      7056  25847024  0.00  0.00    1.09    1.15    0    0  (Gen:  0)
   519112      9752  25852704  0.00  0.00    1.09    1.15    0    0  (Gen:  0)
   518456      7864  25856744  0.00  0.00    1.09    1.15    0    0  (Gen:  0)
   518608      5080  25858080  0.00  0.00    1.09    1.15    0    0  (Gen:  0)
   518688      5936  25860648  0.00  0.00    1.09    1.15    0    0  (Gen:  0)
   518160      6936  25862848  0.00  0.00    1.09    1.15    0    0  (Gen:  0)
   518256      8744  25866896  0.00  0.00    1.09    1.15    0    0  (Gen:  0)
   517592      6032  25868792  0.00  0.00    1.09    1.15    0    0  (Gen:  0)
   517096      7944  25872800  0.00  0.00    1.09    1.15    0    0  (Gen:  0)
   518136      7272  25874008  0.00  0.00    1.09    1.15    0    0  (Gen:  0)
   517784      7896  25880080  0.00  0.00    1.09    1.15    0    0  (Gen:  0)
   518472      9344  25888552  0.00  0.00    1.09    1.15    0    0  (Gen:  0)
   517920      6472  25891840  0.00  0.00    1.09    1.15    0    0  (Gen:  0)
   518312      7752  25896872  0.00  0.00    1.09    1.15    0    0  (Gen:  0)
   517544      9208  25901480  0.00  0.00    1.09    1.15    0    0  (Gen:  0)
   518024      7640  25902760  0.00  0.00    1.09    1.15    0    0  (Gen:  0)
   518416      7304  25908304  0.00  0.00    1.09    1.15    0    0  (Gen:  0)
   517928     11072  25917216  0.00  0.00    1.09    1.15    0    0  (Gen:  0)
   518376      8312  25922712  0.00  0.00    1.09    1.15    0    0  (Gen:  0)
   518000      5368  25924896  0.00  0.00    1.09    1.15    0    0  (Gen:  0)
   518944      7760  25929080  0.00  0.00    1.09    1.15    0    0  (Gen:  0)
   519264      6680  25930008  0.00  0.00    1.09    1.16    0    0  (Gen:  0)
   518240     10704  25938896  0.00  0.00    1.09    1.16    0    0  (Gen:  0)
   517216      6784  25939912  0.00  0.00    1.09    1.16    0    0  (Gen:  0)
   518048      6280  25944480  0.00  0.00    1.09    1.16    0    0  (Gen:  0)
   519016     11872  25953288  0.00  0.00    1.09    1.16    0    0  (Gen:  0)
   517872      9904  25960872  0.00  0.00    1.09    1.16    0    0  (Gen:  0)
   517888      7112  25964992  0.00  0.00    1.09    1.16    0    0  (Gen:  0)
   517960      6928  25968192  0.00  0.00    1.09    1.16    0    0  (Gen:  0)
   517920      9472  25972320  0.00  0.00    1.09    1.16    0    0  (Gen:  0)
   517400      7648  25974064  0.00  0.00    1.09    1.16    0    0  (Gen:  0)
   517472      6520  25976232  0.00  0.00    1.09    1.16    0    0  (Gen:  0)
   516928      5616  25978360  0.00  0.00    1.09    1.16    0    0  (Gen:  0)
   517736      8352  25983176  0.00  0.00    1.09    1.16    0    0  (Gen:  0)
   518744      8128  25987384  0.00  0.00    1.09    1.16    0    0  (Gen:  0)
   519104      7408  25988096  0.00  0.00    1.09    1.16    0    0  (Gen:  0)
   518688     10280  25996584  0.00  0.00    1.09    1.16    0    0  (Gen:  0)
   518560      9688  26004312  0.00  0.00    1.09    1.16    0    0  (Gen:  0)
   518592      4728  26006384  0.00  0.00    1.09    1.16    0    0  (Gen:  0)
   518320      9176  26013184  0.00  0.00    1.09    1.16    0    0  (Gen:  0)
   518128      5792  26015944  0.00  0.00    1.09    1.16    0    0  (Gen:  0)
   517984      5200  26017616  0.00  0.00    1.09    1.16    0    0  (Gen:  0)
   518032      6696  26021040  0.00  0.00    1.09    1.16    0    0  (Gen:  0)
   518136      5472  26023000  0.00  0.00    1.09    1.16    0    0  (Gen:  0)
   517736      5888  26025440  0.00  0.00    1.09    1.16    0    0  (Gen:  0)
   516872      6368  26027600  0.00  0.00    1.09    1.16    0    0  (Gen:  0)
   515608      5224  26029864  0.00  0.00    1.09    1.16    0    0  (Gen:  0)
   518208      6384  26033168  0.00  0.00    1.09    1.16    0    0  (Gen:  0)
   518328      5904  26035152  0.00  0.00    1.09    1.16    0    0  (Gen:  0)
   517048      6984  26038632  0.00  0.00    1.09    1.16    0    0  (Gen:  0)
   517528      5792  26040672  0.00  0.00    1.09    1.16    0    0  (Gen:  0)
   518320      5880  26043240  0.00  0.00    1.09    1.16    0    0  (Gen:  0)
   518184      5168  26044808  0.00  0.00    1.09    1.16    0    0  (Gen:  0)
   518296      5432  26046816  0.00  0.00    1.09    1.16    0    0  (Gen:  0)
   517552      5128  26049056  0.00  0.00    1.09    1.16    0    0  (Gen:  0)
   518464      5952  26051912  0.00  0.00    1.09    1.16    0    0  (Gen:  0)
   518792      5616  26053944  0.00  0.00    1.09    1.16    0    0  (Gen:  0)
   518048      6144  26057088  0.00  0.00    1.09    1.16    0    0  (Gen:  0)
   518512      6072  26059008  0.00  0.00    1.09    1.16    0    0  (Gen:  0)
   518448      6296  26061240  0.00  0.00    1.09    1.16    0    0  (Gen:  0)
   518856      5488  26063016  0.00  0.00    1.09    1.16    0    0  (Gen:  0)
   518640      4832  26064432  0.00  0.00    1.09    1.16    0    0  (Gen:  0)
   518152      4496  26066136  0.00  0.00    1.09    1.16    0    0  (Gen:  0)
   518696      6264  26069752  0.00  0.00    1.09    1.16    0    0  (Gen:  0)
   518336      5128  26070800  0.00  0.00    1.09    1.16    0    0  (Gen:  0)
   517928      5544  26073248  0.00  0.00    1.09    1.16    0    0  (Gen:  0)
   518608      5976  26076240  0.00  0.00    1.09    1.16    0    0  (Gen:  0)
   517728      6432  26078440  0.00  0.00    1.09    1.16    0    0  (Gen:  0)
   518784      5984  26080264  0.00  0.00    1.09    1.16    0    0  (Gen:  0)
   518616      5536  26082336  0.00  0.00    1.09    1.16    0    0  (Gen:  0)
   517688      6440  26085176  0.00  0.00    1.09    1.16    0    0  (Gen:  0)
   518640      5920  26086896  0.00  0.00    1.09    1.16    0    0  (Gen:  0)
   517592      5320  26088576  0.00  0.00    1.09    1.16    0    0  (Gen:  0)
   518832      5192  26090440  0.00  0.00    1.10    1.16    0    0  (Gen:  0)
   518248      5024  26092968  0.00  0.00    1.10    1.16    0    0  (Gen:  0)
   518176      4888  26094816  0.00  0.00    1.10    1.16    0    0  (Gen:  0)
   518800      5072  26096984  0.00  0.00    1.10    1.16    0    0  (Gen:  0)
   517672      5424  26099376  0.00  0.00    1.10    1.16    0    0  (Gen:  0)
   517512      4520  26101576  0.00  0.00    1.10    1.16    0    0  (Gen:  0)
   518928      5552  26104544  0.00  0.00    1.10    1.16    0    0  (Gen:  0)
   518928      4176  26106088  0.00  0.00    1.10    1.16    0    0  (Gen:  0)
   517968      7240  26111064  0.00  0.00    1.10    1.16    0    0  (Gen:  0)
   516912      6344  26111592  0.00  0.00    1.10    1.16    0    0  (Gen:  0)
   517480      5200  26115296  0.00  0.00    1.10    1.16    0    0  (Gen:  0)
   517960      9336  26122480  0.00  0.00    1.10    1.16    0    0  (Gen:  0)
   517576      6416  26126288  0.00  0.00    1.10    1.16    0    0  (Gen:  0)
   518632      6112  26128376  0.00  0.00    1.10    1.16    0    0  (Gen:  0)
   518864      5064  26129936  0.00  0.00    1.10    1.16    0    0  (Gen:  0)
   517440      5248  26132104  0.00  0.00    1.10    1.16    0    0  (Gen:  0)
   518024      6952  26135800  0.00  0.00    1.10    1.16    0    0  (Gen:  0)
   518184      5408  26137096  0.00  0.00    1.10    1.16    0    0  (Gen:  0)
   519440      5464  26139240  0.00  0.00    1.10    1.16    0    0  (Gen:  0)
   518336      5888  26141472  0.00  0.00    1.10    1.16    0    0  (Gen:  0)
   517312      5144  26143120  0.00  0.00    1.10    1.16    0    0  (Gen:  0)
   517592      5416  26145392  0.00  0.00    1.10    1.16    0    0  (Gen:  0)
   518112      6112  26148056  0.00  0.00    1.10    1.17    0    0  (Gen:  0)
   518032      6288  26150360  0.00  0.00    1.10    1.17    0    0  (Gen:  0)
   517840      4672  26151544  0.00  0.00    1.10    1.17    0    0  (Gen:  0)
   518416      5080  26154144  0.00  0.00    1.10    1.17    0    0  (Gen:  0)
   517352      5512  26156256  0.00  0.00    1.10    1.17    0    0  (Gen:  0)
   517040      6912  26159912  0.00  0.00    1.10    1.17    0    0  (Gen:  0)
   516864      6160  26160776  0.00  0.00    1.10    1.17    0    0  (Gen:  0)
   517856      7032  26166400  0.00  0.00    1.10    1.17    0    0  (Gen:  0)
   517992      7960  26172856  0.00  0.00    1.10    1.17    0    0  (Gen:  0)
   518712      5384  26174384  0.00  0.00    1.10    1.17    0    0  (Gen:  0)
   519128      5912  26177288  0.00  0.00    1.10    1.17    0    0  (Gen:  0)
   517288      5320  26179480  0.00  0.00    1.10    1.17    0    0  (Gen:  0)
   517456      5504  26182128  0.00  0.00    1.10    1.17    0    0  (Gen:  0)
   518272      6784  26185760  0.00  0.00    1.10    1.17    0    0  (Gen:  0)
   517024      6608  26187072  0.00  0.00    1.10    1.17    0    0  (Gen:  0)
   518832      9088  26194480  0.00  0.00    1.10    1.17    0    0  (Gen:  0)
   519856      6984  26199424  0.00  0.00    1.10    1.17    0    0  (Gen:  0)
   519416      6368  26202008  0.00  0.00    1.10    1.17    0    0  (Gen:  0)
   519392      5856  26204216  0.00  0.00    1.10    1.17    0    0  (Gen:  0)
   518240      5752  26206168  0.00  0.00    1.10    1.17    0    0  (Gen:  0)
   517456      5472  26208208  0.00  0.00    1.10    1.17    0    0  (Gen:  0)
   517592      7296  26212040  0.00  0.00    1.10    1.17    0    0  (Gen:  0)
   517664      6840  26213056  0.00  0.00    1.10    1.17    0    0  (Gen:  0)
   517288      9008  26220048  0.00  0.00    1.10    1.17    0    0  (Gen:  0)
   519712      7888  26224688  0.00  0.00    1.10    1.17    0    0  (Gen:  0)
   519552      4880  26226376  0.00  0.00    1.10    1.17    0    0  (Gen:  0)
   519712      4496  26228152  0.00  0.00    1.10    1.17    0    0  (Gen:  0)
   520152      6328  26231208  0.00  0.00    1.10    1.17    0    0  (Gen:  0)
   519760      5600  26233608  0.00  0.00    1.10    1.17    0    0  (Gen:  0)
   519992      5616  26235736  0.00  0.00    1.10    1.17    0    0  (Gen:  0)
   519968      5744  26238128  0.00  0.00    1.10    1.17    0    0  (Gen:  0)
   519840      6552  26240728  0.00  0.00    1.10    1.17    0    0  (Gen:  0)
   520048      5824  26242824  0.00  0.00    1.10    1.17    0    0  (Gen:  0)
   519576      5672  26245088  0.00  0.00    1.10    1.17    0    0  (Gen:  0)
   519880      5184  26246792  0.00  0.00    1.10    1.17    0    0  (Gen:  0)
   519856      5472  26249144  0.00  0.00    1.10    1.17    0    0  (Gen:  0)
   519880      5256  26250528  0.00  0.00    1.10    1.17    0    0  (Gen:  0)
   520056      4248  26251440  0.00  0.00    1.10    1.17    0    0  (Gen:  0)
   519320      4936  26254048  0.00  0.00    1.10    1.17    0    0  (Gen:  0)
   517352      5936  26256368  0.00  0.00    1.10    1.17    0    0  (Gen:  0)
   517416      5720  26258680  0.00  0.00    1.10    1.17    0    0  (Gen:  0)
   517640      5960  26261024  0.00  0.00    1.10    1.17    0    0  (Gen:  0)
   518672      6696  26263904  0.00  0.00    1.10    1.17    0    0  (Gen:  0)
   519440      5720  26266416  0.00  0.00    1.10    1.17    0    0  (Gen:  0)
   519152      5872  26268640  0.00  0.00    1.10    1.17    0    0  (Gen:  0)
   518784      5504  26270944  0.00  0.00    1.10    1.17    0    0  (Gen:  0)
   520072      5144  26272672  0.00  0.00    1.10    1.17    0    0  (Gen:  0)
   519792      6776  26276520  0.00  0.00    1.10    1.17    0    0  (Gen:  0)
   519816      8544  26280640  0.00  0.00    1.10    1.17    0    0  (Gen:  0)
   518440      7656  26281536  0.00  0.00    1.10    1.17    0    0  (Gen:  0)
   519128      5872  26285776  0.00  0.00    1.10    1.17    0    0  (Gen:  0)
   519944      9584  26292952  0.00  0.00    1.10    1.17    0    0  (Gen:  0)
   516672      8752  26298672  0.00  0.00    1.10    1.17    0    0  (Gen:  0)
   518840      7216  26299896  0.00  0.00    1.10    1.17    0    0  (Gen:  0)
   517912      9392  26307296  0.00  0.00    1.10    1.17    0    0  (Gen:  0)
   518272      6472  26308664  0.00  0.00    1.10    1.17    0    0  (Gen:  0)
   518608      6016  26312920  0.00  0.00    1.11    1.17    0    0  (Gen:  0)
   518448     11072  26320888  0.00  0.00    1.11    1.17    0    0  (Gen:  0)
   517592     10472  26328280  0.00  0.00    1.11    1.17    0    0  (Gen:  0)
   518872      7456  26329560  0.00  0.00    1.11    1.17    0    0  (Gen:  0)
   518352      4880  26332584  0.00  0.00    1.11    1.17    0    0  (Gen:  0)
   518768      9144  26340840  0.00  0.00    1.11    1.17    0    0  (Gen:  0)
   517264      5896  26345384  0.00  0.00    1.11    1.17    0    0  (Gen:  0)
   518200      7656  26350792  0.00  0.00    1.11    1.17    0    0  (Gen:  0)
   517952      7152  26351408  0.00  0.00    1.11    1.17    0    0  (Gen:  0)
   518024      8336  26358384  0.00  0.00    1.11    1.17    0    0  (Gen:  0)
   518240      6672  26358808  0.00  0.00    1.11    1.17    0    0  (Gen:  0)
   517968      4160  26360952  0.00  0.00    1.11    1.17    0    0  (Gen:  0)
   518120      9184  26369512  0.00  0.00    1.11    1.17    0    0  (Gen:  0)
   518256      8472  26376360  0.00  0.00    1.11    1.17    0    0  (Gen:  0)
   519688      6872  26376944  0.00  0.00    1.11    1.17    0    0  (Gen:  0)
   518368      7432  26383064  0.00  0.00    1.11    1.17    0    0  (Gen:  0)
   518928      7232  26384600  0.00  0.00    1.11    1.17    0    0  (Gen:  0)
   518696      7320  26389888  0.00  0.00    1.11    1.17    0    0  (Gen:  0)
   518344     11568  26399176  0.00  0.00    1.11    1.17    0    0  (Gen:  0)
   518728      7784  26403832  0.00  0.00    1.11    1.17    0    0  (Gen:  0)
   518832      5232  26405424  0.00  0.00    1.11    1.17    0    0  (Gen:  0)
   518792      5976  26407680  0.00  0.00    1.11    1.17    0    0  (Gen:  0)
   518848      5584  26408824  0.00  0.00    1.11    1.18    0    0  (Gen:  0)
   517888     10128  26415032  0.00  0.00    1.11    1.18    0    0  (Gen:  0)
   518520      7672  26416576  0.00  0.00    1.11    1.18    0    0  (Gen:  0)
   518192      9136  26423576  0.00  0.00    1.11    1.18    0    0  (Gen:  0)
   518520     10216  26432696  0.00  0.00    1.11    1.18    0    0  (Gen:  0)
   517408     12424  26442864  0.00  0.00    1.11    1.18    0    0  (Gen:  0)
   518176      6520  26443656  0.00  0.00    1.11    1.18    0    0  (Gen:  0)
   517304      3744  26445904  0.00  0.00    1.11    1.18    0    0  (Gen:  0)
   518504     10224  26455592  0.00  0.00    1.11    1.18    0    0  (Gen:  0)
   518376      9840  26463608  0.00  0.00    1.11    1.18    0    0  (Gen:  0)
   518104      7248  26467432  0.00  0.00    1.11    1.18    0    0  (Gen:  0)
   517248      6824  26470376  0.00  0.00    1.11    1.18    0    0  (Gen:  0)
   517504      7808  26473192  0.00  0.00    1.11    1.18    0    0  (Gen:  0)
   518576      7664  26476112  0.00  0.00    1.11    1.18    0    0  (Gen:  0)
   518352      8496  26479872  0.00  0.00    1.11    1.18    0    0  (Gen:  0)
   517392      7464  26483328  0.00  0.00    1.11    1.18    0    0  (Gen:  0)
   518816      7104  26485296  0.00  0.00    1.11    1.18    0    0  (Gen:  0)
   519040      8304  26488984  0.00  0.00    1.11    1.18    0    0  (Gen:  0)
   519048      5552  26490616  0.00  0.00    1.11    1.18    0    0  (Gen:  0)
   518472      6736  26494856  0.00  0.00    1.11    1.18    0    0  (Gen:  0)
   518048      7192  26497096  0.00  0.00    1.11    1.18    0    0  (Gen:  0)
   518248      7824  26500256  0.00  0.00    1.11    1.18    0    0  (Gen:  0)
   517568      8512  26504096  0.00  0.00    1.11    1.18    0    0  (Gen:  0)
   518456      6784  26506688  0.00  0.00    1.11    1.18    0    0  (Gen:  0)
   518328      7192  26509312  0.00  0.00    1.11    1.18    0    0  (Gen:  0)
   518240      8056  26512680  0.00  0.00    1.11    1.18    0    0  (Gen:  0)
   517704     10248  26518352  0.00  0.00    1.11    1.18    0    0  (Gen:  0)
   519144      7168  26519960  0.00  0.00    1.11    1.18    0    0  (Gen:  0)
   518256      8496  26524904  0.00  0.00    1.11    1.18    0    0  (Gen:  0)
   517464      7216  26528880  0.00  0.00    1.11    1.18    0    0  (Gen:  0)
   518008      9968  26534384  0.00  0.00    1.11    1.18    0    0  (Gen:  0)
   517248      9848  26539272  0.00  0.00    1.11    1.18    0    0  (Gen:  0)
   518408      7280  26542624  0.00  0.00    1.11    1.18    0    0  (Gen:  0)
   517216      6200  26544304  0.00  0.00    1.11    1.18    0    0  (Gen:  0)
   518024      8504  26548312  0.00  0.00    1.11    1.18    0    0  (Gen:  0)
   518080      8200  26549328  0.00  0.00    1.11    1.18    0    0  (Gen:  0)
   517784      7728  26555320  0.00  0.00    1.11    1.18    0    0  (Gen:  0)
   517936     11648  26564136  0.00  0.00    1.11    1.18    0    0  (Gen:  0)
   519408      7488  26569304  0.00  0.00    1.11    1.18    0    0  (Gen:  0)
   518088      6128  26572464  0.00  0.00    1.11    1.18    0    0  (Gen:  0)
   518320      6784  26575088  0.00  0.00    1.11    1.18    0    0  (Gen:  0)
   518328     11352  26581416  0.00  0.00    1.11    1.18    0    0  (Gen:  0)
   519152      6888  26582392  0.00  0.00    1.11    1.18    0    0  (Gen:  0)
   518240      6984  26587808  0.00  0.00    1.11    1.18    0    0  (Gen:  0)
   518248     12136  26596544  0.00  0.00    1.11    1.18    0    0  (Gen:  0)
   517832     11048  26603536  0.00  0.00    1.11    1.18    0    0  (Gen:  0)
   518616      7848  26608400  0.00  0.00    1.11    1.18    0    0  (Gen:  0)
   518728      6680  26611512  0.00  0.00    1.11    1.18    0    0  (Gen:  0)
   517968      6432  26612760  0.00  0.00    1.11    1.18    0    0  (Gen:  0)
   517960      5528  26613496  0.00  0.00    1.11    1.18    0    0  (Gen:  0)
   518488      6328  26615584  0.00  0.00    1.11    1.18    0    0  (Gen:  0)
   517752      5600  26617120  0.00  0.00    1.11    1.18    0    0  (Gen:  0)
   518440      8184  26621384  0.00  0.00    1.11    1.18    0    0  (Gen:  0)
   519776      7504  26622200  0.00  0.00    1.11    1.18    0    0  (Gen:  0)
   518288      8336  26628936  0.00  0.00    1.11    1.18    0    0  (Gen:  0)
   519024      7280  26630144  0.00  0.00    1.11    1.18    0    0  (Gen:  0)
   518000      7960  26636152  0.00  0.00    1.11    1.18    0    0  (Gen:  0)
   517984     11216  26645488  0.00  0.00    1.11    1.18    0    0  (Gen:  0)
   518672     10552  26652640  0.00  0.00    1.12    1.18    0    0  (Gen:  0)
   517896      8040  26657800  0.00  0.00    1.12    1.18    0    0  (Gen:  0)
   517856      8904  26662496  0.00  0.00    1.12    1.18    0    0  (Gen:  0)
   518000     10368  26667296  0.00  0.00    1.12    1.18    0    0  (Gen:  0)
   518024     13056  26673360  0.00  0.00    1.12    1.18    0    0  (Gen:  0)
   517584      8880  26674648  0.00  0.00    1.12    1.18    0    0  (Gen:  0)
   518248      7568  26680264  0.00  0.00    1.12    1.18    0    0  (Gen:  0)
   518176     12520  26691688  0.00  0.00    1.12    1.18    0    0  (Gen:  0)
   517408      7128  26694360  0.00  0.00    1.12    1.18    0    0  (Gen:  0)
   518216      4496  26695560  0.00  0.00    1.12    1.18    0    0  (Gen:  0)
   518088      4712  26699584  0.00  0.00    1.12    1.18    0    0  (Gen:  0)
   518280      5248  26700944  0.00  0.00    1.12    1.18    0    0  (Gen:  0)
   518184     14336  26713000  0.00  0.00    1.12    1.18    0    0  (Gen:  0)
   517936     13528  26723560  0.00  0.00    1.12    1.18    0    0  (Gen:  0)
   518440     10976  26731736  0.00  0.00    1.12    1.18    0    0  (Gen:  0)
   518560      9240  26737376  0.00  0.00    1.12    1.18    0    0  (Gen:  0)
   518248      7216  26740096  0.00  0.00    1.12    1.18    0    0  (Gen:  0)
   518168      8424  26743104  0.00  0.00    1.12    1.18    0    0  (Gen:  0)
   518088      8424  26746120  0.00  0.00    1.12    1.18    0    0  (Gen:  0)
   518240      7296  26748920  0.00  0.00    1.12    1.19    0    0  (Gen:  0)
   518424      7096  26751960  0.00  0.00    1.12    1.19    0    0  (Gen:  0)
   517672      8472  26756384  0.00  0.00    1.12    1.19    0    0  (Gen:  0)
   518336      4656  26758216  0.00  0.00    1.12    1.19    0    0  (Gen:  0)
   519088      5960  26761224  0.00  0.00    1.12    1.19    0    0  (Gen:  0)
   518272      6696  26763800  0.00  0.00    1.12    1.19    0    0  (Gen:  0)
   518296      5328  26765120  0.00  0.00    1.12    1.19    0    0  (Gen:  0)
   518552      5840  26767600  0.00  0.00    1.12    1.19    0    0  (Gen:  0)
   518360      7064  26770224  0.00  0.00    1.12    1.19    0    0  (Gen:  0)
   519360      6896  26772216  0.00  0.00    1.12    1.19    0    0  (Gen:  0)
   518464      6760  26774328  0.00  0.00    1.12    1.19    0    0  (Gen:  0)
   518336      7864  26777544  0.00  0.00    1.12    1.19    0    0  (Gen:  0)
   518400      7576  26780312  0.00  0.00    1.12    1.19    0    0  (Gen:  0)
   517752      5576  26782736  0.00  0.00    1.12    1.19    0    0  (Gen:  0)
   519296      4808  26784640  0.00  0.00    1.12    1.19    0    0  (Gen:  0)
   518608      5216  26787616  0.00  0.00    1.12    1.19    0    0  (Gen:  0)
   517808      7808  26792272  0.00  0.00    1.12    1.19    0    0  (Gen:  0)
   518248      6720  26793496  0.00  0.00    1.12    1.19    0    0  (Gen:  0)
   517216      6192  26797368  0.00  0.00    1.12    1.19    0    0  (Gen:  0)
   516896      6904  26802528  0.00  0.00    1.12    1.19    0    0  (Gen:  0)
   517984      5344  26805024  0.00  0.00    1.12    1.19    0    0  (Gen:  0)
   518360      5600  26807656  0.00  0.00    1.12    1.19    0    0  (Gen:  0)
   517768      5328  26809904  0.00  0.00    1.12    1.19    0    0  (Gen:  0)
   517416      5008  26811656  0.00  0.00    1.12    1.19    0    0  (Gen:  0)
   516856      4536  26813984  0.00  0.00    1.12    1.19    0    0  (Gen:  0)
   517976      4848  26816416  0.00  0.00    1.12    1.19    0    0  (Gen:  0)
   517344      5536  26820008  0.00  0.00    1.12    1.19    0    0  (Gen:  0)
   517192      5360  26821888  0.00  0.00    1.12    1.19    0    0  (Gen:  0)
   518216      5000  26824456  0.00  0.00    1.12    1.19    0    0  (Gen:  0)
   518200      5320  26827712  0.00  0.00    1.12    1.19    0    0  (Gen:  0)
   517800      5000  26830056  0.00  0.00    1.12    1.19    0    0  (Gen:  0)
   517592      7008  26834328  0.00  0.00    1.12    1.19    0    0  (Gen:  0)
   517296      6304  26835296  0.00  0.00    1.12    1.19    0    0  (Gen:  0)
   517080      6816  26840672  0.00  0.00    1.12    1.19    0    0  (Gen:  0)
   516952      6608  26845176  0.00  0.00    1.12    1.19    0    0  (Gen:  0)
   518384      5024  26847000  0.00  0.00    1.12    1.19    0    0  (Gen:  0)
   517112      7280  26851816  0.00  0.00    1.12    1.19    0    0  (Gen:  0)
   518880      6096  26852296  0.00  0.00    1.12    1.19    0    0  (Gen:  0)
   519256      5968  26856912  0.00  0.00    1.12    1.19    0    0  (Gen:  0)
   519048      7600  26861888  0.00  0.00    1.12    1.19    0    0  (Gen:  0)
   517784      4360  26864192  0.00  0.00    1.12    1.19    0    0  (Gen:  0)
   517432      5472  26867008  0.00  0.00    1.12    1.19    0    0  (Gen:  0)
   517528      5368  26868432  0.00  0.00    1.12    1.19    0    0  (Gen:  0)
   517232      7096  26872736  0.00  0.00    1.12    1.19    0    0  (Gen:  0)
   518936      6328  26873912  0.00  0.00    1.12    1.19    0    0  (Gen:  0)
   518864      7008  26879312  0.00  0.00    1.12    1.19    0    0  (Gen:  0)
   518360      6168  26884056  0.00  0.00    1.12    1.19    0    0  (Gen:  0)
   518120      4432  26886088  0.00  0.00    1.12    1.19    0    0  (Gen:  0)
   518024      5888  26889432  0.00  0.00    1.12    1.19    0    0  (Gen:  0)
   518360      5432  26891416  0.00  0.00    1.12    1.19    0    0  (Gen:  0)
   517400      5688  26894136  0.00  0.00    1.12    1.19    0    0  (Gen:  0)
   518120      5280  26896120  0.00  0.00    1.12    1.19    0    0  (Gen:  0)
   518120      4800  26898104  0.00  0.00    1.12    1.19    0    0  (Gen:  0)
   518328      6616  26901912  0.00  0.00    1.12    1.19    0    0  (Gen:  0)
   516472      6328  26902728  0.00  0.00    1.12    1.19    0    0  (Gen:  0)
   518168      9000  26910264  0.00  0.00    1.12    1.19    0    0  (Gen:  0)
   518160      6736  26915168  0.00  0.00    1.12    1.19    0    0  (Gen:  0)
   517736      6072  26917696  0.00  0.00    1.12    1.19    0    0  (Gen:  0)
   518120      5248  26919680  0.00  0.00    1.12    1.19    0    0  (Gen:  0)
   518264      5248  26921712  0.00  0.00    1.12    1.19    0    0  (Gen:  0)
   518040      6216  26924688  0.00  0.00    1.12    1.19    0    0  (Gen:  0)
   518056      5056  26926672  0.00  0.00    1.13    1.19    0    0  (Gen:  0)
   517568      6024  26929128  0.00  0.00    1.13    1.19    0    0  (Gen:  0)
   518408      5160  26930432  0.00  0.00    1.13    1.19    0    0  (Gen:  0)
   518360      4880  26932416  0.00  0.00    1.13    1.19    0    0  (Gen:  0)
   518360      4616  26934400  0.00  0.00    1.13    1.19    0    0  (Gen:  0)
   518312      4616  26936384  0.00  0.00    1.13    1.19    0    0  (Gen:  0)
   518216      5544  26939280  0.00  0.00    1.13    1.19    0    0  (Gen:  0)
   518256      4960  26941528  0.00  0.00    1.13    1.19    0    0  (Gen:  0)
   518120      4680  26943512  0.00  0.00    1.13    1.19    0    0  (Gen:  0)
   518312      4656  26945544  0.00  0.00    1.13    1.19    0    0  (Gen:  0)
   518520      7128  26949984  0.00  0.00    1.13    1.19    0    0  (Gen:  0)
   515984      6360  26950896  0.00  0.00    1.13    1.19    0    0  (Gen:  0)
   516744      5096  26954656  0.00  0.00    1.13    1.19    0    0  (Gen:  0)
   517952      8344  26961112  0.00  0.00    1.13    1.19    0    0  (Gen:  0)
   517864      4768  26963736  0.00  0.00    1.13    1.19    0    0  (Gen:  0)
   517872      5936  26966632  0.00  0.00    1.13    1.19    0    0  (Gen:  0)
   516568      5288  26969008  0.00  0.00    1.13    1.19    0    0  (Gen:  0)
   517128      5032  26971392  0.00  0.00    1.13    1.19    0    0  (Gen:  0)
   516800      6384  26975544  0.00  0.00    1.13    1.19    0    0  (Gen:  0)
   516752      6344  26976384  0.00  0.00    1.13    1.19    0    0  (Gen:  0)
   517768      8256  26983240  0.00  0.00    1.13    1.20    0    0  (Gen:  0)
   518080      6360  26988376  0.00  0.00    1.13    1.20    0    0  (Gen:  0)
   517248      5976  26990880  0.00  0.00    1.13    1.20    0    0  (Gen:  0)
   517832      4736  26992704  0.00  0.00    1.13    1.20    0    0  (Gen:  0)
   518360      5328  26994688  0.00  0.00    1.13    1.20    0    0  (Gen:  0)
   518360      4992  26996672  0.00  0.00    1.13    1.20    0    0  (Gen:  0)
   518464      6896  27000584  0.00  0.00    1.13    1.20    0    0  (Gen:  0)
   516392      6736  27001888  0.00  0.00    1.13    1.20    0    0  (Gen:  0)
   517776      8912  27008872  0.00  0.00    1.13    1.20    0    0  (Gen:  0)
   517816      7016  27013008  0.00  0.00    1.13    1.20    0    0  (Gen:  0)
   518016      5456  27015880  0.00  0.00    1.13    1.20    0    0  (Gen:  0)
   517760      5272  27017536  0.00  0.00    1.13    1.20    0    0  (Gen:  0)
   518208      6256  27020360  0.00  0.00    1.13    1.20    0    0  (Gen:  0)
   517520      5656  27022680  0.00  0.00    1.13    1.20    0    0  (Gen:  0)
   518016      5720  27024856  0.00  0.00    1.13    1.20    0    0  (Gen:  0)
   517872      4352  27025792  0.00  0.00    1.13    1.20    0    0  (Gen:  0)
   517952      5920  27029248  0.00  0.00    1.13    1.20    0    0  (Gen:  0)
   518160      6192  27031536  0.00  0.00    1.13    1.20    0    0  (Gen:  0)
   517776      6240  27034200  0.00  0.00    1.13    1.20    0    0  (Gen:  0)
   517848      5000  27035328  0.00  0.00    1.13    1.20    0    0  (Gen:  0)
   517960      4928  27037168  0.00  0.00    1.13    1.20    0    0  (Gen:  0)
   518144      4832  27039056  0.00  0.00    1.13    1.20    0    0  (Gen:  0)
   517368      7728  27043424  0.00  0.00    1.13    1.20    0    0  (Gen:  0)
   517808      6776  27044088  0.00  0.00    1.13    1.20    0    0  (Gen:  0)
   518072      7512  27050032  0.00  0.00    1.13    1.20    0    0  (Gen:  0)
   518616      7128  27051320  0.00  0.00    1.13    1.20    0    0  (Gen:  0)
   517608      6224  27055200  0.00  0.00    1.13    1.20    0    0  (Gen:  0)
   517512     11088  27062088  0.00  0.00    1.13    1.20    0    0  (Gen:  0)
   518048      4792  27064776  0.00  0.00    1.13    1.20    0    0  (Gen:  0)
   517888      5744  27068200  0.00  0.00    1.13    1.20    0    0  (Gen:  0)
   518128      5504  27069768  0.00  0.00    1.13    1.20    0    0  (Gen:  0)
   518496      6168  27072656  0.00  0.00    1.13    1.20    0    0  (Gen:  0)
   518024      5624  27075232  0.00  0.00    1.13    1.20    0    0  (Gen:  0)
   518080      5848  27077408  0.00  0.00    1.13    1.20    0    0  (Gen:  0)
   517232      5304  27079608  0.00  0.00    1.13    1.20    0    0  (Gen:  0)
   517880      7592  27083848  0.00  0.00    1.13    1.20    0    0  (Gen:  0)
   518888      7048  27085160  0.00  0.00    1.13    1.20    0    0  (Gen:  0)
   519200      5864  27089216  0.00  0.00    1.13    1.20    0    0  (Gen:  0)
   518432     10272  27097112  0.00  0.00    1.13    1.20    0    0  (Gen:  0)
   518248      7272  27098408  0.00  0.00    1.13    1.20    0    0  (Gen:  0)
   518232      6848  27103264  0.00  0.00    1.13    1.20    0    0  (Gen:  0)
   517840      9168  27110600  0.00  0.00    1.13    1.20    0    0  (Gen:  0)
   517624      7184  27115032  0.00  0.00    1.13    1.20    0    0  (Gen:  0)
   518544      7448  27118976  0.00  0.00    1.13    1.20    0    0  (Gen:  0)
   517872      9048  27123248  0.00  0.00    1.13    1.20    0    0  (Gen:  0)
   518312      7704  27124592  0.00  0.00    1.13    1.20    0    0  (Gen:  0)
   517568      8560  27131256  0.00  0.00    1.13    1.20    0    0  (Gen:  0)
   517984     12832  27140152  0.00  0.00    1.13    1.20    0    0  (Gen:  0)
   516928     10472  27146736  0.00  0.00    1.13    1.20    0    0  (Gen:  0)
   517440      9064  27152024  0.00  0.00    1.13    1.20    0    0  (Gen:  0)
   517848      7200  27153256  0.00  0.00    1.13    1.20    0    0  (Gen:  0)
   517784      7848  27159448  0.00  0.00    1.13    1.20    0    0  (Gen:  0)
   518888      6568  27159744  0.00  0.00    1.13    1.20    0    0  (Gen:  0)
   517664      4024  27161952  0.00  0.00    1.13    1.20    0    0  (Gen:  0)
   517976      9648  27171560  0.00  0.00    1.13    1.20    0    0  (Gen:  0)
   517944      8264  27177832  0.00  0.00    1.13    1.20    0    0  (Gen:  0)
   517408      6512  27181856  0.00  0.00    1.13    1.20    0    0  (Gen:  0)
   518960      7568  27185336  0.00  0.00    1.13    1.20    0    0  (Gen:  0)
   519680      5688  27186616  0.00  0.00    1.13    1.20    0    0  (Gen:  0)
   518120      6656  27192680  0.00  0.00    1.13    1.20    0    0  (Gen:  0)
   518472      6800  27193944  0.00  0.00    1.13    1.20    0    0  (Gen:  0)
   518216     10296  27202176  0.00  0.00    1.13    1.20    0    0  (Gen:  0)
   517856      9616  27209640  0.00  0.00    1.13    1.20    0    0  (Gen:  0)
   518208      9672  27216800  0.00  0.00    1.14    1.20    0    0  (Gen:  0)
   518248      6936  27220256  0.00  0.00    1.14    1.20    0    0  (Gen:  0)
   519952      6952  27221424  0.00  0.00    1.14    1.20    0    0  (Gen:  0)
   517224      7672  27227024  0.00  0.00    1.14    1.20    0    0  (Gen:  0)
   517712     10264  27234728  0.00  0.00    1.14    1.20    0    0  (Gen:  0)
   518128      6416  27237896  0.00  0.00    1.14    1.20    0    0  (Gen:  0)
   518024      8936  27242864  0.00  0.00    1.14    1.20    0    0  (Gen:  0)
   518160      6888  27244792  0.00  0.00    1.14    1.20    0    0  (Gen:  0)
   517536      6128  27246160  0.00  0.00    1.14    1.20    0    0  (Gen:  0)
   517632      8656  27249984  0.00  0.00    1.14    1.20    0    0  (Gen:  0)
   517720      8352  27250800  0.00  0.00    1.14    1.20    0    0  (Gen:  0)
   517776      7200  27256536  0.00  0.00    1.14    1.20    0    0  (Gen:  0)
   518136     10960  27264456  0.00  0.00    1.14    1.20    0    0  (Gen:  0)
   517480     10312  27271752  0.00  0.00    1.14    1.20    0    0  (Gen:  0)
   517888      5992  27274464  0.00  0.00    1.14    1.20    0    0  (Gen:  0)
   517808      6024  27276720  0.00  0.00    1.14    1.20    0    0  (Gen:  0)
   518008      7232  27279760  0.00  0.00    1.14    1.20    0    0  (Gen:  0)
   518024      7480  27282528  0.00  0.00    1.14    1.21    0    0  (Gen:  0)
   518016      8912  27287040  0.00  0.00    1.14    1.21    0    0  (Gen:  0)
   517688      7024  27289544  0.00  0.00    1.14    1.21    0    0  (Gen:  0)
   517504      6984  27292416  0.00  0.00    1.14    1.21    0    0  (Gen:  0)
   518256      7848  27296200  0.00  0.00    1.14    1.21    0    0  (Gen:  0)
   518432      6400  27298064  0.00  0.00    1.14    1.21    0    0  (Gen:  0)
   517920      6848  27301584  0.00  0.00    1.14    1.21    0    0  (Gen:  0)
   517520      7976  27305632  0.00  0.00    1.14    1.21    0    0  (Gen:  0)
   518200      7344  27306912  0.00  0.00    1.14    1.21    0    0  (Gen:  0)
   517576      7872  27313072  0.00  0.00    1.14    1.21    0    0  (Gen:  0)
   518720     10768  27320128  0.00  0.00    1.14    1.21    0    0  (Gen:  0)
   517712      9520  27327016  0.00  0.00    1.14    1.21    0    0  (Gen:  0)
   519080      7248  27327736  0.00  0.00    1.14    1.21    0    0  (Gen:  0)
   517904      6624  27332416  0.00  0.00    1.14    1.21    0    0  (Gen:  0)
   518064     11456  27339928  0.00  0.00    1.14    1.21    0    0  (Gen:  0)
   518472      8560  27346144  0.00  0.00    1.14    1.21    0    0  (Gen:  0)
   518032      8624  27351456  0.00  0.00    1.14    1.21    0    0  (Gen:  0)
   519024      8944  27355480  0.00  0.00    1.14    1.21    0    0  (Gen:  0)
   518656      5576  27356872  0.00  0.00    1.14    1.21    0    0  (Gen:  0)
   518680     11304  27366240  0.00  0.00    1.14    1.21    0    0  (Gen:  0)
   517632      8952  27373288  0.00  0.00    1.14    1.21    0    0  (Gen:  0)
   518544     10264  27379488  0.00  0.00    1.14    1.21    0    0  (Gen:  0)
   517784      7648  27382832  0.00  0.00    1.14    1.21    0    0  (Gen:  0)
   517808      8920  27388304  0.00  0.00    1.14    1.21    0    0  (Gen:  0)
   518008     13336  27397144  0.00  0.00    1.14    1.21    0    0  (Gen:  0)
   518360      7096  27398520  0.00  0.00    1.14    1.21    0    0  (Gen:  0)
   517760      4272  27400720  0.00  0.00    1.14    1.21    0    0  (Gen:  0)
   517336     10704  27410760  0.00  0.00    1.14    1.21    0    0  (Gen:  0)
   517584     10600  27419472  0.00  0.00    1.14    1.21    0    0  (Gen:  0)
   517640      8312  27423728  0.00  0.00    1.14    1.21    0    0  (Gen:  0)
   518616      6440  27427760  0.00  0.00    1.14    1.21    0    0  (Gen:  0)
   517584      9896  27433096  0.00  0.00    1.14    1.21    0    0  (Gen:  0)
   517896      6656  27435272  0.00  0.00    1.14    1.21    0    0  (Gen:  0)
   517536      6448  27438040  0.00  0.00    1.14    1.21    0    0  (Gen:  0)
   517872      8984  27442560  0.00  0.00    1.14    1.21    0    0  (Gen:  0)
   517568     10400  27447768  0.00  0.00    1.14    1.21    0    0  (Gen:  0)
   517456      5832  27449328  0.00  0.00    1.14    1.21    0    0  (Gen:  0)
   517808      7464  27452488  0.00  0.00    1.14    1.21    0    0  (Gen:  0)
   517776     10096  27458152  0.00  0.00    1.14    1.21    0    0  (Gen:  0)
   517736      6120  27459592  0.00  0.00    1.14    1.21    0    0  (Gen:  0)
   517728      5704  27460552  0.00  0.00    1.14    1.21    0    0  (Gen:  0)
   518304      6032  27462296  0.00  0.00    1.14    1.21    0    0  (Gen:  0)
   517928      5816  27463376  0.00  0.00    1.14    1.21    0    0  (Gen:  0)
   518088      5320  27465264  0.00  0.00    1.14    1.21    0    0  (Gen:  0)
   517848      8048  27469264  0.00  0.00    1.14    1.21    0    0  (Gen:  0)
   517392      9320  27474680  0.00  0.00    1.14    1.21    0    0  (Gen:  0)
   517464      8872  27479200  0.00  0.00    1.14    1.21    0    0  (Gen:  0)
   517416      8920  27483728  0.00  0.00    1.14    1.21    0    0  (Gen:  0)
   517552      8528  27484736  0.00  0.00    1.14    1.21    0    0  (Gen:  0)
   517864      5464  27488088  0.00  0.00    1.14    1.21    0    0  (Gen:  0)
   518368      6864  27494480  0.00  0.00    1.14    1.21    0    0  (Gen:  0)
   518664      6688  27496000  0.00  0.00    1.14    1.21    0    0  (Gen:  0)
   518424      7176  27501184  0.00  0.00    1.14    1.21    0    0  (Gen:  0)
   518008      4560  27501744  0.00  0.00    1.14    1.21    0    0  (Gen:  0)
   517752      9256  27509472  0.00  0.00    1.14    1.21    0    0  (Gen:  0)
   518176     12768  27519056  0.00  0.00    1.14    1.21    0    0  (Gen:  0)
   518280      6560  27519992  0.00  0.00    1.14    1.21    0    0  (Gen:  0)
   518280      6048  27524560  0.00  0.00    1.14    1.21    0    0  (Gen:  0)
   517984     12240  27535744  0.00  0.00    1.14    1.21    0    0  (Gen:  0)
   518240     10216  27543496  0.00  0.00    1.14    1.21    0    0  (Gen:  0)
   518712      4984  27544824  0.00  0.00    1.14    1.21    0    0  (Gen:  0)
   517784      9192  27551864  0.00  0.00    1.15    1.21    0    0  (Gen:  0)
   517952      8592  27557480  0.00  0.00    1.15    1.21    0    0  (Gen:  0)
   517936      7656  27563224  0.00  0.00    1.15    1.21    0    0  (Gen:  0)
   518984      7088  27564064  0.00  0.00    1.15    1.21    0    0  (Gen:  0)
   517376      5520  27567792  0.00  0.00    1.15    1.21    0    0  (Gen:  0)
   518336     11552  27577184  0.00  0.00    1.15    1.21    0    0  (Gen:  0)
   518616     10352  27585896  0.00  0.00    1.15    1.21    0    0  (Gen:  0)
   518296      7720  27590704  0.00  0.00    1.15    1.21    0    0  (Gen:  0)
   518288      5328  27592616  0.00  0.00    1.15    1.21    0    0  (Gen:  0)
   517848      8064  27597576  0.00  0.00    1.15    1.21    0    0  (Gen:  0)
   518696      7208  27600760  0.00  0.00    1.15    1.21    0    0  (Gen:  0)
   517952      4864  27602344  0.00  0.00    1.15    1.21    0    0  (Gen:  0)
   518368      6432  27605816  0.00  0.00    1.15    1.21    0    0  (Gen:  0)
   518080      7120  27608784  0.00  0.00    1.15    1.21    0    0  (Gen:  0)
   517984      6192  27610384  0.00  0.00    1.15    1.22    0    0  (Gen:  0)
   518160      7152  27613152  0.00  0.00    1.15    1.22    0    0  (Gen:  0)
   518656      7072  27615672  0.00  0.00    1.15    1.22    0    0  (Gen:  0)
   518112      5640  27618264  0.00  0.00    1.15    1.22    0    0  (Gen:  0)
   517984      7784  27622400  0.00  0.00    1.15    1.22    0    0  (Gen:  0)
   519232      4592  27623864  0.00  0.00    1.15    1.22    0    0  (Gen:  0)
   517704      7128  27628728  0.00  0.00    1.15    1.22    0    0  (Gen:  0)
   518000      6216  27630896  0.00  0.00    1.15    1.22    0    0  (Gen:  0)
   518224      5680  27633120  0.00  0.00    1.15    1.22    0    0  (Gen:  0)
   518024      5504  27635056  0.00  0.00    1.15    1.22    0    0  (Gen:  0)
   518416      5688  27637032  0.00  0.00    1.15    1.22    0    0  (Gen:  0)
   518424      4840  27638728  0.00  0.00    1.15    1.22    0    0  (Gen:  0)
   518800      5560  27641480  0.00  0.00    1.15    1.22    0    0  (Gen:  0)
   519032      5288  27643568  0.00  0.00    1.15    1.22    0    0  (Gen:  0)
   518592      5112  27645864  0.00  0.00    1.15    1.22    0    0  (Gen:  0)
   518064      4856  27647960  0.00  0.00    1.15    1.22    0    0  (Gen:  0)
   518232      6128  27650952  0.00  0.00    1.15    1.22    0    0  (Gen:  0)
   518080      5208  27652272  0.00  0.00    1.15    1.22    0    0  (Gen:  0)
   518184      5344  27654392  0.00  0.00    1.15    1.22    0    0  (Gen:  0)
   518216      5016  27656184  0.00  0.00    1.15    1.22    0    0  (Gen:  0)
   518104      6176  27659200  0.00  0.00    1.15    1.22    0    0  (Gen:  0)
   517920      5336  27660720  0.00  0.00    1.15    1.22    0    0  (Gen:  0)
   518576      5872  27663096  0.00  0.00    1.15    1.22    0    0  (Gen:  0)
   517720      6264  27665888  0.00  0.00    1.15    1.22    0    0  (Gen:  0)
   518832      5448  27667440  0.00  0.00    1.15    1.22    0    0  (Gen:  0)
   519264      5224  27669528  0.00  0.00    1.15    1.22    0    0  (Gen:  0)
   518024      5200  27671968  0.00  0.00    1.15    1.22    0    0  (Gen:  0)
   517696      5536  27673856  0.00  0.00    1.15    1.22    0    0  (Gen:  0)
   518392      5576  27676536  0.00  0.00    1.15    1.22    0    0  (Gen:  0)
   518688      5760  27678488  0.00  0.00    1.15    1.22    0    0  (Gen:  0)
   519040      5728  27680528  0.00  0.00    1.15    1.22    0    0  (Gen:  0)
   518872      5376  27682560  0.00  0.00    1.15    1.22    0    0  (Gen:  0)
   517944      5648  27684832  0.00  0.00    1.15    1.22    0    0  (Gen:  0)
   519096      5328  27686624  0.00  0.00    1.15    1.22    0    0  (Gen:  0)
   518088      6160  27689480  0.00  0.00    1.15    1.22    0    0  (Gen:  0)
   518528      5400  27691328  0.00  0.00    1.15    1.22    0    0  (Gen:  0)
   517984      6336  27694520  0.00  0.00    1.15    1.22    0    0  (Gen:  0)
   519120      5656  27696520  0.00  0.00    1.15    1.22    0    0  (Gen:  0)
   519416      7840  27700880  0.00  0.00    1.15    1.22    0    0  (Gen:  0)
   518512      6320  27701384  0.00  0.00    1.15    1.22    0    0  (Gen:  0)
   519160      5360  27705160  0.00  0.00    1.15    1.22    0    0  (Gen:  0)
   517904     10432  27711824  0.00  0.00    1.15    1.22    0    0  (Gen:  0)
   518096      6656  27715984  0.00  0.00    1.15    1.22    0    0  (Gen:  0)
   518184      5920  27717680  0.00  0.00    1.15    1.22    0    0  (Gen:  0)
   519088      5480  27719920  0.00  0.00    1.15    1.22    0    0  (Gen:  0)
   518416      5272  27721696  0.00  0.00    1.15    1.22    0    0  (Gen:  0)
   518200      6768  27725184  0.00  0.00    1.15    1.22    0    0  (Gen:  0)
   517504      5536  27726784  0.00  0.00    1.15    1.22    0    0  (Gen:  0)
   517992      5064  27727920  0.00  0.00    1.15    1.22    0    0  (Gen:  0)
   518296      4928  27730344  0.00  0.00    1.15    1.22    0    0  (Gen:  0)
   519496      4400  27732112  0.00  0.00    1.15    1.22    0    0  (Gen:  0)
   519392      4384  27734088  0.00  0.00    1.15    1.22    0    0  (Gen:  0)
   519304      4784  27736496  0.00  0.00    1.15    1.22    0    0  (Gen:  0)
   517880      4752  27738664  0.00  0.00    1.15    1.22    0    0  (Gen:  0)
   518472      4664  27740784  0.00  0.00    1.15    1.22    0    0  (Gen:  0)
   519056      4896  27742728  0.00  0.00    1.15    1.22    0    0  (Gen:  0)
   518040      4920  27745048  0.00  0.00    1.15    1.22    0    0  (Gen:  0)
   518544      7208  27749312  0.00  0.00    1.15    1.22    0    0  (Gen:  0)
   518136      6584  27750144  0.00  0.00    1.15    1.22    0    0  (Gen:  0)
   518144      7192  27755560  0.00  0.00    1.15    1.22    0    0  (Gen:  0)
   517928      7504  27760584  0.00  0.00    1.15    1.22    0    0  (Gen:  0)
   518056      4968  27763392  0.00  0.00    1.15    1.22    0    0  (Gen:  0)
   518456      6400  27766408  0.00  0.00    1.15    1.22    0    0  (Gen:  0)
   517672      5864  27768656  0.00  0.00    1.15    1.22    0    0  (Gen:  0)
   518096      5744  27770992  0.00  0.00    1.15    1.22    0    0  (Gen:  0)
   519208      7672  27775216  0.00  0.00    1.16    1.22    0    0  (Gen:  0)
   518576      6200  27775680  0.00  0.00    1.16    1.22    0    0  (Gen:  0)
   518008      9016  27783216  0.00  0.00    1.16    1.22    0    0  (Gen:  0)
   517848      5960  27786840  0.00  0.00    1.16    1.22    0    0  (Gen:  0)
   517880      5864  27790528  0.00  0.00    1.16    1.22    0    0  (Gen:  0)
   517416      5432  27791936  0.00  0.00    1.16    1.22    0    0  (Gen:  0)
   519464      5064  27794200  0.00  0.00    1.16    1.22    0    0  (Gen:  0)
   519432      5464  27796304  0.00  0.00    1.16    1.22    0    0  (Gen:  0)
   519304      6904  27799936  0.00  0.00    1.16    1.22    0    0  (Gen:  0)
   518712      6568  27801072  0.00  0.00    1.16    1.22    0    0  (Gen:  0)
   517832      8560  27807872  0.00  0.00    1.16    1.22    0    0  (Gen:  0)
   518112      8376  27813152  0.00  0.00    1.16    1.22    0    0  (Gen:  0)
   518208      5232  27815048  0.00  0.00    1.16    1.22    0    0  (Gen:  0)
   517992      5120  27816984  0.00  0.00    1.16    1.22    0    0  (Gen:  0)
   518136      6664  27820088  0.00  0.00    1.16    1.23    0    0  (Gen:  0)
   517776      5808  27821920  0.00  0.00    1.16    1.23    0    0  (Gen:  0)
   517960      5192  27824160  0.00  0.00    1.16    1.23    0    0  (Gen:  0)
   517424      5312  27825696  0.00  0.00    1.16    1.23    0    0  (Gen:  0)
   518152      4920  27827776  0.00  0.00    1.16    1.23    0    0  (Gen:  0)
   518408      6592  27831568  0.00  0.00    1.16    1.23    0    0  (Gen:  0)
   517816      6144  27833536  0.00  0.00    1.16    1.23    0    0  (Gen:  0)
   517936      4728  27834840  0.00  0.00    1.16    1.23    0    0  (Gen:  0)
   518120      4816  27837168  0.00  0.00    1.16    1.23    0    0  (Gen:  0)
   518216      5288  27838672  0.00  0.00    1.16    1.23    0    0  (Gen:  0)
   518160      5448  27840992  0.00  0.00    1.16    1.23    0    0  (Gen:  0)
   518112      5016  27842152  0.00  0.00    1.16    1.23    0    0  (Gen:  0)
   518184      6088  27844912  0.00  0.00    1.16    1.23    0    0  (Gen:  0)
   517664      5464  27846976  0.00  0.00    1.16    1.23    0    0  (Gen:  0)
   518088      6144  27849624  0.00  0.00    1.16    1.23    0    0  (Gen:  0)
   517648      5792  27851696  0.00  0.00    1.16    1.23    0    0  (Gen:  0)
   517744      5704  27854768  0.00  0.00    1.16    1.23    0    0  (Gen:  0)
   518136      5744  27857144  0.00  0.00    1.16    1.23    0    0  (Gen:  0)
   518048      6248  27860056  0.00  0.00    1.16    1.23    0    0  (Gen:  0)
   518216      5200  27861560  0.00  0.00    1.16    1.23    0    0  (Gen:  0)
   518024      6536  27864944  0.00  0.00    1.16    1.23    0    0  (Gen:  0)
   518296      5968  27866624  0.00  0.00    1.16    1.23    0    0  (Gen:  0)
   518320      5992  27868576  0.00  0.00    1.16    1.23    0    0  (Gen:  0)
   518352      5896  27870800  0.00  0.00    1.16    1.23    0    0  (Gen:  0)
   518296      6640  27872832  0.00  0.00    1.16    1.23    0    0  (Gen:  0)
   518208      6728  27875856  0.00  0.00    1.16    1.23    0    0  (Gen:  0)
   517408      5040  27877200  0.00  0.00    1.16    1.23    0    0  (Gen:  0)
   517640      5232  27878600  0.00  0.00    1.16    1.23    0    0  (Gen:  0)
   518408      4968  27881144  0.00  0.00    1.16    1.23    0    0  (Gen:  0)
   518224      7728  27885192  0.00  0.00    1.16    1.23    0    0  (Gen:  0)
   519784      7176  27886472  0.00  0.00    1.16    1.23    0    0  (Gen:  0)
   517960      6632  27891352  0.00  0.00    1.16    1.23    0    0  (Gen:  0)
   518536     10112  27898384  0.00  0.00    1.16    1.23    0    0  (Gen:  0)
   518152      7544  27904112  0.00  0.00    1.16    1.23    0    0  (Gen:  0)
   518344      7152  27907280  0.00  0.00    1.16    1.23    0    0  (Gen:  0)
   517880      6000  27909224  0.00  0.00    1.16    1.23    0    0  (Gen:  0)
   517920      6280  27911272  0.00  0.00    1.16    1.23    0    0  (Gen:  0)
   518472      7184  27913960  0.00  0.00    1.16    1.23    0    0  (Gen:  0)
   517888      8208  27917440  0.00  0.00    1.16    1.23    0    0  (Gen:  0)
   518176      9584  27921496  0.00  0.00    1.16    1.23    0    0  (Gen:  0)
   517872      8872  27922088  0.00  0.00    1.16    1.23    0    0  (Gen:  0)
   517880      3712  27924232  0.00  0.00    1.16    1.23    0    0  (Gen:  0)
   517632      9344  27933336  0.00  0.00    1.16    1.23    0    0  (Gen:  0)
   518280      7648  27937576  0.00  0.00    1.16    1.23    0    0  (Gen:  0)
   519280      6216  27937984  0.00  0.00    1.16    1.23    0    0  (Gen:  0)
   517512     11312  27947896  0.00  0.00    1.16    1.23    0    0  (Gen:  0)
   518592     13696  27957976  0.00  0.00    1.16    1.23    0    0  (Gen:  0)
   518680      6624  27958736  0.00  0.00    1.16    1.23    0    0  (Gen:  0)
   518720      3824  27960984  0.00  0.00    1.16    1.23    0    0  (Gen:  0)
   518640      9768  27970672  0.00  0.00    1.16    1.23    0    0  (Gen:  0)
   518984      8928  27976024  0.00  0.00    1.16    1.23    0    0  (Gen:  0)
   517272      6872  27977256  0.00  0.00    1.16    1.23    0    0  (Gen:  0)
   518200      9656  27985080  0.00  0.00    1.16    1.23    0    0  (Gen:  0)
   517688     11504  27993544  0.00  0.00    1.16    1.23    0    0  (Gen:  0)
   517232      8608  27998688  0.00  0.00    1.16    1.23    0    0  (Gen:  0)
   518680      7112  27999960  0.00  0.00    1.16    1.23    0    0  (Gen:  0)
   518232      8496  28006768  0.00  0.00    1.16    1.23    0    0  (Gen:  0)
   518016      6504  28007856  0.00  0.00    1.16    1.23    0    0  (Gen:  0)
   518192      5840  28011696  0.00  0.00    1.16    1.23    0    0  (Gen:  0)
   518144     10288  28019320  0.00  0.00    1.16    1.23    0    0  (Gen:  0)
   518176      6096  28023432  0.00  0.00    1.16    1.23    0    0  (Gen:  0)
   518848      6024  28024936  0.00  0.00    1.16    1.23    0    0  (Gen:  0)
   518424     10888  28033816  0.00  0.00    1.16    1.23    0    0  (Gen:  0)
   519056      7216  28038184  0.00  0.00    1.16    1.23    0    0  (Gen:  0)
   518336      5432  28039416  0.00  0.00    1.16    1.23    0    0  (Gen:  0)
   517680     10536  28047992  0.00  0.00    1.16    1.23    0    0  (Gen:  0)
   517824      7024  28053280  0.00  0.00    1.16    1.23    0    0  (Gen:  0)
   517560      7696  28057384  0.00  0.00    1.16    1.23    0    0  (Gen:  0)
   518248      6280  28059000  0.00  0.00    1.17    1.23    0    0  (Gen:  0)
   518096      7864  28062304  0.00  0.00    1.17    1.23    0    0  (Gen:  0)
   518152      8424  28066512  0.00  0.00    1.17    1.23    0    0  (Gen:  0)
   518536      6656  28068640  0.00  0.00    1.17    1.23    0    0  (Gen:  0)
   518816      7512  28072176  0.00  0.00    1.17    1.23    0    0  (Gen:  0)
   518216     10096  28077400  0.00  0.00    1.17    1.23    0    0  (Gen:  0)
   517872      6976  28079632  0.00  0.00    1.17    1.23    0    0  (Gen:  0)
   517808      6696  28082144  0.00  0.00    1.17    1.23    0    0  (Gen:  0)
   517472      7152  28084728  0.00  0.00    1.17    1.23    0    0  (Gen:  0)
   517416      7952  28088440  0.00  0.00    1.17    1.23    0    0  (Gen:  0)
   518056      9528  28093984  0.00  0.00    1.17    1.23    0    0  (Gen:  0)
   517976      7680  28095160  0.00  0.00    1.17    1.23    0    0  (Gen:  0)
   518376      7616  28100736  0.00  0.00    1.17    1.24    0    0  (Gen:  0)
   517720     11096  28108400  0.00  0.00    1.17    1.24    0    0  (Gen:  0)
   517744      8824  28114024  0.00  0.00    1.17    1.24    0    0  (Gen:  0)
   517456      7096  28117880  0.00  0.00    1.17    1.24    0    0  (Gen:  0)
   517088      7888  28121840  0.00  0.00    1.17    1.24    0    0  (Gen:  0)
   517344      5936  28124208  0.00  0.00    1.17    1.24    0    0  (Gen:  0)
   517408      5520  28125488  0.00  0.00    1.17    1.24    0    0  (Gen:  0)
   518056      9648  28131280  0.00  0.00    1.17    1.24    0    0  (Gen:  0)
   518256      5872  28133664  0.00  0.00    1.17    1.24    0    0  (Gen:  0)
   517760      9376  28138992  0.00  0.00    1.17    1.24    0    0  (Gen:  0)
   517632      5416  28139960  0.00  0.00    1.17    1.24    0    0  (Gen:  0)
   517424      5192  28142048  0.00  0.00    1.17    1.24    0    0  (Gen:  0)
   517912      6680  28145128  0.00  0.00    1.17    1.24    0    0  (Gen:  0)
   518248      5512  28146032  0.00  0.00    1.17    1.24    0    0  (Gen:  0)
   518008      6808  28149440  0.00  0.00    1.17    1.24    0    0  (Gen:  0)
   518024      7680  28152456  0.00  0.00    1.17    1.24    0    0  (Gen:  0)
   518864      6400  28155056  0.00  0.00    1.17    1.24    0    0  (Gen:  0)
   517608      7152  28158560  0.00  0.00    1.17    1.24    0    0  (Gen:  0)
   517944      7200  28160328  0.00  0.00    1.17    1.24    0    0  (Gen:  0)
   518264      7744  28162344  0.00  0.00    1.17    1.24    0    0  (Gen:  0)
   517656      7736  28164592  0.00  0.00    1.17    1.24    0    0  (Gen:  0)
   517872      7520  28166256  0.00  0.00    1.17    1.24    0    0  (Gen:  0)
   518400      6544  28166792  0.00  0.00    1.17    1.24    0    0  (Gen:  0)
   517760      8968  28171104  0.00  0.00    1.17    1.24    0    0  (Gen:  0)
   518360      9464  28173960  0.00  0.00    1.17    1.24    0    0  (Gen:  0)
   517904      7744  28175496  0.00  0.00    1.17    1.24    0    0  (Gen:  0)
   517368      6632  28178088  0.00  0.00    1.17    1.24    0    0  (Gen:  0)
   518040      5528  28180088  0.00  0.00    1.17    1.24    0    0  (Gen:  0)
   518000      6560  28183624  0.00  0.00    1.17    1.24    0    0  (Gen:  0)
   517272      7336  28187448  0.00  0.00    1.17    1.24    0    0  (Gen:  0)
   517312      6424  28188848  0.00  0.00    1.17    1.24    0    0  (Gen:  0)
   518152      9352  28196264  0.00  0.00    1.17    1.24    0    0  (Gen:  0)
   518408      7720  28202600  0.00  0.00    1.17    1.24    0    0  (Gen:  0)
   518000      6944  28205536  0.00  0.00    1.17    1.24    0    0  (Gen:  0)
   517736      5992  28206952  0.00  0.00    1.17    1.24    0    0  (Gen:  0)
   518872      6608  28209648  0.00  0.00    1.17    1.24    0    0  (Gen:  0)
   518216      6512  28211320  0.00  0.00    1.17    1.24    0    0  (Gen:  0)
   517888      6392  28213160  0.00  0.00    1.17    1.24    0    0  (Gen:  0)
   518552      9920  28218704  0.00  0.00    1.17    1.24    0    0  (Gen:  0)
   517384      8128  28221392  0.00  0.00    1.17    1.24    0    0  (Gen:  0)
   516984      8800  28226248  0.00  0.00    1.17    1.24    0    0  (Gen:  0)
   516072      5968  28228752  0.00  0.00    1.17    1.24    0    0  (Gen:  0)
   517104      5632  28231096  0.00  0.00    1.17    1.24    0    0  (Gen:  0)
   518216      7496  28235248  0.00  0.00    1.17    1.24    0    0  (Gen:  0)
   518584      7792  28239440  0.00  0.00    1.17    1.24    0    0  (Gen:  0)
   518240      6848  28240792  0.00  0.00    1.17    1.24    0    0  (Gen:  0)
   517992      5960  28244536  0.00  0.00    1.17    1.24    0    0  (Gen:  0)
   517400      8696  28251000  0.00  0.00    1.17    1.24    0    0  (Gen:  0)
   518160      5264  28253168  0.00  0.00    1.17    1.24    0    0  (Gen:  0)
   518840      5904  28256448  0.00  0.00    1.17    1.24    0    0  (Gen:  0)
   517744      5704  28258416  0.00  0.00    1.17    1.24    0    0  (Gen:  0)
   517416      6104  28261352  0.00  0.00    1.17    1.24    0    0  (Gen:  0)
   518016      5720  28263392  0.00  0.00    1.17    1.24    0    0  (Gen:  0)
   518016      5544  28266040  0.00  0.00    1.17    1.24    0    0  (Gen:  0)
   517632      6352  28269064  0.00  0.00    1.17    1.24    0    0  (Gen:  0)
   516656      5216  28271176  0.00  0.00    1.17    1.24    0    0  (Gen:  0)
   518264      5592  28273592  0.00  0.00    1.17    1.24    0    0  (Gen:  0)
   517568      5080  28276048  0.00  0.00    1.17    1.24    0    0  (Gen:  0)
   516232      5944  28278496  0.00  0.00    1.17    1.24    0    0  (Gen:  0)
   516552      7968  28283008  0.00  0.00    1.17    1.24    0    0  (Gen:  0)
   518704      6240  28283464  0.00  0.00    1.17    1.24    0    0  (Gen:  0)
   518256      5504  28287640  0.00  0.00    1.17    1.24    0    0  (Gen:  0)
   517848      8528  28294800  0.00  0.00    1.17    1.24    0    0  (Gen:  0)
   517864      5096  28296664  0.00  0.00    1.17    1.24    0    0  (Gen:  0)
   518464      7128  28300864  0.00  0.00    1.17    1.24    0    0  (Gen:  0)
   518720      6792  28301976  0.00  0.00    1.17    1.24    0    0  (Gen:  0)
   517888      3800  28303504  0.00  0.00    1.17    1.24    0    0  (Gen:  0)
   518016      8672  28311888  0.00  0.00    1.18    1.24    0    0  (Gen:  0)
   518312      5968  28314456  0.00  0.00    1.18    1.24    0    0  (Gen:  0)
   517920      6232  28317216  0.00  0.00    1.18    1.24    0    0  (Gen:  0)
   517160      5880  28319248  0.00  0.00    1.18    1.24    0    0  (Gen:  0)
   517576      7928  28323752  0.00  0.00    1.18    1.24    0    0  (Gen:  0)
   518776      6704  28324504  0.00  0.00    1.18    1.24    0    0  (Gen:  0)
   518240      6248  28328856  0.00  0.00    1.18    1.24    0    0  (Gen:  0)
   518624      7872  28334792  0.00  0.00    1.18    1.24    0    0  (Gen:  0)
   517384      5512  28337792  0.00  0.00    1.18    1.24    0    0  (Gen:  0)
   517800      5512  28340064  0.00  0.00    1.18    1.24    0    0  (Gen:  0)
   518248      5064  28342080  0.00  0.00    1.18    1.25    0    0  (Gen:  0)
   517456      5176  28344216  0.00  0.00    1.18    1.25    0    0  (Gen:  0)
   517088      6120  28346776  0.00  0.00    1.18    1.25    0    0  (Gen:  0)
   518328      5984  28349536  0.00  0.00    1.18    1.25    0    0  (Gen:  0)
   519224      4968  28351104  0.00  0.00    1.18    1.25    0    0  (Gen:  0)
   518776      5040  28353136  0.00  0.00    1.18    1.25    0    0  (Gen:  0)
   518024      6576  28356656  0.00  0.00    1.18    1.25    0    0  (Gen:  0)
   517920      6560  28359088  0.00  0.00    1.18    1.25    0    0  (Gen:  0)
   518232      6424  28361176  0.00  0.00    1.18    1.25    0    0  (Gen:  0)
   517584      6000  28363608  0.00  0.00    1.18    1.25    0    0  (Gen:  0)
   517624      4712  28365032  0.00  0.00    1.18    1.25    0    0  (Gen:  0)
   517536      4712  28367208  0.00  0.00    1.18    1.25    0    0  (Gen:  0)
   517304      5680  28369768  0.00  0.00    1.18    1.25    0    0  (Gen:  0)
   517504      5264  28372240  0.00  0.00    1.18    1.25    0    0  (Gen:  0)
   518712      6776  28376392  0.00  0.00    1.18    1.25    0    0  (Gen:  0)
   518096      6688  28377688  0.00  0.00    1.18    1.25    0    0  (Gen:  0)
   517664      8928  28384560  0.00  0.00    1.18    1.25    0    0  (Gen:  0)
   518744      5480  28388264  0.00  0.00    1.18    1.25    0    0  (Gen:  0)
   518064      5128  28390896  0.00  0.00    1.18    1.25    0    0  (Gen:  0)
   518624      5632  28392560  0.00  0.00    1.18    1.25    0    0  (Gen:  0)
   518416      6720  28395640  0.00  0.00    1.18    1.25    0    0  (Gen:  0)
   518264      6104  28397696  0.00  0.00    1.18    1.25    0    0  (Gen:  0)
   518352      5768  28399952  0.00  0.00    1.18    1.25    0    0  (Gen:  0)
   518088      6648  28403216  0.00  0.00    1.18    1.25    0    0  (Gen:  0)
   518784      5656  28405408  0.00  0.00    1.18    1.25    0    0  (Gen:  0)
   518280      5696  28407816  0.00  0.00    1.18    1.25    0    0  (Gen:  0)
   517952      6064  28409880  0.00  0.00    1.18    1.25    0    0  (Gen:  0)
   517792      5816  28412512  0.00  0.00    1.18    1.25    0    0  (Gen:  0)
   518528      5544  28414864  0.00  0.00    1.18    1.25    0    0  (Gen:  0)
   518152      5024  28416808  0.00  0.00    1.18    1.25    0    0  (Gen:  0)
   518560      4680  28418448  0.00  0.00    1.18    1.25    0    0  (Gen:  0)
   518304      4608  28420408  0.00  0.00    1.18    1.25    0    0  (Gen:  0)
   518600      4896  28422680  0.00  0.00    1.18    1.25    0    0  (Gen:  0)
   518120      4528  28424296  0.00  0.00    1.18    1.25    0    0  (Gen:  0)
   518432      4616  28426376  0.00  0.00    1.18    1.25    0    0  (Gen:  0)
   518032      5368  28429344  0.00  0.00    1.18    1.25    0    0  (Gen:  0)
   518312      4960  28431328  0.00  0.00    1.18    1.25    0    0  (Gen:  0)
   518312      4768  28433600  0.00  0.00    1.18    1.25    0    0  (Gen:  0)
   517616      4632  28435496  0.00  0.00    1.18    1.25    0    0  (Gen:  0)
   518080      5528  28438376  0.00  0.00    1.18    1.25    0    0  (Gen:  0)
   518312      4704  28439992  0.00  0.00    1.18    1.25    0    0  (Gen:  0)
   518184      4432  28442184  0.00  0.00    1.18    1.25    0    0  (Gen:  0)
   518192      4608  28444352  0.00  0.00    1.18    1.25    0    0  (Gen:  0)
   518240      4272  28446184  0.00  0.00    1.18    1.25    0    0  (Gen:  0)
   519456      6704  28450312  0.00  0.00    1.18    1.25    0    0  (Gen:  0)
   518976      5752  28451288  0.00  0.00    1.18    1.25    0    0  (Gen:  0)
   517232      9248  28460000  0.00  0.00    1.18    1.25    0    0  (Gen:  0)
   518032      6656  28462752  0.00  0.00    1.18    1.25    0    0  (Gen:  0)
   518008      6712  28466408  0.00  0.00    1.18    1.25    0    0  (Gen:  0)
   517528      6336  28467552  0.00  0.00    1.18    1.25    0    0  (Gen:  0)
   518216      8248  28473664  0.00  0.00    1.18    1.25    0    0  (Gen:  0)
   518408      6504  28478840  0.00  0.00    1.18    1.25    0    0  (Gen:  0)
   518672      8280  28483584  0.00  0.00    1.18    1.25    0    0  (Gen:  0)
   519640      6848  28484480  0.00  0.00    1.18    1.25    0    0  (Gen:  0)
   518896      5520  28488464  0.00  0.00    1.18    1.25    0    0  (Gen:  0)
   519800      8192  28495840  0.00  0.00    1.18    1.25    0    0  (Gen:  0)
   518328      6040  28498592  0.00  0.00    1.18    1.25    0    0  (Gen:  0)
   517792      8400  28503176  0.00  0.00    1.18    1.25    0    0  (Gen:  0)
   518664      6696  28504032  0.00  0.00    1.18    1.25    0    0  (Gen:  0)
   518800      5112  28507552  0.00  0.00    1.18    1.25    0    0  (Gen:  0)
   517600     10872  28514736  0.00  0.00    1.18    1.25    0    0  (Gen:  0)
   518104      5384  28517128  0.00  0.00    1.18    1.25    0    0  (Gen:  0)
   518304      6304  28520584  0.00  0.00    1.18    1.25    0    0  (Gen:  0)
   517960      6064  28522480  0.00  0.00    1.18    1.25    0    0  (Gen:  0)
   517408      6312  28524904  0.00  0.00    1.18    1.25    0    0  (Gen:  0)
   518416      4664  28525616  0.00  0.00    1.18    1.25    0    0  (Gen:  0)
   517552      5248  28528176  0.00  0.00    1.18    1.25    0    0  (Gen:  0)
   517016      7664  28531904  0.00  0.00    1.18    1.25    0    0  (Gen:  0)
   516416      6056  28532648  0.00  0.00    1.18    1.25    0    0  (Gen:  0)
   518064     10200  28541312  0.00  0.00    1.18    1.25    0    0  (Gen:  0)
   518256      7848  28545928  0.00  0.00    1.19    1.25    0    0  (Gen:  0)
   518232      5792  28548432  0.00  0.00    1.19    1.25    0    0  (Gen:  0)
   518136      5280  28549928  0.00  0.00    1.19    1.25    0    0  (Gen:  0)
   517896      9096  28555696  0.00  0.00    1.19    1.25    0    0  (Gen:  0)
   517456      6968  28557368  0.00  0.00    1.19    1.25    0    0  (Gen:  0)
   517608      6000  28559032  0.00  0.00    1.19    1.25    0    0  (Gen:  0)
   517768      5904  28561344  0.00  0.00    1.19    1.25    0    0  (Gen:  0)
   517288      6400  28563200  0.00  0.00    1.19    1.25    0    0  (Gen:  0)
   517632      5984  28564744  0.00  0.00    1.19    1.25    0    0  (Gen:  0)
   517648      6200  28566704  0.00  0.00    1.19    1.26    0    0  (Gen:  0)
   518048      7616  28569864  0.00  0.00    1.19    1.26    0    0  (Gen:  0)
   517624      8984  28573808  0.00  0.00    1.19    1.26    0    0  (Gen:  0)
   515976      7896  28574640  0.00  0.00    1.19    1.26    0    0  (Gen:  0)
   518040      9072  28581968  0.00  0.00    1.19    1.26    0    0  (Gen:  0)
   517480     12280  28591016  0.00  0.00    1.19    1.26    0    0  (Gen:  0)
   517624      6688  28592120  0.00  0.00    1.19    1.26    0    0  (Gen:  0)
   517008      3712  28593808  0.00  0.00    1.19    1.26    0    0  (Gen:  0)
   518336      9536  28602896  0.00  0.00    1.19    1.26    0    0  (Gen:  0)
   518112      8080  28608176  0.00  0.00    1.19    1.26    0    0  (Gen:  0)
   517768      6536  28610992  0.00  0.00    1.19    1.26    0    0  (Gen:  0)
   517464      5824  28612640  0.00  0.00    1.19    1.26    0    0  (Gen:  0)
   518272      6616  28615744  0.00  0.00    1.19    1.26    0    0  (Gen:  0)
   518848      7136  28619056  0.00  0.00    1.19    1.26    0    0  (Gen:  0)
   518120      6000  28621192  0.00  0.00    1.19    1.26    0    0  (Gen:  0)
   518144      5768  28623168  0.00  0.00    1.19    1.26    0    0  (Gen:  0)
   518392      7624  28626592  0.00  0.00    1.19    1.26    0    0  (Gen:  0)
   517976      7064  28629400  0.00  0.00    1.19    1.26    0    0  (Gen:  0)
   517576      7912  28633800  0.00  0.00    1.19    1.26    0    0  (Gen:  0)
   519008      6656  28634760  0.00  0.00    1.19    1.26    0    0  (Gen:  0)
   518312      5736  28638992  0.00  0.00    1.19    1.26    0    0  (Gen:  0)
   518136     10472  28648200  0.00  0.00    1.19    1.26    0    0  (Gen:  0)
   517816      6800  28651792  0.00  0.00    1.19    1.26    0    0  (Gen:  0)
   518080      7528  28656816  0.00  0.00    1.19    1.26    0    0  (Gen:  0)
   517840      6056  28658768  0.00  0.00    1.19    1.26    0    0  (Gen:  0)
   517416      7232  28662104  0.00  0.00    1.19    1.26    0    0  (Gen:  0)
   517400      9056  28667992  0.00  0.00    1.19    1.26    0    0  (Gen:  0)
   518320      7520  28668992  0.00  0.00    1.19    1.26    0    0  (Gen:  0)
   517760      6696  28673904  0.00  0.00    1.19    1.26    0    0  (Gen:  0)
   517888     10600  28681072  0.00  0.00    1.19    1.26    0    0  (Gen:  0)
   518064      8272  28687152  0.00  0.00    1.19    1.26    0    0  (Gen:  0)
   519688      7328  28688360  0.00  0.00    1.19    1.26    0    0  (Gen:  0)
   518048      7896  28694576  0.00  0.00    1.19    1.26    0    0  (Gen:  0)
   518704      7064  28695552  0.00  0.00    1.19    1.26    0    0  (Gen:  0)
   517920      7224  28701000  0.00  0.00    1.19    1.26    0    0  (Gen:  0)
   518584     10488  28708312  0.00  0.00    1.19    1.26    0    0  (Gen:  0)
   518656      6288  28711760  0.00  0.00    1.19    1.26    0    0  (Gen:  0)
   518168      6328  28714624  0.00  0.00    1.19    1.26    0    0  (Gen:  0)
   517656      7688  28718376  0.00  0.00    1.19    1.26    0    0  (Gen:  0)
   518424      5736  28720584  0.00  0.00    1.19    1.26    0    0  (Gen:  0)
   517216  26851048  26908376  0.03  0.03    1.22    1.29    0    0  (Gen:  1)
   518056      8552  26909824  0.00  0.00    1.22    1.29    0    0  (Gen:  0)
   517448      8952  26916952  0.00  0.00    1.22    1.29    0    0  (Gen:  0)
   517840      6576  26917864  0.00  0.00    1.22    1.29    0    0  (Gen:  0)
   518048      3848  26920120  0.00  0.00    1.22    1.29    0    0  (Gen:  0)
   519096      8736  26928560  0.00  0.00    1.22    1.29    0    0  (Gen:  0)
   518704      7720  26929920  0.00  0.00    1.22    1.29    0    0  (Gen:  0)
   518992      8776  26936528  0.00  0.00    1.22    1.29    0    0  (Gen:  0)
   517584     10736  26944120  0.00  0.00    1.22    1.29    0    0  (Gen:  0)
   518576      8616  26950704  0.00  0.00    1.22    1.29    0    0  (Gen:  0)
   518064      5680  26952296  0.00  0.00    1.22    1.29    0    0  (Gen:  0)
   518136      5408  26953944  0.00  0.00    1.22    1.29    0    0  (Gen:  0)
   517016      6976  26957160  0.00  0.00    1.22    1.29    0    0  (Gen:  0)
   518192      7272  26960320  0.00  0.00    1.22    1.29    0    0  (Gen:  0)
   518384      7776  26964224  0.00  0.00    1.22    1.29    0    0  (Gen:  0)
   518432      8528  26965784  0.00  0.00    1.22    1.29    0    0  (Gen:  0)
   517752      9088  26972752  0.00  0.00    1.22    1.29    0    0  (Gen:  0)
   518032     11856  26981648  0.00  0.00    1.22    1.29    0    0  (Gen:  0)
   518040     13264  26991504  0.00  0.00    1.22    1.29    0    0  (Gen:  0)
   517392      9056  26997056  0.00  0.00    1.22    1.29    0    0  (Gen:  0)
   518536     11080  27003776  0.00  0.00    1.22    1.29    0    0  (Gen:  0)
   517264      7848  27006152  0.00  0.00    1.22    1.29    0    0  (Gen:  0)
   518768     11312  27011624  0.00  0.00    1.22    1.29    0    0  (Gen:  0)
   517920      9416  27012688  0.00  0.00    1.22    1.29    0    0  (Gen:  0)
   518288      7808  27018488  0.00  0.00    1.22    1.29    0    0  (Gen:  0)
   517264     11128  27027184  0.00  0.00    1.23    1.29    0    0  (Gen:  0)
   517864      9520  27033672  0.00  0.00    1.23    1.29    0    0  (Gen:  0)
   517648      9672  27039160  0.00  0.00    1.23    1.29    0    0  (Gen:  0)
   518960      7216  27039936  0.00  0.00    1.23    1.29    0    0  (Gen:  0)
   518376      7312  27045808  0.00  0.00    1.23    1.29    0    0  (Gen:  0)
   517024     10192  27054224  0.00  0.00    1.23    1.29    0    0  (Gen:  0)
   517776      7088  27055960  0.00  0.00    1.23    1.29    0    0  (Gen:  0)
   516816      5776  27059432  0.00  0.00    1.23    1.30    0    0  (Gen:  0)
   516720      9320  27066592  0.00  0.00    1.23    1.30    0    0  (Gen:  0)
   518128      6768  27070960  0.00  0.00    1.23    1.30    0    0  (Gen:  0)
   519224      4816  27073112  0.00  0.00    1.23    1.30    0    0  (Gen:  0)
   517872      6480  27076736  0.00  0.00    1.23    1.30    0    0  (Gen:  0)
   518584      8376  27081912  0.00  0.00    1.23    1.30    0    0  (Gen:  0)
   518952      7144  27082904  0.00  0.00    1.23    1.30    0    0  (Gen:  0)
   518456      8120  27089504  0.00  0.00    1.23    1.30    0    0  (Gen:  0)
   518112      7680  27094976  0.00  0.00    1.23    1.30    0    0  (Gen:  0)
   518112      6776  27099416  0.00  0.00    1.23    1.30    0    0  (Gen:  0)
   517360      6264  27101240  0.00  0.00    1.23    1.30    0    0  (Gen:  0)
   517776      6304  27103120  0.00  0.00    1.23    1.30    0    0  (Gen:  0)
   518392      6408  27105344  0.00  0.00    1.23    1.30    0    0  (Gen:  0)
   518000     10384  27111736  0.00  0.00    1.23    1.30    0    0  (Gen:  0)
   517904      9752  27115416  0.00  0.00    1.23    1.30    0    0  (Gen:  0)
   518336      6488  27116600  0.00  0.00    1.23    1.30    0    0  (Gen:  0)
   517848      7272  27118600  0.00  0.00    1.23    1.30    0    0  (Gen:  0)
   518040      6920  27119608  0.00  0.00    1.23    1.30    0    0  (Gen:  0)
   518552      6648  27120816  0.00  0.00    1.23    1.30    0    0  (Gen:  0)
   518000     10608  27126160  0.00  0.00    1.23    1.30    0    0  (Gen:  0)
   518000      9872  27128352  0.00  0.00    1.23    1.30    0    0  (Gen:  0)
   517568     11992  27131976  0.00  0.00    1.23    1.30    0    0  (Gen:  0)
   518016     10440  27133312  0.00  0.00    1.23    1.30    0    0  (Gen:  0)
   518912      6192  27137232  0.00  0.00    1.23    1.30    0    0  (Gen:  0)
   518552     12368  27148840  0.00  0.00    1.23    1.30    0    0  (Gen:  0)
   518240      6408  27153032  0.00  0.00    1.23    1.30    0    0  (Gen:  0)
   518280      6064  27154440  0.00  0.00    1.23    1.30    0    0  (Gen:  0)
   518784     10656  27162984  0.00  0.00    1.23    1.30    0    0  (Gen:  0)
   518424      7392  27167000  0.00  0.00    1.23    1.30    0    0  (Gen:  0)
   517912      5608  27168400  0.00  0.00    1.23    1.30    0    0  (Gen:  0)
   517848      8960  27175080  0.00  0.00    1.23    1.30    0    0  (Gen:  0)
   518360      4136  27177712  0.00  0.00    1.23    1.30    0    0  (Gen:  0)
   518552      4136  27179744  0.00  0.00    1.23    1.30    0    0  (Gen:  0)
   518744      4128  27181432  0.00  0.00    1.23    1.30    0    0  (Gen:  0)
   517720      4224  27183280  0.00  0.00    1.23    1.30    0    0  (Gen:  0)
   517680      5048  27185960  0.00  0.00    1.23    1.30    0    0  (Gen:  0)
   518608      5344  27188072  0.00  0.00    1.23    1.30    0    0  (Gen:  0)
   518640      5216  27190272  0.00  0.00    1.23    1.30    0    0  (Gen:  0)
   518184      4968  27192160  0.00  0.00    1.23    1.30    0    0  (Gen:  0)
   518416      6984  27196144  0.00  0.00    1.23    1.30    0    0  (Gen:  0)
   519504      5536  27196616  0.00  0.00    1.23    1.30    0    0  (Gen:  0)
   518336      9064  27205184  0.00  0.00    1.23    1.30    0    0  (Gen:  0)
   517856      5536  27208432  0.00  0.00    1.23    1.30    0    0  (Gen:  0)
   517872      4720  27210616  0.00  0.00    1.23    1.30    0    0  (Gen:  0)
   516808      5584  27212664  0.00  0.00    1.23    1.30    0    0  (Gen:  0)
   517128      5256  27214632  0.00  0.00    1.23    1.30    0    0  (Gen:  0)
   517792      5632  27217248  0.00  0.00    1.23    1.30    0    0  (Gen:  0)
   518256      5560  27219328  0.00  0.00    1.23    1.30    0    0  (Gen:  0)
   517896      5136  27221824  0.00  0.00    1.23    1.30    0    0  (Gen:  0)
   517840      5152  27224568  0.00  0.00    1.23    1.30    0    0  (Gen:  0)
   517224      5192  27225960  0.00  0.00    1.23    1.30    0    0  (Gen:  0)
   517840      5312  27228032  0.00  0.00    1.23    1.30    0    0  (Gen:  0)
   518912      5048  27229720  0.00  0.00    1.23    1.30    0    0  (Gen:  0)
   518264      5520  27232216  0.00  0.00    1.23    1.30    0    0  (Gen:  0)
   516976      4680  27234168  0.00  0.00    1.23    1.30    0    0  (Gen:  0)
   515928      4680  27236536  0.00  0.00    1.23    1.30    0    0  (Gen:  0)
   517352      5856  27240264  0.00  0.00    1.23    1.30    0    0  (Gen:  0)
   517728      5752  27242064  0.00  0.00    1.23    1.30    0    0  (Gen:  0)
   517624      5832  27244176  0.00  0.00    1.23    1.30    0    0  (Gen:  0)
   517960      5208  27246232  0.00  0.00    1.23    1.30    0    0  (Gen:  0)
   517024      5720  27249560  0.00  0.00    1.23    1.30    0    0  (Gen:  0)
   517968      5360  27251728  0.00  0.00    1.23    1.30    0    0  (Gen:  0)
   516448      6920  27255272  0.00  0.00    1.23    1.30    0    0  (Gen:  0)
   515864      5344  27256688  0.00  0.00    1.23    1.30    0    0  (Gen:  0)
   518296      8224  27264400  0.00  0.00    1.23    1.30    0    0  (Gen:  0)
   518368      5928  27264800  0.00  0.00    1.23    1.30    0    0  (Gen:  0)
   517976      8792  27272176  0.00  0.00    1.23    1.30    0    0  (Gen:  0)
   518456      8736  27279424  0.00  0.00    1.23    1.30    0    0  (Gen:  0)
   517584      5632  27282440  0.00  0.00    1.23    1.30    0    0  (Gen:  0)
   517696      5120  27284224  0.00  0.00    1.23    1.30    0    0  (Gen:  0)
   518584      7768  27288520  0.00  0.00    1.23    1.30    0    0  (Gen:  0)
   518376      8512  27293456  0.00  0.00    1.23    1.30    0    0  (Gen:  0)
   517360     12952  27302376  0.00  0.00    1.23    1.30    0    0  (Gen:  0)
   517616      5192  27305320  0.00  0.00    1.24    1.30    0    0  (Gen:  0)
   517624      6192  27307832  0.00  0.00    1.24    1.30    0    0  (Gen:  0)
   518432      6040  27310568  0.00  0.00    1.24    1.30    0    0  (Gen:  0)
   518512      6232  27313560  0.00  0.00    1.24    1.30    0    0  (Gen:  0)
   518280      6248  27315936  0.00  0.00    1.24    1.30    0    0  (Gen:  0)
   518400      5360  27318152  0.00  0.00    1.24    1.31    0    0  (Gen:  0)
   518496      5608  27321192  0.00  0.00    1.24    1.31    0    0  (Gen:  0)
   518144      6456  27324128  0.00  0.00    1.24    1.31    0    0  (Gen:  0)
   517400      6144  27326912  0.00  0.00    1.24    1.31    0    0  (Gen:  0)
   519032      6016  27330104  0.00  0.00    1.24    1.31    0    0  (Gen:  0)
   518728      6736  27334936  0.00  0.00    1.24    1.31    0    0  (Gen:  0)
   516664      5616  27335544  0.00  0.00    1.24    1.31    0    0  (Gen:  0)
   517632      7328  27341464  0.00  0.00    1.24    1.31    0    0  (Gen:  0)
   518232      5928  27344728  0.00  0.00    1.24    1.31    0    0  (Gen:  0)
   517896      5816  27347536  0.00  0.00    1.24    1.31    0    0  (Gen:  0)
   518256      6832  27352352  0.00  0.00    1.24    1.31    0    0  (Gen:  0)
   519064      5872  27355224  0.00  0.00    1.24    1.31    0    0  (Gen:  0)
   517984      7448  27359840  0.00  0.00    1.24    1.31    0    0  (Gen:  0)
   518760      6528  27360808  0.00  0.00    1.24    1.31    0    0  (Gen:  0)
   518208     10320  27369480  0.00  0.00    1.24    1.31    0    0  (Gen:  0)
   517688      6216  27372944  0.00  0.00    1.24    1.31    0    0  (Gen:  0)
   518088      6840  27376512  0.00  0.00    1.24    1.31    0    0  (Gen:  0)
   518368      7088  27379928  0.00  0.00    1.24    1.31    0    0  (Gen:  0)
   517248     14632  27389744  0.00  0.00    1.24    1.31    0    0  (Gen:  0)
   517952      8200  27393744  0.00  0.00    1.24    1.31    0    0  (Gen:  0)
   518200      5432  27395064  0.00  0.00    1.24    1.31    0    0  (Gen:  0)
   518144      6048  27397152  0.00  0.00    1.24    1.31    0    0  (Gen:  0)
   518024     12264  27405088  0.00  0.00    1.24    1.31    0    0  (Gen:  0)
   517616      6632  27407840  0.00  0.00    1.24    1.31    0    0  (Gen:  0)
   518968      8600  27411024  0.00  0.00    1.24    1.31    0    0  (Gen:  0)
   517864      6912  27413216  0.00  0.00    1.24    1.31    0    0  (Gen:  0)
   518464      6632  27416064  0.00  0.00    1.24    1.31    0    0  (Gen:  0)
   518200      5824  27418072  0.00  0.00    1.24    1.31    0    0  (Gen:  0)
   517456      9192  27423720  0.00  0.00    1.24    1.31    0    0  (Gen:  0)
   517240      7328  27425016  0.00  0.00    1.24    1.31    0    0  (Gen:  0)
   517400      4320  27427304  0.00  0.00    1.24    1.31    0    0  (Gen:  0)
   517904      7472  27434200  0.00  0.00    1.24    1.31    0    0  (Gen:  0)
   518672      6888  27439032  0.00  0.00    1.24    1.31    0    0  (Gen:  0)
   518920     12424  27447752  0.00  0.00    1.24    1.31    0    0  (Gen:  0)
   518136     10992  27454952  0.00  0.00    1.24    1.31    0    0  (Gen:  0)
   518848     10144  27458688  0.00  0.00    1.24    1.31    0    0  (Gen:  0)
   519640      5736  27459560  0.00  0.00    1.24    1.31    0    0  (Gen:  0)
   518592     12400  27470384  0.00  0.00    1.24    1.31    0    0  (Gen:  0)
   518272     14640  27481168  0.00  0.00    1.24    1.31    0    0  (Gen:  0)
   518392     13968  27491664  0.00  0.00    1.24    1.31    0    0  (Gen:  0)
   518296     13680  27501328  0.00  0.00    1.24    1.31    0    0  (Gen:  0)
   518536     11840  27510224  0.00  0.00    1.24    1.31    0    0  (Gen:  0)
   517800      6816  27514288  0.00  0.00    1.24    1.31    0    0  (Gen:  0)
   517224      6440  27516096  0.00  0.00    1.24    1.31    0    0  (Gen:  0)
   518392     13000  27526728  0.00  0.00    1.24    1.31    0    0  (Gen:  0)
   518704     13872  27538464  0.00  0.00    1.24    1.31    0    0  (Gen:  0)
   518984     13872  27549264  0.00  0.00    1.24    1.31    0    0  (Gen:  0)
   518384     14040  27560232  0.00  0.00    1.24    1.31    0    0  (Gen:  0)
   518496      8792  27565248  0.00  0.00    1.24    1.31    0    0  (Gen:  0)
   518792      6152  27566560  0.00  0.00    1.24    1.31    0    0  (Gen:  0)
   517952     12792  27577128  0.00  0.00    1.24    1.31    0    0  (Gen:  0)
   518208     14144  27587512  0.00  0.00    1.24    1.31    0    0  (Gen:  0)
   518264     13952  27597928  0.00  0.00    1.24    1.31    0    0  (Gen:  0)
   517832     12120  27607832  0.00  0.00    1.24    1.31    0    0  (Gen:  0)
   518296     12592  27618696  0.00  0.00    1.24    1.31    0    0  (Gen:  0)
   517632     12840  27627944  0.00  0.00    1.24    1.31    0    0  (Gen:  0)
   518424     12080  27635584  0.00  0.00    1.24    1.31    0    0  (Gen:  0)
   517992     11088  27639448  0.00  0.00    1.24    1.31    0    0  (Gen:  0)
   518136     12112  27642160  0.00  0.00    1.24    1.31    0    0  (Gen:  0)
   518800     10832  27646832  0.00  0.00    1.24    1.31    0    0  (Gen:  0)
   518344      6864  27648120  0.00  0.00    1.24    1.31    0    0  (Gen:  0)
   518000      7744  27650200  0.00  0.00    1.24    1.31    0    0  (Gen:  0)
   517984      9000  27655120  0.00  0.00    1.24    1.31    0    0  (Gen:  0)
   518592      7296  27656416  0.00  0.00    1.24    1.31    0    0  (Gen:  0)
   518424      3880  27657528  0.00  0.00    1.24    1.31    0    0  (Gen:  0)
   517720     10136  27665640  0.00  0.00    1.24    1.31    0    0  (Gen:  0)
   518272      7976  27671864  0.00  0.00    1.24    1.31    0    0  (Gen:  0)
   518344      8312  27676704  0.00  0.00    1.24    1.31    0    0  (Gen:  0)
   518464      6776  27678392  0.00  0.00    1.24    1.31    0    0  (Gen:  0)
   518056      6864  27680744  0.00  0.00    1.24    1.31    0    0  (Gen:  0)
   518456      8416  27684128  0.00  0.00    1.24    1.31    0    0  (Gen:  0)
   518352      7408  27685504  0.00  0.00    1.25    1.31    0    0  (Gen:  0)
   518752      9080  27692472  0.00  0.00    1.25    1.31    0    0  (Gen:  0)
   518552      9592  27700776  0.00  0.00    1.25    1.31    0    0  (Gen:  0)
   517968      8432  27706952  0.00  0.00    1.25    1.31    0    0  (Gen:  0)
   518072      5896  27708312  0.00  0.00    1.25    1.32    0    0  (Gen:  0)
   517680      5616  27709936  0.00  0.00    1.25    1.32    0    0  (Gen:  0)
   518888      5592  27711264  0.00  0.00    1.25    1.32    0    0  (Gen:  0)
   517976      6088  27713040  0.00  0.00    1.25    1.32    0    0  (Gen:  0)
   518000      5696  27714336  0.00  0.00    1.25    1.32    0    0  (Gen:  0)
   517616      6976  27717392  0.00  0.00    1.25    1.32    0    0  (Gen:  0)
   518760      8840  27721704  0.00  0.00    1.25    1.32    0    0  (Gen:  0)
   518376      6864  27723296  0.00  0.00    1.25    1.32    0    0  (Gen:  0)
   517872     11248  27732384  0.00  0.00    1.25    1.32    0    0  (Gen:  0)
   517424     13944  27743304  0.00  0.00    1.25    1.32    0    0  (Gen:  0)
   518128      6040  27744424  0.00  0.00    1.25    1.32    0    0  (Gen:  0)
   517520      4504  27747112  0.00  0.00    1.25    1.32    0    0  (Gen:  0)
   517904     12696  27759384  0.00  0.00    1.25    1.32    0    0  (Gen:  0)
   518936     13944  27773128  0.00  0.00    1.25    1.32    0    0  (Gen:  0)
   518200     14560  27784240  0.00  0.00    1.25    1.32    0    0  (Gen:  0)
   518440      7992  27790048  0.00  0.00    1.25    1.32    0    0  (Gen:  0)
   518328      6440  27791000  0.00  0.00    1.25    1.32    0    0  (Gen:  0)
   517464      8784  27798144  0.00  0.00    1.25    1.32    0    0  (Gen:  0)
   517624     11600  27807080  0.00  0.00    1.25    1.32    0    0  (Gen:  0)
   516672      9152  27813432  0.00  0.00    1.25    1.32    0    0  (Gen:  0)
   518296      7672  27815200  0.00  0.00    1.25    1.32    0    0  (Gen:  0)
   518560      6096  27818992  0.00  0.00    1.25    1.32    0    0  (Gen:  0)
   518256     10304  27825536  0.00  0.00    1.25    1.32    0    0  (Gen:  0)
   518816      7296  27827656  0.00  0.00    1.25    1.32    0    0  (Gen:  0)
   518520      7792  27832808  0.00  0.00    1.25    1.32    0    0  (Gen:  0)
   517752      9640  27840760  0.00  0.00    1.25    1.32    0    0  (Gen:  0)
   518040      8640  27846624  0.00  0.00    1.25    1.32    0    0  (Gen:  0)
   518224      7744  27850224  0.00  0.00    1.25    1.32    0    0  (Gen:  0)
   517008      7472  27852496  0.00  0.00    1.25    1.32    0    0  (Gen:  0)
   518264      7856  27856112  0.00  0.00    1.25    1.32    0    0  (Gen:  0)
   518464      6448  27859304  0.00  0.00    1.25    1.32    0    0  (Gen:  0)
   518208     12000  27866568  0.00  0.00    1.25    1.32    0    0  (Gen:  0)
   517520      8600  27870536  0.00  0.00    1.25    1.32    0    0  (Gen:  0)
   518800     12240  27878728  0.00  0.00    1.25    1.32    0    0  (Gen:  0)
   516576      9648  27884928  0.00  0.00    1.25    1.32    0    0  (Gen:  0)
   518104      9600  27888712  0.00  0.00    1.25    1.32    0    0  (Gen:  0)
   518440     10088  27893752  0.00  0.00    1.25    1.32    0    0  (Gen:  0)
   517976      6944  27894432  0.00  0.00    1.25    1.32    0    0  (Gen:  0)
   517784      9456  27902224  0.00  0.00    1.25    1.32    0    0  (Gen:  0)
   518560     10408  27911680  0.00  0.00    1.25    1.32    0    0  (Gen:  0)
   517800      9608  27918344  0.00  0.00    1.25    1.32    0    0  (Gen:  0)
   517016      6608  27920640  0.00  0.00    1.25    1.32    0    0  (Gen:  0)
   518368      9096  27925184  0.00  0.00    1.25    1.32    0    0  (Gen:  0)
   518752      7656  27926472  0.00  0.00    1.25    1.32    0    0  (Gen:  0)
   518400      9672  27934136  0.00  0.00    1.25    1.32    0    0  (Gen:  0)
   518520     13000  27943968  0.00  0.00    1.25    1.32    0    0  (Gen:  0)
   518416     11472  27952944  0.00  0.00    1.25    1.32    0    0  (Gen:  0)
   518432      8488  27958216  0.00  0.00    1.25    1.32    0    0  (Gen:  0)
   517952      5472  27959712  0.00  0.00    1.25    1.32    0    0  (Gen:  0)
   518352      6240  27963032  0.00  0.00    1.25    1.32    0    0  (Gen:  0)
   517976      5840  27964896  0.00  0.00    1.25    1.32    0    0  (Gen:  0)
   518696      8984  27970064  0.00  0.00    1.25    1.32    0    0  (Gen:  0)
   518744      7528  27972600  0.00  0.00    1.25    1.32    0    0  (Gen:  0)
   518400      7720  27976616  0.00  0.00    1.25    1.32    0    0  (Gen:  0)
   517912      6520  27977328  0.00  0.00    1.25    1.32    0    0  (Gen:  0)
   518488      9320  27985216  0.00  0.00    1.25    1.32    0    0  (Gen:  0)
   518856     10096  27993720  0.00  0.00    1.25    1.32    0    0  (Gen:  0)
   518392      8136  27995936  0.00  0.00    1.25    1.32    0    0  (Gen:  0)
   517680      4144  27997232  0.00  0.00    1.25    1.32    0    0  (Gen:  0)
   517968      9704  28006896  0.00  0.00    1.25    1.32    0    0  (Gen:  0)
   517976      8424  28013576  0.00  0.00    1.25    1.32    0    0  (Gen:  0)
   518976      5272  28015320  0.00  0.00    1.25    1.32    0    0  (Gen:  0)
   518840      4776  28016640  0.00  0.00    1.25    1.32    0    0  (Gen:  0)
   518664      6256  28020064  0.00  0.00    1.25    1.32    0    0  (Gen:  0)
   519072      9104  28024552  0.00  0.00    1.25    1.32    0    0  (Gen:  0)
   518368      7016  28026016  0.00  0.00    1.25    1.32    0    0  (Gen:  0)
   517296      5072  28027928  0.00  0.00    1.25    1.32    0    0  (Gen:  0)
   516976      4736  28029104  0.00  0.00    1.25    1.32    0    0  (Gen:  0)
   517656      5864  28032024  0.00  0.00    1.25    1.32    0    0  (Gen:  0)
   518160      7744  28034816  0.00  0.00    1.25    1.32    0    0  (Gen:  0)
   518320      3456  28035512  0.00  0.00    1.25    1.32    0    0  (Gen:  0)
   518104     10392  28044168  0.00  0.00    1.25    1.32    0    0  (Gen:  0)
   517248      7696  28050392  0.00  0.00    1.25    1.32    0    0  (Gen:  0)
   518064      6120  28053504  0.00  0.00    1.25    1.32    0    0  (Gen:  0)
   517856      5672  28055520  0.00  0.00    1.25    1.32    0    0  (Gen:  0)
   518120      4856  28057792  0.00  0.00    1.26    1.32    0    0  (Gen:  0)
   517896      4960  28059880  0.00  0.00    1.26    1.32    0    0  (Gen:  0)
   518024      5968  28062856  0.00  0.00    1.26    1.33    0    0  (Gen:  0)
   517560      5104  28064264  0.00  0.00    1.26    1.33    0    0  (Gen:  0)
   516280      6888  28068248  0.00  0.00    1.26    1.33    0    0  (Gen:  0)
   518088      5784  28069744  0.00  0.00    1.26    1.33    0    0  (Gen:  0)
   518408      8880  28077960  0.00  0.00    1.26    1.33    0    0  (Gen:  0)
   517840      7912  28084488  0.00  0.00    1.26    1.33    0    0  (Gen:  0)
   517800      7328  28087720  0.00  0.00    1.26    1.33    0    0  (Gen:  0)
   519056      4848  28088952  0.00  0.00    1.26    1.33    0    0  (Gen:  0)
   518880      4688  28090024  0.00  0.00    1.26    1.33    0    0  (Gen:  0)
   518184      5920  28092744  0.00  0.00    1.26    1.33    0    0  (Gen:  0)
   517800      5656  28094448  0.00  0.00    1.26    1.33    0    0  (Gen:  0)
   518144      3896  28095848  0.00  0.00    1.26    1.33    0    0  (Gen:  0)
   517872      4032  28097728  0.00  0.00    1.26    1.33    0    0  (Gen:  0)
   518744      5176  28100584  0.00  0.00    1.26    1.33    0    0  (Gen:  0)
   518232      7256  28104320  0.00  0.00    1.26    1.33    0    0  (Gen:  0)
   517632      8888  28109248  0.00  0.00    1.26    1.33    0    0  (Gen:  0)
   516584      7136  28110000  0.00  0.00    1.26    1.33    0    0  (Gen:  0)
   516264      6040  28114584  0.00  0.00    1.26    1.33    0    0  (Gen:  0)
   518304     11664  28122448  0.00  0.00    1.26    1.33    0    0  (Gen:  0)
   518448      9192  28128520  0.00  0.00    1.26    1.33    0    0  (Gen:  0)
   518736      8824  28133408  0.00  0.00    1.26    1.33    0    0  (Gen:  0)
   518688     10032  28137648  0.00  0.00    1.26    1.33    0    0  (Gen:  0)
   518536      9992  28141304  0.00  0.00    1.26    1.33    0    0  (Gen:  0)
   518680      9632  28143272  0.00  0.00    1.26    1.33    0    0  (Gen:  0)
   518440      7880  28146136  0.00  0.00    1.26    1.33    0    0  (Gen:  0)
   517888      8456  28148296  0.00  0.00    1.26    1.33    0    0  (Gen:  0)
   517800      4088  28149936  0.00  0.00    1.26    1.33    0    0  (Gen:  0)
   518224     10520  28160088  0.00  0.00    1.26    1.33    0    0  (Gen:  0)
   518440      8904  28165816  0.00  0.00    1.26    1.33    0    0  (Gen:  0)
   518208      7200  28169560  0.00  0.00    1.26    1.33    0    0  (Gen:  0)
   517792      6576  28171736  0.00  0.00    1.26    1.33    0    0  (Gen:  0)
   517520      7584  28175616  0.00  0.00    1.26    1.33    0    0  (Gen:  0)
   518312      8056  28179240  0.00  0.00    1.26    1.33    0    0  (Gen:  0)
   518552      6464  28181008  0.00  0.00    1.26    1.33    0    0  (Gen:  0)
   518440      6256  28183368  0.00  0.00    1.26    1.33    0    0  (Gen:  0)
   518360      7416  28186048  0.00  0.00    1.26    1.33    0    0  (Gen:  0)
   517656      8568  28190400  0.00  0.00    1.26    1.33    0    0  (Gen:  0)
   517744      9760  28194248  0.00  0.00    1.26    1.33    0    0  (Gen:  0)
   518312      8256  28196168  0.00  0.00    1.26    1.33    0    0  (Gen:  0)
   518288      5248  28198688  0.00  0.00    1.26    1.33    0    0  (Gen:  0)
   518264     10536  28208224  0.00  0.00    1.26    1.33    0    0  (Gen:  0)
   518184     10160  28215256  0.00  0.00    1.26    1.33    0    0  (Gen:  0)
   518080      5240  28216832  0.00  0.00    1.26    1.33    0    0  (Gen:  0)
   517880      5432  28218720  0.00  0.00    1.26    1.33    0    0  (Gen:  0)
   518000      8000  28222928  0.00  0.00    1.26    1.33    0    0  (Gen:  0)
   518064      7160  28224096  0.00  0.00    1.26    1.33    0    0  (Gen:  0)
   517976      7496  28230000  0.00  0.00    1.26    1.33    0    0  (Gen:  0)
   517752      8816  28236368  0.00  0.00    1.26    1.33    0    0  (Gen:  0)
   518560      4936  28238640  0.00  0.00    1.26    1.33    0    0  (Gen:  0)
   517952      7688  28243600  0.00  0.00    1.26    1.33    0    0  (Gen:  0)
   518488     10176  28249424  0.00  0.00    1.26    1.33    0    0  (Gen:  0)
   518312      7992  28251040  0.00  0.00    1.26    1.33    0    0  (Gen:  0)
   517680     11688  28255752  0.00  0.00    1.26    1.33    0    0  (Gen:  0)
   518304      9568  28257296  0.00  0.00    1.26    1.33    0    0  (Gen:  0)
   517992      9784  28264792  0.00  0.00    1.26    1.33    0    0  (Gen:  0)
   518208     12992  28274888  0.00  0.00    1.26    1.33    0    0  (Gen:  0)
   518352     10632  28284072  0.00  0.00    1.26    1.33    0    0  (Gen:  0)
   518248     10464  28291264  0.00  0.00    1.26    1.33    0    0  (Gen:  0)
   517800      9480  28296328  0.00  0.00    1.26    1.33    0    0  (Gen:  0)
   517584     11440  28301376  0.00  0.00    1.26    1.33    0    0  (Gen:  0)
   517592      8488  28304248  0.00  0.00    1.26    1.33    0    0  (Gen:  0)
   518296      6344  28305672  0.00  0.00    1.26    1.33    0    0  (Gen:  0)
   518576      7368  28308584  0.00  0.00    1.26    1.33    0    0  (Gen:  0)
   518568      8168  28312632  0.00  0.00    1.26    1.33    0    0  (Gen:  0)
   519104      8368  28314384  0.00  0.00    1.26    1.33    0    0  (Gen:  0)
   518128      4488  28316320  0.00  0.00    1.26    1.33    0    0  (Gen:  0)
   517216      9592  28325216  0.00  0.00    1.26    1.33    0    0  (Gen:  0)
   518400      7264  28329416  0.00  0.00    1.26    1.33    0    0  (Gen:  0)
   518560      5792  28332040  0.00  0.00    1.26    1.33    0    0  (Gen:  0)
   517952      6712  28334264  0.00  0.00    1.26    1.33    0    0  (Gen:  0)
   517736      9712  28339768  0.00  0.00    1.26    1.33    0    0  (Gen:  0)
   517992     12344  28346008  0.00  0.00    1.26    1.33    0    0  (Gen:  0)
   518112      8864  28347424  0.00  0.00    1.26    1.33    0    0  (Gen:  0)
   517912      8432  28347792  0.00  0.00    1.26    1.33    0    0  (Gen:  0)
   518256      9832  28350392  0.00  0.00    1.26    1.33    0    0  (Gen:  0)
   518912     11056  28353152  0.00  0.00    1.26    1.33    0    0  (Gen:  0)
   518784     11480  28355088  0.00  0.00    1.26    1.33    0    0  (Gen:  0)
   518008     10608  28356304  0.00  0.00    1.26    1.33    0    0  (Gen:  0)
   517816      6832  28357232  0.00  0.00    1.27    1.33    0    0  (Gen:  0)
   519088      7536  28359488  0.00  0.00    1.27    1.34    0    0  (Gen:  0)
   519208      7616  28361256  0.00  0.00    1.27    1.34    0    0  (Gen:  0)
   519400      5920  28362512  0.00  0.00    1.27    1.34    0    0  (Gen:  0)
   518656      6280  28365432  0.00  0.00    1.27    1.34    0    0  (Gen:  0)
   517904      9776  28371976  0.00  0.00    1.27    1.34    0    0  (Gen:  0)
   517608      8816  28375216  0.00  0.00    1.27    1.34    0    0  (Gen:  0)
   517936      6784  28376520  0.00  0.00    1.27    1.34    0    0  (Gen:  0)
   518248      7152  28379384  0.00  0.00    1.27    1.34    0    0  (Gen:  0)
   518088      9952  28385352  0.00  0.00    1.27    1.34    0    0  (Gen:  0)
   518312      6856  28387944  0.00  0.00    1.27    1.34    0    0  (Gen:  0)
   518512      6568  28389328  0.00  0.00    1.27    1.34    0    0  (Gen:  0)
   518216     14432  28398416  0.00  0.00    1.27    1.34    0    0  (Gen:  0)
   517752     11376  28406576  0.00  0.00    1.27    1.34    0    0  (Gen:  0)
   517976     15760  28417664  0.00  0.00    1.27    1.34    0    0  (Gen:  0)
   518704     13904  28427808  0.00  0.00    1.27    1.34    0    0  (Gen:  0)
   518560      9736  28434480  0.00  0.00    1.27    1.34    0    0  (Gen:  0)
   517792      6368  28437712  0.00  0.00    1.27    1.34    0    0  (Gen:  0)
   518072      8400  28442240  0.00  0.00    1.27    1.34    0    0  (Gen:  0)
   518192      8424  28443656  0.00  0.00    1.27    1.34    0    0  (Gen:  0)
   518240      5368  28446696  0.00  0.00    1.27    1.34    0    0  (Gen:  0)
   518296     12056  28458080  0.00  0.00    1.27    1.34    0    0  (Gen:  0)
   518296     15544  28470048  0.00  0.00    1.27    1.34    0    0  (Gen:  0)
   518032      9168  28476304  0.00  0.00    1.27    1.34    0    0  (Gen:  0)
   517424      6040  28478760  0.00  0.00    1.27    1.34    0    0  (Gen:  0)
   518320      6480  28481784  0.00  0.00    1.27    1.34    0    0  (Gen:  0)
   518376      5144  28484168  0.00  0.00    1.27    1.34    0    0  (Gen:  0)
   518952      5184  28486096  0.00  0.00    1.27    1.34    0    0  (Gen:  0)
   518256      5432  28488416  0.00  0.00    1.27    1.34    0    0  (Gen:  0)
   518016      7160  28491624  0.00  0.00    1.27    1.34    0    0  (Gen:  0)
   517976      6728  28494616  0.00  0.00    1.27    1.34    0    0  (Gen:  0)
   517824      5448  28495768  0.00  0.00    1.27    1.34    0    0  (Gen:  0)
   518272      7304  28499088  0.00  0.00    1.27    1.34    0    0  (Gen:  0)
   518912      8096  28502936  0.00  0.00    1.27    1.34    0    0  (Gen:  0)
   517264      9392  28507688  0.00  0.00    1.27    1.34    0    0  (Gen:  0)
   518680      7232  28510504  0.00  0.00    1.27    1.34    0    0  (Gen:  0)
   518944      6984  28512608  0.00  0.00    1.27    1.34    0    0  (Gen:  0)
   517944      7168  28514432  0.00  0.00    1.27    1.34    0    0  (Gen:  0)
   516984      7912  28517040  0.00  0.00    1.27    1.34    0    0  (Gen:  0)
   518816      6824  28519864  0.00  0.00    1.27    1.34    0    0  (Gen:  0)
   518616      7824  28523080  0.00  0.00    1.27    1.34    0    0  (Gen:  0)
   517584      5800  28524904  0.00  0.00    1.27    1.34    0    0  (Gen:  0)
   518456      9312  28531824  0.00  0.00    1.27    1.34    0    0  (Gen:  0)
   518048      5376  28534856  0.00  0.00    1.27    1.34    0    0  (Gen:  0)
   518152      5752  28537624  0.00  0.00    1.27    1.34    0    0  (Gen:  0)
   518440      4816  28539808  0.00  0.00    1.27    1.34    0    0  (Gen:  0)
   517720      5480  28542688  0.00  0.00    1.27    1.34    0    0  (Gen:  0)
   517896      5024  28545552  0.00  0.00    1.27    1.34    0    0  (Gen:  0)
   517896      7104  28550288  0.00  0.00    1.27    1.34    0    0  (Gen:  0)
   518456      6704  28551304  0.00  0.00    1.27    1.34    0    0  (Gen:  0)
   518224      8152  28557600  0.00  0.00    1.27    1.34    0    0  (Gen:  0)
   517464      5184  28561008  0.00  0.00    1.27    1.34    0    0  (Gen:  0)
   517952      5128  28563552  0.00  0.00    1.27    1.34    0    0  (Gen:  0)
   518328      5768  28566208  0.00  0.00    1.27    1.34    0    0  (Gen:  0)
   518208      6472  28569240  0.00  0.00    1.27    1.34    0    0  (Gen:  0)
   517184      6176  28572424  0.00  0.00    1.27    1.34    0    0  (Gen:  0)
   517304      7848  28577808  0.00  0.00    1.27    1.34    0    0  (Gen:  0)
   518504      6104  28579192  0.00  0.00    1.27    1.34    0    0  (Gen:  0)
   518176      4264  28580936  0.00  0.00    1.27    1.34    0    0  (Gen:  0)
   517776      8760  28587168  0.00  0.00    1.27    1.34    0    0  (Gen:  0)
   519056      6384  28591616  0.00  0.00    1.27    1.34    0    0  (Gen:  0)
   519288      6712  28596880  0.00  0.00    1.27    1.34    0    0  (Gen:  0)
   518176      5632  28600184  0.00  0.00    1.27    1.34    0    0  (Gen:  0)
   517672      5152  28602952  0.00  0.00    1.27    1.34    0    0  (Gen:  0)
   518032      5344  28605936  0.00  0.00    1.27    1.34    0    0  (Gen:  0)
   518312      5576  28608816  0.00  0.00    1.27    1.34    0    0  (Gen:  0)
   517488      5576  28611488  0.00  0.00    1.27    1.34    0    0  (Gen:  0)
   517784      4664  28613896  0.00  0.00    1.27    1.34    0    0  (Gen:  0)
   517560      4960  28617016  0.00  0.00    1.27    1.34    0    0  (Gen:  0)
   518488      6672  28621200  0.00  0.00    1.27    1.34    0    0  (Gen:  0)
   519512      6824  28624944  0.00  0.00    1.27    1.34    0    0  (Gen:  0)
   519496      5992  28629376  0.00  0.00    1.27    1.34    0    0  (Gen:  0)
   519592      5464  28632864  0.00  0.00    1.27    1.34    0    0  (Gen:  0)
   517880      5096  28636688  0.00  0.00    1.27    1.34    0    0  (Gen:  0)
   518128      5160  28637480  0.00  0.00    1.27    1.34    0    0  (Gen:  0)
   518344      5896  28641880  0.00  0.00    1.27    1.34    0    0  (Gen:  0)
   518040      5832  28642888  0.00  0.00    1.27    1.34    0    0  (Gen:  0)
   517120     10024  28651384  0.00  0.00    1.27    1.34    0    0  (Gen:  0)
   518368      6328  28655128  0.00  0.00    1.27    1.35    0    0  (Gen:  0)
   518224      5592  28657176  0.00  0.00    1.28    1.35    0    0  (Gen:  0)
   518272      9712  28663248  0.00  0.00    1.28    1.35    0    0  (Gen:  0)
   518232      9488  28669992  0.00  0.00    1.28    1.35    0    0  (Gen:  0)
   518424      6952  28673256  0.00  0.00    1.28    1.35    0    0  (Gen:  0)
   518672      9152  28677400  0.00  0.00    1.28    1.35    0    0  (Gen:  0)
   517688      7328  28678680  0.00  0.00    1.28    1.35    0    0  (Gen:  0)
   518312     10856  28687424  0.00  0.00    1.28    1.35    0    0  (Gen:  0)
   518424     10264  28695864  0.00  0.00    1.28    1.35    0    0  (Gen:  0)
   517432      7328  28701048  0.00  0.00    1.28    1.35    0    0  (Gen:  0)
   517944      9320  28706808  0.00  0.00    1.28    1.35    0    0  (Gen:  0)
   517968      5704  28708504  0.00  0.00    1.28    1.35    0    0  (Gen:  0)
   518040     11480  28715760  0.00  0.00    1.28    1.35    0    0  (Gen:  0)
   518456     10472  28721952  0.00  0.00    1.28    1.35    0    0  (Gen:  0)
   517736     11832  28726536  0.00  0.00    1.28    1.35    0    0  (Gen:  0)
   518304     10688  28728280  0.00  0.00    1.28    1.35    0    0  (Gen:  0)
   518296      6024  28731672  0.00  0.00    1.28    1.35    0    0  (Gen:  0)
   518832     11168  28742272  0.00  0.00    1.28    1.35    0    0  (Gen:  0)
   518688     12944  28751984  0.00  0.00    1.28    1.35    0    0  (Gen:  0)
   518328      9664  28758872  0.00  0.00    1.28    1.35    0    0  (Gen:  0)
   518592      6952  28760192  0.00  0.00    1.28    1.35    0    0  (Gen:  0)
   518560      9568  28767808  0.00  0.00    1.28    1.35    0    0  (Gen:  0)
   518712     13536  28778848  0.00  0.00    1.28    1.35    0    0  (Gen:  0)
   517680     11872  28787128  0.00  0.00    1.28    1.35    0    0  (Gen:  0)
   517656      6672  28788160  0.00  0.00    1.28    1.35    0    0  (Gen:  0)
   517832      7568  28793648  0.00  0.00    1.28    1.35    0    0  (Gen:  0)
   518536     12312  28805072  0.00  0.00    1.28    1.35    0    0  (Gen:  0)
   518552     12336  28814392  0.00  0.00    1.28    1.35    0    0  (Gen:  0)
   516640     12192  28822936  0.00  0.00    1.28    1.35    0    0  (Gen:  0)
   517232      7304  28824576  0.00  0.00    1.28    1.35    0    0  (Gen:  0)
   518184      4920  28827064  0.00  0.00    1.28    1.35    0    0  (Gen:  0)
   518416     11072  28837328  0.00  0.00    1.28    1.35    0    0  (Gen:  0)
   517808     10920  28844648  0.00  0.00    1.28    1.35    0    0  (Gen:  0)
   518560      6680  28846040  0.00  0.00    1.28    1.35    0    0  (Gen:  0)
   518312      7120  28850968  0.00  0.00    1.28    1.35    0    0  (Gen:  0)
   518016      6064  28856232  0.00  0.00    1.28    1.35    0    0  (Gen:  0)
   518256      6192  28859640  0.00  0.00    1.28    1.35    0    0  (Gen:  0)
   517944      5568  28862728  0.00  0.00    1.28    1.35    0    0  (Gen:  0)
   517944      5256  28865992  0.00  0.00    1.28    1.35    0    0  (Gen:  0)
   517784      5664  28869360  0.00  0.00    1.28    1.35    0    0  (Gen:  0)
   518176      6800  28873680  0.00  0.00    1.28    1.35    0    0  (Gen:  0)
   517816      6344  28874656  0.00  0.00    1.28    1.35    0    0  (Gen:  0)
   517664      7400  28880336  0.00  0.00    1.28    1.35    0    0  (Gen:  0)
   518800      4856  28883336  0.00  0.00    1.28    1.35    0    0  (Gen:  0)
   517616      5608  28886400  0.00  0.00    1.28    1.35    0    0  (Gen:  0)
   517568      5352  28889016  0.00  0.00    1.28    1.35    0    0  (Gen:  0)
   517392      6040  28892544  0.00  0.00    1.28    1.35    0    0  (Gen:  0)
   518400      5984  28895168  0.00  0.00    1.28    1.35    0    0  (Gen:  0)
   518032      5312  28897680  0.00  0.00    1.28    1.35    0    0  (Gen:  0)
   518048      5480  28900904  0.00  0.00    1.28    1.35    0    0  (Gen:  0)
   518048      6808  28904872  0.00  0.00    1.28    1.35    0    0  (Gen:  0)
   518432      6312  28907552  0.00  0.00    1.28    1.35    0    0  (Gen:  0)
   518024      6608  28910312  0.00  0.00    1.28    1.35    0    0  (Gen:  0)
   518144      5744  28912264  0.00  0.00    1.28    1.35    0    0  (Gen:  0)
   517712      5560  28914632  0.00  0.00    1.28    1.35    0    0  (Gen:  0)
   517752      9824  28920816  0.00  0.00    1.28    1.35    0    0  (Gen:  0)
   517696      7664  28921856  0.00  0.00    1.28    1.35    0    0  (Gen:  0)
   518568      7352  28927344  0.00  0.00    1.28    1.35    0    0  (Gen:  0)
   518496      4608  28931160  0.00  0.00    1.28    1.35    0    0  (Gen:  0)
   518304      4976  28931952  0.00  0.00    1.28    1.35    0    0  (Gen:  0)
   518664     14712  28945080  0.00  0.00    1.28    1.35    0    0  (Gen:  0)
   519328      5080  28945640  0.00  0.00    1.28    1.35    0    0  (Gen:  0)
   519200      4248  28948176  0.00  0.00    1.28    1.35    0    0  (Gen:  0)
   517664     10616  28957936  0.00  0.00    1.28    1.35    0    0  (Gen:  0)
   517440      7968  28963096  0.00  0.00    1.28    1.35    0    0  (Gen:  0)
   518264      6368  28965056  0.00  0.00    1.28    1.35    0    0  (Gen:  0)
   518808      5592  28967928  0.00  0.00    1.28    1.35    0    0  (Gen:  0)
   518792      6184  28970936  0.00  0.00    1.28    1.35    0    0  (Gen:  0)
   518032      6624  28973592  0.00  0.00    1.28    1.35    0    0  (Gen:  0)
   517896      5896  28976136  0.00  0.00    1.28    1.35    0    0  (Gen:  0)
   517648      9448  28981752  0.00  0.00    1.28    1.35    0    0  (Gen:  0)
   517064      6040  28983768  0.00  0.00    1.28    1.35    0    0  (Gen:  0)
   517192      6864  28985688  0.00  0.00    1.28    1.35    0    0  (Gen:  0)
   518400      7176  28987928  0.00  0.00    1.28    1.35    0    0  (Gen:  0)
   517280      6696  28990704  0.00  0.00    1.28    1.35    0    0  (Gen:  0)
   517944      5880  28994384  0.00  0.00    1.28    1.35    0    0  (Gen:  0)
   517576      5312  28996632  0.00  0.00    1.28    1.36    0    0  (Gen:  0)
   518224      5408  29000512  0.00  0.00    1.28    1.36    0    0  (Gen:  0)
   518448      5656  29002024  0.00  0.00    1.28    1.36    0    0  (Gen:  0)
   518120      7648  29007744  0.00  0.00    1.29    1.36    0    0  (Gen:  0)
   517864      4672  29010576  0.00  0.00    1.29    1.36    0    0  (Gen:  0)
   518016      5816  29014096  0.00  0.00    1.29    1.36    0    0  (Gen:  0)
   518776      5576  29016424  0.00  0.00    1.29    1.36    0    0  (Gen:  0)
   518896      5688  29019744  0.00  0.00    1.29    1.36    0    0  (Gen:  0)
   519024      5584  29022624  0.00  0.00    1.29    1.36    0    0  (Gen:  0)
   518672      6312  29026016  0.00  0.00    1.29    1.36    0    0  (Gen:  0)
   518840      5688  29028392  0.00  0.00    1.29    1.36    0    0  (Gen:  0)
   518368      5720  29030520  0.00  0.00    1.29    1.36    0    0  (Gen:  0)
   517648      5208  29031992  0.00  0.00    1.29    1.36    0    0  (Gen:  0)
   517200      5040  29034536  0.00  0.00    1.29    1.36    0    0  (Gen:  0)
   517336      6128  29037552  0.00  0.00    1.29    1.36    0    0  (Gen:  0)
   517832      6888  29040792  0.00  0.00    1.29    1.36    0    0  (Gen:  0)
   518936      6480  29043696  0.00  0.00    1.29    1.36    0    0  (Gen:  0)
   518880      6312  29047136  0.00  0.00    1.29    1.36    0    0  (Gen:  0)
   517864      5600  29049200  0.00  0.00    1.29    1.36    0    0  (Gen:  0)
   518312      6168  29052416  0.00  0.00    1.29    1.36    0    0  (Gen:  0)
   518456      5888  29054232  0.00  0.00    1.29    1.36    0    0  (Gen:  0)
   517856      5008  29056696  0.00  0.00    1.29    1.36    0    0  (Gen:  0)
   518312      5296  29059176  0.00  0.00    1.29    1.36    0    0  (Gen:  0)
   517248      5928  29062408  0.00  0.00    1.29    1.36    0    0  (Gen:  0)
   518160      6928  29066400  0.00  0.00    1.29    1.36    0    0  (Gen:  0)
   517936      6216  29068992  0.00  0.00    1.29    1.36    0    0  (Gen:  0)
   517536      7384  29073872  0.00  0.00    1.29    1.36    0    0  (Gen:  0)
   517752      7032  29075784  0.00  0.00    1.29    1.36    0    0  (Gen:  0)
   517840      4144  29077424  0.00  0.00    1.29    1.36    0    0  (Gen:  0)
   518008      9456  29084600  0.00  0.00    1.29    1.36    0    0  (Gen:  0)
   517928      5640  29087504  0.00  0.00    1.29    1.36    0    0  (Gen:  0)
   517984      5192  29089504  0.00  0.00    1.29    1.36    0    0  (Gen:  0)
   518136      5376  29092688  0.00  0.00    1.29    1.36    0    0  (Gen:  0)
   518096      5784  29095592  0.00  0.00    1.29    1.36    0    0  (Gen:  0)
   518192      5792  29098448  0.00  0.00    1.29    1.36    0    0  (Gen:  0)
   518008      5632  29101120  0.00  0.00    1.29    1.36    0    0  (Gen:  0)
   518104      4832  29103008  0.00  0.00    1.29    1.36    0    0  (Gen:  0)
   518008      5704  29106888  0.00  0.00    1.29    1.36    0    0  (Gen:  0)
   518064      6248  29108312  0.00  0.00    1.29    1.36    0    0  (Gen:  0)
   517272      8176  29114544  0.00  0.00    1.29    1.36    0    0  (Gen:  0)
   518264      5360  29118160  0.00  0.00    1.29    1.36    0    0  (Gen:  0)
   518368      5712  29121528  0.00  0.00    1.29    1.36    0    0  (Gen:  0)
   518232      6032  29125184  0.00  0.00    1.29    1.36    0    0  (Gen:  0)
   517976      5456  29127584  0.00  0.00    1.29    1.36    0    0  (Gen:  0)
   518160      6040  29131384  0.00  0.00    1.29    1.36    0    0  (Gen:  0)
   517976     11440  29138944  0.00  0.00    1.29    1.36    0    0  (Gen:  0)
   518440     13792  29147744  0.00  0.00    1.29    1.36    0    0  (Gen:  0)
   518696     10480  29154984  0.00  0.00    1.29    1.36    0    0  (Gen:  0)
   518808     10048  29160256  0.00  0.00    1.29    1.36    0    0  (Gen:  0)
   517872      7728  29163048  0.00  0.00    1.29    1.36    0    0  (Gen:  0)
   518328      7680  29167784  0.00  0.00    1.29    1.36    0    0  (Gen:  0)
   517456      7400  29169144  0.00  0.00    1.29    1.36    0    0  (Gen:  0)
   519064      7944  29174720  0.00  0.00    1.29    1.36    0    0  (Gen:  0)
   516624      5728  29178224  0.00  0.00    1.29    1.36    0    0  (Gen:  0)
   515048      5360  29180832  0.00  0.00    1.29    1.36    0    0  (Gen:  0)
   518544      6944  29185392  0.00  0.00    1.29    1.36    0    0  (Gen:  0)
   517744      6456  29186504  0.00  0.00    1.29    1.36    0    0  (Gen:  0)
   517688      9088  29193816  0.00  0.00    1.29    1.36    0    0  (Gen:  0)
   517304      7120  29197904  0.00  0.00    1.29    1.36    0    0  (Gen:  0)
   518096      7264  29200192  0.00  0.00    1.29    1.36    0    0  (Gen:  0)
   518408      4704  29202184  0.00  0.00    1.29    1.36    0    0  (Gen:  0)
   517360      7328  29209048  0.00  0.00    1.29    1.36    0    0  (Gen:  0)
   517912      5296  29211688  0.00  0.00    1.29    1.36    0    0  (Gen:  0)
   518544      6224  29214680  0.00  0.00    1.29    1.36    0    0  (Gen:  0)
   517456      6488  29218024  0.00  0.00    1.29    1.36    0    0  (Gen:  0)
   518232      7928  29223072  0.00  0.00    1.29    1.36    0    0  (Gen:  0)
   519160      6064  29223568  0.00  0.00    1.29    1.36    0    0  (Gen:  0)
   517776      3560  29225496  0.00  0.00    1.29    1.36    0    0  (Gen:  0)
   518368      7008  29232184  0.00  0.00    1.29    1.36    0    0  (Gen:  0)
   515760      4816  29234520  0.00  0.00    1.29    1.36    0    0  (Gen:  0)
   517104      8032  29239736  0.00  0.00    1.29    1.36    0    0  (Gen:  0)
   517544      7360  29242816  0.00  0.00    1.29    1.36    0    0  (Gen:  0)
   518536      4968  29244560  0.00  0.00    1.29    1.36    0    0  (Gen:  0)
   518080      5216  29246816  0.00  0.00    1.29    1.37    0    0  (Gen:  0)
   518344      5504  29248592  0.00  0.00    1.29    1.37    0    0  (Gen:  0)
   518304      5176  29250248  0.00  0.00    1.29    1.37    0    0  (Gen:  0)
   517136      6632  29253808  0.00  0.00    1.29    1.37    0    0  (Gen:  0)
   518176      6640  29254832  0.00  0.00    1.29    1.37    0    0  (Gen:  0)
   517504      7696  29260936  0.00  0.00    1.30    1.37    0    0  (Gen:  0)
   517864      7344  29262624  0.00  0.00    1.30    1.37    0    0  (Gen:  0)
   518824      8768  29269024  0.00  0.00    1.30    1.37    0    0  (Gen:  0)
   518280     11240  29276672  0.00  0.00    1.30    1.37    0    0  (Gen:  0)
   517656      9392  29282240  0.00  0.00    1.30    1.37    0    0  (Gen:  0)
   518744      5560  29283512  0.00  0.00    1.30    1.37    0    0  (Gen:  0)
   518064      4792  29285576  0.00  0.00    1.30    1.37    0    0  (Gen:  0)
   518592      8736  29291792  0.00  0.00    1.30    1.37    0    0  (Gen:  0)
   517488      7072  29293904  0.00  0.00    1.30    1.37    0    0  (Gen:  0)
   517712      6536  29296608  0.00  0.00    1.30    1.37    0    0  (Gen:  0)
   517744      6040  29298368  0.00  0.00    1.30    1.37    0    0  (Gen:  0)
   518624      6776  29300528  0.00  0.00    1.30    1.37    0    0  (Gen:  0)
   518304      6400  29302208  0.00  0.00    1.30    1.37    0    0  (Gen:  0)
   518256      8104  29305656  0.00  0.00    1.30    1.37    0    0  (Gen:  0)
   518568      7936  29307120  0.00  0.00    1.30    1.37    0    0  (Gen:  0)
   517208      3760  29308480  0.00  0.00    1.30    1.37    0    0  (Gen:  0)
   517648     10272  29318592  0.00  0.00    1.30    1.37    0    0  (Gen:  0)
   516704      9648  29324680  0.00  0.00    1.30    1.37    0    0  (Gen:  0)
   517464      5888  29328664  0.00  0.00    1.30    1.37    0    0  (Gen:  0)
   518064      6088  29331144  0.00  0.00    1.30    1.37    0    0  (Gen:  0)
   518648      5792  29332632  0.00  0.00    1.30    1.37    0    0  (Gen:  0)
   518216      7256  29336208  0.00  0.00    1.30    1.37    0    0  (Gen:  0)
   519080      8504  29339984  0.00  0.00    1.30    1.37    0    0  (Gen:  0)
   518832      8344  29341296  0.00  0.00    1.30    1.37    0    0  (Gen:  0)
   518408      8768  29347976  0.00  0.00    1.30    1.37    0    0  (Gen:  0)
   517560      7112  29349416  0.00  0.00    1.30    1.37    0    0  (Gen:  0)
   518112      4008  29351272  0.00  0.00    1.30    1.37    0    0  (Gen:  0)
   518640     10016  29360784  0.00  0.00    1.30    1.37    0    0  (Gen:  0)
   518920     11432  29368616  0.00  0.00    1.30    1.37    0    0  (Gen:  0)
   518288      9368  29374168  0.00  0.00    1.30    1.37    0    0  (Gen:  0)
   518232      6736  29377040  0.00  0.00    1.30    1.37    0    0  (Gen:  0)
   519184      5816  29378424  0.00  0.00    1.30    1.37    0    0  (Gen:  0)
   519040      5968  29379968  0.00  0.00    1.30    1.37    0    0  (Gen:  0)
   519168      5984  29381512  0.00  0.00    1.30    1.37    0    0  (Gen:  0)
   518320      5984  29383024  0.00  0.00    1.30    1.37    0    0  (Gen:  0)
   517976      6712  29385440  0.00  0.00    1.30    1.37    0    0  (Gen:  0)
   517960      8528  29389048  0.00  0.00    1.30    1.37    0    0  (Gen:  0)
   518552      7312  29391896  0.00  0.00    1.30    1.37    0    0  (Gen:  0)
   519688      6664  29393184  0.00  0.00    1.30    1.37    0    0  (Gen:  0)
   517264      6744  29394528  0.00  0.00    1.30    1.37    0    0  (Gen:  0)
   518216      7336  29396368  0.00  0.00    1.30    1.37    0    0  (Gen:  0)
   517400      8800  29401168  0.00  0.00    1.30    1.37    0    0  (Gen:  0)
   518184      7304  29403496  0.00  0.00    1.30    1.37    0    0  (Gen:  0)
   517168      6208  29404736  0.00  0.00    1.30    1.37    0    0  (Gen:  0)
   518680      5712  29406480  0.00  0.00    1.30    1.37    0    0  (Gen:  0)
   517704      5288  29407392  0.00  0.00    1.30    1.37    0    0  (Gen:  0)
   518432      6400  29410184  0.00  0.00    1.30    1.37    0    0  (Gen:  0)
   518744      5552  29410760  0.00  0.00    1.30    1.37    0    0  (Gen:  0)
   518952      6240  29413336  0.00  0.00    1.30    1.37    0    0  (Gen:  0)
   518168      8576  29417056  0.00  0.00    1.30    1.37    0    0  (Gen:  0)
   518208      7592  29419216  0.00  0.00    1.30    1.37    0    0  (Gen:  0)
   518376      8936  29423528  0.00  0.00    1.30    1.37    0    0  (Gen:  0)
   518936      8152  29424456  0.00  0.00    1.30    1.37    0    0  (Gen:  0)
   518760      8640  29431560  0.00  0.00    1.30    1.37    0    0  (Gen:  0)
   519104     11544  29440200  0.00  0.00    1.30    1.37    0    0  (Gen:  0)
   518504     11464  29447760  0.00  0.00    1.30    1.37    0    0  (Gen:  0)
   518208      8256  29451944  0.00  0.00    1.30    1.37    0    0  (Gen:  0)
   518448      6000  29454816  0.00  0.00    1.30    1.37    0    0  (Gen:  0)
   518080      5840  29456832  0.00  0.00    1.30    1.37    0    0  (Gen:  0)
   518240      4432  29457416  0.00  0.00    1.30    1.37    0    0  (Gen:  0)
   517888      4640  29459408  0.00  0.00    1.30    1.37    0    0  (Gen:  0)
   517984      5792  29461864  0.00  0.00    1.30    1.37    0    0  (Gen:  0)
   517688      7288  29465376  0.00  0.00    1.30    1.37    0    0  (Gen:  0)
   518032      6984  29468408  0.00  0.00    1.30    1.37    0    0  (Gen:  0)
   518504      6288  29471440  0.00  0.00    1.30    1.37    0    0  (Gen:  0)
   518112      6688  29474360  0.00  0.00    1.30    1.37    0    0  (Gen:  0)
   517824      6760  29476560  0.00  0.00    1.30    1.37    0    0  (Gen:  0)
   519096     10680  29482264  0.00  0.00    1.30    1.37    0    0  (Gen:  0)
   517904     12712  29488696  0.00  0.00    1.30    1.37    0    0  (Gen:  0)
   518128      5696  29490248  0.00  0.00    1.30    1.37    0    0  (Gen:  0)
   517784      4992  29492384  0.00  0.00    1.30    1.37    0    0  (Gen:  0)
   518624     10872  29500096  0.00  0.00    1.30    1.37    0    0  (Gen:  0)
   518472      5320  29502080  0.00  0.00    1.30    1.38    0    0  (Gen:  0)
   518512      4688  29503568  0.00  0.00    1.30    1.38    0    0  (Gen:  0)
   518208      5824  29507104  0.00  0.00    1.30    1.38    0    0  (Gen:  0)
   517920      5696  29508480  0.00  0.00    1.30    1.38    0    0  (Gen:  0)
   518536      6088  29511648  0.00  0.00    1.30    1.38    0    0  (Gen:  0)
   518560      6336  29513720  0.00  0.00    1.30    1.38    0    0  (Gen:  0)
   517224      6936  29516776  0.00  0.00    1.31    1.38    0    0  (Gen:  0)
   517760      6264  29519296  0.00  0.00    1.31    1.38    0    0  (Gen:  0)
   517664      6400  29521568  0.00  0.00    1.31    1.38    0    0  (Gen:  0)
   518096      5576  29523040  0.00  0.00    1.31    1.38    0    0  (Gen:  0)
   519112      6160  29525952  0.00  0.00    1.31    1.38    0    0  (Gen:  0)
   518272      5136  29528416  0.00  0.00    1.31    1.38    0    0  (Gen:  0)
   515880      5976  29531064  0.00  0.00    1.31    1.38    0    0  (Gen:  0)
   517488      6648  29534832  0.00  0.00    1.31    1.38    0    0  (Gen:  0)
   518200      7640  29539328  0.00  0.00    1.31    1.38    0    0  (Gen:  0)
   517496      6736  29540656  0.00  0.00    1.31    1.38    0    0  (Gen:  0)
   518616      3560  29542168  0.00  0.00    1.31    1.38    0    0  (Gen:  0)
   516936      7560  29549688  0.00  0.00    1.31    1.38    0    0  (Gen:  0)
   517432      5032  29552360  0.00  0.00    1.31    1.38    0    0  (Gen:  0)
   517704      5264  29555144  0.00  0.00    1.31    1.38    0    0  (Gen:  0)
   517592      5704  29558240  0.00  0.00    1.31    1.38    0    0  (Gen:  0)
   517592      5896  29560848  0.00  0.00    1.31    1.38    0    0  (Gen:  0)
   517664      5784  29563616  0.00  0.00    1.31    1.38    0    0  (Gen:  0)
   517792      5896  29566720  0.00  0.00    1.31    1.38    0    0  (Gen:  0)
   517752      5864  29569512  0.00  0.00    1.31    1.38    0    0  (Gen:  0)
   517760      8376  29575704  0.00  0.00    1.31    1.38    0    0  (Gen:  0)
   518400      7904  29579672  0.00  0.00    1.31    1.38    0    0  (Gen:  0)
   518336      6200  29580624  0.00  0.00    1.31    1.38    0    0  (Gen:  0)
   517944      9776  29588488  0.00  0.00    1.31    1.38    0    0  (Gen:  0)
   518544      6592  29592232  0.00  0.00    1.31    1.38    0    0  (Gen:  0)
   517776      5272  29593664  0.00  0.00    1.31    1.38    0    0  (Gen:  0)
   518848      5896  29596976  0.00  0.00    1.31    1.38    0    0  (Gen:  0)
   518184      7056  29600256  0.00  0.00    1.31    1.38    0    0  (Gen:  0)
   518408      6352  29603184  0.00  0.00    1.31    1.38    0    0  (Gen:  0)
   518232      5672  29605776  0.00  0.00    1.31    1.38    0    0  (Gen:  0)
   516672      7208  29610584  0.00  0.00    1.31    1.38    0    0  (Gen:  0)
   517904      6456  29611480  0.00  0.00    1.31    1.38    0    0  (Gen:  0)
   518312      7160  29617008  0.00  0.00    1.31    1.38    0    0  (Gen:  0)
   518664      6320  29621408  0.00  0.00    1.31    1.38    0    0  (Gen:  0)
   518080      7424  29626000  0.00  0.00    1.31    1.38    0    0  (Gen:  0)
   518440      6264  29626664  0.00  0.00    1.31    1.38    0    0  (Gen:  0)
   518432      4776  29630048  0.00  0.00    1.31    1.38    0    0  (Gen:  0)
   519216      8432  29637456  0.00  0.00    1.31    1.38    0    0  (Gen:  0)
   519248      4088  29639040  0.00  0.00    1.31    1.38    0    0  (Gen:  0)
   519336      4872  29641504  0.00  0.00    1.31    1.38    0    0  (Gen:  0)
   518680      5344  29644064  0.00  0.00    1.31    1.38    0    0  (Gen:  0)
   517792      5704  29646152  0.00  0.00    1.31    1.38    0    0  (Gen:  0)
   517592      6448  29649032  0.00  0.00    1.31    1.38    0    0  (Gen:  0)
   518616      6624  29652472  0.00  0.00    1.31    1.38    0    0  (Gen:  0)
   518848      5584  29655184  0.00  0.00    1.31    1.38    0    0  (Gen:  0)
   517648      7952  29660208  0.00  0.00    1.31    1.38    0    0  (Gen:  0)
   518752      6200  29662984  0.00  0.00    1.31    1.38    0    0  (Gen:  0)
   518416      7208  29666984  0.00  0.00    1.31    1.38    0    0  (Gen:  0)
   518672      6264  29668136  0.00  0.00    1.31    1.38    0    0  (Gen:  0)
   517032      4824  29671192  0.00  0.00    1.31    1.38    0    0  (Gen:  0)
   517912      3840  29671992  0.00  0.00    1.31    1.38    0    0  (Gen:  0)
   518240      6600  29677008  0.00  0.00    1.31    1.38    0    0  (Gen:  0)
   519248      5992  29681832  0.00  0.00    1.31    1.38    0    0  (Gen:  0)
   519232      4656  29683808  0.00  0.00    1.31    1.38    0    0  (Gen:  0)
   519296      4728  29685832  0.00  0.00    1.31    1.38    0    0  (Gen:  0)
   517424      5312  29688352  0.00  0.00    1.31    1.38    0    0  (Gen:  0)
   517984      5256  29690888  0.00  0.00    1.31    1.38    0    0  (Gen:  0)
   518064      5432  29694288  0.00  0.00    1.31    1.38    0    0  (Gen:  0)
   517592      7840  29699344  0.00  0.00    1.31    1.38    0    0  (Gen:  0)
   518896      6584  29700312  0.00  0.00    1.31    1.38    0    0  (Gen:  0)
   518800      8144  29706920  0.00  0.00    1.31    1.38    0    0  (Gen:  0)
   518216      7368  29711336  0.00  0.00    1.31    1.38    0    0  (Gen:  0)
   517576      5856  29712264  0.00  0.00    1.31    1.38    0    0  (Gen:  0)
   518368      6520  29717368  0.00  0.00    1.31    1.38    0    0  (Gen:  0)
   517152      7832  29722624  0.00  0.00    1.31    1.38    0    0  (Gen:  0)
   517688      4736  29724184  0.00  0.00    1.31    1.38    0    0  (Gen:  0)
   518848      6840  29728392  0.00  0.00    1.31    1.38    0    0  (Gen:  0)
   517600      5824  29731976  0.00  0.00    1.31    1.38    0    0  (Gen:  0)
   518120      6144  29734464  0.00  0.00    1.31    1.38    0    0  (Gen:  0)
   517584      7968  29738864  0.00  0.00    1.31    1.38    0    0  (Gen:  0)
   517312      6896  29740168  0.00  0.00    1.31    1.38    0    0  (Gen:  0)
   518616      4056  29741840  0.00  0.00    1.31    1.39    0    0  (Gen:  0)
   518096      7616  29748992  0.00  0.00    1.31    1.39    0    0  (Gen:  0)
   517968      7000  29753480  0.00  0.00    1.31    1.39    0    0  (Gen:  0)
   519120      6304  29754552  0.00  0.00    1.31    1.39    0    0  (Gen:  0)
   517752      6008  29758952  0.00  0.00    1.31    1.39    0    0  (Gen:  0)
   518360      7816  29765432  0.00  0.00    1.31    1.39    0    0  (Gen:  0)
   518256      8904  29770912  0.00  0.00    1.31    1.39    0    0  (Gen:  0)
   517968      8032  29774424  0.00  0.00    1.32    1.39    0    0  (Gen:  0)
   517736      6840  29777328  0.00  0.00    1.32    1.39    0    0  (Gen:  0)
   518400      8168  29781784  0.00  0.00    1.32    1.39    0    0  (Gen:  0)
   518576      6856  29785768  0.00  0.00    1.32    1.39    0    0  (Gen:  0)
   518624      5832  29786832  0.00  0.00    1.32    1.39    0    0  (Gen:  0)
   518216      7480  29792432  0.00  0.00    1.32    1.39    0    0  (Gen:  0)
   517952      6224  29793576  0.00  0.00    1.32    1.39    0    0  (Gen:  0)
   518152      9728  29801272  0.00  0.00    1.32    1.39    0    0  (Gen:  0)
   518096      5768  29804144  0.00  0.00    1.32    1.39    0    0  (Gen:  0)
   518200      4416  29806112  0.00  0.00    1.32    1.39    0    0  (Gen:  0)
   517976      5280  29808960  0.00  0.00    1.32    1.39    0    0  (Gen:  0)
   518064      6032  29811752  0.00  0.00    1.32    1.39    0    0  (Gen:  0)
   517616      6328  29814144  0.00  0.00    1.32    1.39    0    0  (Gen:  0)
   518232      6088  29816400  0.00  0.00    1.32    1.39    0    0  (Gen:  0)
   517936      5944  29818872  0.00  0.00    1.32    1.39    0    0  (Gen:  0)
   517392      4880  29820352  0.00  0.00    1.32    1.39    0    0  (Gen:  0)
   517656      5280  29823200  0.00  0.00    1.32    1.39    0    0  (Gen:  0)
   517984      6096  29826056  0.00  0.00    1.32    1.39    0    0  (Gen:  0)
   518048      5672  29828648  0.00  0.00    1.32    1.39    0    0  (Gen:  0)
   517728      4680  29831064  0.00  0.00    1.32    1.39    0    0  (Gen:  0)
   517512      5768  29834808  0.00  0.00    1.32    1.39    0    0  (Gen:  0)
   517608      6192  29837928  0.00  0.00    1.32    1.39    0    0  (Gen:  0)
   518080      6056  29840832  0.00  0.00    1.32    1.39    0    0  (Gen:  0)
   518072      7168  29844800  0.00  0.00    1.32    1.39    0    0  (Gen:  0)
   517808      9912  29851704  0.00  0.00    1.32    1.39    0    0  (Gen:  0)
   518152      8376  29854960  0.00  0.00    1.32    1.39    0    0  (Gen:  0)
   518824      6816  29857088  0.00  0.00    1.32    1.39    0    0  (Gen:  0)
   518896      8264  29860184  0.00  0.00    1.32    1.39    0    0  (Gen:  0)
   518400      5648  29861312  0.00  0.00    1.32    1.39    0    0  (Gen:  0)
   518184     11280  29870712  0.00  0.00    1.32    1.39    0    0  (Gen:  0)
   518200      8800  29877544  0.00  0.00    1.32    1.39    0    0  (Gen:  0)
   518040      5864  29880976  0.00  0.00    1.32    1.39    0    0  (Gen:  0)
   517784      5672  29884280  0.00  0.00    1.32    1.39    0    0  (Gen:  0)
   518216      9512  29889728  0.00  0.00    1.32    1.39    0    0  (Gen:  0)
   518360      7968  29894544  0.00  0.00    1.32    1.39    0    0  (Gen:  0)
   518816      7864  29897112  0.00  0.00    1.32    1.39    0    0  (Gen:  0)
   519168      8736  29900312  0.00  0.00    1.32    1.39    0    0  (Gen:  0)
   518376      7720  29901712  0.00  0.00    1.32    1.39    0    0  (Gen:  0)
   518232      7744  29903520  0.00  0.00    1.32    1.39    0    0  (Gen:  0)
   517528      6896  29906120  0.00  0.00    1.32    1.39    0    0  (Gen:  0)
   517768      9080  29910920  0.00  0.00    1.32    1.39    0    0  (Gen:  0)
   517672      6368  29911832  0.00  0.00    1.32    1.39    0    0  (Gen:  0)
   516640      7496  29918000  0.00  0.00    1.32    1.39    0    0  (Gen:  0)
   518208     10280  29926776  0.00  0.00    1.32    1.39    0    0  (Gen:  0)
   517776      6784  29928328  0.00  0.00    1.32    1.39    0    0  (Gen:  0)
   517392      4000  29930400  0.00  0.00    1.32    1.39    0    0  (Gen:  0)
   518840      8704  29938768  0.00  0.00    1.32    1.39    0    0  (Gen:  0)
   517272     10936  29946408  0.00  0.00    1.32    1.39    0    0  (Gen:  0)
   517672      7552  29948144  0.00  0.00    1.32    1.39    0    0  (Gen:  0)
   518824      4736  29950544  0.00  0.00    1.32    1.39    0    0  (Gen:  0)
   518184      5528  29955424  0.00  0.00    1.32    1.39    0    0  (Gen:  0)
   517584      5824  29956912  0.00  0.00    1.32    1.39    0    0  (Gen:  0)
   518136      9928  29964496  0.00  0.00    1.32    1.39    0    0  (Gen:  0)
   518200     12600  29974328  0.00  0.00    1.32    1.39    0    0  (Gen:  0)
   518552      6256  29975112  0.00  0.00    1.32    1.39    0    0  (Gen:  0)
   518280      6488  29979968  0.00  0.00    1.32    1.39    0    0  (Gen:  0)
   517600     10520  29988800  0.00  0.00    1.32    1.39    0    0  (Gen:  0)
   518632      8264  29994688  0.00  0.00    1.32    1.39    0    0  (Gen:  0)
   518968     10200  30001464  0.00  0.00    1.32    1.39    0    0  (Gen:  0)
   518408     11632  30007664  0.00  0.00    1.32    1.39    0    0  (Gen:  0)
   518656      8520  30009368  0.00  0.00    1.32    1.39    0    0  (Gen:  0)
   518624      4960  30011320  0.00  0.00    1.32    1.39    0    0  (Gen:  0)
   517472     11400  30021888  0.00  0.00    1.32    1.39    0    0  (Gen:  0)
   518376     11896  30031560  0.00  0.00    1.32    1.39    0    0  (Gen:  0)
   518432     11960  30041416  0.00  0.00    1.32    1.39    0    0  (Gen:  0)
   518096      9232  30046584  0.00  0.00    1.32    1.39    0    0  (Gen:  0)
   517904      7704  30047296  0.00  0.00    1.32    1.40    0    0  (Gen:  0)
   517264      7680  30053544  0.00  0.00    1.32    1.40    0    0  (Gen:  0)
   517224      5288  30055024  0.00  0.00    1.32    1.40    0    0  (Gen:  0)
   518896      4488  30057432  0.00  0.00    1.32    1.40    0    0  (Gen:  0)
   518512      7024  30061808  0.00  0.00    1.32    1.40    0    0  (Gen:  0)
   517992      5488  30063432  0.00  0.00    1.32    1.40    0    0  (Gen:  0)
   517864      9840  30070544  0.00  0.00    1.32    1.40    0    0  (Gen:  0)
   517728     10408  30077976  0.00  0.00    1.32    1.40    0    0  (Gen:  0)
   517992      5688  30080344  0.00  0.00    1.32    1.40    0    0  (Gen:  0)
   518120      5808  30082328  0.00  0.00    1.33    1.40    0    0  (Gen:  0)
   518352      5456  30084256  0.00  0.00    1.33    1.40    0    0  (Gen:  0)
   519416      4768  30085584  0.00  0.00    1.33    1.40    0    0  (Gen:  0)
   518768      4520  30087544  0.00  0.00    1.33    1.40    0    0  (Gen:  0)
   517512      4424  30089256  0.00  0.00    1.33    1.40    0    0  (Gen:  0)
   517712      4792  30091632  0.00  0.00    1.33    1.40    0    0  (Gen:  0)
   517920      5032  30093792  0.00  0.00    1.33    1.40    0    0  (Gen:  0)
   517560      4912  30095776  0.00  0.00    1.33    1.40    0    0  (Gen:  0)
   518304      4784  30097704  0.00  0.00    1.33    1.40    0    0  (Gen:  0)
   518120      4784  30099688  0.00  0.00    1.33    1.40    0    0  (Gen:  0)
   517720      5112  30102088  0.00  0.00    1.33    1.40    0    0  (Gen:  0)
   517952      5272  30104040  0.00  0.00    1.33    1.40    0    0  (Gen:  0)
   517824      7856  30108568  0.00  0.00    1.33    1.40    0    0  (Gen:  0)
   518816      7208  30109584  0.00  0.00    1.33    1.40    0    0  (Gen:  0)
   518144      8024  30115472  0.00  0.00    1.33    1.40    0    0  (Gen:  0)
   517936      7472  30121832  0.00  0.00    1.33    1.40    0    0  (Gen:  0)
   517768      7624  30125872  0.00  0.00    1.33    1.40    0    0  (Gen:  0)
   518176      7192  30126912  0.00  0.00    1.33    1.40    0    0  (Gen:  0)
   518080      7232  30132120  0.00  0.00    1.33    1.40    0    0  (Gen:  0)
   518416      8272  30139840  0.00  0.00    1.33    1.40    0    0  (Gen:  0)
   518296      8440  30146032  0.00  0.00    1.33    1.40    0    0  (Gen:  0)
   518000      7584  30147552  0.00  0.00    1.33    1.40    0    0  (Gen:  0)
   518352      4872  30150032  0.00  0.00    1.33    1.40    0    0  (Gen:  0)
   517816     10976  30157688  0.00  0.00    1.33    1.40    0    0  (Gen:  0)
   517920      9136  30165224  0.00  0.00    1.33    1.40    0    0  (Gen:  0)
   517080      8400  30169688  0.00  0.00    1.33    1.40    0    0  (Gen:  0)
   518032      7256  30171448  0.00  0.00    1.33    1.40    0    0  (Gen:  0)
   518160      7528  30176256  0.00  0.00    1.33    1.40    0    0  (Gen:  0)
   517928     11592  30183208  0.00  0.00    1.33    1.40    0    0  (Gen:  0)
   518576      6152  30187768  0.00  0.00    1.33    1.40    0    0  (Gen:  0)
   518104      6288  30190384  0.00  0.00    1.33    1.40    0    0  (Gen:  0)
   518184      6120  30192520  0.00  0.00    1.33    1.40    0    0  (Gen:  0)
   518272      5768  30194688  0.00  0.00    1.33    1.40    0    0  (Gen:  0)
   518048      5688  30196728  0.00  0.00    1.33    1.40    0    0  (Gen:  0)
   517952      5272  30198744  0.00  0.00    1.33    1.40    0    0  (Gen:  0)
   517992      6008  30201040  0.00  0.00    1.33    1.40    0    0  (Gen:  0)
   517360      5736  30203336  0.00  0.00    1.33    1.40    0    0  (Gen:  0)
   517784      5160  30204456  0.00  0.00    1.33    1.40    0    0  (Gen:  0)
   517304      5464  30206600  0.00  0.00    1.33    1.40    0    0  (Gen:  0)
   517584      5688  30208688  0.00  0.00    1.33    1.40    0    0  (Gen:  0)
   517816      5296  30210280  0.00  0.00    1.33    1.40    0    0  (Gen:  0)
   517368      5112  30212352  0.00  0.00    1.33    1.40    0    0  (Gen:  0)
   517672      5200  30213952  0.00  0.00    1.33    1.40    0    0  (Gen:  0)
   517608      4776  30215504  0.00  0.00    1.33    1.40    0    0  (Gen:  0)
   517744      5976  30218616  0.00  0.00    1.33    1.40    0    0  (Gen:  0)
   517352      5432  30220080  0.00  0.00    1.33    1.40    0    0  (Gen:  0)
   517512      5096  30222208  0.00  0.00    1.33    1.40    0    0  (Gen:  0)
   517424      8336  30226968  0.00  0.00    1.33    1.40    0    0  (Gen:  0)
   518624      7040  30227584  0.00  0.00    1.33    1.40    0    0  (Gen:  0)
   518176      5376  30231000  0.00  0.00    1.33    1.40    0    0  (Gen:  0)
   517080      9720  30240088  0.00  0.00    1.33    1.40    0    0  (Gen:  0)
   517232      7224  30243664  0.00  0.00    1.33    1.40    0    0  (Gen:  0)
   517968      5040  30245656  0.00  0.00    1.33    1.40    0    0  (Gen:  0)
   517288      5032  30247584  0.00  0.00    1.33    1.40    0    0  (Gen:  0)
   517896      5272  30249288  0.00  0.00    1.33    1.40    0    0  (Gen:  0)
   517136      5672  30251640  0.00  0.00    1.33    1.40    0    0  (Gen:  0)
   517912      5184  30253432  0.00  0.00    1.33    1.40    0    0  (Gen:  0)
   517536      5400  30255624  0.00  0.00    1.33    1.40    0    0  (Gen:  0)
   517624      6824  30258304  0.00  0.00    1.33    1.40    0    0  (Gen:  0)
   518760      8288  30262128  0.00  0.00    1.33    1.40    0    0  (Gen:  0)
   518520      6688  30262800  0.00  0.00    1.33    1.40    0    0  (Gen:  0)
   517920      9168  30270336  0.00  0.00    1.33    1.40    0    0  (Gen:  0)
   517096      6896  30272152  0.00  0.00    1.33    1.40    0    0  (Gen:  0)
   518512      6264  30276160  0.00  0.00    1.33    1.40    0    0  (Gen:  0)
   518000     11336  30284640  0.00  0.00    1.33    1.40    0    0  (Gen:  0)
   518312      7160  30286264  0.00  0.00    1.33    1.40    0    0  (Gen:  0)
   518816      3856  30287600  0.00  0.00    1.33    1.41    0    0  (Gen:  0)
   517768      9064  30296320  0.00  0.00    1.33    1.41    0    0  (Gen:  0)
   517944      7752  30302512  0.00  0.00    1.33    1.41    0    0  (Gen:  0)
   517608      5960  30305848  0.00  0.00    1.33    1.41    0    0  (Gen:  0)
   517472      5576  30307632  0.00  0.00    1.33    1.41    0    0  (Gen:  0)
   518896      8264  30311704  0.00  0.00    1.33    1.41    0    0  (Gen:  0)
   518384      6992  30313784  0.00  0.00    1.33    1.41    0    0  (Gen:  0)
   517432     10760  30321760  0.00  0.00    1.33    1.41    0    0  (Gen:  0)
   517352     10824  30329592  0.00  0.00    1.33    1.41    0    0  (Gen:  0)
   518704      7128  30331208  0.00  0.00    1.33    1.41    0    0  (Gen:  0)
   519016      3944  30332904  0.00  0.00    1.33    1.41    0    0  (Gen:  0)
   517496     10368  30343128  0.00  0.00    1.34    1.41    0    0  (Gen:  0)
   517352     10000  30349904  0.00  0.00    1.34    1.41    0    0  (Gen:  0)
   518000      6272  30353112  0.00  0.00    1.34    1.41    0    0  (Gen:  0)
   517936      6104  30355520  0.00  0.00    1.34    1.41    0    0  (Gen:  0)
   517448      4808  30356136  0.00  0.00    1.34    1.41    0    0  (Gen:  0)
   518144      9152  30362200  0.00  0.00    1.34    1.41    0    0  (Gen:  0)
   518176      8176  30363312  0.00  0.00    1.34    1.41    0    0  (Gen:  0)
   517720      8768  30369984  0.00  0.00    1.34    1.41    0    0  (Gen:  0)
   517864      9824  30376704  0.00  0.00    1.34    1.41    0    0  (Gen:  0)
   518296      6256  30379832  0.00  0.00    1.34    1.41    0    0  (Gen:  0)
   518248      6008  30381896  0.00  0.00    1.34    1.41    0    0  (Gen:  0)
   517880      6112  30384304  0.00  0.00    1.34    1.41    0    0  (Gen:  0)
   517328      7200  30387256  0.00  0.00    1.34    1.41    0    0  (Gen:  0)
   517400      7416  30390840  0.00  0.00    1.34    1.41    0    0  (Gen:  0)
   517928      6192  30391704  0.00  0.00    1.34    1.41    0    0  (Gen:  0)
   517864      6312  30393400  0.00  0.00    1.34    1.41    0    0  (Gen:  0)
   518192      6536  30394792  0.00  0.00    1.34    1.41    0    0  (Gen:  0)
   518008      8160  30398208  0.00  0.00    1.34    1.41    0    0  (Gen:  0)
   518664      8024  30399416  0.00  0.00    1.34    1.41    0    0  (Gen:  0)
   518616      4784  30402144  0.00  0.00    1.34    1.41    0    0  (Gen:  0)
   518800     10112  30411760  0.00  0.00    1.34    1.41    0    0  (Gen:  0)
   518440     10592  30419928  0.00  0.00    1.34    1.41    0    0  (Gen:  0)
   518320     10856  30427088  0.00  0.00    1.34    1.41    0    0  (Gen:  0)
   518328      7464  30430592  0.00  0.00    1.34    1.41    0    0  (Gen:  0)
   517352      6040  30432432  0.00  0.00    1.34    1.41    0    0  (Gen:  0)
   517992      5880  30434200  0.00  0.00    1.34    1.41    0    0  (Gen:  0)
   518008      7496  30437664  0.00  0.00    1.34    1.41    0    0  (Gen:  0)
   517704      6344  30440160  0.00  0.00    1.34    1.41    0    0  (Gen:  0)
   517848      5800  30442304  0.00  0.00    1.34    1.41    0    0  (Gen:  0)
   517736      6304  30444808  0.00  0.00    1.34    1.41    0    0  (Gen:  0)
   518568      7224  30448064  0.00  0.00    1.34    1.41    0    0  (Gen:  0)
   518040      4664  30449832  0.00  0.00    1.34    1.41    0    0  (Gen:  0)
   517840      4920  30451624  0.00  0.00    1.34    1.41    0    0  (Gen:  0)
   516896      5960  30454536  0.00  0.00    1.34    1.41    0    0  (Gen:  0)
   517728      5328  30455224  0.00  0.00    1.34    1.41    0    0  (Gen:  0)
   517904      5928  30457512  0.00  0.00    1.34    1.41    0    0  (Gen:  0)
   517192      5888  30459560  0.00  0.00    1.34    1.41    0    0  (Gen:  0)
   517360      5368  30460856  0.00  0.00    1.34    1.41    0    0  (Gen:  0)
   517800      5144  30462424  0.00  0.00    1.34    1.41    0    0  (Gen:  0)
   517680      4480  30464064  0.00  0.00    1.34    1.41    0    0  (Gen:  0)
   517784      5168  30466584  0.00  0.00    1.34    1.41    0    0  (Gen:  0)
   517816      6152  30468888  0.00  0.00    1.34    1.41    0    0  (Gen:  0)
   517480      6024  30470936  0.00  0.00    1.34    1.41    0    0  (Gen:  0)
   518328      4760  30472040  0.00  0.00    1.34    1.41    0    0  (Gen:  0)
   518056      6032  30475224  0.00  0.00    1.34    1.41    0    0  (Gen:  0)
   516592      5264  30476400  0.00  0.00    1.34    1.41    0    0  (Gen:  0)
   517280      5272  30478384  0.00  0.00    1.34    1.41    0    0  (Gen:  0)
   517744      5528  30480640  0.00  0.00    1.34    1.41    0    0  (Gen:  0)
   517688      5088  30481792  0.00  0.00    1.34    1.41    0    0  (Gen:  0)
   517776      4664  30483264  0.00  0.00    1.34    1.41    0    0  (Gen:  0)
   516776      5272  30485920  0.00  0.00    1.34    1.41    0    0  (Gen:  0)
   517792      6160  30488104  0.00  0.00    1.34    1.41    0    0  (Gen:  0)
   517744      5304  30489488  0.00  0.00    1.34    1.41    0    0  (Gen:  0)
   518416      8240  30494120  0.00  0.00    1.34    1.41    0    0  (Gen:  0)
   518400      6808  30495216  0.00  0.00    1.34    1.41    0    0  (Gen:  0)
   518120      8896  30502248  0.00  0.00    1.34    1.41    0    0  (Gen:  0)
   518408      7824  30507384  0.00  0.00    1.34    1.41    0    0  (Gen:  0)
   518120      5840  30509368  0.00  0.00    1.34    1.41    0    0  (Gen:  0)
   517736      5496  30511232  0.00  0.00    1.34    1.41    0    0  (Gen:  0)
   518656      7040  30514792  0.00  0.00    1.34    1.41    0    0  (Gen:  0)
   517680      7176  30516280  0.00  0.00    1.34    1.41    0    0  (Gen:  0)
   517744      9496  30523704  0.00  0.00    1.34    1.41    0    0  (Gen:  0)
   518384      7456  30528400  0.00  0.00    1.34    1.41    0    0  (Gen:  0)
   518704      6784  30529608  0.00  0.00    1.34    1.41    0    0  (Gen:  0)
   517816      9112  30537048  0.00  0.00    1.34    1.42    0    0  (Gen:  0)
   517648      7984  30543680  0.00  0.00    1.34    1.42    0    0  (Gen:  0)
   517696      5656  30545656  0.00  0.00    1.34    1.42    0    0  (Gen:  0)
   517920      5352  30547440  0.00  0.00    1.34    1.42    0    0  (Gen:  0)
   517816      8040  30552024  0.00  0.00    1.34    1.42    0    0  (Gen:  0)
   518368      7536  30553680  0.00  0.00    1.34    1.42    0    0  (Gen:  0)
   518136      8904  30560008  0.00  0.00    1.34    1.42    0    0  (Gen:  0)
   517792      8592  30566720  0.00  0.00    1.34    1.42    0    0  (Gen:  0)
   518056      6680  30570624  0.00  0.00    1.34    1.42    0    0  (Gen:  0)
   517560      5912  30572792  0.00  0.00    1.34    1.42    0    0  (Gen:  0)
   516944      5112  30574776  0.00  0.00    1.34    1.42    0    0  (Gen:  0)
   518824      5896  30577000  0.00  0.00    1.34    1.42    0    0  (Gen:  0)
   517368      5216  30579064  0.00  0.00    1.34    1.42    0    0  (Gen:  0)
   517424      7048  30582800  0.00  0.00    1.35    1.42    0    0  (Gen:  0)
   517464      5768  30584160  0.00  0.00    1.35    1.42    0    0  (Gen:  0)
   518256      5544  30585752  0.00  0.00    1.35    1.42    0    0  (Gen:  0)
   517488      8032  30590000  0.00  0.00    1.35    1.42    0    0  (Gen:  0)
   518192      8856  30591920  0.00  0.00    1.35    1.42    0    0  (Gen:  0)
   518608      4512  30593656  0.00  0.00    1.35    1.42    0    0  (Gen:  0)
   517216     11056  30604264  0.00  0.00    1.35    1.42    0    0  (Gen:  0)
   517992      7192  30605464  0.00  0.00    1.35    1.42    0    0  (Gen:  0)
   518040      4768  30608528  0.00  0.00    1.35    1.42    0    0  (Gen:  0)
   516960     10200  30618336  0.00  0.00    1.35    1.42    0    0  (Gen:  0)
   517904     10312  30625344  0.00  0.00    1.35    1.42    0    0  (Gen:  0)
   517792      8664  30631880  0.00  0.00    1.35    1.42    0    0  (Gen:  0)
   517760      5896  30633664  0.00  0.00    1.35    1.42    0    0  (Gen:  0)
   516800      5360  30635000  0.00  0.00    1.35    1.42    0    0  (Gen:  0)
   518120      8352  30639312  0.00  0.00    1.35    1.42    0    0  (Gen:  0)
   519104      7696  30640568  0.00  0.00    1.35    1.42    0    0  (Gen:  0)
   518864      5368  30643856  0.00  0.00    1.35    1.42    0    0  (Gen:  0)
   518008      9608  30653112  0.00  0.00    1.35    1.42    0    0  (Gen:  0)
   518360      8296  30658624  0.00  0.00    1.35    1.42    0    0  (Gen:  0)
   518280      5184  30659784  0.00  0.00    1.35    1.42    0    0  (Gen:  0)
   518344      5552  30661816  0.00  0.00    1.35    1.42    0    0  (Gen:  0)
   518264      4928  30663984  0.00  0.00    1.35    1.42    0    0  (Gen:  0)
   517584      4928  30665920  0.00  0.00    1.35    1.42    0    0  (Gen:  0)
   517176      5488  30668648  0.00  0.00    1.35    1.42    0    0  (Gen:  0)
   517856      6440  30670992  0.00  0.00    1.35    1.42    0    0  (Gen:  0)
   517592      5456  30672904  0.00  0.00    1.35    1.42    0    0  (Gen:  0)
   517952      5944  30674936  0.00  0.00    1.35    1.42    0    0  (Gen:  0)
   517936      6408  30676968  0.00  0.00    1.35    1.42    0    0  (Gen:  0)
   517072      5552  30678520  0.00  0.00    1.35    1.42    0    0  (Gen:  0)
   517664      5792  30680744  0.00  0.00    1.35    1.42    0    0  (Gen:  0)
   517776      5584  30682280  0.00  0.00    1.35    1.42    0    0  (Gen:  0)
   517344      4512  30683560  0.00  0.00    1.35    1.42    0    0  (Gen:  0)
   517768      4928  30685808  0.00  0.00    1.35    1.42    0    0  (Gen:  0)
   518120      6472  30688680  0.00  0.00    1.35    1.42    0    0  (Gen:  0)
   517104      5616  30690688  0.00  0.00    1.35    1.42    0    0  (Gen:  0)
   517856      5328  30692232  0.00  0.00    1.35    1.42    0    0  (Gen:  0)
   517264      7512  30696456  0.00  0.00    1.35    1.42    0    0  (Gen:  0)
   518328      7768  30698096  0.00  0.00    1.35    1.42    0    0  (Gen:  0)
   518192      8536  30703912  0.00  0.00    1.35    1.42    0    0  (Gen:  0)
   517264      9952  30711720  0.00  0.00    1.35    1.42    0    0  (Gen:  0)
   518032      6560  30716312  0.00  0.00    1.35    1.42    0    0  (Gen:  0)
   517520      4832  30717664  0.00  0.00    1.35    1.42    0    0  (Gen:  0)
   517840      5672  30720416  0.00  0.00    1.35    1.42    0    0  (Gen:  0)
   517664      5432  30721904  0.00  0.00    1.35    1.42    0    0  (Gen:  0)
   517704      5096  30723512  0.00  0.00    1.35    1.42    0    0  (Gen:  0)
   518112      5024  30725720  0.00  0.00    1.35    1.42    0    0  (Gen:  0)
   517544      5176  30727744  0.00  0.00    1.35    1.42    0    0  (Gen:  0)
   518224      6464  30730768  0.00  0.00    1.35    1.42    0    0  (Gen:  0)
   517728      8016  30735328  0.00  0.00    1.35    1.42    0    0  (Gen:  0)
   518560      7920  30737864  0.00  0.00    1.35    1.42    0    0  (Gen:  0)
   517360      9600  30742184  0.00  0.00    1.35    1.42    0    0  (Gen:  0)
   517752      9224  30747344  0.00  0.00    1.35    1.42    0    0  (Gen:  0)
   517736      8368  30750120  0.00  0.00    1.35    1.42    0    0  (Gen:  0)
   517296      5720  30752680  0.00  0.00    1.35    1.42    0    0  (Gen:  0)
   517832      4712  30754496  0.00  0.00    1.35    1.42    0    0  (Gen:  0)
   517280      6024  30758736  0.00  0.00    1.35    1.42    0    0  (Gen:  0)
   518928      6240  30759928  0.00  0.00    1.35    1.42    0    0  (Gen:  0)
   517944      8184  30766488  0.00  0.00    1.35    1.42    0    0  (Gen:  0)
   518032      4880  30769384  0.00  0.00    1.35    1.42    0    0  (Gen:  0)
   517784      4896  30771896  0.00  0.00    1.35    1.42    0    0  (Gen:  0)
   517968      7616  30777152  0.00  0.00    1.35    1.42    0    0  (Gen:  0)
   518368      7288  30779272  0.00  0.00    1.35    1.42    0    0  (Gen:  0)
   517536      4712  30781152  0.00  0.00    1.35    1.42    0    0  (Gen:  0)
   517784      8320  30787040  0.00  0.00    1.35    1.43    0    0  (Gen:  0)
   518048      4632  30790000  0.00  0.00    1.35    1.43    0    0  (Gen:  0)
   518008      6720  30794480  0.00  0.00    1.35    1.43    0    0  (Gen:  0)
   518320      6584  30795512  0.00  0.00    1.35    1.43    0    0  (Gen:  0)
   517608      7768  30801296  0.00  0.00    1.35    1.43    0    0  (Gen:  0)
   517944      7144  30805416  0.00  0.00    1.35    1.43    0    0  (Gen:  0)
   517600      5808  30807848  0.00  0.00    1.35    1.43    0    0  (Gen:  0)
   518000      5152  30810232  0.00  0.00    1.35    1.43    0    0  (Gen:  0)
   518544      6928  30814936  0.00  0.00    1.35    1.43    0    0  (Gen:  0)
   517800      7296  30816760  0.00  0.00    1.35    1.43    0    0  (Gen:  0)
   518624      5648  30819856  0.00  0.00    1.35    1.43    0    0  (Gen:  0)
   517848      7728  30825832  0.00  0.00    1.35    1.43    0    0  (Gen:  0)
   518544      5184  30828120  0.00  0.00    1.35    1.43    0    0  (Gen:  0)
   518216      6904  30832368  0.00  0.00    1.35    1.43    0    0  (Gen:  0)
   517656      6200  30833304  0.00  0.00    1.36    1.43    0    0  (Gen:  0)
   517912      8552  30840104  0.00  0.00    1.36    1.43    0    0  (Gen:  0)
   518176      4848  30842944  0.00  0.00    1.36    1.43    0    0  (Gen:  0)
   518432      5208  30845800  0.00  0.00    1.36    1.43    0    0  (Gen:  0)
   517392      5152  30848304  0.00  0.00    1.36    1.43    0    0  (Gen:  0)
   518528      5440  30851400  0.00  0.00    1.36    1.43    0    0  (Gen:  0)
   518224      5768  30854400  0.00  0.00    1.36    1.43    0    0  (Gen:  0)
   517800      7744  30858976  0.00  0.00    1.36    1.43    0    0  (Gen:  0)
   518512      6576  30860144  0.00  0.00    1.36    1.43    0    0  (Gen:  0)
   517432      3784  30861968  0.00  0.00    1.36    1.43    0    0  (Gen:  0)
   517680      7648  30869496  0.00  0.00    1.36    1.43    0    0  (Gen:  0)
   517832      5432  30872040  0.00  0.00    1.36    1.43    0    0  (Gen:  0)
   517608      7552  30876096  0.00  0.00    1.36    1.43    0    0  (Gen:  0)
   517392      6328  30877008  0.00  0.00    1.36    1.43    0    0  (Gen:  0)
   518240      8480  30883720  0.00  0.00    1.36    1.43    0    0  (Gen:  0)
   518464      7264  30888216  0.00  0.00    1.36    1.43    0    0  (Gen:  0)
   518200     10280  30895056  0.00  0.00    1.36    1.43    0    0  (Gen:  0)
   518256     12272  30904352  0.00  0.00    1.36    1.43    0    0  (Gen:  0)
   518096      4984  30906552  0.00  0.00    1.36    1.43    0    0  (Gen:  0)
   518560      5024  30908472  0.00  0.00    1.36    1.43    0    0  (Gen:  0)
   517488      4960  30910672  0.00  0.00    1.36    1.43    0    0  (Gen:  0)
   517744      5864  30913288  0.00  0.00    1.36    1.43    0    0  (Gen:  0)
   517960      6408  30915856  0.00  0.00    1.36    1.43    0    0  (Gen:  0)
   517944      4744  30917104  0.00  0.00    1.36    1.43    0    0  (Gen:  0)
   518392      7616  30921816  0.00  0.00    1.36    1.43    0    0  (Gen:  0)
   517560      7728  30923384  0.00  0.00    1.36    1.43    0    0  (Gen:  0)
   517984      4264  30925192  0.00  0.00    1.36    1.43    0    0  (Gen:  0)
   517672     11928  30934376  0.00  0.00    1.36    1.43    0    0  (Gen:  0)
   518040     10000  30941072  0.00  0.00    1.36    1.43    0    0  (Gen:  0)
   518024      5240  30942944  0.00  0.00    1.36    1.43    0    0  (Gen:  0)
   518224      7200  30946600  0.00  0.00    1.36    1.43    0    0  (Gen:  0)
   518192      7928  30949984  0.00  0.00    1.36    1.43    0    0  (Gen:  0)
   518296      6904  30954256  0.00  0.00    1.36    1.43    0    0  (Gen:  0)
   518784      5696  30955224  0.00  0.00    1.36    1.43    0    0  (Gen:  0)
   518008      9456  30962848  0.00  0.00    1.36    1.43    0    0  (Gen:  0)
   517800      5936  30966072  0.00  0.00    1.36    1.43    0    0  (Gen:  0)
   518096      5344  30968368  0.00  0.00    1.36    1.43    0    0  (Gen:  0)
   517584      6808  30971568  0.00  0.00    1.36    1.43    0    0  (Gen:  0)
   517904      7552  30974456  0.00  0.00    1.36    1.43    0    0  (Gen:  0)
   517920      5152  30975696  0.00  0.00    1.36    1.43    0    0  (Gen:  0)
   517840     10280  30983640  0.00  0.00    1.36    1.43    0    0  (Gen:  0)
   517704      8864  30989512  0.00  0.00    1.36    1.43    0    0  (Gen:  0)
   517848      7936  30993592  0.00  0.00    1.36    1.43    0    0  (Gen:  0)
   518104      7568  30995440  0.00  0.00    1.36    1.43    0    0  (Gen:  0)
   517944      8976  31001704  0.00  0.00    1.36    1.43    0    0  (Gen:  0)
   518528      9496  31009936  0.00  0.00    1.36    1.43    0    0  (Gen:  0)
   517624      6720  31013128  0.00  0.00    1.36    1.43    0    0  (Gen:  0)
   518864      5928  31015128  0.00  0.00    1.36    1.43    0    0  (Gen:  0)
   518520      5856  31016728  0.00  0.00    1.36    1.43    0    0  (Gen:  0)
   518304      7304  31019992  0.00  0.00    1.36    1.43    0    0  (Gen:  0)
   517744      6200  31021192  0.00  0.00    1.36    1.43    0    0  (Gen:  0)
   517736      7392  31024376  0.00  0.00    1.36    1.43    0    0  (Gen:  0)
   517504     15352  31039440  0.00  0.00    1.37    1.44    0    0  (Gen:  0)
   516176  28577624  28634944  0.06  0.06    1.43    1.52    0    0  (Gen:  1)
   517552      7968  28637744  0.00  0.00    1.43    1.53    0    0  (Gen:  0)
   517144      3440  28633448  0.00  0.00    1.44    1.56    0    0  (Gen:  0)
   515000      8704  28638760  0.00  0.00    1.44    1.58    0    0  (Gen:  0)
   517496      7384  28637704  0.00  0.00    1.44    1.59    0    0  (Gen:  0)
   516120      8728  28639240  0.00  0.00    1.44    1.61    0    0  (Gen:  0)
   517336      5936  28636624  0.00  0.00    1.44    1.63    0    0  (Gen:  0)
    57632  28574384  28631704  0.06  0.06    1.51    1.70    0    0  (Gen:  1)
   514832      3088  28633272  0.00  0.00    1.51    1.71    0    0  (Gen:  0)
   516264     10768  28641160  0.00  0.00    1.51    1.73    0    0  (Gen:  0)
   517232      4224  28634872  0.00  0.00    1.51    1.74    0    0  (Gen:  0)
   515664      8784  28639624  0.00  0.00    1.51    1.76    0    0  (Gen:  0)
   505552  28573176  28630496  0.06  0.06    1.57    1.85    0    0  (Gen:  1)
   516960      4856  28634536  0.00  0.00    1.57    1.86    0    0  (Gen:  0)
   516896      3656  28634688  0.00  0.00    1.58    1.88    0    0  (Gen:  0)
   516312      3560  28634952  0.00  0.00    1.58    1.89    0    0  (Gen:  0)
   516344      3136  28634800  0.00  0.00    1.58    1.91    0    0  (Gen:  0)
   516184      3472  28635416  0.00  0.00    1.58    1.93    0    0  (Gen:  0)
   516328      6368  28638560  0.00  0.00    1.58    1.93    0    0  (Gen:  0)
   516376  28575696  28633016  0.06  0.06    1.64    2.02    0    0  (Gen:  1)
   517160      3472  28633208  0.00  0.00    1.65    2.03    0    0  (Gen:  0)
   512696      1808  28631840  0.00  0.00    1.65    2.03    0    0  (Gen:  0)
   516256      5776  28637296  0.00  0.00    1.65    2.04    0    0  (Gen:  0)
   517200      4776  28636368  0.00  0.00    1.65    2.06    0    0  (Gen:  0)
   514320      4328  28636152  0.00  0.00    1.65    2.08    0    0  (Gen:  0)
   518256      6488  28638536  0.00  0.00    1.65    2.09    0    0  (Gen:  0)
   298368  28578624  28635936  0.06  0.06    1.71    2.17    0    0  (Gen:  1)
   517824      3208  28633344  0.00  0.00    1.71    2.18    0    0  (Gen:  0)
   516048      3312  28633736  0.00  0.00    1.71    2.19    0    0  (Gen:  0)
   515192      9480  28640256  0.00  0.00    1.71    2.21    0    0  (Gen:  0)
   517128      7592  28638792  0.00  0.00    1.72    2.23    0    0  (Gen:  0)
   478048  28573512  28630832  0.06  0.06    1.78    2.32    0    0  (Gen:  1)
   516728      4864  28634800  0.00  0.00    1.78    2.33    0    0  (Gen:  0)
   518528      8808  28638744  0.00  0.00    1.78    2.36    0    0  (Gen:  0)
   516832      6848  28636784  0.00  0.00    1.78    2.38    0    0  (Gen:  0)
   518576      5168  28635152  0.00  0.00    1.78    2.41    0    0  (Gen:  0)
   516696      4112  28634096  0.00  0.00    1.79    2.43    0    0  (Gen:  0)
   115536  28573512  28630832  0.06  0.06    1.85    2.50    0    0  (Gen:  1)
   516736      4904  28635528  0.00  0.00    1.85    2.51    0    0  (Gen:  0)
   518272      8808  28639472  0.00  0.00    1.85    2.55    0    0  (Gen:  0)
   517088      6848  28637512  0.00  0.00    1.85    2.56    0    0  (Gen:  0)
   478152  28574208  28631528  0.06  0.06    1.91    2.65    0    0  (Gen:  1)
   515776      4896  28634832  0.00  0.00    1.92    2.66    0    0  (Gen:  0)
   518472      8832  28638768  0.00  0.00    1.92    2.69    0    0  (Gen:  0)
   517000      7256  28637192  0.00  0.00    1.92    2.71    0    0  (Gen:  0)
   478040  28574104  28631424  0.06  0.06    1.98    2.80    0    0  (Gen:  1)
   517088      4336  28634272  0.00  0.00    1.98    2.81    0    0  (Gen:  0)
   518952      8840  28638776  0.00  0.00    1.98    2.84    0    0  (Gen:  0)
   517160      6992  28636928  0.00  0.00    1.98    2.86    0    0  (Gen:  0)
   477856  28573712  28631032  0.06  0.06    2.04    2.95    0    0  (Gen:  1)
   516472      4896  28634832  0.00  0.00    2.05    2.96    0    0  (Gen:  0)
   518512      8776  28638712  0.00  0.00    2.05    2.99    0    0  (Gen:  0)
   517136      6488  28636424  0.00  0.00    2.05    3.01    0    0  (Gen:  0)
   478064  28574104  28631424  0.06  0.06    2.11    3.10    0    0  (Gen:  1)
   514824      4896  28634832  0.00  0.00    2.11    3.12    0    0  (Gen:  0)
   518800      8776  28638712  0.00  0.00    2.11    3.15    0    0  (Gen:  0)
   517136      6488  28636424  0.00  0.00    2.12    3.17    0    0  (Gen:  0)
   478120  28574104  28631424  0.06  0.06    2.17    3.25    0    0  (Gen:  1)
   514584      4896  28634832  0.00  0.00    2.17    3.26    0    0  (Gen:  0)
   518728      8832  28638768  0.00  0.00    2.18    3.29    0    0  (Gen:  0)
   516648      6488  28636424  0.00  0.00    2.18    3.31    0    0  (Gen:  0)
   478224  28574104  28631424  0.06  0.06    2.24    3.40    0    0  (Gen:  1)
   514968      4896  28634832  0.00  0.00    2.24    3.41    0    0  (Gen:  0)
   518472      8832  28638768  0.00  0.00    2.24    3.44    0    0  (Gen:  0)
   516744      7256  28637192  0.00  0.00    2.24    3.46    0    0  (Gen:  0)
   478040  28574104  28631424  0.06  0.06    2.31    3.55    0    0  (Gen:  1)
   517088      4336  28634272  0.00  0.00    2.31    3.56    0    0  (Gen:  0)
   519048      2960  28632896  0.00  0.00    2.31    3.59    0    0  (Gen:  0)
   516800      5832  28635760  0.00  0.00    2.31    3.61    0    0  (Gen:  0)
   515632      7640  28637688  0.00  0.00    2.31    3.63    0    0  (Gen:  0)
    70928  28573888  28631208  0.06  0.06    2.37    3.70    0    0  (Gen:  1)
   516456      7200  28638328  0.00  0.00    2.37    3.71    0    0  (Gen:  0)
   515856      9864  28641064  0.00  0.00    2.38    3.73    0    0  (Gen:  0)
   516008      5456  28636760  0.00  0.00    2.38    3.76    0    0  (Gen:  0)
   516528      4048  28635400  0.00  0.00    2.38    3.78    0    0  (Gen:  0)
   183864  28574256  28631576  0.06  0.06    2.44    3.85    0    0  (Gen:  1)
   516304      6968  28636952  0.00  0.00    2.44    3.86    0    0  (Gen:  0)
   515880     10352  28640368  0.00  0.00    2.44    3.88    0    0  (Gen:  0)
   514280      5456  28635576  0.00  0.00    2.45    3.91    0    0  (Gen:  0)
   516320      5168  28635336  0.00  0.00    2.45    3.93    0    0  (Gen:  0)
   511744      3928  28634184  0.00  0.00    2.45    3.94    0    0  (Gen:  0)
    46408  28573128  28630448  0.06  0.06    2.51    4.02    0    0  (Gen:  1)
   516280      7160  28637144  0.00  0.00    2.51    4.03    0    0  (Gen:  0)
   515584      9864  28639880  0.00  0.00    2.51    4.05    0    0  (Gen:  0)
   516224      5456  28635576  0.00  0.00    2.52    4.08    0    0  (Gen:  0)
   516568      5168  28635336  0.00  0.00    2.52    4.09    0    0  (Gen:  0)
   511768      3928  28634184  0.00  0.00    2.52    4.11    0    0  (Gen:  0)
   420664  28574288  28631608  0.06  0.06    2.58    4.20    0    0  (Gen:  1)
   516376      6776  28636528  0.00  0.00    2.58    4.21    0    0  (Gen:  0)
   515352     10336  28640144  0.00  0.00    2.58    4.23    0    0  (Gen:  0)
   513816      5456  28635368  0.00  0.00    2.59    4.26    0    0  (Gen:  0)
   517792      4032  28634000  0.00  0.00    2.59    4.28    0    0  (Gen:  0)
   413296  28574528  28631848  0.06  0.06    2.65    4.35    0    0  (Gen:  1)
   515616      9312  28639368  0.00  0.00    2.65    4.35    0    0  (Gen:  0)
   517432      8992  28640144  0.00  0.00    2.65    4.36    0    0  (Gen:  0)
   517208      3824  28635320  0.00  0.00    2.65    4.38    0    0  (Gen:  0)
   514952      3824  28635584  0.00  0.00    2.65    4.39    0    0  (Gen:  0)
   516928      6184  28638424  0.00  0.00    2.65    4.39    0    0  (Gen:  0)
   517048      3488  28637240  0.00  0.00    2.65    4.41    0    0  (Gen:  0)
   516664      3560  28637464  0.00  0.00    2.66    4.43    0    0  (Gen:  0)
   515288      1800  28635984  0.00  0.00    2.66    4.43    0    0  (Gen:  0)
   167256  28574024  28631344  0.06  0.06    2.72    4.50    0    0  (Gen:  1)
   516504      7568  28637576  0.00  0.00    2.72    4.50    0    0  (Gen:  0)
   517072      3616  28634312  0.00  0.00    2.72    4.51    0    0  (Gen:  0)
   514648      2376  28633344  0.00  0.00    2.72    4.53    0    0  (Gen:  0)
   517104      6120  28637504  0.00  0.00    2.72    4.53    0    0  (Gen:  0)
   516808      3760  28636616  0.00  0.00    2.72    4.54    0    0  (Gen:  0)
   517192      3768  28636784  0.00  0.00    2.73    4.56    0    0  (Gen:  0)
   517088      3744  28637056  0.00  0.00    2.73    4.56    0    0  (Gen:  0)
   515560      4128  28638776  0.00  0.00    2.73    4.58    0    0  (Gen:  0)
   517240      7096  28641808  0.00  0.00    2.73    4.59    0    0  (Gen:  0)
   429232  28576928  28634248  0.06  0.06    2.79    4.67    0    0  (Gen:  1)
   509328      1416  28631240  0.00  0.00    2.79    4.67    0    0  (Gen:  0)
   516480      6976  28637928  0.00  0.00    2.79    4.68    0    0  (Gen:  0)
   514080      4240  28635400  0.00  0.00    2.79    4.69    0    0  (Gen:  0)
   517608      5192  28636528  0.00  0.00    2.80    4.71    0    0  (Gen:  0)
   517536      7768  28639256  0.00  0.00    2.80    4.73    0    0  (Gen:  0)
   517360      7208  28638960  0.00  0.00    2.80    4.74    0    0  (Gen:  0)
   516912  28575560  28632872  0.06  0.06    2.86    4.82    0    0  (Gen:  1)
   517600      3712  28633512  0.00  0.00    2.86    4.83    0    0  (Gen:  0)
   517344      4576  28634672  0.00  0.00    2.86    4.84    0    0  (Gen:  0)
   516248      4056  28634440  0.00  0.00    2.86    4.86    0    0  (Gen:  0)
   511736      2384  28632992  0.00  0.00    2.87    4.88    0    0  (Gen:  0)
   512584      1616  28632560  0.00  0.00    2.87    4.88    0    0  (Gen:  0)
   516728      5208  28637360  0.00  0.00    2.87    4.89    0    0  (Gen:  0)
   516888      8248  28640608  0.00  0.00    2.87    4.91    0    0  (Gen:  0)
   517104  28579192  28636512  0.06  0.06    2.93    4.99    0    0  (Gen:  1)
   517208      4664  28634336  0.00  0.00    2.93    4.99    0    0  (Gen:  0)
   516600      5368  28635216  0.00  0.00    2.93    5.01    0    0  (Gen:  0)
   514048      3936  28633936  0.00  0.00    2.94    5.03    0    0  (Gen:  0)
   516720      9496  28639760  0.00  0.00    2.94    5.04    0    0  (Gen:  0)
   517720      3464  28634040  0.00  0.00    2.94    5.06    0    0  (Gen:  0)
   517656      3912  28634816  0.00  0.00    2.94    5.08    0    0  (Gen:  0)
   402256  28573104  28630424  0.06  0.06    3.00    5.15    0    0  (Gen:  1)
   514272      3832  28633952  0.00  0.00    3.00    5.15    0    0  (Gen:  0)
   516432      9200  28639448  0.00  0.00    3.00    5.16    0    0  (Gen:  0)
   516792      7656  28638088  0.00  0.00    3.00    5.18    0    0  (Gen:  0)
   517416      5192  28635808  0.00  0.00    3.00    5.19    0    0  (Gen:  0)
   517352      7080  28637872  0.00  0.00    3.00    5.21    0    0  (Gen:  0)
   516392      3232  28634176  0.00  0.00    3.00    5.23    0    0  (Gen:  0)
   275416  28572992  28630312  0.06  0.06    3.07    5.30    0    0  (Gen:  1)
   516224      3792  28633800  0.00  0.00    3.07    5.30    0    0  (Gen:  0)
   516776      8688  28638744  0.00  0.00    3.07    5.31    0    0  (Gen:  0)
   516480      8456  28638696  0.00  0.00    3.07    5.33    0    0  (Gen:  0)
   517208      5872  28636296  0.00  0.00    3.07    5.34    0    0  (Gen:  0)
   517360      8088  28638688  0.00  0.00    3.07    5.36    0    0  (Gen:  0)
   517264      5120  28635872  0.00  0.00    3.08    5.38    0    0  (Gen:  0)
   284256  28573104  28630424  0.06  0.06    3.13    5.45    0    0  (Gen:  1)
   515408      4976  28635176  0.00  0.00    3.13    5.45    0    0  (Gen:  0)
   514864      3144  28633392  0.00  0.00    3.14    5.46    0    0  (Gen:  0)
   513872      5208  28635640  0.00  0.00    3.14    5.48    0    0  (Gen:  0)
   516936      6744  28637360  0.00  0.00    3.14    5.49    0    0  (Gen:  0)
   516408     10368  28641160  0.00  0.00    3.14    5.51    0    0  (Gen:  0)
   517976      7896  28638936  0.00  0.00    3.14    5.53    0    0  (Gen:  0)
   304328  28574024  28631344  0.06  0.06    3.20    5.60    0    0  (Gen:  1)
   515712      4976  28634984  0.00  0.00    3.20    5.60    0    0  (Gen:  0)
   512400      2776  28633480  0.00  0.00    3.20    5.61    0    0  (Gen:  0)
   516584      4488  28635376  0.00  0.00    3.21    5.63    0    0  (Gen:  0)
   516568      3768  28634840  0.00  0.00    3.21    5.64    0    0  (Gen:  0)
   515824      8440  28639688  0.00  0.00    3.21    5.66    0    0  (Gen:  0)
   516248      9408  28640904  0.00  0.00    3.21    5.68    0    0  (Gen:  0)
   516632      3400  28635176  0.00  0.00    3.21    5.69    0    0  (Gen:  0)
   415616  28574544  28631864  0.06  0.06    3.27    5.77    0    0  (Gen:  1)
   511056      1488  28631312  0.00  0.00    3.27    5.77    0    0  (Gen:  0)
   516104      6448  28637400  0.00  0.00    3.28    5.78    0    0  (Gen:  0)
   516752     12344  28643456  0.00  0.00    3.28    5.79    0    0  (Gen:  0)
   518272     14928  28652296  0.00  0.00    3.28    5.79    0    0  (Gen:  0)
   517920      4152  28648248  0.00  0.00    3.28    5.81    0    0  (Gen:  0)
   511888      1528  28645840  0.00  0.00    3.28    5.81    0    0  (Gen:  0)
   516856      8144  28653736  0.00  0.00    3.28    5.83    0    0  (Gen:  0)
   518000      4064  28649704  0.00  0.00    3.28    5.84    0    0  (Gen:  0)
   513224      1424  28647344  0.00  0.00    3.28    5.84    0    0  (Gen:  0)
   515312  28576512  28633832  0.06  0.06    3.35    5.92    0    0  (Gen:  1)
   518008      4584  28635424  0.00  0.00    3.35    5.93    0    0  (Gen:  0)
   518416      2832  28633960  0.00  0.00    3.35    5.93    0    0  (Gen:  0)
   517928      7920  28641088  0.00  0.00    3.35    5.93    0    0  (Gen:  0)
   516936      3048  28639064  0.00  0.00    3.35    5.95    0    0  (Gen:  0)
   517160      4000  28640088  0.00  0.00    3.35    5.96    0    0  (Gen:  0)
   517704      3928  28640296  0.00  0.00    3.35    5.96    0    0  (Gen:  0)
   518136      7096  28644824  0.00  0.00    3.35    5.98    0    0  (Gen:  0)
   516624      4968  28642776  0.00  0.00    3.35    5.99    0    0  (Gen:  0)
   516832      3112  28641256  0.00  0.00    3.36    6.01    0    0  (Gen:  0)
   515528      4200  28642600  0.00  0.00    3.36    6.01    0    0  (Gen:  0)
   516640      3440  28643472  0.00  0.00    3.36    6.03    0    0  (Gen:  0)
   357224  28574096  28631416  0.06  0.06    3.42    6.10    0    0  (Gen:  1)
   515736      5728  28636808  0.00  0.00    3.42    6.10    0    0  (Gen:  0)
   516808      4008  28635160  0.00  0.00    3.42    6.11    0    0  (Gen:  0)
   516888      5944  28637400  0.00  0.00    3.42    6.13    0    0  (Gen:  0)
   519176      3280  28635064  0.00  0.00    3.42    6.13    0    0  (Gen:  0)
   516752      5712  28639328  0.00  0.00    3.42    6.14    0    0  (Gen:  0)
   515792      4088  28638000  0.00  0.00    3.42    6.14    0    0  (Gen:  0)
   516016      4576  28640008  0.00  0.00    3.43    6.16    0    0  (Gen:  0)
   517920      8008  28643600  0.00  0.00    3.43    6.16    0    0  (Gen:  0)
   517408      3368  28640344  0.00  0.00    3.43    6.18    0    0  (Gen:  0)
   486872  28575552  28632872  0.06  0.06    3.49    6.25    0    0  (Gen:  1)
   514248     10264  28641344  0.00  0.00    3.49    6.25    0    0  (Gen:  0)
   514384      4288  28636416  0.00  0.00    3.49    6.26    0    0  (Gen:  0)
   516968      8832  28641160  0.00  0.00    3.49    6.28    0    0  (Gen:  0)
   517104      3304  28635944  0.00  0.00    3.49    6.29    0    0  (Gen:  0)
   517480      3112  28636040  0.00  0.00    3.49    6.31    0    0  (Gen:  0)
   517096      3024  28636184  0.00  0.00    3.50    6.33    0    0  (Gen:  0)
   511392      1576  28634952  0.00  0.00    3.50    6.33    0    0  (Gen:  0)
     4856  28574208  28631528  0.06  0.06    3.55    6.40    0    0  (Gen:  1)
   516400     10064  28641368  0.00  0.00    3.55    6.40    0    0  (Gen:  0)
   514088      4168  28635520  0.00  0.00    3.56    6.41    0    0  (Gen:  0)
   516584      2952  28634536  0.00  0.00    3.56    6.43    0    0  (Gen:  0)
   517128      3512  28635440  0.00  0.00    3.56    6.44    0    0  (Gen:  0)
   518856      5560  28637720  0.00  0.00    3.56    6.44    0    0  (Gen:  0)
   517008      6488  28640144  0.00  0.00    3.56    6.46    0    0  (Gen:  0)
   516760      3064  28636792  0.00  0.00    3.56    6.48    0    0  (Gen:  0)
   381888  28575656  28632976  0.06  0.06    3.62    6.55    0    0  (Gen:  1)
   516720      3992  28634968  0.00  0.00    3.62    6.55    0    0  (Gen:  0)
   517104      3312  28635408  0.00  0.00    3.62    6.56    0    0  (Gen:  0)
   515776      6152  28638424  0.00  0.00    3.62    6.58    0    0  (Gen:  0)
   516208      6664  28641176  0.00  0.00    3.63    6.58    0    0  (Gen:  0)
   519280      7064  28644144  0.00  0.00    3.63    6.58    0    0  (Gen:  0)
   514944      7872  28650912  0.00  0.00    3.63    6.59    0    0  (Gen:  0)
   516984      5184  28652216  0.00  0.00    3.63    6.59    0    0  (Gen:  0)
   519720      4560  28653408  0.00  0.00    3.63    6.59    0    0  (Gen:  0)
   514904      3552  28656264  0.00  0.00    3.63    6.61    0    0  (Gen:  0)
   516848      4984  28658128  0.00  0.00    3.63    6.61    0    0  (Gen:  0)
   518688      7304  28662272  0.00  0.00    3.63    6.61    0    0  (Gen:  0)
   517672      4992  28662872  0.00  0.00    3.63    6.63    0    0  (Gen:  0)
   520032      3384  28661336  0.00  0.00    3.63    6.63    0    0  (Gen:  0)
   519352      9296  28670088  0.00  0.00    3.63    6.63    0    0  (Gen:  0)
   190904  28575464  28632784  0.06  0.06    3.69    6.70    0    0  (Gen:  1)
   516968      2752  28633688  0.00  0.00    3.69    6.70    0    0  (Gen:  0)
   519760      3712  28635848  0.00  0.00    3.70    6.70    0    0  (Gen:  0)
   519448      1328  28634552  0.00  0.00    3.70    6.70    0    0  (Gen:  0)
   511160      2888  28636904  0.00  0.00    3.70    6.70    0    0  (Gen:  0)
   515344      3008  28639784  0.00  0.00    3.70    6.71    0    0  (Gen:  0)
   517256      5664  28642480  0.00  0.00    3.70    6.71    0    0  (Gen:  0)
   519344      1840  28640472  0.00  0.00    3.70    6.71    0    0  (Gen:  0)
   518064      6272  28645776  0.00  0.00    3.70    6.71    0    0  (Gen:  0)
   516976      5248  28647728  0.00  0.00    3.70    6.72    0    0  (Gen:  0)
   519536      3640  28646952  0.00  0.00    3.70    6.72    0    0  (Gen:  0)
   519080      4320  28650408  0.00  0.00    3.70    6.72    0    0  (Gen:  0)
   518272      1680  28650872  0.00  0.00    3.70    6.72    0    0  (Gen:  0)
   518736      1440  28650784  0.00  0.00    3.70    6.72    0    0  (Gen:  0)
   517416      7072  28656560  0.00  0.00    3.70    6.74    0    0  (Gen:  0)
   519280      3240  28655552  0.00  0.00    3.70    6.74    0    0  (Gen:  0)
   512936      5232  28660184  0.00  0.00    3.70    6.76    0    0  (Gen:  0)
   515536      3320  28661248  0.00  0.00    3.70    6.76    0    0  (Gen:  0)
   517848      5560  28665312  0.00  0.00    3.70    6.76    0    0  (Gen:  0)
   517304      3552  28666168  0.00  0.00    3.71    6.77    0    0  (Gen:  0)
   518552      9824  28672520  0.00  0.00    3.71    6.77    0    0  (Gen:  0)
   518184      6096  28670128  0.00  0.00    3.71    6.79    0    0  (Gen:  0)
   518616      3648  28668608  0.00  0.00    3.71    6.79    0    0  (Gen:  0)
   517624     10752  28678816  0.00  0.00    3.71    6.79    0    0  (Gen:  0)
   517488  28578304  28635624  0.06  0.06    3.77    6.86    0    0  (Gen:  1)
   518312      3608  28634320  0.00  0.00    3.77    6.86    0    0  (Gen:  0)
   516616      5816  28639312  0.00  0.00    3.77    6.87    0    0  (Gen:  0)
   518888      4648  28641016  0.00  0.00    3.77    6.87    0    0  (Gen:  0)
   518408      4168  28642880  0.00  0.00    3.77    6.87    0    0  (Gen:  0)
   516480      7640  28649816  0.00  0.00    3.77    6.89    0    0  (Gen:  0)
   518720      3888  28648608  0.00  0.00    3.77    6.89    0    0  (Gen:  0)
   517744      9600  28657280  0.00  0.00    3.77    6.89    0    0  (Gen:  0)
   516968      5088  28659536  0.00  0.00    3.77    6.91    0    0  (Gen:  0)
   517872      6664  28661360  0.00  0.00    3.77    6.91    0    0  (Gen:  0)
   518544     45528  28706568  0.00  0.00    3.77    6.91    0    0  (Gen:  0)
   516528      7416  28713616  0.00  0.00    3.77    6.92    0    0  (Gen:  0)
   518568      4432  28714968  0.00  0.00    3.77    6.92    0    0  (Gen:  0)
   519000      3616  28716856  0.00  0.00    3.77    6.92    0    0  (Gen:  0)
   515928      7496  28723840  0.00  0.00    3.78    6.94    0    0  (Gen:  0)
   518632      3832  28722896  0.00  0.00    3.78    6.94    0    0  (Gen:  0)
   517648      8368  28730384  0.00  0.00    3.78    6.94    0    0  (Gen:  0)
   516896      8224  28737832  0.00  0.00    3.78    6.96    0    0  (Gen:  0)
   519464      4792  28737624  0.00  0.00    3.78    6.96    0    0  (Gen:  0)
   518928     35472  28772552  0.00  0.00    3.78    6.96    0    0  (Gen:  0)
   514600     28872  28801176  0.00  0.00    3.78    6.96    0    0  (Gen:  0)
   324504  28573528  28630848  0.06  0.06    3.84    7.03    0    0  (Gen:  1)
   516888      4528  28635072  0.00  0.00    3.84    7.03    0    0  (Gen:  0)
   518352      3760  28634328  0.00  0.00    3.84    7.03    0    0  (Gen:  0)
   518784      6944  28640464  0.00  0.00    3.84    7.03    0    0  (Gen:  0)
   518176      7704  28647616  0.00  0.00    3.84    7.03    0    0  (Gen:  0)
   517392      4776  28648736  0.00  0.00    3.84    7.04    0    0  (Gen:  0)
   517984      3464  28647496  0.00  0.00    3.84    7.04    0    0  (Gen:  0)
   514312      3280  28649968  0.00  0.00    3.84    7.05    0    0  (Gen:  0)
   518048      4736  28654344  0.00  0.00    3.85    7.06    0    0  (Gen:  0)
   519264      3832  28653512  0.00  0.00    3.85    7.06    0    0  (Gen:  0)
   518352     13952  28666448  0.00  0.00    3.85    7.06    0    0  (Gen:  0)
   516840      7584  28672688  0.00  0.00    3.85    7.07    0    0  (Gen:  0)
   519152      3832  28671424  0.00  0.00    3.85    7.07    0    0  (Gen:  0)
   518288      6664  28677240  0.00  0.00    3.85    7.07    0    0  (Gen:  0)
   516600      6872  28683560  0.00  0.00    3.85    7.09    0    0  (Gen:  0)
   519824      4464  28683888  0.00  0.00    3.85    7.09    0    0  (Gen:  0)
   518632     52952  28736376  0.00  0.00    3.85    7.09    0    0  (Gen:  0)
   516672     11624  28747880  0.00  0.00    3.85    7.11    0    0  (Gen:  0)
   518328      4856  28749688  0.00  0.00    3.85    7.11    0    0  (Gen:  0)
   517968      1424  28748640  0.00  0.00    3.85    7.11    0    0  (Gen:  0)
   450224  28575120  28632440  0.06  0.06    3.91    7.18    0    0  (Gen:  1)
   516264      5088  28635624  0.00  0.00    3.91    7.18    0    0  (Gen:  0)
   517944      2424  28634160  0.00  0.00    3.91    7.18    0    0  (Gen:  0)
   517672      6160  28639512  0.00  0.00    3.91    7.18    0    0  (Gen:  0)
   517912      5280  28641576  0.00  0.00    3.91    7.19    0    0  (Gen:  0)
   519576      4216  28640968  0.00  0.00    3.91    7.19    0    0  (Gen:  0)
   518528      6800  28646688  0.00  0.00    3.92    7.19    0    0  (Gen:  0)
   516648      5696  28651128  0.00  0.00    3.92    7.21    0    0  (Gen:  0)
   518728      7856  28654472  0.00  0.00    3.92    7.21    0    0  (Gen:  0)
   516920      5088  28653400  0.00  0.00    3.92    7.22    0    0  (Gen:  0)
   519272      3272  28651848  0.00  0.00    3.92    7.22    0    0  (Gen:  0)
   516256      7064  28658424  0.00  0.00    3.92    7.24    0    0  (Gen:  0)
   518944      3408  28657624  0.00  0.00    3.92    7.24    0    0  (Gen:  0)
   514888      6432  28663288  0.00  0.00    3.92    7.26    0    0  (Gen:  0)
   516384      3352  28663184  0.00  0.00    3.92    7.26    0    0  (Gen:  0)
   518808      7384  28669040  0.00  0.00    3.92    7.26    0    0  (Gen:  0)
   517344      4768  28669288  0.00  0.00    3.92    7.27    0    0  (Gen:  0)
   520216      6032  28670640  0.00  0.00    3.92    7.27    0    0  (Gen:  0)
   304248  28575456  28632768  0.06  0.06    3.98    7.35    0    0  (Gen:  1)
   516520      3664  28634320  0.00  0.00    3.98    7.35    0    0  (Gen:  0)
   519256      3064  28635208  0.00  0.00    3.99    7.35    0    0  (Gen:  0)
   517936      3552  28636208  0.00  0.00    3.99    7.36    0    0  (Gen:  0)
   518800      5936  28638672  0.00  0.00    3.99    7.36    0    0  (Gen:  0)
   517040      3632  28637704  0.00  0.00    3.99    7.37    0    0  (Gen:  0)
   517896      4424  28638552  0.00  0.00    3.99    7.37    0    0  (Gen:  0)
   517352      5768  28641232  0.00  0.00    3.99    7.39    0    0  (Gen:  0)
   518944      5016  28641376  0.00  0.00    3.99    7.39    0    0  (Gen:  0)
   517536      6952  28647592  0.00  0.00    3.99    7.39    0    0  (Gen:  0)
   517328      5640  28649200  0.00  0.00    3.99    7.41    0    0  (Gen:  0)
   518904      3600  28647232  0.00  0.00    3.99    7.41    0    0  (Gen:  0)
   516952      6280  28652528  0.00  0.00    3.99    7.42    0    0  (Gen:  0)
   518248      5000  28654128  0.00  0.00    3.99    7.42    0    0  (Gen:  0)
   517968      3216  28654920  0.00  0.00    3.99    7.42    0    0  (Gen:  0)
   517312  28576952  28634264  0.06  0.06    4.06    7.50    0    0  (Gen:  1)
   518184      4768  28634624  0.00  0.00    4.06    7.50    0    0  (Gen:  0)
   517752     26656  28660224  0.00  0.00    4.06    7.50    0    0  (Gen:  0)
   517080      7888  28666656  0.00  0.00    4.06    7.51    0    0  (Gen:  0)
   517952      6744  28670552  0.00  0.00    4.06    7.51    0    0  (Gen:  0)
   517424      5056  28670248  0.00  0.00    4.06    7.52    0    0  (Gen:  0)
   517936      3824  28669080  0.00  0.00    4.06    7.52    0    0  (Gen:  0)
   516792      8544  28676672  0.00  0.00    4.06    7.54    0    0  (Gen:  0)
   517872      4872  28675944  0.00  0.00    4.06    7.54    0    0  (Gen:  0)
   519200     36128  28711264  0.00  0.00    4.06    7.54    0    0  (Gen:  0)
   516448      5264  28714960  0.00  0.00    4.06    7.56    0    0  (Gen:  0)
   517856      3144  28713008  0.00  0.00    4.06    7.56    0    0  (Gen:  0)
   518976      5648  28717384  0.00  0.00    4.06    7.56    0    0  (Gen:  0)
   516008      5512  28721688  0.00  0.00    4.06    7.57    0    0  (Gen:  0)
   518352      3224  28719968  0.00  0.00    4.06    7.57    0    0  (Gen:  0)
   517976      1432  28720056  0.00  0.00    4.07    7.57    0    0  (Gen:  0)
   512496      5096  28723760  0.00  0.00    4.07    7.59    0    0  (Gen:  0)
   516568      4728  28726200  0.00  0.00    4.07    7.59    0    0  (Gen:  0)
   514224      2192  28725128  0.00  0.00    4.07    7.59    0    0  (Gen:  0)
   516840      5720  28729216  0.00  0.00    4.07    7.61    0    0  (Gen:  0)
   518568      3376  28726992  0.00  0.00    4.07    7.61    0    0  (Gen:  0)
   388624  28573024  28630344  0.06  0.06    4.13    7.68    0    0  (Gen:  1)
   517432      4664  28634752  0.00  0.00    4.13    7.68    0    0  (Gen:  0)
   517936      5472  28635624  0.00  0.00    4.13    7.68    0    0  (Gen:  0)
   516808      3296  28634808  0.00  0.00    4.13    7.69    0    0  (Gen:  0)
   516248      4472  28636032  0.00  0.00    4.13    7.71    0    0  (Gen:  0)
   517992      3040  28635000  0.00  0.00    4.13    7.71    0    0  (Gen:  0)
   516656      6008  28639800  0.00  0.00    4.13    7.72    0    0  (Gen:  0)
   518272      6480  28640560  0.00  0.00    4.13    7.72    0    0  (Gen:  0)
   516144      4768  28640232  0.00  0.00    4.14    7.74    0    0  (Gen:  0)
   511328      1504  28637024  0.00  0.00    4.14    7.76    0    0  (Gen:  0)
   516328      3640  28639576  0.00  0.00    4.14    7.76    0    0  (Gen:  0)
   381056  28574152  28631472  0.05  0.05    4.19    7.83    0    0  (Gen:  1)
   515752      3592  28633336  0.00  0.00    4.19    7.83    0    0  (Gen:  0)
   516400      5312  28636288  0.00  0.00    4.19    7.84    0    0  (Gen:  0)
   518216      7888  28639080  0.00  0.00    4.19    7.84    0    0  (Gen:  0)
   515568      2952  28635816  0.00  0.00    4.20    7.86    0    0  (Gen:  0)
   516488      4392  28637448  0.00  0.00    4.20    7.86    0    0  (Gen:  0)
   519000      7504  28642384  0.00  0.00    4.20    7.86    0    0  (Gen:  0)
   517168      5624  28643416  0.00  0.00    4.20    7.87    0    0  (Gen:  0)
   519352      3032  28640896  0.00  0.00    4.20    7.87    0    0  (Gen:  0)
   515872      6472  28646760  0.00  0.00    4.20    7.89    0    0  (Gen:  0)
   516856      4488  28647648  0.00  0.00    4.20    7.89    0    0  (Gen:  0)
   518472      9584  28654568  0.00  0.00    4.20    7.89    0    0  (Gen:  0)
   517256      3888  28651784  0.00  0.00    4.20    7.91    0    0  (Gen:  0)
   518760      3392  28651352  0.00  0.00    4.20    7.91    0    0  (Gen:  0)
   514680      7104  28657768  0.00  0.00    4.20    7.92    0    0  (Gen:  0)
   515976      5424  28660200  0.00  0.00    4.20    7.92    0    0  (Gen:  0)
   518864      8440  28664968  0.00  0.00    4.20    7.92    0    0  (Gen:  0)
   259800  28572880  28630200  0.06  0.06    4.26    8.00    0    0  (Gen:  1)
   516272      5216  28635192  0.00  0.00    4.26    8.00    0    0  (Gen:  0)
   519184      3928  28633928  0.00  0.00    4.26    8.00    0    0  (Gen:  0)
   518112     32928  28666448  0.00  0.00    4.26    8.00    0    0  (Gen:  0)
   517504      4096  28665072  0.00  0.00    4.26    8.01    0    0  (Gen:  0)
   519304      4496  28665552  0.00  0.00    4.26    8.01    0    0  (Gen:  0)
   519368     31696  28696392  0.00  0.00    4.27    8.01    0    0  (Gen:  0)
   517728      4136  28696328  0.00  0.00    4.27    8.02    0    0  (Gen:  0)
   518736     10192  28702464  0.00  0.00    4.27    8.02    0    0  (Gen:  0)
   517560      3432  28697040  0.00  0.00    4.27    8.04    0    0  (Gen:  0)
   519088      4936  28698600  0.00  0.00    4.27    8.04    0    0  (Gen:  0)
   517248      4392  28699392  0.00  0.00    4.27    8.06    0    0  (Gen:  0)
   516608      3416  28698480  0.00  0.00    4.27    8.07    0    0  (Gen:  0)
   449192  28574976  28632296  0.06  0.06    4.33    8.15    0    0  (Gen:  1)
   517552      9312  28638864  0.00  0.00    4.33    8.15    0    0  (Gen:  0)
   517368      8712  28639600  0.00  0.00    4.33    8.16    0    0  (Gen:  0)
   517368      3640  28634592  0.00  0.00    4.34    8.17    0    0  (Gen:  0)
   516568      4208  28635424  0.00  0.00    4.34    8.19    0    0  (Gen:  0)
   518432      6032  28637544  0.00  0.00    4.34    8.19    0    0  (Gen:  0)
   514968      6472  28639344  0.00  0.00    4.34    8.21    0    0  (Gen:  0)
   517784      3568  28636504  0.00  0.00    4.34    8.22    0    0  (Gen:  0)
   517008  28576472  28633784  0.06  0.06    4.40    8.30    0    0  (Gen:  1)
   514440      1504  28631040  0.00  0.00    4.40    8.30    0    0  (Gen:  0)
   513192      4240  28634920  0.00  0.00    4.40    8.31    0    0  (Gen:  0)
   517648      4280  28635160  0.00  0.00    4.40    8.32    0    0  (Gen:  0)
   515960      4536  28635672  0.00  0.00    4.41    8.34    0    0  (Gen:  0)
   514104      3312  28634752  0.00  0.00    4.41    8.36    0    0  (Gen:  0)
   515752      6880  28638736  0.00  0.00    4.41    8.36    0    0  (Gen:  0)
   517688      5984  28639272  0.00  0.00    4.41    8.37    0    0  (Gen:  0)
   359672  28574976  28632296  0.06  0.06    4.47    8.45    0    0  (Gen:  1)
   517712      7512  28637064  0.00  0.00    4.47    8.45    0    0  (Gen:  0)
   515296     10304  28641192  0.00  0.00    4.47    8.46    0    0  (Gen:  0)
   517776      3504  28634448  0.00  0.00    4.47    8.47    0    0  (Gen:  0)
   516504      3920  28635160  0.00  0.00    4.47    8.49    0    0  (Gen:  0)
   518296      5264  28636800  0.00  0.00    4.47    8.49    0    0  (Gen:  0)
   517464      4392  28637264  0.00  0.00    4.47    8.51    0    0  (Gen:  0)
   516576      3912  28636848  0.00  0.00    4.48    8.52    0    0  (Gen:  0)
   513808      5992  28639176  0.00  0.00    4.48    8.54    0    0  (Gen:  0)
   517072      6208  28642232  0.00  0.00    4.48    8.54    0    0  (Gen:  0)
   441808  28572840  28630160  0.06  0.06    4.54    8.62    0    0  (Gen:  1)
   517352      3424  28633280  0.00  0.00    4.54    8.62    0    0  (Gen:  0)
   517208      4536  28634424  0.00  0.00    4.54    8.62    0    0  (Gen:  0)
   519032      6144  28636336  0.00  0.00    4.54    8.62    0    0  (Gen:  0)
   517432      4488  28636152  0.00  0.00    4.54    8.64    0    0  (Gen:  0)
   518664      4888  28636712  0.00  0.00    4.54    8.64    0    0  (Gen:  0)
   517784      3240  28636400  0.00  0.00    4.54    8.66    0    0  (Gen:  0)
   516640      3968  28637184  0.00  0.00    4.55    8.67    0    0  (Gen:  0)
   516544     10240  28643760  0.00  0.00    4.55    8.67    0    0  (Gen:  0)
   518272      4752  28639840  0.00  0.00    4.55    8.69    0    0  (Gen:  0)
   518664      6560  28641888  0.00  0.00    4.55    8.69    0    0  (Gen:  0)
   517808      3256  28639920  0.00  0.00    4.55    8.71    0    0  (Gen:  0)
   458464  28572840  28630160  0.06  0.06    4.61    8.78    0    0  (Gen:  1)
   517224      3424  28633280  0.00  0.00    4.61    8.79    0    0  (Gen:  0)
   517304      4600  28634488  0.00  0.00    4.61    8.79    0    0  (Gen:  0)
   518832      6144  28636336  0.00  0.00    4.61    8.79    0    0  (Gen:  0)
   517168      3000  28634664  0.00  0.00    4.62    8.81    0    0  (Gen:  0)
   516480      4736  28636552  0.00  0.00    4.62    8.82    0    0  (Gen:  0)
   514128      1424  28633520  0.00  0.00    4.62    8.82    0    0  (Gen:  0)
   513608      1968  28635216  0.00  0.00    4.62    8.84    0    0  (Gen:  0)
   516064      5392  28638848  0.00  0.00    4.62    8.86    0    0  (Gen:  0)
   320624  28572952  28630272  0.06  0.06    4.68    8.93    0    0  (Gen:  1)
   512920      1784  28631832  0.00  0.00    4.68    8.93    0    0  (Gen:  0)
   517656      8728  28638824  0.00  0.00    4.68    8.94    0    0  (Gen:  0)
   516992      4768  28635136  0.00  0.00    4.68    8.96    0    0  (Gen:  0)
   514592      3752  28634392  0.00  0.00    4.68    8.97    0    0  (Gen:  0)
   515856      5144  28636184  0.00  0.00    4.68    8.97    0    0  (Gen:  0)
   517368      2680  28635176  0.00  0.00    4.69    8.99    0    0  (Gen:  0)
   516952      3504  28636056  0.00  0.00    4.69    9.01    0    0  (Gen:  0)
   429848  28573760  28631080  0.06  0.06    4.75    9.08    0    0  (Gen:  1)
   512392      1784  28631640  0.00  0.00    4.75    9.08    0    0  (Gen:  0)
   516808      8440  28638792  0.00  0.00    4.75    9.09    0    0  (Gen:  0)
   516432      4584  28635208  0.00  0.00    4.75    9.11    0    0  (Gen:  0)
   517992     12632  28643512  0.00  0.00    4.75    9.11    0    0  (Gen:  0)
   518104      6152  28644864  0.00  0.00    4.75    9.11    0    0  (Gen:  0)
   518144     13496  28656136  0.00  0.00    4.75    9.11    0    0  (Gen:  0)
   517400      8680  28664432  0.00  0.00    4.75    9.12    0    0  (Gen:  0)
   514360      1776  28662264  0.00  0.00    4.75    9.12    0    0  (Gen:  0)
   518168      3184  28665008  0.00  0.00    4.76    9.14    0    0  (Gen:  0)
   516560      3504  28665384  0.00  0.00    4.76    9.16    0    0  (Gen:  0)
   515072      4040  28666224  0.00  0.00    4.76    9.16    0    0  (Gen:  0)
   516776      3240  28666896  0.00  0.00    4.76    9.17    0    0  (Gen:  0)
   516552  28579936  28637256  0.06  0.06    4.82    9.25    0    0  (Gen:  1)
   515136      4064  28638160  0.00  0.00    4.82    9.25    0    0  (Gen:  0)
   517544      3440  28639008  0.00  0.00    4.82    9.26    0    0  (Gen:  0)
   514808      4096  28639792  0.00  0.00    4.82    9.27    0    0  (Gen:  0)
   516104      5120  28641464  0.00  0.00    4.82    9.27    0    0  (Gen:  0)
   518184     11152  28650712  0.00  0.00    4.82    9.27    0    0  (Gen:  0)
   517144      4560  28646984  0.00  0.00    4.82    9.29    0    0  (Gen:  0)
   514632      3712  28646224  0.00  0.00    4.83    9.29    0    0  (Gen:  0)
   517912      4960  28648944  0.00  0.00    4.83    9.31    0    0  (Gen:  0)
   518856      5256  28649384  0.00  0.00    4.83    9.31    0    0  (Gen:  0)
   517160      8064  28656616  0.00  0.00    4.83    9.32    0    0  (Gen:  0)
   519272      3536  28655136  0.00  0.00    4.83    9.32    0    0  (Gen:  0)
   437832  28578040  28635360  0.06  0.06    4.89    9.40    0    0  (Gen:  1)
   516352      3456  28637584  0.00  0.00    4.89    9.40    0    0  (Gen:  0)
   517528      4512  28639224  0.00  0.00    4.89    9.40    0    0  (Gen:  0)
   517136      4576  28640112  0.00  0.00    4.89    9.41    0    0  (Gen:  0)
   519672      3432  28639016  0.00  0.00    4.89    9.41    0    0  (Gen:  0)
   515296      7568  28645760  0.00  0.00    4.89    9.42    0    0  (Gen:  0)
   516592      3464  28646288  0.00  0.00    4.89    9.42    0    0  (Gen:  0)
   518872      9872  28654520  0.00  0.00    4.89    9.42    0    0  (Gen:  0)
   517520      5048  28652560  0.00  0.00    4.90    9.44    0    0  (Gen:  0)
   519720      3360  28651040  0.00  0.00    4.90    9.44    0    0  (Gen:  0)
   515832      6704  28656976  0.00  0.00    4.90    9.46    0    0  (Gen:  0)
   517472      3528  28656656  0.00  0.00    4.90    9.46    0    0  (Gen:  0)
   518976     10216  28665168  0.00  0.00    4.90    9.46    0    0  (Gen:  0)
   517720      4608  28662424  0.00  0.00    4.90    9.47    0    0  (Gen:  0)
   518968      8288  28666192  0.00  0.00    4.90    9.47    0    0  (Gen:  0)
   323480  28579168  28636488  0.06  0.06    4.96    9.55    0    0  (Gen:  1)
   519488      3592  28637400  0.00  0.00    4.96    9.55    0    0  (Gen:  0)
   518624      8336  28644480  0.00  0.00    4.96    9.55    0    0  (Gen:  0)
   518144      4576  28643608  0.00  0.00    4.96    9.56    0    0  (Gen:  0)
   519408      4328  28643448  0.00  0.00    4.96    9.56    0    0  (Gen:  0)
   516832      4848  28645440  0.00  0.00    4.96    9.57    0    0  (Gen:  0)
   518032      5920  28646680  0.00  0.00    4.96    9.57    0    0  (Gen:  0)
   517712      5280  28647736  0.00  0.00    4.97    9.59    0    0  (Gen:  0)
   519400      3080  28645800  0.00  0.00    4.97    9.59    0    0  (Gen:  0)
   516352      6888  28652200  0.00  0.00    4.97    9.61    0    0  (Gen:  0)
   519264      3584  28651752  0.00  0.00    4.97    9.61    0    0  (Gen:  0)
   518432     11880  28662848  0.00  0.00    4.97    9.61    0    0  (Gen:  0)
   517928      4672  28661248  0.00  0.00    4.97    9.62    0    0  (Gen:  0)
   518496      2672  28659336  0.00  0.00    4.97    9.62    0    0  (Gen:  0)
   516760      4768  28663072  0.00  0.00    4.97    9.64    0    0  (Gen:  0)
   517936      9088  28667672  0.00  0.00    4.97    9.64    0    0  (Gen:  0)
   316896  28578240  28635560  0.06  0.06    5.03    9.72    0    0  (Gen:  1)
   516232      3776  28637616  0.00  0.00    5.03    9.72    0    0  (Gen:  0)
   514808      5552  28640616  0.00  0.00    5.03    9.72    0    0  (Gen:  0)
   517288      3528  28639040  0.00  0.00    5.04    9.72    0    0  (Gen:  0)
   517504      8480  28644048  0.00  0.00    5.04    9.72    0    0  (Gen:  0)
   517320      4104  28641008  0.00  0.00    5.04    9.74    0    0  (Gen:  0)
   517696      3904  28640864  0.00  0.00    5.04    9.74    0    0  (Gen:  0)
   517368      4344  28642640  0.00  0.00    5.04    9.76    0    0  (Gen:  0)
   518344      8928  28647280  0.00  0.00    5.04    9.76    0    0  (Gen:  0)
   518240      4760  28644448  0.00  0.00    5.04    9.77    0    0  (Gen:  0)
   517920      5696  28645448  0.00  0.00    5.04    9.77    0    0  (Gen:  0)
   517184      4512  28645736  0.00  0.00    5.04    9.79    0    0  (Gen:  0)
   518792      5632  28647024  0.00  0.00    5.04    9.79    0    0  (Gen:  0)
   517008      4720  28647648  0.00  0.00    5.04    9.81    0    0  (Gen:  0)
   517480      7512  28650632  0.00  0.00    5.04    9.81    0    0  (Gen:  0)
    94288  28576944  28634264  0.06  0.06    5.10    9.88    0    0  (Gen:  1)
   515784      3288  28637328  0.00  0.00    5.10    9.88    0    0  (Gen:  0)
   517272      4144  28638216  0.00  0.00    5.10    9.89    0    0  (Gen:  0)
   518088      6624  28641000  0.00  0.00    5.10    9.89    0    0  (Gen:  0)
   517128      4656  28640600  0.00  0.00    5.11    9.91    0    0  (Gen:  0)
   517704      6776  28642960  0.00  0.00    5.11    9.91    0    0  (Gen:  0)
   517848      3248  28640768  0.00  0.00    5.11    9.92    0    0  (Gen:  0)
   516136      4096  28641672  0.00  0.00    5.11    9.92    0    0  (Gen:  0)
   517680      3168  28642080  0.00  0.00    5.11    9.94    0    0  (Gen:  0)
   517496      4144  28643112  0.00  0.00    5.11    9.96    0    0  (Gen:  0)
   519656      3368  28643528  0.00  0.00    5.11    9.96    0    0  (Gen:  0)
   518632     11744  28654400  0.00  0.00    5.11    9.96    0    0  (Gen:  0)
    73960  28578312  28635632  0.06  0.06    5.17   10.03    0    0  (Gen:  1)
   517032      3320  28637232  0.00  0.00    5.17   10.03    0    0  (Gen:  0)
   516008      4152  28639288  0.00  0.00    5.17   10.03    0    0  (Gen:  0)
   517952      4192  28639776  0.00  0.00    5.18   10.04    0    0  (Gen:  0)
   518168      9088  28644736  0.00  0.00    5.18   10.04    0    0  (Gen:  0)
   517672      4296  28641640  0.00  0.00    5.18   10.06    0    0  (Gen:  0)
   519448      3120  28640728  0.00  0.00    5.18   10.06    0    0  (Gen:  0)
   515480      5952  28646152  0.00  0.00    5.18   10.07    0    0  (Gen:  0)
   516960      3192  28646248  0.00  0.00    5.18   10.07    0    0  (Gen:  0)
   517680      5856  28650736  0.00  0.00    5.18   10.07    0    0  (Gen:  0)
   517576      4312  28652056  0.00  0.00    5.18   10.09    0    0  (Gen:  0)
   518752      3144  28650976  0.00  0.00    5.18   10.09    0    0  (Gen:  0)
   517880      4600  28654128  0.00  0.00    5.18   10.11    0    0  (Gen:  0)
   518168      3360  28653152  0.00  0.00    5.18   10.11    0    0  (Gen:  0)
   517208      5720  28658104  0.00  0.00    5.18   10.12    0    0  (Gen:  0)
   519576      3272  28658528  0.00  0.00    5.18   10.12    0    0  (Gen:  0)
   518640     11672  28669328  0.00  0.00    5.19   10.12    0    0  (Gen:  0)
   518080  28580624  28637944  0.06  0.06    5.24   10.20    0    0  (Gen:  1)
   518200      6736  28640480  0.00  0.00    5.24   10.20    0    0  (Gen:  0)
   516536      4656  28639936  0.00  0.00    5.25   10.21    0    0  (Gen:  0)
   518664      4888  28640360  0.00  0.00    5.25   10.21    0    0  (Gen:  0)
   517560      3544  28640352  0.00  0.00    5.25   10.22    0    0  (Gen:  0)
   516056      4368  28641224  0.00  0.00    5.25   10.24    0    0  (Gen:  0)
   519384      6168  28643312  0.00  0.00    5.25   10.24    0    0  (Gen:  0)
   516944      4048  28642688  0.00  0.00    5.25   10.26    0    0  (Gen:  0)
   517464      6104  28644904  0.00  0.00    5.25   10.26    0    0  (Gen:  0)
   517536      3256  28643392  0.00  0.00    5.25   10.27    0    0  (Gen:  0)
   505448  28580584  28637904  0.06  0.06    5.32   10.35    0    0  (Gen:  1)
   518992      6024  28639768  0.00  0.00    5.32   10.35    0    0  (Gen:  0)
   517072      4336  28639552  0.00  0.00    5.32   10.36    0    0  (Gen:  0)
   518632      4712  28640088  0.00  0.00    5.32   10.36    0    0  (Gen:  0)
   517368      2816  28639528  0.00  0.00    5.32   10.37    0    0  (Gen:  0)
   516328      4816  28641576  0.00  0.00    5.32   10.39    0    0  (Gen:  0)
   514352      4088  28641136  0.00  0.00    5.32   10.39    0    0  (Gen:  0)
   517184      3648  28642192  0.00  0.00    5.32   10.41    0    0  (Gen:  0)
   511200      1600  28640312  0.00  0.00    5.32   10.41    0    0  (Gen:  0)
   517264      2840  28642832  0.00  0.00    5.32   10.42    0    0  (Gen:  0)
   517432      4600  28644648  0.00  0.00    5.33   10.44    0    0  (Gen:  0)
   514192      1776  28642120  0.00  0.00    5.33   10.44    0    0  (Gen:  0)
   167240  28577824  28635144  0.06  0.06    5.39   10.52    0    0  (Gen:  1)
   516744      3192  28637104  0.00  0.00    5.39   10.52    0    0  (Gen:  0)
   517272      4552  28639000  0.00  0.00    5.39   10.52    0    0  (Gen:  0)
   518040      5032  28639800  0.00  0.00    5.39   10.52    0    0  (Gen:  0)
   516984      3240  28639368  0.00  0.00    5.39   10.54    0    0  (Gen:  0)
   515352      3464  28639648  0.00  0.00    5.39   10.56    0    0  (Gen:  0)
   516696      8432  28645096  0.00  0.00    5.39   10.56    0    0  (Gen:  0)
   516920      4792  28643168  0.00  0.00    5.40   10.57    0    0  (Gen:  0)
   518616      7104  28645752  0.00  0.00    5.40   10.57    0    0  (Gen:  0)
   517912      3464  28643448  0.00  0.00    5.40   10.59    0    0  (Gen:  0)
   514216      3376  28643416  0.00  0.00    5.40   10.61    0    0  (Gen:  0)
   516672      6456  28646976  0.00  0.00    5.40   10.61    0    0  (Gen:  0)
   300656  28577016  28634336  0.06  0.06    5.46   10.68    0    0  (Gen:  1)
   516248      3184  28637296  0.00  0.00    5.46   10.68    0    0  (Gen:  0)
   516544      4440  28638576  0.00  0.00    5.46   10.69    0    0  (Gen:  0)
   510848      2616  28637024  0.00  0.00    5.46   10.71    0    0  (Gen:  0)
   512872      3832  28638648  0.00  0.00    5.46   10.71    0    0  (Gen:  0)
   517744      3512  28639856  0.00  0.00    5.46   10.72    0    0  (Gen:  0)
   515064      3960  28640464  0.00  0.00    5.46   10.74    0    0  (Gen:  0)
   516152      3168  28640144  0.00  0.00    5.46   10.74    0    0  (Gen:  0)
   512784      4808  28643608  0.00  0.00    5.47   10.76    0    0  (Gen:  0)
   513312     10224  28651872  0.00  0.00    5.47   10.76    0    0  (Gen:  0)
   256432  28577064  28634384  0.06  0.06    5.52   10.83    0    0  (Gen:  1)
   516520      3216  28637376  0.00  0.00    5.52   10.83    0    0  (Gen:  0)
   515176      3656  28637848  0.00  0.00    5.53   10.84    0    0  (Gen:  0)
   515928      4448  28639128  0.00  0.00    5.53   10.84    0    0  (Gen:  0)
   519456      9880  28646416  0.00  0.00    5.53   10.84    0    0  (Gen:  0)
   516920      5344  28644792  0.00  0.00    5.53   10.86    0    0  (Gen:  0)
   517840      8632  28648168  0.00  0.00    5.53   10.86    0    0  (Gen:  0)
   517904      3184  28644240  0.00  0.00    5.53   10.87    0    0  (Gen:  0)
   518712      3256  28644472  0.00  0.00    5.53   10.87    0    0  (Gen:  0)
   514888      6088  28649576  0.00  0.00    5.53   10.89    0    0  (Gen:  0)
   516176      4568  28650880  0.00  0.00    5.53   10.89    0    0  (Gen:  0)
   518640      6760  28654896  0.00  0.00    5.53   10.89    0    0  (Gen:  0)
   516416      5312  28656360  0.00  0.00    5.53   10.91    0    0  (Gen:  0)
   519128      4792  28655928  0.00  0.00    5.53   10.91    0    0  (Gen:  0)
   515936      3288  28655944  0.00  0.00    5.54   10.92    0    0  (Gen:  0)
   518576      3128  28655944  0.00  0.00    5.54   10.92    0    0  (Gen:  0)
   382504  28578344  28635664  0.06  0.06    5.60   11.00    0    0  (Gen:  1)
   515432      5152  28639080  0.00  0.00    5.60   11.00    0    0  (Gen:  0)
   519040      3504  28638672  0.00  0.00    5.60   11.00    0    0  (Gen:  0)
   515536      3304  28638912  0.00  0.00    5.60   11.01    0    0  (Gen:  0)
   516984      4536  28640184  0.00  0.00    5.60   11.01    0    0  (Gen:  0)
   515888      1736  28639216  0.00  0.00    5.60   11.01    0    0  (Gen:  0)
   515888      4880  28643896  0.00  0.00    5.60   11.02    0    0  (Gen:  0)
   516136      5088  28645472  0.00  0.00    5.60   11.02    0    0  (Gen:  0)
   519008      1616  28643816  0.00  0.00    5.60   11.02    0    0  (Gen:  0)
   515712      6064  28649024  0.00  0.00    5.60   11.04    0    0  (Gen:  0)
   516504      5608  28651416  0.00  0.00    5.60   11.04    0    0  (Gen:  0)
   518936      1744  28649368  0.00  0.00    5.60   11.04    0    0  (Gen:  0)
   515632      5720  28654120  0.00  0.00    5.60   11.06    0    0  (Gen:  0)
   516672      5504  28656752  0.00  0.00    5.61   11.06    0    0  (Gen:  0)
   518704      2456  28655520  0.00  0.00    5.61   11.06    0    0  (Gen:  0)
   518712     36960  28691728  0.00  0.00    5.61   11.06    0    0  (Gen:  0)
   516960      2928  28687992  0.00  0.00    5.61   11.07    0    0  (Gen:  0)
   518984      4568  28689712  0.00  0.00    5.61   11.07    0    0  (Gen:  0)
   516952      5936  28693408  0.00  0.00    5.61   11.07    0    0  (Gen:  0)
   515760      3480  28693864  0.00  0.00    5.61   11.09    0    0  (Gen:  0)
   515808      4312  28694840  0.00  0.00    5.61   11.09    0    0  (Gen:  0)
   518248      6864  28699160  0.00  0.00    5.61   11.09    0    0  (Gen:  0)
   516024  28580168  28637488  0.06  0.06    5.67   11.16    0    0  (Gen:  1)
   515784      5328  28639288  0.00  0.00    5.67   11.16    0    0  (Gen:  0)
   518864      1416  28637192  0.00  0.00    5.67   11.16    0    0  (Gen:  0)
   516488      6056  28642592  0.00  0.00    5.67   11.17    0    0  (Gen:  0)
   515872      5336  28644720  0.00  0.00    5.67   11.17    0    0  (Gen:  0)
   518312      1296  28642496  0.00  0.00    5.67   11.17    0    0  (Gen:  0)
   517240      1432  28643248  0.00  0.00    5.67   11.17    0    0  (Gen:  0)
   514744      5944  28647872  0.00  0.00    5.67   11.19    0    0  (Gen:  0)
   517400      4304  28649088  0.00  0.00    5.67   11.19    0    0  (Gen:  0)
   518888      1552  28649208  0.00  0.00    5.67   11.19    0    0  (Gen:  0)
   518080      9512  28657568  0.00  0.00    5.67   11.19    0    0  (Gen:  0)
   518168      4576  28655480  0.00  0.00    5.67   11.21    0    0  (Gen:  0)
   518432      5808  28656800  0.00  0.00    5.67   11.21    0    0  (Gen:  0)
   518112      4872  28657336  0.00  0.00    5.68   11.22    0    0  (Gen:  0)
   518328      4408  28657040  0.00  0.00    5.68   11.22    0    0  (Gen:  0)
   518144      4896  28659160  0.00  0.00    5.68   11.24    0    0  (Gen:  0)
   519232      3432  28657928  0.00  0.00    5.68   11.24    0    0  (Gen:  0)
   512720      6824  28664136  0.00  0.00    5.68   11.26    0    0  (Gen:  0)
   517304      4672  28666696  0.00  0.00    5.68   11.26    0    0  (Gen:  0)
   518168      3920  28667432  0.00  0.00    5.68   11.26    0    0  (Gen:  0)
   219752  28578088  28635408  0.06  0.06    5.74   11.33    0    0  (Gen:  1)
   516424      4752  28638464  0.00  0.00    5.74   11.33    0    0  (Gen:  0)
   518600      5696  28640624  0.00  0.00    5.74   11.33    0    0  (Gen:  0)
   517312      5200  28640656  0.00  0.00    5.74   11.34    0    0  (Gen:  0)
   519328      3552  28639176  0.00  0.00    5.74   11.34    0    0  (Gen:  0)
   518752      1352  28638976  0.00  0.00    5.74   11.34    0    0  (Gen:  0)
   518144      1448  28639208  0.00  0.00    5.74   11.34    0    0  (Gen:  0)
   515136      5176  28643064  0.00  0.00    5.74   11.34    0    0  (Gen:  0)
   517592      6192  28646928  0.00  0.00    5.74   11.36    0    0  (Gen:  0)
   519616      5040  28647352  0.00  0.00    5.74   11.36    0    0  (Gen:  0)
   519280     51112  28697848  0.00  0.00    5.74   11.36    0    0  (Gen:  0)
   518240     23152  28720360  0.00  0.00    5.75   11.36    0    0  (Gen:  0)
   517376      4768  28720024  0.00  0.00    5.75   11.37    0    0  (Gen:  0)
   519848      3352  28718680  0.00  0.00    5.75   11.37    0    0  (Gen:  0)
   514968      5792  28723904  0.00  0.00    5.75   11.39    0    0  (Gen:  0)
   519080      3032  28724008  0.00  0.00    5.75   11.39    0    0  (Gen:  0)
   517176      3736  28727200  0.00  0.00    5.75   11.39    0    0  (Gen:  0)
   519184      1384  28725224  0.00  0.00    5.75   11.39    0    0  (Gen:  0)
   518312      9488  28734336  0.00  0.00    5.75   11.39    0    0  (Gen:  0)
   515344      3304  28734120  0.00  0.00    5.75   11.41    0    0  (Gen:  0)
   516728      6072  28736952  0.00  0.00    5.75   11.41    0    0  (Gen:  0)
   519160      1672  28734368  0.00  0.00    5.75   11.41    0    0  (Gen:  0)
   519256      8848  28742480  0.00  0.00    5.75   11.41    0    0  (Gen:  0)
   515384      3392  28742976  0.00  0.00    5.75   11.42    0    0  (Gen:  0)
   517016      5864  28745512  0.00  0.00    5.75   11.42    0    0  (Gen:  0)
   518960      1544  28743008  0.00  0.00    5.75   11.42    0    0  (Gen:  0)
   519144      8296  28750752  0.00  0.00    5.75   11.42    0    0  (Gen:  0)
   514840  28579832  28637152  0.06  0.06    5.81   11.50    0    0  (Gen:  1)
   516648      6048  28639792  0.00  0.00    5.81   11.50    0    0  (Gen:  0)
   519424      3064  28638624  0.00  0.00    5.81   11.50    0    0  (Gen:  0)
   518968     49328  28687096  0.00  0.00    5.81   11.50    0    0  (Gen:  0)
   515576      5928  28691752  0.00  0.00    5.81   11.51    0    0  (Gen:  0)
   516712      5880  28693832  0.00  0.00    5.81   11.51    0    0  (Gen:  0)
   519200      2104  28691872  0.00  0.00    5.82   11.51    0    0  (Gen:  0)
   518632      1368  28692120  0.00  0.00    5.82   11.51    0    0  (Gen:  0)
   518720      1288  28692200  0.00  0.00    5.82   11.51    0    0  (Gen:  0)
   518704      1288  28692352  0.00  0.00    5.82   11.51    0    0  (Gen:  0)
   509840      2928  28694144  0.00  0.00    5.82   11.51    0    0  (Gen:  0)
   518240      2808  28696824  0.00  0.00    5.82   11.52    0    0  (Gen:  0)
   519136      3544  28697784  0.00  0.00    5.82   11.52    0    0  (Gen:  0)
   518552      4008  28700168  0.00  0.00    5.82   11.52    0    0  (Gen:  0)
   518032      1928  28701624  0.00  0.00    5.82   11.52    0    0  (Gen:  0)
   518592      1096  28701520  0.00  0.00    5.82   11.52    0    0  (Gen:  0)
   516904      9496  28710736  0.00  0.00    5.82   11.53    0    0  (Gen:  0)
   517640      4688  28708752  0.00  0.00    5.82   11.54    0    0  (Gen:  0)
   519440      4528  28708680  0.00  0.00    5.82   11.54    0    0  (Gen:  0)
   519824     31504  28739824  0.00  0.00    5.82   11.54    0    0  (Gen:  0)
   518648     54328  28793936  0.00  0.00    5.82   11.54    0    0  (Gen:  0)
   514304      6312  28799736  0.00  0.00    5.82   11.56    0    0  (Gen:  0)
   516040      4720  28800880  0.00  0.00    5.82   11.56    0    0  (Gen:  0)
   519024      1768  28799744  0.00  0.00    5.82   11.56    0    0  (Gen:  0)
   511592      7176  28806544  0.00  0.00    5.82   11.57    0    0  (Gen:  0)
   516224      4632  28809208  0.00  0.00    5.83   11.57    0    0  (Gen:  0)
   518560      2048  28808400  0.00  0.00    5.83   11.57    0    0  (Gen:  0)
   457032  28579880  28637200  0.06  0.06    5.88   11.65    0    0  (Gen:  1)
   516128      4792  28638192  0.00  0.00    5.88   11.65    0    0  (Gen:  0)
   518304      1984  28637296  0.00  0.00    5.88   11.65    0    0  (Gen:  0)
   518896      4536  28641016  0.00  0.00    5.89   11.65    0    0  (Gen:  0)
   514312      6624  28647176  0.00  0.00    5.89   11.66    0    0  (Gen:  0)
   516040      4528  28647792  0.00  0.00    5.89   11.66    0    0  (Gen:  0)
   518168      2096  28647176  0.00  0.00    5.89   11.66    0    0  (Gen:  0)
   517920      7760  28653880  0.00  0.00    5.89   11.66    0    0  (Gen:  0)
   515392      5736  28658864  0.00  0.00    5.89   11.67    0    0  (Gen:  0)
   516040      4808  28659904  0.00  0.00    5.89   11.67    0    0  (Gen:  0)
   517368      3376  28660304  0.00  0.00    5.89   11.67    0    0  (Gen:  0)
   518472     50312  28710008  0.00  0.00    5.89   11.67    0    0  (Gen:  0)
   517552     39248  28749080  0.00  0.00    5.89   11.68    0    0  (Gen:  0)
   517120      4440  28749416  0.00  0.00    5.89   11.69    0    0  (Gen:  0)
   518440      4680  28749744  0.00  0.00    5.89   11.69    0    0  (Gen:  0)
   518480     41864  28790808  0.00  0.00    5.89   11.69    0    0  (Gen:  0)
   517816     33592  28824208  0.00  0.00    5.89   11.69    0    0  (Gen:  0)
   517016      4792  28824528  0.00  0.00    5.89   11.71    0    0  (Gen:  0)
   517952      4792  28824616  0.00  0.00    5.89   11.71    0    0  (Gen:  0)
   518384     46104  28870064  0.00  0.00    5.89   11.71    0    0  (Gen:  0)
   517256     30328  28899880  0.00  0.00    5.90   11.71    0    0  (Gen:  0)
   517000      4896  28896488  0.00  0.00    5.90   11.72    0    0  (Gen:  0)
   518248      4744  28896424  0.00  0.00    5.90   11.72    0    0  (Gen:  0)
   518560     42912  28938776  0.00  0.00    5.90   11.72    0    0  (Gen:  0)
   517232     36440  28974832  0.00  0.00    5.90   11.72    0    0  (Gen:  0)
   515720  28579152  28636448  0.06  0.06    5.96   11.80    0    0  (Gen:  1)
   516232      5680  28637560  0.00  0.00    5.96   11.80    0    0  (Gen:  0)
   519024      2976  28637864  0.00  0.00    5.96   11.80    0    0  (Gen:  0)
   518568     26040  28663184  0.00  0.00    5.96   11.80    0    0  (Gen:  0)
   518784     51904  28714792  0.00  0.00    5.96   11.80    0    0  (Gen:  0)
   514888      6152  28720232  0.00  0.00    5.96   11.81    0    0  (Gen:  0)
   516184      4904  28721720  0.00  0.00    5.96   11.81    0    0  (Gen:  0)
   518960      3064  28721712  0.00  0.00    5.96   11.81    0    0  (Gen:  0)
   518008     19416  28740320  0.00  0.00    5.96   11.81    0    0  (Gen:  0)
   517832     55480  28795512  0.00  0.00    5.96   11.81    0    0  (Gen:  0)
   514472     14968  28810032  0.00  0.00    5.96   11.82    0    0  (Gen:  0)
   517696      4016  28810896  0.00  0.00    5.96   11.82    0    0  (Gen:  0)
   516400      3336  28813184  0.00  0.00    5.96   11.82    0    0  (Gen:  0)
   518384      1616  28811840  0.00  0.00    5.96   11.82    0    0  (Gen:  0)
   518160      3192  28814184  0.00  0.00    5.96   11.82    0    0  (Gen:  0)
   515384      3552  28817248  0.00  0.00    5.96   11.84    0    0  (Gen:  0)
   516912      4992  28818832  0.00  0.00    5.97   11.84    0    0  (Gen:  0)
   517224      1648  28817304  0.00  0.00    5.97   11.84    0    0  (Gen:  0)
   517720      5464  28822128  0.00  0.00    5.97   11.84    0    0  (Gen:  0)
   515160      6128  28827896  0.00  0.00    5.97   11.86    0    0  (Gen:  0)
   516816      3096  28827576  0.00  0.00    5.97   11.86    0    0  (Gen:  0)
   518240      3536  28829904  0.00  0.00    5.97   11.86    0    0  (Gen:  0)
   517352      1912  28829152  0.00  0.00    5.97   11.86    0    0  (Gen:  0)
   517336     26688  28855088  0.00  0.00    5.97   11.86    0    0  (Gen:  0)
   514688      6240  28860800  0.00  0.00    5.97   11.87    0    0  (Gen:  0)
   515808      5328  28862760  0.00  0.00    5.97   11.87    0    0  (Gen:  0)
   518512      1160  28860408  0.00  0.00    5.97   11.87    0    0  (Gen:  0)
   496184  28578728  28636040  0.06  0.06    6.03   11.95    0    0  (Gen:  1)
   515544      5464  28638368  0.00  0.00    6.03   11.95    0    0  (Gen:  0)
   518336      1504  28636280  0.00  0.00    6.03   11.95    0    0  (Gen:  0)
   514752      6488  28641944  0.00  0.00    6.03   11.96    0    0  (Gen:  0)
   516592      4880  28643200  0.00  0.00    6.03   11.96    0    0  (Gen:  0)
   518248      1248  28641400  0.00  0.00    6.03   11.96    0    0  (Gen:  0)
   518616      3832  28644040  0.00  0.00    6.03   11.96    0    0  (Gen:  0)
   515184      7568  28651432  0.00  0.00    6.04   11.97    0    0  (Gen:  0)
   515952      4280  28652424  0.00  0.00    6.04   11.97    0    0  (Gen:  0)
   518008      1464  28651440  0.00  0.00    6.04   11.97    0    0  (Gen:  0)
   517400      5576  28655616  0.00  0.00    6.04   11.97    0    0  (Gen:  0)
   514896      6960  28661800  0.00  0.00    6.04   11.99    0    0  (Gen:  0)
   515832      5008  28663048  0.00  0.00    6.04   11.99    0    0  (Gen:  0)
   519088      1688  28661560  0.00  0.00    6.04   11.99    0    0  (Gen:  0)
   518704      1272  28661240  0.00  0.00    6.04   11.99    0    0  (Gen:  0)
   516760      7256  28667352  0.00  0.00    6.04   12.01    0    0  (Gen:  0)
   518784      5080  28667984  0.00  0.00    6.04   12.01    0    0  (Gen:  0)
   517424      7664  28674864  0.00  0.00    6.04   12.02    0    0  (Gen:  0)
   518160      4944  28675256  0.00  0.00    6.04   12.02    0    0  (Gen:  0)
   516616      4664  28676672  0.00  0.00    6.04   12.04    0    0  (Gen:  0)
   515384      3240  28675520  0.00  0.00    6.05   12.06    0    0  (Gen:  0)
   514784      6504  28679184  0.00  0.00    6.05   12.06    0    0  (Gen:  0)
   207712  28577296  28634616  0.06  0.06    6.11   12.14    0    0  (Gen:  1)
   516744      4344  28637264  0.00  0.00    6.11   12.14    0    0  (Gen:  0)
   516088      2728  28636664  0.00  0.00    6.11   12.14    0    0  (Gen:  0)
   516672      6408  28640496  0.00  0.00    6.11   12.14    0    0  (Gen:  0)
   517768      5752  28641312  0.00  0.00    6.11   12.16    0    0  (Gen:  0)
   517848      7632  28643360  0.00  0.00    6.11   12.16    0    0  (Gen:  0)
   516648      5384  28642728  0.00  0.00    6.11   12.17    0    0  (Gen:  0)
   515400      2752  28640312  0.00  0.00    6.11   12.17    0    0  (Gen:  0)
   516616      4320  28643600  0.00  0.00    6.12   12.19    0    0  (Gen:  0)
   518144      3216  28642792  0.00  0.00    6.12   12.19    0    0  (Gen:  0)
   518480     10688  28652160  0.00  0.00    6.12   12.19    0    0  (Gen:  0)
   517776      5552  28649904  0.00  0.00    6.12   12.21    0    0  (Gen:  0)
   518648      3072  28647512  0.00  0.00    6.12   12.21    0    0  (Gen:  0)
   517344      8328  28654664  0.00  0.00    6.12   12.21    0    0  (Gen:  0)
    61800  28575952  28633272  0.06  0.06    6.18   12.28    0    0  (Gen:  1)
   516880      6584  28639552  0.00  0.00    6.18   12.28    0    0  (Gen:  0)
   516736      3960  28636976  0.00  0.00    6.18   12.29    0    0  (Gen:  0)
   516368      2848  28636144  0.00  0.00    6.18   12.31    0    0  (Gen:  0)
   517176      5048  28638648  0.00  0.00    6.18   12.31    0    0  (Gen:  0)
   517600      3776  28638912  0.00  0.00    6.18   12.32    0    0  (Gen:  0)
   514960      3512  28638840  0.00  0.00    6.18   12.34    0    0  (Gen:  0)
   516328      8304  28644112  0.00  0.00    6.19   12.34    0    0  (Gen:  0)
   517528      3456  28640816  0.00  0.00    6.19   12.36    0    0  (Gen:  0)
   515056      3144  28640696  0.00  0.00    6.19   12.37    0    0  (Gen:  0)
   516208     10088  28648120  0.00  0.00    6.19   12.37    0    0  (Gen:  0)
   343416  28579488  28636800  0.06  0.06    6.25   12.45    0    0  (Gen:  1)
   518024      3896  28636616  0.00  0.00    6.25   12.45    0    0  (Gen:  0)
   517024      3384  28637600  0.00  0.00    6.25   12.46    0    0  (Gen:  0)
   516696      3296  28637672  0.00  0.00    6.25   12.47    0    0  (Gen:  0)
   518080      8912  28643568  0.00  0.00    6.25   12.47    0    0  (Gen:  0)
   518648      6840  28644824  0.00  0.00    6.25   12.47    0    0  (Gen:  0)
   517752     14664  28657264  0.00  0.00    6.25   12.47    0    0  (Gen:  0)
   516880      7288  28664344  0.00  0.00    6.26   12.49    0    0  (Gen:  0)
   517760      8304  28668152  0.00  0.00    6.26   12.49    0    0  (Gen:  0)
   517416      3024  28664208  0.00  0.00    6.26   12.51    0    0  (Gen:  0)
   516928      4672  28665904  0.00  0.00    6.26   12.52    0    0  (Gen:  0)
   517464      7752  28669264  0.00  0.00    6.26   12.52    0    0  (Gen:  0)
   515968      5168  28668040  0.00  0.00    6.26   12.54    0    0  (Gen:  0)
   324504  28580112  28637432  0.06  0.06    6.32   12.62    0    0  (Gen:  1)
   516320     10008  28647136  0.00  0.00    6.32   12.62    0    0  (Gen:  0)
   516832      4648  28641800  0.00  0.00    6.32   12.62    0    0  (Gen:  0)
   514312      2600  28640024  0.00  0.00    6.33   12.64    0    0  (Gen:  0)
   516032      4240  28642064  0.00  0.00    6.33   12.64    0    0  (Gen:  0)
   514680      3688  28643640  0.00  0.00    6.33   12.66    0    0  (Gen:  0)
   515960      3152  28643504  0.00  0.00    6.33   12.66    0    0  (Gen:  0)
   511592      3000  28645184  0.00  0.00    6.33   12.66    0    0  (Gen:  0)
   516608      3320  28648256  0.00  0.00    6.33   12.67    0    0  (Gen:  0)
   518488      6520  28651512  0.00  0.00    6.33   12.67    0    0  (Gen:  0)
   517552      3608  28649936  0.00  0.00    6.33   12.69    0    0  (Gen:  0)
   517504      6488  28652872  0.00  0.00    6.33   12.69    0    0  (Gen:  0)
   517488      3512  28651232  0.00  0.00    6.33   12.71    0    0  (Gen:  0)
   513864     10176  28657952  0.00  0.00    6.33   12.71    0    0  (Gen:  0)
    90160  28581512  28638832  0.06  0.06    6.39   12.78    0    0  (Gen:  1)
   515968      3376  28640280  0.00  0.00    6.39   12.78    0    0  (Gen:  0)
   517712      5200  28643568  0.00  0.00    6.40   12.78    0    0  (Gen:  0)
   516920      3528  28642408  0.00  0.00    6.40   12.79    0    0  (Gen:  0)
   517480      4968  28643928  0.00  0.00    6.40   12.79    0    0  (Gen:  0)
   516576      2736  28643032  0.00  0.00    6.40   12.81    0    0  (Gen:  0)
   517552      4568  28644912  0.00  0.00    6.40   12.82    0    0  (Gen:  0)
   518784      3096  28643720  0.00  0.00    6.40   12.82    0    0  (Gen:  0)
   516480      3504  28645488  0.00  0.00    6.40   12.84    0    0  (Gen:  0)
   516976      4712  28646752  0.00  0.00    6.40   12.86    0    0  (Gen:  0)
   514832      1704  28644024  0.00  0.00    6.40   12.86    0    0  (Gen:  0)
   170808  28581280  28638600  0.06  0.06    6.46   12.93    0    0  (Gen:  1)
   514824      5032  28641944  0.00  0.00    6.46   12.93    0    0  (Gen:  0)
   515048      3072  28641024  0.00  0.00    6.46   12.94    0    0  (Gen:  0)
   515848      3160  28641272  0.00  0.00    6.46   12.94    0    0  (Gen:  0)
   518744      1840  28641808  0.00  0.00    6.47   12.94    0    0  (Gen:  0)
   519096      1640  28641840  0.00  0.00    6.47   12.94    0    0  (Gen:  0)
   516896      5960  28647760  0.00  0.00    6.47   12.96    0    0  (Gen:  0)
   517640      4992  28648232  0.00  0.00    6.47   12.96    0    0  (Gen:  0)
   516984      4528  28649240  0.00  0.00    6.47   12.97    0    0  (Gen:  0)
   517648      9704  28654576  0.00  0.00    6.47   12.97    0    0  (Gen:  0)
   517760      3368  28649576  0.00  0.00    6.47   12.99    0    0  (Gen:  0)
   510208      1416  28647680  0.00  0.00    6.47   12.99    0    0  (Gen:  0)
   517024      3464  28650936  0.00  0.00    6.47   13.01    0    0  (Gen:  0)
   517248      3592  28651176  0.00  0.00    6.47   13.02    0    0  (Gen:  0)
   517960      2856  28650720  0.00  0.00    6.47   13.02    0    0  (Gen:  0)
   340832  28580928  28638248  0.06  0.06    6.53   13.10    0    0  (Gen:  1)
   516456      3344  28640256  0.00  0.00    6.53   13.10    0    0  (Gen:  0)
   517368      4184  28642000  0.00  0.00    6.53   13.11    0    0  (Gen:  0)
   518416      3192  28641272  0.00  0.00    6.53   13.11    0    0  (Gen:  0)
   517600      7392  28647784  0.00  0.00    6.54   13.12    0    0  (Gen:  0)
   517744      7728  28651088  0.00  0.00    6.54   13.12    0    0  (Gen:  0)
   516712      9128  28653824  0.00  0.00    6.54   13.14    0    0  (Gen:  0)
   517112      4792  28649536  0.00  0.00    6.54   13.16    0    0  (Gen:  0)
   518704      5784  28650808  0.00  0.00    6.54   13.16    0    0  (Gen:  0)
   517088      5048  28651432  0.00  0.00    6.54   13.17    0    0  (Gen:  0)
   440960  28583936  28641248  0.06  0.06    6.60   13.25    0    0  (Gen:  1)
   517360      9056  28645760  0.00  0.00    6.60   13.25    0    0  (Gen:  0)
   517152      2976  28641040  0.00  0.00    6.60   13.26    0    0  (Gen:  0)
   517752      4896  28643016  0.00  0.00    6.60   13.27    0    0  (Gen:  0)
   518216      4776  28643184  0.00  0.00    6.60   13.27    0    0  (Gen:  0)
   516432      7208  28649928  0.00  0.00    6.61   13.29    0    0  (Gen:  0)
   518416      3192  28648752  0.00  0.00    6.61   13.29    0    0  (Gen:  0)
   516952      7336  28655392  0.00  0.00    6.61   13.31    0    0  (Gen:  0)
   516120      5104  28656016  0.00  0.00    6.61   13.31    0    0  (Gen:  0)
   516960      7936  28663352  0.00  0.00    6.61   13.32    0    0  (Gen:  0)
   518752      5344  28663888  0.00  0.00    6.61   13.32    0    0  (Gen:  0)
   515032      6392  28669424  0.00  0.00    6.61   13.34    0    0  (Gen:  0)
   516408      5680  28671728  0.00  0.00    6.61   13.34    0    0  (Gen:  0)
   518384      1832  28669696  0.00  0.00    6.61   13.34    0    0  (Gen:  0)
   433816  28580864  28638184  0.06  0.06    6.67   13.42    0    0  (Gen:  1)
   516128      5392  28642208  0.00  0.00    6.67   13.42    0    0  (Gen:  0)
   518976      3376  28641128  0.00  0.00    6.67   13.42    0    0  (Gen:  0)
   515944     17968  28658416  0.00  0.00    6.67   13.42    0    0  (Gen:  0)
   517216      4136  28660992  0.00  0.00    6.67   13.42    0    0  (Gen:  0)
   519536      3488  28660432  0.00  0.00    6.67   13.42    0    0  (Gen:  0)
   518912      1032  28659880  0.00  0.00    6.68   13.42    0    0  (Gen:  0)
   513872      3152  28662016  0.00  0.00    6.68   13.42    0    0  (Gen:  0)
   514656      2976  28664504  0.00  0.00    6.68   13.44    0    0  (Gen:  0)
   516968      4464  28666136  0.00  0.00    6.68   13.44    0    0  (Gen:  0)
   516680      1832  28665336  0.00  0.00    6.68   13.44    0    0  (Gen:  0)
   516608      5832  28670968  0.00  0.00    6.68   13.46    0    0  (Gen:  0)
   519304      3488  28670064  0.00  0.00    6.68   13.46    0    0  (Gen:  0)
   518256      1256  28669720  0.00  0.00    6.68   13.46    0    0  (Gen:  0)
   514440      5864  28674488  0.00  0.00    6.68   13.47    0    0  (Gen:  0)
   516176      5640  28677040  0.00  0.00    6.68   13.47    0    0  (Gen:  0)
   519144      1664  28674880  0.00  0.00    6.68   13.47    0    0  (Gen:  0)
   516656     13632  28687784  0.00  0.00    6.68   13.47    0    0  (Gen:  0)
   518016      4696  28683720  0.00  0.00    6.68   13.49    0    0  (Gen:  0)
   514832      3712  28682824  0.00  0.00    6.68   13.49    0    0  (Gen:  0)
   517424      3536  28684120  0.00  0.00    6.69   13.51    0    0  (Gen:  0)
   470672  28581168  28638488  0.06  0.06    6.75   13.58    0    0  (Gen:  1)
   512120     10256  28647056  0.00  0.00    6.75   13.58    0    0  (Gen:  0)
   517224      4288  28642128  0.00  0.00    6.75   13.59    0    0  (Gen:  0)
   510840      2672  28640680  0.00  0.00    6.75   13.61    0    0  (Gen:  0)
   515408     10640  28649056  0.00  0.00    6.75   13.61    0    0  (Gen:  0)
   516864      4560  28644600  0.00  0.00    6.75   13.62    0    0  (Gen:  0)
   515536      3144  28643424  0.00  0.00    6.75   13.64    0    0  (Gen:  0)
   516016      9912  28650592  0.00  0.00    6.75   13.64    0    0  (Gen:  0)
   516816      4760  28647072  0.00  0.00    6.75   13.66    0    0  (Gen:  0)
   518376      8936  28651440  0.00  0.00    6.75   13.66    0    0  (Gen:  0)
   516544      3304  28647144  0.00  0.00    6.76   13.67    0    0  (Gen:  0)
   517176      6160  28650056  0.00  0.00    6.76   13.67    0    0  (Gen:  0)
    41704  28581624  28638944  0.06  0.06    6.82   13.75    0    0  (Gen:  1)
   516304      3320  28640112  0.00  0.00    6.82   13.75    0    0  (Gen:  0)
   515448      3968  28642224  0.00  0.00    6.82   13.76    0    0  (Gen:  0)
   516776      3360  28642016  0.00  0.00    6.82   13.76    0    0  (Gen:  0)
   515464      6032  28646512  0.00  0.00    6.82   13.77    0    0  (Gen:  0)
   515976      5304  28648616  0.00  0.00    6.82   13.77    0    0  (Gen:  0)
   516368      3264  28648064  0.00  0.00    6.82   13.79    0    0  (Gen:  0)
   518336      5936  28650904  0.00  0.00    6.82   13.79    0    0  (Gen:  0)
   513264      2264  28648944  0.00  0.00    6.82   13.81    0    0  (Gen:  0)
   514424      3248  28650200  0.00  0.00    6.83   13.81    0    0  (Gen:  0)
   518288      1456  28650200  0.00  0.00    6.83   13.81    0    0  (Gen:  0)
   516496      6736  28655616  0.00  0.00    6.83   13.83    0    0  (Gen:  0)
   515952      2608  28654312  0.00  0.00    6.83   13.83    0    0  (Gen:  0)
   513384  28582344  28639664  0.06  0.06    6.89   13.90    0    0  (Gen:  1)
   516568      3600  28640216  0.00  0.00    6.89   13.91    0    0  (Gen:  0)
   516720      4264  28641168  0.00  0.00    6.89   13.92    0    0  (Gen:  0)
   517240      6888  28644072  0.00  0.00    6.89   13.92    0    0  (Gen:  0)
   517184      4792  28643336  0.00  0.00    6.89   13.94    0    0  (Gen:  0)
   516904      3208  28641816  0.00  0.00    6.90   13.96    0    0  (Gen:  0)
   516360      4808  28643688  0.00  0.00    6.90   13.97    0    0  (Gen:  0)
   517568      4112  28643304  0.00  0.00    6.90   13.97    0    0  (Gen:  0)
   517384      4832  28645360  0.00  0.00    6.90   13.99    0    0  (Gen:  0)
   516912  28583656  28640976  0.06  0.06    6.96   14.07    0    0  (Gen:  1)
   517856      6008  28642480  0.00  0.00    6.96   14.07    0    0  (Gen:  0)
   516760      5592  28643400  0.00  0.00    6.96   14.07    0    0  (Gen:  0)
   519136      6616  28644488  0.00  0.00    6.96   14.07    0    0  (Gen:  0)
   516776      3680  28643072  0.00  0.00    6.96   14.09    0    0  (Gen:  0)
   518456      3112  28642672  0.00  0.00    6.97   14.09    0    0  (Gen:  0)
   514232      6088  28647360  0.00  0.00    6.97   14.11    0    0  (Gen:  0)
   516096      8432  28652472  0.00  0.00    6.97   14.11    0    0  (Gen:  0)
   517384      4440  28650032  0.00  0.00    6.97   14.12    0    0  (Gen:  0)
   518312      5400  28651184  0.00  0.00    6.97   14.12    0    0  (Gen:  0)
   516416      8552  28655672  0.00  0.00    6.97   14.14    0    0  (Gen:  0)
   516200      4864  28652032  0.00  0.00    6.97   14.16    0    0  (Gen:  0)
   516552     10200  28657648  0.00  0.00    6.97   14.16    0    0  (Gen:  0)
    90232  28581160  28638480  0.06  0.06    7.04   14.24    0    0  (Gen:  1)
   516048      5440  28642088  0.00  0.00    7.04   14.24    0    0  (Gen:  0)
   516656      4920  28643016  0.00  0.00    7.04   14.24    0    0  (Gen:  0)
   517232      7960  28646272  0.00  0.00    7.04   14.24    0    0  (Gen:  0)
   516840      5696  28645344  0.00  0.00    7.04   14.26    0    0  (Gen:  0)
   516880      3288  28643000  0.00  0.00    7.04   14.27    0    0  (Gen:  0)
   517440      4832  28644808  0.00  0.00    7.04   14.29    0    0  (Gen:  0)
   518048      4736  28645008  0.00  0.00    7.04   14.29    0    0  (Gen:  0)
   513432      4104  28645736  0.00  0.00    7.04   14.31    0    0  (Gen:  0)
   517880      4856  28646552  0.00  0.00    7.04   14.32    0    0  (Gen:  0)
   325184  28581024  28638344  0.06  0.06    7.11   14.40    0    0  (Gen:  1)
   513552      5048  28641704  0.00  0.00    7.11   14.40    0    0  (Gen:  0)
   517712      2960  28640632  0.00  0.00    7.11   14.41    0    0  (Gen:  0)
   516136      4472  28642280  0.00  0.00    7.11   14.42    0    0  (Gen:  0)
   511232      1384  28639480  0.00  0.00    7.11   14.42    0    0  (Gen:  0)
   516616      5352  28644752  0.00  0.00    7.11   14.44    0    0  (Gen:  0)
   516784      3464  28642928  0.00  0.00    7.11   14.46    0    0  (Gen:  0)
   516392      4872  28644592  0.00  0.00    7.11   14.47    0    0  (Gen:  0)
   518776      3992  28644016  0.00  0.00    7.11   14.47    0    0  (Gen:  0)
    92264  28582248  28639568  0.06  0.06    7.17   14.55    0    0  (Gen:  1)
   515448     10176  28646648  0.00  0.00    7.17   14.55    0    0  (Gen:  0)
   515312     10304  28648112  0.00  0.00    7.17   14.56    0    0  (Gen:  0)
   518200      3688  28641544  0.00  0.00    7.17   14.57    0    0  (Gen:  0)
   517248      4120  28642256  0.00  0.00    7.18   14.59    0    0  (Gen:  0)
   517888      7480  28645912  0.00  0.00    7.18   14.59    0    0  (Gen:  0)
   516712      7896  28647688  0.00  0.00    7.18   14.61    0    0  (Gen:  0)
   518552      3600  28643456  0.00  0.00    7.18   14.62    0    0  (Gen:  0)
   517064      4256  28644376  0.00  0.00    7.18   14.64    0    0  (Gen:  0)
   518128      4872  28645288  0.00  0.00    7.18   14.64    0    0  (Gen:  0)
   517056      5112  28646888  0.00  0.00    7.18   14.66    0    0  (Gen:  0)
   214968  28579640  28636960  0.06  0.06    7.24   14.73    0    0  (Gen:  1)
   516096      3888  28640544  0.00  0.00    7.24   14.73    0    0  (Gen:  0)
   517504      3144  28639848  0.00  0.00    7.25   14.74    0    0  (Gen:  0)
   517008      4544  28641520  0.00  0.00    7.25   14.76    0    0  (Gen:  0)
   518232      5936  28643176  0.00  0.00    7.25   14.76    0    0  (Gen:  0)
   517744      7560  28649816  0.00  0.00    7.25   14.77    0    0  (Gen:  0)
   517632      8144  28653376  0.00  0.00    7.25   14.77    0    0  (Gen:  0)
   516736      4784  28651584  0.00  0.00    7.25   14.79    0    0  (Gen:  0)
   519296      5008  28652048  0.00  0.00    7.25   14.79    0    0  (Gen:  0)
   516792      4160  28652536  0.00  0.00    7.25   14.81    0    0  (Gen:  0)
   518864      5264  28653696  0.00  0.00    7.25   14.81    0    0  (Gen:  0)
    57736  28581016  28638336  0.06  0.06    7.31   14.88    0    0  (Gen:  1)
   516584      3560  28640200  0.00  0.00    7.31   14.88    0    0  (Gen:  0)
   517600      3384  28641232  0.00  0.00    7.32   14.89    0    0  (Gen:  0)
   518912      9088  28647152  0.00  0.00    7.32   14.89    0    0  (Gen:  0)
   517280      4128  28643888  0.00  0.00    7.32   14.91    0    0  (Gen:  0)
   516832      2976  28643008  0.00  0.00    7.32   14.92    0    0  (Gen:  0)
   517856      9784  28650032  0.00  0.00    7.32   14.92    0    0  (Gen:  0)
   516592      7616  28649280  0.00  0.00    7.32   14.94    0    0  (Gen:  0)
   517008      3736  28645456  0.00  0.00    7.32   14.96    0    0  (Gen:  0)
   515880      4480  28646448  0.00  0.00    7.32   14.97    0    0  (Gen:  0)
   517792      5128  28647416  0.00  0.00    7.32   14.97    0    0  (Gen:  0)
    96656  28583080  28640400  0.06  0.06    7.39   15.05    0    0  (Gen:  1)
   518528      7728  28644192  0.00  0.00    7.39   15.05    0    0  (Gen:  0)
   518296      4392  28642192  0.00  0.00    7.39   15.06    0    0  (Gen:  0)
   516600      3400  28641264  0.00  0.00    7.39   15.07    0    0  (Gen:  0)
   516992      4920  28643040  0.00  0.00    7.39   15.09    0    0  (Gen:  0)
   515600      3768  28642192  0.00  0.00    7.39   15.09    0    0  (Gen:  0)
   516872      4792  28644576  0.00  0.00    7.39   15.11    0    0  (Gen:  0)
   516304      3904  28643752  0.00  0.00    7.40   15.12    0    0  (Gen:  0)
   516128  28583528  28640848  0.06  0.06    7.46   15.20    0    0  (Gen:  1)
   518064      4424  28640888  0.00  0.00    7.46   15.20    0    0  (Gen:  0)
   517504      5112  28642912  0.00  0.00    7.46   15.21    0    0  (Gen:  0)
   516872      3456  28641312  0.00  0.00    7.46   15.22    0    0  (Gen:  0)
   516776      4952  28643056  0.00  0.00    7.46   15.24    0    0  (Gen:  0)
   517672      5832  28644256  0.00  0.00    7.46   15.24    0    0  (Gen:  0)
   517608      5352  28645136  0.00  0.00    7.46   15.26    0    0  (Gen:  0)
   516528      3472  28643320  0.00  0.00    7.46   15.27    0    0  (Gen:  0)
   394736  28581184  28638504  0.06  0.06    7.52   15.35    0    0  (Gen:  1)
   515960      3648  28640176  0.00  0.00    7.52   15.35    0    0  (Gen:  0)
   513608      2736  28640600  0.00  0.00    7.53   15.36    0    0  (Gen:  0)
   516920      4448  28642360  0.00  0.00    7.53   15.37    0    0  (Gen:  0)
   518936      6128  28644416  0.00  0.00    7.53   15.37    0    0  (Gen:  0)
   516208      5464  28645112  0.00  0.00    7.53   15.39    0    0  (Gen:  0)
   517136      4552  28644256  0.00  0.00    7.53   15.41    0    0  (Gen:  0)
   518360      5152  28645152  0.00  0.00    7.53   15.41    0    0  (Gen:  0)
   517088      2896  28644232  0.00  0.00    7.53   15.42    0    0  (Gen:  0)
   516248  28583592  28640904  0.06  0.06    7.60   15.50    0    0  (Gen:  1)
   517656      6856  28643152  0.00  0.00    7.60   15.50    0    0  (Gen:  0)
   517568      3608  28641264  0.00  0.00    7.60   15.51    0    0  (Gen:  0)
   517064      4632  28642344  0.00  0.00    7.60   15.52    0    0  (Gen:  0)
   518224      7760  28645768  0.00  0.00    7.60   15.52    0    0  (Gen:  0)
   517184      3272  28642616  0.00  0.00    7.60   15.54    0    0  (Gen:  0)
   516872      3704  28643104  0.00  0.00    7.60   15.56    0    0  (Gen:  0)
   519112      5056  28644760  0.00  0.00    7.60   15.56    0    0  (Gen:  0)
   515808      8320  28649496  0.00  0.00    7.60   15.57    0    0  (Gen:  0)
   516760      4192  28645520  0.00  0.00    7.61   15.59    0    0  (Gen:  0)
   516952  28581872  28639192  0.06  0.06    7.67   15.67    0    0  (Gen:  1)
   518208      7880  28644120  0.00  0.00    7.67   15.67    0    0  (Gen:  0)
   515264      3776  28641432  0.00  0.00    7.67   15.67    0    0  (Gen:  0)
   517784      3432  28641160  0.00  0.00    7.67   15.69    0    0  (Gen:  0)
   516744      4400  28642400  0.00  0.00    7.67   15.71    0    0  (Gen:  0)
   514136      3752  28642024  0.00  0.00    7.67   15.72    0    0  (Gen:  0)
   511864      2728  28641400  0.00  0.00    7.67   15.72    0    0  (Gen:  0)
   516960      8352  28648480  0.00  0.00    7.67   15.74    0    0  (Gen:  0)
   517536      3600  28643784  0.00  0.00    7.68   15.76    0    0  (Gen:  0)
   377104  28579600  28636920  0.06  0.06    7.74   15.83    0    0  (Gen:  1)
   514568      6784  28643480  0.00  0.00    7.74   15.83    0    0  (Gen:  0)
   512520      2960  28639704  0.00  0.00    7.74   15.84    0    0  (Gen:  0)
   516504      3888  28640904  0.00  0.00    7.74   15.86    0    0  (Gen:  0)
   515792      4464  28641760  0.00  0.00    7.74   15.87    0    0  (Gen:  0)
   516832      6736  28644328  0.00  0.00    7.74   15.87    0    0  (Gen:  0)
   516056      4552  28643504  0.00  0.00    7.74   15.89    0    0  (Gen:  0)
   515312      8736  28647752  0.00  0.00    7.74   15.91    0    0  (Gen:  0)
   320520  28580520  28637840  0.06  0.06    7.80   15.98    0    0  (Gen:  1)
   516512      7144  28643648  0.00  0.00    7.80   15.98    0    0  (Gen:  0)
   517192      4256  28641456  0.00  0.00    7.80   15.99    0    0  (Gen:  0)
   516248      3520  28640992  0.00  0.00    7.80   16.01    0    0  (Gen:  0)
   516952      4592  28642344  0.00  0.00    7.81   16.02    0    0  (Gen:  0)
   516832      3768  28641816  0.00  0.00    7.81   16.02    0    0  (Gen:  0)
   517120      5352  28644760  0.00  0.00    7.81   16.04    0    0  (Gen:  0)
   517024      3864  28643336  0.00  0.00    7.81   16.06    0    0  (Gen:  0)
   445904  28579600  28636920  0.06  0.06    7.87   16.13    0    0  (Gen:  1)
   516736      7592  28644288  0.00  0.00    7.87   16.14    0    0  (Gen:  0)
   517016      4376  28641096  0.00  0.00    7.87   16.14    0    0  (Gen:  0)
   514600      4120  28641120  0.00  0.00    7.87   16.14    0    0  (Gen:  0)
   517456      2968  28641328  0.00  0.00    7.88   16.16    0    0  (Gen:  0)
   516696      4456  28642864  0.00  0.00    7.88   16.17    0    0  (Gen:  0)
   517808      5424  28644112  0.00  0.00    7.88   16.17    0    0  (Gen:  0)
   518072      4032  28644080  0.00  0.00    7.88   16.19    0    0  (Gen:  0)
   516608      4688  28644784  0.00  0.00    7.88   16.21    0    0  (Gen:  0)
   519048      5832  28646208  0.00  0.00    7.88   16.21    0    0  (Gen:  0)
   517536      4528  28646264  0.00  0.00    7.88   16.22    0    0  (Gen:  0)
   283792  28579488  28636808  0.06  0.06    7.94   16.30    0    0  (Gen:  1)
   516720      7592  28644096  0.00  0.00    7.94   16.30    0    0  (Gen:  0)
   516528      4528  28641056  0.00  0.00    7.94   16.31    0    0  (Gen:  0)
   515696      3696  28640504  0.00  0.00    7.95   16.32    0    0  (Gen:  0)
   514824      9072  28646296  0.00  0.00    7.95   16.32    0    0  (Gen:  0)
   516376      2936  28641592  0.00  0.00    7.95   16.34    0    0  (Gen:  0)
   516408      3864  28642576  0.00  0.00    7.95   16.36    0    0  (Gen:  0)
   518568      6104  28645112  0.00  0.00    7.95   16.36    0    0  (Gen:  0)
   516344      6800  28647144  0.00  0.00    7.95   16.37    0    0  (Gen:  0)
   348240  28581016  28638336  0.06  0.06    8.01   16.45    0    0  (Gen:  1)
   514008      9824  28646144  0.00  0.00    8.01   16.45    0    0  (Gen:  0)
   517128      4624  28642280  0.00  0.00    8.01   16.46    0    0  (Gen:  0)
   517256      4672  28642376  0.00  0.00    8.01   16.47    0    0  (Gen:  0)
   515600      3608  28641592  0.00  0.00    8.02   16.49    0    0  (Gen:  0)
   514600      4136  28642544  0.00  0.00    8.02   16.49    0    0  (Gen:  0)
   517952      3288  28643264  0.00  0.00    8.02   16.51    0    0  (Gen:  0)
   515944      3248  28643384  0.00  0.00    8.02   16.52    0    0  (Gen:  0)
   517952      5016  28645448  0.00  0.00    8.02   16.52    0    0  (Gen:  0)
   516080     10304  28652072  0.00  0.00    8.02   16.54    0    0  (Gen:  0)
   252248  28579488  28636808  0.06  0.06    8.08   16.62    0    0  (Gen:  1)
   513352      6424  28642928  0.00  0.00    8.08   16.62    0    0  (Gen:  0)
   517576      3392  28639944  0.00  0.00    8.08   16.62    0    0  (Gen:  0)
   514944      3584  28640416  0.00  0.00    8.09   16.64    0    0  (Gen:  0)
   515344      9048  28646352  0.00  0.00    8.09   16.64    0    0  (Gen:  0)
   516544      5096  28643752  0.00  0.00    8.09   16.66    0    0  (Gen:  0)
   517208      4336  28643040  0.00  0.00    8.09   16.67    0    0  (Gen:  0)
   515360      3712  28642688  0.00  0.00    8.09   16.69    0    0  (Gen:  0)
   512448      4160  28643544  0.00  0.00    8.09   16.69    0    0  (Gen:  0)
   516936      3184  28644160  0.00  0.00    8.09   16.71    0    0  (Gen:  0)
   373600  28580896  28638216  0.06  0.06    8.15   16.78    0    0  (Gen:  1)
   516192      6040  28642544  0.00  0.00    8.15   16.78    0    0  (Gen:  0)
   517024      3568  28641088  0.00  0.00    8.16   16.79    0    0  (Gen:  0)
   513216      2288  28639952  0.00  0.00    8.16   16.81    0    0  (Gen:  0)
   514104      9312  28647272  0.00  0.00    8.16   16.81    0    0  (Gen:  0)
   517392      3736  28643032  0.00  0.00    8.16   16.82    0    0  (Gen:  0)
   516968      4592  28643936  0.00  0.00    8.16   16.84    0    0  (Gen:  0)
   515616      3624  28643248  0.00  0.00    8.16   16.86    0    0  (Gen:  0)
   516352      5104  28645144  0.00  0.00    8.16   16.86    0    0  (Gen:  0)
   517008      3368  28644840  0.00  0.00    8.16   16.87    0    0  (Gen:  0)
   474592  28581104  28638424  0.06  0.06    8.23   16.95    0    0  (Gen:  1)
   514616      8472  28644792  0.00  0.00    8.23   16.95    0    0  (Gen:  0)
   517880      4408  28642064  0.00  0.00    8.23   16.96    0    0  (Gen:  0)
   516912      4256  28641960  0.00  0.00    8.23   16.97    0    0  (Gen:  0)
   515424      3632  28641616  0.00  0.00    8.23   16.99    0    0  (Gen:  0)
   511352      3968  28642376  0.00  0.00    8.23   16.99    0    0  (Gen:  0)
   517144      3112  28643088  0.00  0.00    8.23   17.01    0    0  (Gen:  0)
   515816      3400  28643536  0.00  0.00    8.23   17.02    0    0  (Gen:  0)
   517296      4968  28645400  0.00  0.00    8.24   17.02    0    0  (Gen:  0)
   514400  28589248  28646568  0.06  0.06    8.30   17.10    0    0  (Gen:  1)
   517456      4152  28640464  0.00  0.00    8.30   17.11    0    0  (Gen:  0)
   515432      3584  28640176  0.00  0.00    8.30   17.12    0    0  (Gen:  0)
   516864      7856  28644864  0.00  0.00    8.30   17.12    0    0  (Gen:  0)
   516440      3160  28641600  0.00  0.00    8.30   17.14    0    0  (Gen:  0)
   516824      4344  28642832  0.00  0.00    8.30   17.16    0    0  (Gen:  0)
   518096      5312  28644080  0.00  0.00    8.30   17.16    0    0  (Gen:  0)
   517008      5264  28645392  0.00  0.00    8.31   17.17    0    0  (Gen:  0)
   516328      3760  28643952  0.00  0.00    8.31   17.19    0    0  (Gen:  0)
   515296  28582584  28639904  0.06  0.06    8.37   17.27    0    0  (Gen:  1)
   511104      2624  28639120  0.00  0.00    8.37   17.27    0    0  (Gen:  0)
   516600      7888  28645736  0.00  0.00    8.37   17.27    0    0  (Gen:  0)
   517392      4512  28642416  0.00  0.00    8.37   17.29    0    0  (Gen:  0)
   511536      2360  28640560  0.00  0.00    8.37   17.31    0    0  (Gen:  0)
   515904      3720  28642240  0.00  0.00    8.37   17.31    0    0  (Gen:  0)
   516240      3400  28643520  0.00  0.00    8.37   17.32    0    0  (Gen:  0)
   517448      4880  28645152  0.00  0.00    8.38   17.34    0    0  (Gen:  0)
   516704      6888  28647456  0.00  0.00    8.38   17.34    0    0  (Gen:  0)
   517856      3392  28645400  0.00  0.00    8.38   17.36    0    0  (Gen:  0)
   352744  28579648  28636968  0.06  0.06    8.44   17.43    0    0  (Gen:  1)
   515120      5328  28642040  0.00  0.00    8.44   17.43    0    0  (Gen:  0)
   516448      4392  28641168  0.00  0.00    8.44   17.44    0    0  (Gen:  0)
   517192      5176  28642248  0.00  0.00    8.44   17.46    0    0  (Gen:  0)
   518464      4632  28641952  0.00  0.00    8.44   17.46    0    0  (Gen:  0)
   517168      7432  28648376  0.00  0.00    8.44   17.47    0    0  (Gen:  0)
   517152      7632  28651448  0.00  0.00    8.45   17.47    0    0  (Gen:  0)
   516968      4400  28649832  0.00  0.00    8.45   17.49    0    0  (Gen:  0)
   517960      6368  28652008  0.00  0.00    8.45   17.49    0    0  (Gen:  0)
   516688      2968  28649992  0.00  0.00    8.45   17.51    0    0  (Gen:  0)
   516144      5384  28652456  0.00  0.00    8.45   17.52    0    0  (Gen:  0)
   518136      7848  28655216  0.00  0.00    8.45   17.52    0    0  (Gen:  0)
   138864  28579480  28636800  0.06  0.06    8.51   17.60    0    0  (Gen:  1)
   516000      8272  28644768  0.00  0.00    8.51   17.60    0    0  (Gen:  0)
   516384      5576  28642192  0.00  0.00    8.51   17.61    0    0  (Gen:  0)
   518136      4800  28641744  0.00  0.00    8.51   17.61    0    0  (Gen:  0)
   516608      3448  28641800  0.00  0.00    8.51   17.62    0    0  (Gen:  0)
   516936      3400  28641808  0.00  0.00    8.51   17.64    0    0  (Gen:  0)
   518168      4120  28642840  0.00  0.00    8.51   17.64    0    0  (Gen:  0)
   514168      2712  28642848  0.00  0.00    8.51   17.66    0    0  (Gen:  0)
   516624      6896  28647104  0.00  0.00    8.52   17.67    0    0  (Gen:  0)
   516600      5864  28646296  0.00  0.00    8.52   17.69    0    0  (Gen:  0)
   516720  28582080  28639392  0.06  0.06    8.58   17.76    0    0  (Gen:  1)
   515696      3480  28639560  0.00  0.00    8.58   17.77    0    0  (Gen:  0)
   515280      7680  28644176  0.00  0.00    8.58   17.77    0    0  (Gen:  0)
   516544      8824  28646848  0.00  0.00    8.58   17.79    0    0  (Gen:  0)
   517744      3264  28641344  0.00  0.00    8.58   17.81    0    0  (Gen:  0)
   514184      3256  28641600  0.00  0.00    8.58   17.82    0    0  (Gen:  0)
   512208      4064  28642808  0.00  0.00    8.58   17.82    0    0  (Gen:  0)
   516232      3152  28643560  0.00  0.00    8.58   17.84    0    0  (Gen:  0)
   517704      2960  28643528  0.00  0.00    8.59   17.86    0    0  (Gen:  0)
   518312      1720  28642520  0.00  0.00    8.59   17.86    0    0  (Gen:  0)
     8976  28580672  28637992  0.06  0.06    8.64   17.93    0    0  (Gen:  1)
   512592      4104  28640472  0.00  0.00    8.64   17.93    0    0  (Gen:  0)
   517232      2712  28640096  0.00  0.00    8.65   17.94    0    0  (Gen:  0)
   517504      2960  28640536  0.00  0.00    8.65   17.96    0    0  (Gen:  0)
   514032      1560  28639368  0.00  0.00    8.65   17.96    0    0  (Gen:  0)
   516656      3552  28642600  0.00  0.00    8.65   17.97    0    0  (Gen:  0)
   514824      3688  28642976  0.00  0.00    8.65   17.99    0    0  (Gen:  0)
   517408      3096  28642872  0.00  0.00    8.65   17.99    0    0  (Gen:  0)
   514960      5664  28647296  0.00  0.00    8.65   18.01    0    0  (Gen:  0)
   516912      4656  28649120  0.00  0.00    8.65   18.01    0    0  (Gen:  0)
   517440      4336  28650592  0.00  0.00    8.65   18.02    0    0  (Gen:  0)
   514384      6456  28653008  0.00  0.00    8.65   18.02    0    0  (Gen:  0)
   203608  28580808  28638128  0.06  0.06    8.71   18.10    0    0  (Gen:  1)
   516008      3352  28639712  0.00  0.00    8.71   18.10    0    0  (Gen:  0)
   515272      3744  28641312  0.00  0.00    8.71   18.11    0    0  (Gen:  0)
   516248      3352  28641128  0.00  0.00    8.71   18.11    0    0  (Gen:  0)
   516616      7176  28646808  0.00  0.00    8.71   18.12    0    0  (Gen:  0)
   515560      3072  28645544  0.00  0.00    8.71   18.12    0    0  (Gen:  0)
   517624      3368  28647272  0.00  0.00    8.72   18.14    0    0  (Gen:  0)
   514408      3944  28647904  0.00  0.00    8.72   18.16    0    0  (Gen:  0)
   517400      5216  28649656  0.00  0.00    8.72   18.16    0    0  (Gen:  0)
   516944      4248  28650240  0.00  0.00    8.72   18.17    0    0  (Gen:  0)
   517896      5784  28651968  0.00  0.00    8.72   18.17    0    0  (Gen:  0)
   132544  28580712  28638032  0.06  0.06    8.78   18.25    0    0  (Gen:  1)
   515696      5624  28641688  0.00  0.00    8.78   18.25    0    0  (Gen:  0)
   517016      4056  28641592  0.00  0.00    8.78   18.26    0    0  (Gen:  0)
   513688      1488  28639184  0.00  0.00    8.78   18.26    0    0  (Gen:  0)
   515800      5304  28644128  0.00  0.00    8.78   18.27    0    0  (Gen:  0)
   516744      4632  28643648  0.00  0.00    8.78   18.29    0    0  (Gen:  0)
   517520      4808  28644120  0.00  0.00    8.79   18.29    0    0  (Gen:  0)
   516720      3368  28644016  0.00  0.00    8.79   18.31    0    0  (Gen:  0)
   513504      4088  28644784  0.00  0.00    8.79   18.33    0    0  (Gen:  0)
   515808      7552  28648704  0.00  0.00    8.79   18.33    0    0  (Gen:  0)
    94128  28579160  28636480  0.06  0.06    8.85   18.41    0    0  (Gen:  1)
   514176      4056  28640232  0.00  0.00    8.85   18.41    0    0  (Gen:  0)
   517208      3040  28639264  0.00  0.00    8.85   18.42    0    0  (Gen:  0)
   516416      4736  28641232  0.00  0.00    8.86   18.44    0    0  (Gen:  0)
   510936      1384  28638168  0.00  0.00    8.86   18.44    0    0  (Gen:  0)
   513520      4104  28642192  0.00  0.00    8.86   18.46    0    0  (Gen:  0)
   516256      3112  28641272  0.00  0.00    8.86   18.47    0    0  (Gen:  0)
   516712      4736  28643168  0.00  0.00    8.86   18.49    0    0  (Gen:  0)
   509848      1440  28640152  0.00  0.00    8.86   18.49    0    0  (Gen:  0)
   514672  28582576  28639896  0.06  0.06    8.93   18.57    0    0  (Gen:  1)
   517584      3536  28639368  0.00  0.00    8.93   18.57    0    0  (Gen:  0)
   516536      4624  28640720  0.00  0.00    8.93   18.59    0    0  (Gen:  0)
   514512      4096  28640512  0.00  0.00    8.93   18.59    0    0  (Gen:  0)
   518024      5120  28642872  0.00  0.00    8.93   18.61    0    0  (Gen:  0)
   516424      3280  28641104  0.00  0.00    8.93   18.62    0    0  (Gen:  0)
   517104      4816  28642912  0.00  0.00    8.93   18.64    0    0  (Gen:  0)
   517792      4656  28643032  0.00  0.00    8.93   18.64    0    0  (Gen:  0)
   518240      5360  28645096  0.00  0.00    8.93   18.66    0    0  (Gen:  0)
   186680  28580192  28637512  0.06  0.06    8.99   18.73    0    0  (Gen:  1)
   514800      4056  28640232  0.00  0.00    8.99   18.73    0    0  (Gen:  0)
   517032      3672  28640536  0.00  0.00    8.99   18.74    0    0  (Gen:  0)
   516072      4504  28641624  0.00  0.00    8.99   18.76    0    0  (Gen:  0)
   515008      1512  28638936  0.00  0.00    9.00   18.76    0    0  (Gen:  0)
   517000      4688  28643264  0.00  0.00    9.00   18.77    0    0  (Gen:  0)
   517024      3120  28641904  0.00  0.00    9.00   18.79    0    0  (Gen:  0)
   516512      4536  28643592  0.00  0.00    9.00   18.81    0    0  (Gen:  0)
   517112      9184  28648528  0.00  0.00    9.00   18.81    0    0  (Gen:  0)
   146880  28579144  28636464  0.06  0.06    9.06   18.88    0    0  (Gen:  1)
   514656      9080  28645320  0.00  0.00    9.06   18.88    0    0  (Gen:  0)
   516432      4816  28641080  0.00  0.00    9.06   18.89    0    0  (Gen:  0)
   518784      2864  28639408  0.00  0.00    9.06   18.89    0    0  (Gen:  0)
   516680      3240  28641144  0.00  0.00    9.06   18.91    0    0  (Gen:  0)
   517024      3264  28641224  0.00  0.00    9.06   18.92    0    0  (Gen:  0)
   518064      3592  28641856  0.00  0.00    9.06   18.92    0    0  (Gen:  0)
   516608      4544  28644280  0.00  0.00    9.07   18.94    0    0  (Gen:  0)
   518328      4112  28644008  0.00  0.00    9.07   18.94    0    0  (Gen:  0)
   514328      5168  28646400  0.00  0.00    9.07   18.96    0    0  (Gen:  0)
   517080      4736  28646016  0.00  0.00    9.07   18.97    0    0  (Gen:  0)
   518160      4632  28646192  0.00  0.00    9.07   18.97    0    0  (Gen:  0)
   213440  28581096  28638416  0.06  0.06    9.13   19.05    0    0  (Gen:  1)
   517712      3592  28639464  0.00  0.00    9.13   19.05    0    0  (Gen:  0)
   516712      3392  28640736  0.00  0.00    9.13   19.06    0    0  (Gen:  0)
   515136      3792  28641296  0.00  0.00    9.13   19.07    0    0  (Gen:  0)
   514656      2624  28640600  0.00  0.00    9.13   19.07    0    0  (Gen:  0)
   517088      7560  28646888  0.00  0.00    9.14   19.09    0    0  (Gen:  0)
   516928      4864  28644240  0.00  0.00    9.14   19.11    0    0  (Gen:  0)
   512488      1480  28641136  0.00  0.00    9.14   19.12    0    0  (Gen:  0)
   514448      6504  28646584  0.00  0.00    9.14   19.12    0    0  (Gen:  0)
   203672  28580424  28637744  0.06  0.06    9.20   19.20    0    0  (Gen:  1)
   512768      6424  28642472  0.00  0.00    9.20   19.20    0    0  (Gen:  0)
   517016      3424  28640488  0.00  0.00    9.20   19.21    0    0  (Gen:  0)
   515736      2360  28639568  0.00  0.00    9.20   19.22    0    0  (Gen:  0)
   512536      3048  28640648  0.00  0.00    9.20   19.22    0    0  (Gen:  0)
   517672      7232  28646168  0.00  0.00    9.20   19.24    0    0  (Gen:  0)
   517560      4880  28643864  0.00  0.00    9.20   19.26    0    0  (Gen:  0)
   512256      1480  28640744  0.00  0.00    9.20   19.27    0    0  (Gen:  0)
   516440      6664  28646352  0.00  0.00    9.20   19.27    0    0  (Gen:  0)
   313272  28580584  28637904  0.06  0.06    9.27   19.35    0    0  (Gen:  1)
   510520      3048  28638912  0.00  0.00    9.27   19.35    0    0  (Gen:  0)
   517912      7328  28644528  0.00  0.00    9.27   19.37    0    0  (Gen:  0)
   517320      4544  28641792  0.00  0.00    9.27   19.39    0    0  (Gen:  0)
   512152      2672  28640192  0.00  0.00    9.27   19.41    0    0  (Gen:  0)
   516936      6504  28644432  0.00  0.00    9.27   19.41    0    0  (Gen:  0)
   516840      3376  28642832  0.00  0.00    9.27   19.42    0    0  (Gen:  0)
   517288      3120  28642736  0.00  0.00    9.27   19.44    0    0  (Gen:  0)
   518704     10456  28650368  0.00  0.00    9.28   19.44    0    0  (Gen:  0)
   517800      4736  28645984  0.00  0.00    9.28   19.46    0    0  (Gen:  0)
   280488  28579032  28636352  0.06  0.06    9.34   19.53    0    0  (Gen:  1)
   517096      6160  28642208  0.00  0.00    9.34   19.54    0    0  (Gen:  0)
   516856      3424  28639520  0.00  0.00    9.34   19.54    0    0  (Gen:  0)
   512688      2464  28638840  0.00  0.00    9.34   19.56    0    0  (Gen:  0)
   512160      3808  28640488  0.00  0.00    9.34   19.56    0    0  (Gen:  0)
   517216      4448  28642696  0.00  0.00    9.34   19.57    0    0  (Gen:  0)
   516080      4096  28642504  0.00  0.00    9.34   19.57    0    0  (Gen:  0)
   516448      5168  28644912  0.00  0.00    9.35   19.59    0    0  (Gen:  0)
   516944      4768  28644560  0.00  0.00    9.35   19.61    0    0  (Gen:  0)
   517592      4752  28644824  0.00  0.00    9.35   19.61    0    0  (Gen:  0)
   122320  28579000  28636320  0.06  0.06    9.41   19.68    0    0  (Gen:  1)
   516048      9056  28645152  0.00  0.00    9.41   19.68    0    0  (Gen:  0)
   516432      4472  28640592  0.00  0.00    9.41   19.69    0    0  (Gen:  0)
   518408      3928  28640328  0.00  0.00    9.41   19.69    0    0  (Gen:  0)
   516112      7568  28645328  0.00  0.00    9.41   19.71    0    0  (Gen:  0)
   517288      4736  28642544  0.00  0.00    9.41   19.72    0    0  (Gen:  0)
   510040      2616  28640696  0.00  0.00    9.41   19.74    0    0  (Gen:  0)
   515896      6504  28644992  0.00  0.00    9.41   19.74    0    0  (Gen:  0)
   516496      3512  28643528  0.00  0.00    9.42   19.76    0    0  (Gen:  0)
   516672      3248  28643424  0.00  0.00    9.42   19.77    0    0  (Gen:  0)
   517072      8304  28648776  0.00  0.00    9.42   19.77    0    0  (Gen:  0)
    76776  28580712  28638032  0.06  0.06    9.48   19.85    0    0  (Gen:  1)
   515520      6440  28642344  0.00  0.00    9.48   19.85    0    0  (Gen:  0)
   517152      3568  28640896  0.00  0.00    9.48   19.86    0    0  (Gen:  0)
   516272      3048  28640536  0.00  0.00    9.48   19.87    0    0  (Gen:  0)
   517576      9824  28647608  0.00  0.00    9.48   19.87    0    0  (Gen:  0)
   517736      4728  28643848  0.00  0.00    9.48   19.89    0    0  (Gen:  0)
   516632      4872  28644040  0.00  0.00    9.49   19.91    0    0  (Gen:  0)
   514672      3664  28643104  0.00  0.00    9.49   19.92    0    0  (Gen:  0)
   515192      4184  28644032  0.00  0.00    9.49   19.92    0    0  (Gen:  0)
   517120      3632  28645072  0.00  0.00    9.49   19.94    0    0  (Gen:  0)
   377504  28579000  28636320  0.06  0.06    9.55   20.02    0    0  (Gen:  1)
   511128      3728  28639824  0.00  0.00    9.55   20.02    0    0  (Gen:  0)
   517960      3560  28639704  0.00  0.00    9.55   20.02    0    0  (Gen:  0)
   512080      2400  28638824  0.00  0.00    9.55   20.04    0    0  (Gen:  0)
   511576      3544  28640264  0.00  0.00    9.56   20.04    0    0  (Gen:  0)
   516600      7904  28645960  0.00  0.00    9.56   20.06    0    0  (Gen:  0)
   516832      4536  28642640  0.00  0.00    9.56   20.07    0    0  (Gen:  0)
   511400      2592  28640976  0.00  0.00    9.56   20.09    0    0  (Gen:  0)
   516216      6504  28645288  0.00  0.00    9.56   20.09    0    0  (Gen:  0)
   516448      3648  28643960  0.00  0.00    9.56   20.11    0    0  (Gen:  0)
   398288  28579000  28636320  0.06  0.06    9.62   20.18    0    0  (Gen:  1)
   515320      6584  28642680  0.00  0.00    9.62   20.18    0    0  (Gen:  0)
   516960      3464  28639608  0.00  0.00    9.62   20.19    0    0  (Gen:  0)
   512296      2400  28638824  0.00  0.00    9.63   20.21    0    0  (Gen:  0)
   514192      8128  28644856  0.00  0.00    9.63   20.21    0    0  (Gen:  0)
   517112      4464  28643464  0.00  0.00    9.63   20.22    0    0  (Gen:  0)
   518488      4064  28643344  0.00  0.00    9.63   20.22    0    0  (Gen:  0)
   517568      4176  28644928  0.00  0.00    9.63   20.24    0    0  (Gen:  0)
   518520      3784  28644696  0.00  0.00    9.63   20.24    0    0  (Gen:  0)
   517752      3176  28645424  0.00  0.00    9.63   20.26    0    0  (Gen:  0)
   515552      3584  28645888  0.00  0.00    9.63   20.27    0    0  (Gen:  0)
   516832      7480  28650264  0.00  0.00    9.63   20.27    0    0  (Gen:  0)
   435704  28581648  28638968  0.06  0.06    9.69   20.35    0    0  (Gen:  1)
   517536     10240  28646016  0.00  0.00    9.69   20.35    0    0  (Gen:  0)
   517624      4656  28642000  0.00  0.00    9.69   20.36    0    0  (Gen:  0)
   518128      5248  28642832  0.00  0.00    9.70   20.36    0    0  (Gen:  0)
   516560      3544  28642464  0.00  0.00    9.70   20.37    0    0  (Gen:  0)
   512240      1456  28640432  0.00  0.00    9.70   20.39    0    0  (Gen:  0)
   512496      5048  28644504  0.00  0.00    9.70   20.39    0    0  (Gen:  0)
   517248      7456  28647408  0.00  0.00    9.70   20.41    0    0  (Gen:  0)
   517248      4448  28644672  0.00  0.00    9.70   20.42    0    0  (Gen:  0)
   514744      3896  28644400  0.00  0.00    9.70   20.44    0    0  (Gen:  0)
   516344      9128  28650048  0.00  0.00    9.70   20.44    0    0  (Gen:  0)
    90264  28579048  28636368  0.06  0.06    9.76   20.52    0    0  (Gen:  1)
   515512      7064  28643208  0.00  0.00    9.77   20.52    0    0  (Gen:  0)
   517480      7488  28643680  0.00  0.00    9.77   20.52    0    0  (Gen:  0)
   517520      4064  28640528  0.00  0.00    9.77   20.54    0    0  (Gen:  0)
   515016      3616  28640360  0.00  0.00    9.77   20.56    0    0  (Gen:  0)
   516056      7608  28644768  0.00  0.00    9.77   20.56    0    0  (Gen:  0)
   517856      9328  28647920  0.00  0.00    9.77   20.57    0    0  (Gen:  0)
   516552      3600  28642256  0.00  0.00    9.77   20.59    0    0  (Gen:  0)
   517384      4360  28643280  0.00  0.00    9.77   20.61    0    0  (Gen:  0)
   515768      6456  28645680  0.00  0.00    9.77   20.61    0    0  (Gen:  0)
    37464  28580056  28637376  0.06  0.06    9.83   20.68    0    0  (Gen:  1)
   515936      8360  28644312  0.00  0.00    9.83   20.68    0    0  (Gen:  0)
   516864      7840  28644488  0.00  0.00    9.84   20.69    0    0  (Gen:  0)
   517144      4384  28641304  0.00  0.00    9.84   20.71    0    0  (Gen:  0)
   514888      4032  28641224  0.00  0.00    9.84   20.72    0    0  (Gen:  0)
   515704      8200  28645792  0.00  0.00    9.84   20.72    0    0  (Gen:  0)
   517968      8744  28647792  0.00  0.00    9.84   20.74    0    0  (Gen:  0)
   516752      3808  28642920  0.00  0.00    9.84   20.76    0    0  (Gen:  0)
   392624  28579856  28637176  0.06  0.06    9.90   20.83    0    0  (Gen:  1)
   516512      8096  28644048  0.00  0.00    9.90   20.83    0    0  (Gen:  0)
   517496      7208  28643656  0.00  0.00    9.91   20.84    0    0  (Gen:  0)
   516952      4488  28641208  0.00  0.00    9.91   20.86    0    0  (Gen:  0)
   512672      2384  28639384  0.00  0.00    9.91   20.87    0    0  (Gen:  0)
   515376      9112  28646448  0.00  0.00    9.91   20.87    0    0  (Gen:  0)
   516608      8456  28647208  0.00  0.00    9.91   20.89    0    0  (Gen:  0)
   516784      3504  28642320  0.00  0.00    9.91   20.91    0    0  (Gen:  0)
   517576      4432  28643520  0.00  0.00    9.91   20.92    0    0  (Gen:  0)
   518528      5784  28645184  0.00  0.00    9.91   20.92    0    0  (Gen:  0)
    25264  28580320  28637640  0.06  0.06    9.97   21.00    0    0  (Gen:  1)
   515800      8360  28644312  0.00  0.00    9.97   21.00    0    0  (Gen:  0)
   517912      6592  28643560  0.00  0.00    9.98   21.01    0    0  (Gen:  0)
   517104      4304  28641408  0.00  0.00    9.98   21.02    0    0  (Gen:  0)
   511160      2384  28639768  0.00  0.00    9.98   21.04    0    0  (Gen:  0)
   515120      9112  28646832  0.00  0.00    9.98   21.04    0    0  (Gen:  0)
   517576      8352  28647488  0.00  0.00    9.98   21.06    0    0  (Gen:  0)
   517304      3632  28642832  0.00  0.00    9.98   21.07    0    0  (Gen:  0)
   517128      4432  28643896  0.00  0.00    9.98   21.09    0    0  (Gen:  0)
   518736      5832  28645592  0.00  0.00    9.98   21.09    0    0  (Gen:  0)
   513712  28582328  28639648  0.06  0.06   10.04   21.17    0    0  (Gen:  1)
   517000      4456  28640064  0.00  0.00   10.05   21.17    0    0  (Gen:  0)
   517032      4752  28640616  0.00  0.00   10.05   21.19    0    0  (Gen:  0)
   515592      3952  28640112  0.00  0.00   10.05   21.21    0    0  (Gen:  0)
   514888      4528  28641088  0.00  0.00   10.05   21.21    0    0  (Gen:  0)
   517696      6688  28644704  0.00  0.00   10.05   21.22    0    0  (Gen:  0)
   517136      3440  28641504  0.00  0.00   10.05   21.24    0    0  (Gen:  0)
   517576      3976  28642328  0.00  0.00   10.05   21.26    0    0  (Gen:  0)
   518768      5152  28643816  0.00  0.00   10.05   21.26    0    0  (Gen:  0)
    53784  28579048  28636368  0.06  0.06   10.12   21.33    0    0  (Gen:  1)
   513880      5048  28641192  0.00  0.00   10.12   21.33    0    0  (Gen:  0)
   516664      9352  28645544  0.00  0.00   10.12   21.34    0    0  (Gen:  0)
   516992      4360  28640832  0.00  0.00   10.12   21.36    0    0  (Gen:  0)
   518456      5152  28641920  0.00  0.00   10.12   21.36    0    0  (Gen:  0)
   517968      9152  28647256  0.00  0.00   10.12   21.37    0    0  (Gen:  0)
   517528      4576  28642728  0.00  0.00   10.12   21.39    0    0  (Gen:  0)
   518424      4992  28643424  0.00  0.00   10.12   21.39    0    0  (Gen:  0)
   517536      9064  28648856  0.00  0.00   10.12   21.41    0    0  (Gen:  0)
   313096  28579048  28636368  0.06  0.06   10.18   21.48    0    0  (Gen:  1)
   516392      8600  28644744  0.00  0.00   10.19   21.48    0    0  (Gen:  0)
   517232      4568  28640736  0.00  0.00   10.19   21.49    0    0  (Gen:  0)
   511032      1424  28637872  0.00  0.00   10.19   21.49    0    0  (Gen:  0)
   513432      3240  28640840  0.00  0.00   10.19   21.51    0    0  (Gen:  0)
   516496      4360  28642144  0.00  0.00   10.19   21.52    0    0  (Gen:  0)
   516528      4120  28642184  0.00  0.00   10.19   21.52    0    0  (Gen:  0)
   513112      3176  28642600  0.00  0.00   10.19   21.54    0    0  (Gen:  0)
   516752      4368  28643848  0.00  0.00   10.19   21.56    0    0  (Gen:  0)
   518608      7632  28647416  0.00  0.00   10.19   21.56    0    0  (Gen:  0)
   516968      4320  28645864  0.00  0.00   10.19   21.57    0    0  (Gen:  0)
   517592     10240  28652032  0.00  0.00   10.19   21.57    0    0  (Gen:  0)
   344600  28581216  28638536  0.06  0.06   10.26   21.65    0    0  (Gen:  1)
   518808      3608  28639248  0.00  0.00   10.26   21.65    0    0  (Gen:  0)
   516368      6296  28644336  0.00  0.00   10.26   21.66    0    0  (Gen:  0)
   519040      3160  28643976  0.00  0.00   10.26   21.66    0    0  (Gen:  0)
   516496      6696  28650024  0.00  0.00   10.26   21.67    0    0  (Gen:  0)
   518352      3232  28649512  0.00  0.00   10.26   21.67    0    0  (Gen:  0)
   516688      6872  28655664  0.00  0.00   10.26   21.69    0    0  (Gen:  0)
   518392      3456  28655200  0.00  0.00   10.26   21.69    0    0  (Gen:  0)
   516768      6952  28661208  0.00  0.00   10.26   21.71    0    0  (Gen:  0)
   518488      3264  28660472  0.00  0.00   10.26   21.71    0    0  (Gen:  0)
   516472      7368  28667088  0.00  0.00   10.26   21.72    0    0  (Gen:  0)
   518480      3528  28666208  0.00  0.00   10.26   21.72    0    0  (Gen:  0)
   516384  28582648  28639960  0.06  0.06   10.32   21.80    0    0  (Gen:  1)
   518360      3344  28638952  0.00  0.00   10.32   21.80    0    0  (Gen:  0)
   516912      6976  28645264  0.00  0.00   10.33   21.81    0    0  (Gen:  0)
   519320      9048  28650184  0.00  0.00   10.33   21.81    0    0  (Gen:  0)
   517656      3456  28645928  0.00  0.00   10.33   21.82    0    0  (Gen:  0)
   516448      3456  28645984  0.00  0.00   10.33   21.84    0    0  (Gen:  0)
   518640      5696  28648528  0.00  0.00   10.33   21.84    0    0  (Gen:  0)
   516504      3600  28647904  0.00  0.00   10.33   21.86    0    0  (Gen:  0)
   514704      3864  28648328  0.00  0.00   10.33   21.87    0    0  (Gen:  0)
   516464      6912  28651856  0.00  0.00   10.33   21.87    0    0  (Gen:  0)
   516864      4056  28650552  0.00  0.00   10.33   21.89    0    0  (Gen:  0)
   510968  28580672  28637984  0.06  0.06   10.39   21.97    0    0  (Gen:  1)
   516128      3024  28638744  0.00  0.00   10.40   21.97    0    0  (Gen:  0)
   516160      4408  28641752  0.00  0.00   10.40   21.97    0    0  (Gen:  0)
   515424      6440  28644024  0.00  0.00   10.40   21.97    0    0  (Gen:  0)
   514008      5168  28644088  0.00  0.00   10.40   21.99    0    0  (Gen:  0)
   517032      4784  28643752  0.00  0.00   10.40   22.01    0    0  (Gen:  0)
   517072     10200  28649448  0.00  0.00   10.40   22.01    0    0  (Gen:  0)
   518296      3048  28643656  0.00  0.00   10.40   22.02    0    0  (Gen:  0)
   516768      4344  28645000  0.00  0.00   10.40   22.04    0    0  (Gen:  0)
   518512      6264  28647208  0.00  0.00   10.40   22.04    0    0  (Gen:  0)
   517176      3256  28645552  0.00  0.00   10.40   22.06    0    0  (Gen:  0)
   413792  28578920  28636240  0.06  0.06   10.47   22.14    0    0  (Gen:  1)
   516944      4480  28640496  0.00  0.00   10.47   22.14    0    0  (Gen:  0)
   516616      4784  28640824  0.00  0.00   10.47   22.16    0    0  (Gen:  0)
   517992      4448  28640768  0.00  0.00   10.47   22.16    0    0  (Gen:  0)
   517552      3608  28641288  0.00  0.00   10.47   22.17    0    0  (Gen:  0)
   517056      4784  28642512  0.00  0.00   10.47   22.19    0    0  (Gen:  0)
   517576      8104  28646112  0.00  0.00   10.48   22.19    0    0  (Gen:  0)
   517808      3608  28642976  0.00  0.00   10.48   22.21    0    0  (Gen:  0)
   368752  28578808  28636128  0.06  0.06   10.54   22.28    0    0  (Gen:  1)
   517056      4480  28640304  0.00  0.00   10.54   22.28    0    0  (Gen:  0)
   516920      4840  28640688  0.00  0.00   10.54   22.29    0    0  (Gen:  0)
   515200      3768  28639896  0.00  0.00   10.54   22.29    0    0  (Gen:  0)
   517040      3464  28640952  0.00  0.00   10.54   22.31    0    0  (Gen:  0)
   517392      3256  28640896  0.00  0.00   10.54   22.32    0    0  (Gen:  0)
   518888      4464  28642408  0.00  0.00   10.54   22.32    0    0  (Gen:  0)
   516720      4440  28644080  0.00  0.00   10.54   22.34    0    0  (Gen:  0)
   517784      8288  28648200  0.00  0.00   10.54   22.34    0    0  (Gen:  0)
   517544      3272  28644520  0.00  0.00   10.55   22.36    0    0  (Gen:  0)
   514736      1536  28642840  0.00  0.00   10.55   22.36    0    0  (Gen:  0)
   518040      3312  28645824  0.00  0.00   10.55   22.37    0    0  (Gen:  0)
   446912  28580280  28637600  0.06  0.06   10.61   22.45    0    0  (Gen:  1)
   515544      9088  28644592  0.00  0.00   10.61   22.45    0    0  (Gen:  0)
   517920      4640  28641840  0.00  0.00   10.61   22.46    0    0  (Gen:  0)
   516424      4040  28641520  0.00  0.00   10.61   22.46    0    0  (Gen:  0)
   517296      3304  28642256  0.00  0.00   10.61   22.47    0    0  (Gen:  0)
   510896      2344  28641456  0.00  0.00   10.61   22.49    0    0  (Gen:  0)
   514552      6144  28645560  0.00  0.00   10.61   22.49    0    0  (Gen:  0)
   516768      3264  28644152  0.00  0.00   10.62   22.51    0    0  (Gen:  0)
   513688      4008  28645048  0.00  0.00   10.62   22.52    0    0  (Gen:  0)
   515512      6936  28648440  0.00  0.00   10.62   22.52    0    0  (Gen:  0)
   516872  28582288  28639600  0.06  0.06   10.68   22.60    0    0  (Gen:  1)
   513544      3208  28638680  0.00  0.00   10.68   22.61    0    0  (Gen:  0)
   514248     10336  28646232  0.00  0.00   10.68   22.61    0    0  (Gen:  0)
   517816      4184  28641744  0.00  0.00   10.68   22.62    0    0  (Gen:  0)
   516968      4112  28641912  0.00  0.00   10.68   22.62    0    0  (Gen:  0)
   516600      4032  28643168  0.00  0.00   10.68   22.64    0    0  (Gen:  0)
   516648      4336  28643520  0.00  0.00   10.69   22.66    0    0  (Gen:  0)
   516608      6344  28645808  0.00  0.00   10.69   22.66    0    0  (Gen:  0)
   516216      6376  28647200  0.00  0.00   10.69   22.67    0    0  (Gen:  0)
   516744      4432  28645304  0.00  0.00   10.69   22.69    0    0  (Gen:  0)
   516672      5040  28646192  0.00  0.00   10.69   22.69    0    0  (Gen:  0)
   516264      5168  28647680  0.00  0.00   10.69   22.71    0    0  (Gen:  0)
   320464  28578664  28635984  0.06  0.06   10.75   22.78    0    0  (Gen:  1)
   515976      3440  28639120  0.00  0.00   10.75   22.78    0    0  (Gen:  0)
   517248      5576  28641280  0.00  0.00   10.75   22.79    0    0  (Gen:  0)
   517528      5720  28641728  0.00  0.00   10.75   22.79    0    0  (Gen:  0)
   516464      5152  28642992  0.00  0.00   10.75   22.81    0    0  (Gen:  0)
   518112      5360  28643496  0.00  0.00   10.75   22.81    0    0  (Gen:  0)
   517696      4520  28644176  0.00  0.00   10.76   22.82    0    0  (Gen:  0)
   517808      9872  28649688  0.00  0.00   10.76   22.82    0    0  (Gen:  0)
   518176      3272  28644472  0.00  0.00   10.76   22.84    0    0  (Gen:  0)
   516992      3384  28644640  0.00  0.00   10.76   22.86    0    0  (Gen:  0)
   519312      3624  28645192  0.00  0.00   10.76   22.86    0    0  (Gen:  0)
   516688      7880  28651752  0.00  0.00   10.76   22.87    0    0  (Gen:  0)
   518600      4552  28651272  0.00  0.00   10.76   22.87    0    0  (Gen:  0)
   397960  28583408  28640720  0.06  0.06   10.82   22.95    0    0  (Gen:  1)
   519072      6024  28641552  0.00  0.00   10.82   22.95    0    0  (Gen:  0)
   517352      4376  28641704  0.00  0.00   10.83   22.96    0    0  (Gen:  0)
   517504      3792  28641408  0.00  0.00   10.83   22.96    0    0  (Gen:  0)
   517280     11248  28650224  0.00  0.00   10.83   22.97    0    0  (Gen:  0)
   518664      9248  28653160  0.00  0.00   10.83   22.97    0    0  (Gen:  0)
   517056      4320  28651576  0.00  0.00   10.83   22.99    0    0  (Gen:  0)
   517936      5296  28652760  0.00  0.00   10.83   22.99    0    0  (Gen:  0)
   516440      4376  28653224  0.00  0.00   10.83   23.01    0    0  (Gen:  0)
   517808      4680  28653584  0.00  0.00   10.83   23.01    0    0  (Gen:  0)
   517184      3440  28653728  0.00  0.00   10.83   23.02    0    0  (Gen:  0)
   517416  28583928  28641240  0.06  0.06   10.89   23.10    0    0  (Gen:  1)
   517384      7640  28643504  0.00  0.00   10.89   23.10    0    0  (Gen:  0)
   517248      5320  28643016  0.00  0.00   10.90   23.11    0    0  (Gen:  0)
   518984      6432  28644424  0.00  0.00   10.90   23.11    0    0  (Gen:  0)
   516280      5464  28644976  0.00  0.00   10.90   23.12    0    0  (Gen:  0)
   517384      7584  28647264  0.00  0.00   10.90   23.12    0    0  (Gen:  0)
   516776      2888  28644344  0.00  0.00   10.90   23.14    0    0  (Gen:  0)
   518288      5984  28647728  0.00  0.00   10.90   23.14    0    0  (Gen:  0)
   516328      6896  28650024  0.00  0.00   10.90   23.16    0    0  (Gen:  0)
   517080      3264  28646448  0.00  0.00   10.90   23.17    0    0  (Gen:  0)
   515368      3464  28646912  0.00  0.00   10.90   23.19    0    0  (Gen:  0)
   515696      7176  28651024  0.00  0.00   10.90   23.19    0    0  (Gen:  0)
   516728      3584  28649456  0.00  0.00   10.91   23.21    0    0  (Gen:  0)
   466880  28580536  28637856  0.06  0.06   10.97   23.28    0    0  (Gen:  1)
   515560      8152  28644112  0.00  0.00   10.97   23.28    0    0  (Gen:  0)
   516712      2976  28640072  0.00  0.00   10.97   23.29    0    0  (Gen:  0)
   515312      3520  28640744  0.00  0.00   10.97   23.31    0    0  (Gen:  0)
   515728      6296  28643920  0.00  0.00   10.97   23.31    0    0  (Gen:  0)
   517328      5752  28645040  0.00  0.00   10.97   23.32    0    0  (Gen:  0)
   516248     10320  28649776  0.00  0.00   10.97   23.32    0    0  (Gen:  0)
   517472      4112  28645216  0.00  0.00   10.97   23.34    0    0  (Gen:  0)
   519056      8768  28650136  0.00  0.00   10.97   23.34    0    0  (Gen:  0)
   514992      3392  28646536  0.00  0.00   10.97   23.36    0    0  (Gen:  0)
   516848      3080  28646496  0.00  0.00   10.97   23.36    0    0  (Gen:  0)
   369672  28579192  28636512  0.06  0.06   11.04   23.44    0    0  (Gen:  1)
   516544      4600  28640856  0.00  0.00   11.04   23.44    0    0  (Gen:  0)
   518488      6280  28642600  0.00  0.00   11.04   23.44    0    0  (Gen:  0)
   517024      4496  28642176  0.00  0.00   11.04   23.44    0    0  (Gen:  0)
   517904      3952  28641688  0.00  0.00   11.04   23.44    0    0  (Gen:  0)
   517064      4512  28643632  0.00  0.00   11.04   23.46    0    0  (Gen:  0)
   514968      4136  28643304  0.00  0.00   11.04   23.47    0    0  (Gen:  0)
   516176      9344  28648912  0.00  0.00   11.04   23.47    0    0  (Gen:  0)
   516760      4352  28645848  0.00  0.00   11.04   23.49    0    0  (Gen:  0)
   516952      4056  28645840  0.00  0.00   11.05   23.51    0    0  (Gen:  0)
   518312      6432  28648432  0.00  0.00   11.05   23.51    0    0  (Gen:  0)
   517096      8408  28651824  0.00  0.00   11.05   23.52    0    0  (Gen:  0)
   151000  28580064  28637384  0.06  0.06   11.10   23.60    0    0  (Gen:  1)
   516504      4408  28640456  0.00  0.00   11.11   23.60    0    0  (Gen:  0)
   516712      3400  28640144  0.00  0.00   11.11   23.61    0    0  (Gen:  0)
   517176      7784  28644800  0.00  0.00   11.11   23.62    0    0  (Gen:  0)
   518072      5576  28644944  0.00  0.00   11.11   23.62    0    0  (Gen:  0)
   511528      6184  28650032  0.00  0.00   11.11   23.64    0    0  (Gen:  0)
   516328      9184  28657112  0.00  0.00   11.11   23.64    0    0  (Gen:  0)
   517272      5688  28655216  0.00  0.00   11.11   23.66    0    0  (Gen:  0)
   518280      3952  28653736  0.00  0.00   11.11   23.66    0    0  (Gen:  0)
   516408      4168  28655336  0.00  0.00   11.11   23.67    0    0  (Gen:  0)
   488736  28582304  28639616  0.06  0.06   11.17   23.75    0    0  (Gen:  1)
   517984      9984  28645928  0.00  0.00   11.18   23.75    0    0  (Gen:  0)
   516472      5512  28643240  0.00  0.00   11.18   23.76    0    0  (Gen:  0)
   517488      5936  28643920  0.00  0.00   11.18   23.76    0    0  (Gen:  0)
   516968      3672  28643040  0.00  0.00   11.18   23.77    0    0  (Gen:  0)
   516400      3160  28642584  0.00  0.00   11.18   23.79    0    0  (Gen:  0)
   517448      3184  28642920  0.00  0.00   11.18   23.81    0    0  (Gen:  0)
   518384      5064  28645016  0.00  0.00   11.18   23.81    0    0  (Gen:  0)
   517784      6352  28647816  0.00  0.00   11.18   23.82    0    0  (Gen:  0)
   517224  28584136  28641456  0.06  0.06   11.24   23.90    0    0  (Gen:  1)
   516768      7856  28643768  0.00  0.00   11.25   23.91    0    0  (Gen:  0)
   517032      3136  28639280  0.00  0.00   11.25   23.92    0    0  (Gen:  0)
   517640      3488  28639912  0.00  0.00   11.25   23.94    0    0  (Gen:  0)
   515336      3664  28640296  0.00  0.00   11.25   23.96    0    0  (Gen:  0)
   515944      7648  28644680  0.00  0.00   11.25   23.96    0    0  (Gen:  0)
   516144      9496  28648080  0.00  0.00   11.25   23.97    0    0  (Gen:  0)
   516768      3072  28641712  0.00  0.00   11.25   23.99    0    0  (Gen:  0)
   515288  28582072  28639384  0.06  0.06   11.31   24.07    0    0  (Gen:  1)
   515872      9192  28645288  0.00  0.00   11.32   24.07    0    0  (Gen:  0)
   513888      5512  28643160  0.00  0.00   11.32   24.07    0    0  (Gen:  0)
   517240      2872  28640576  0.00  0.00   11.32   24.09    0    0  (Gen:  0)
   514280      3552  28641520  0.00  0.00   11.32   24.11    0    0  (Gen:  0)
   516000      4496  28642856  0.00  0.00   11.32   24.11    0    0  (Gen:  0)
   514768      2896  28642784  0.00  0.00   11.32   24.12    0    0  (Gen:  0)
   516768      4616  28644720  0.00  0.00   11.32   24.12    0    0  (Gen:  0)
   518120      3504  28645440  0.00  0.00   11.32   24.12    0    0  (Gen:  0)
   515120      3440  28648072  0.00  0.00   11.32   24.14    0    0  (Gen:  0)
   516240      4744  28649616  0.00  0.00   11.32   24.14    0    0  (Gen:  0)
   518904      4224  28650912  0.00  0.00   11.32   24.14    0    0  (Gen:  0)
   514760      3768  28653984  0.00  0.00   11.33   24.16    0    0  (Gen:  0)
   516696      4928  28655448  0.00  0.00   11.33   24.16    0    0  (Gen:  0)
   518208      9888  28662136  0.00  0.00   11.33   24.16    0    0  (Gen:  0)
   247568  28579120  28636440  0.06  0.06   11.38   24.23    0    0  (Gen:  1)
   516272      4872  28641008  0.00  0.00   11.39   24.23    0    0  (Gen:  0)
   517976      5288  28641456  0.00  0.00   11.39   24.23    0    0  (Gen:  0)
   517776      4760  28642288  0.00  0.00   11.39   24.24    0    0  (Gen:  0)
   518160      6312  28643896  0.00  0.00   11.39   24.24    0    0  (Gen:  0)
   517112      5104  28644072  0.00  0.00   11.39   24.26    0    0  (Gen:  0)
   514912      3792  28642816  0.00  0.00   11.39   24.26    0    0  (Gen:  0)
   517664      5096  28645504  0.00  0.00   11.39   24.27    0    0  (Gen:  0)
   518064      5936  28646400  0.00  0.00   11.39   24.27    0    0  (Gen:  0)
   515880      3512  28645360  0.00  0.00   11.39   24.29    0    0  (Gen:  0)
   516240      4928  28647264  0.00  0.00   11.39   24.29    0    0  (Gen:  0)
   516696      2016  28646168  0.00  0.00   11.39   24.29    0    0  (Gen:  0)
   517984      6288  28651528  0.00  0.00   11.39   24.29    0    0  (Gen:  0)
   516672      5768  28654000  0.00  0.00   11.39   24.31    0    0  (Gen:  0)
   519520      4728  28653096  0.00  0.00   11.39   24.31    0    0  (Gen:  0)
   518872     30608  28682968  0.00  0.00   11.40   24.31    0    0  (Gen:  0)
   182584  28579592  28636912  0.06  0.06   11.46   24.39    0    0  (Gen:  1)
   516968      6088  28641760  0.00  0.00   11.46   24.39    0    0  (Gen:  0)
   518456      6648  28643048  0.00  0.00   11.46   24.39    0    0  (Gen:  0)
   515808      5920  28646584  0.00  0.00   11.46   24.39    0    0  (Gen:  0)
   518344      3168  28648992  0.00  0.00   11.46   24.39    0    0  (Gen:  0)
   519248      1376  28647640  0.00  0.00   11.46   24.39    0    0  (Gen:  0)
   516896      6040  28652960  0.00  0.00   11.46   24.41    0    0  (Gen:  0)
   516736      8976  28658936  0.00  0.00   11.46   24.41    0    0  (Gen:  0)
   516896      6120  28657416  0.00  0.00   11.46   24.42    0    0  (Gen:  0)
   517880      4944  28656304  0.00  0.00   11.46   24.42    0    0  (Gen:  0)
   517560      4808  28657784  0.00  0.00   11.46   24.44    0    0  (Gen:  0)
   517504      5168  28658360  0.00  0.00   11.46   24.44    0    0  (Gen:  0)
   516080      3328  28658296  0.00  0.00   11.47   24.46    0    0  (Gen:  0)
   517872      2944  28658200  0.00  0.00   11.47   24.46    0    0  (Gen:  0)
   514720      5824  28663384  0.00  0.00   11.47   24.48    0    0  (Gen:  0)
   515824      3352  28663736  0.00  0.00   11.47   24.48    0    0  (Gen:  0)
   429312  28582520  28639840  0.06  0.06   11.53   24.55    0    0  (Gen:  1)
   515880      4936  28643520  0.00  0.00   11.53   24.55    0    0  (Gen:  0)
   517888      6984  28646208  0.00  0.00   11.53   24.55    0    0  (Gen:  0)
   513928      5168  28645264  0.00  0.00   11.53   24.56    0    0  (Gen:  0)
   516320      5000  28645144  0.00  0.00   11.53   24.57    0    0  (Gen:  0)
   515224      4056  28644472  0.00  0.00   11.53   24.59    0    0  (Gen:  0)
   514576      5144  28645960  0.00  0.00   11.53   24.59    0    0  (Gen:  0)
   514584      2736  28645008  0.00  0.00   11.53   24.61    0    0  (Gen:  0)
   516120      4792  28647112  0.00  0.00   11.54   24.62    0    0  (Gen:  0)
   515336      4112  28646720  0.00  0.00   11.54   24.62    0    0  (Gen:  0)
   516960  28586544  28643856  0.06  0.06   11.60   24.70    0    0  (Gen:  1)
   517464      8032  28646440  0.00  0.00   11.60   24.70    0    0  (Gen:  0)
   516544      4424  28644240  0.00  0.00   11.60   24.71    0    0  (Gen:  0)
   514448      3512  28643384  0.00  0.00   11.60   24.72    0    0  (Gen:  0)
   516264      7608  28647896  0.00  0.00   11.60   24.72    0    0  (Gen:  0)
   516608      4416  28646384  0.00  0.00   11.60   24.74    0    0  (Gen:  0)
   514224      3536  28645688  0.00  0.00   11.60   24.76    0    0  (Gen:  0)
   515416      4984  28647520  0.00  0.00   11.60   24.76    0    0  (Gen:  0)
   517984      3384  28647576  0.00  0.00   11.60   24.77    0    0  (Gen:  0)
   514232      4040  28648424  0.00  0.00   11.61   24.79    0    0  (Gen:  0)
   516976      4496  28649352  0.00  0.00   11.61   24.79    0    0  (Gen:  0)
   514888  28584240  28641560  0.06  0.06   11.67   24.87    0    0  (Gen:  1)
   515928      4864  28643336  0.00  0.00   11.67   24.87    0    0  (Gen:  0)
   518032      7600  28648008  0.00  0.00   11.67   24.87    0    0  (Gen:  0)
   517552      4504  28647824  0.00  0.00   11.67   24.87    0    0  (Gen:  0)
   519032      8664  28652064  0.00  0.00   11.67   24.87    0    0  (Gen:  0)
   517304      8280  28653064  0.00  0.00   11.67   24.89    0    0  (Gen:  0)
   518440      5448  28654048  0.00  0.00   11.67   24.89    0    0  (Gen:  0)
   517504      3288  28653224  0.00  0.00   11.67   24.91    0    0  (Gen:  0)
   518064      3688  28653672  0.00  0.00   11.67   24.92    0    0  (Gen:  0)
   517576     10200  28660472  0.00  0.00   11.67   24.92    0    0  (Gen:  0)
   517224      5184  28656984  0.00  0.00   11.68   24.94    0    0  (Gen:  0)
   516568      6408  28658424  0.00  0.00   11.68   24.94    0    0  (Gen:  0)
   517904      6080  28659568  0.00  0.00   11.68   24.96    0    0  (Gen:  0)
   519032      3320  28656960  0.00  0.00   11.68   24.96    0    0  (Gen:  0)
   393912  28583448  28640768  0.06  0.06   11.74   25.03    0    0  (Gen:  1)
   516632      5200  28644600  0.00  0.00   11.74   25.03    0    0  (Gen:  0)
   517544      5584  28645704  0.00  0.00   11.74   25.04    0    0  (Gen:  0)
   518824      7392  28647840  0.00  0.00   11.74   25.04    0    0  (Gen:  0)
   517040      5976  28647832  0.00  0.00   11.74   25.06    0    0  (Gen:  0)
   518352      6568  28650064  0.00  0.00   11.74   25.06    0    0  (Gen:  0)
   516968      3280  28648160  0.00  0.00   11.74   25.07    0    0  (Gen:  0)
   517104      4312  28649240  0.00  0.00   11.74   25.09    0    0  (Gen:  0)
   518312      2904  28648112  0.00  0.00   11.74   25.09    0    0  (Gen:  0)
   517064      8736  28656352  0.00  0.00   11.75   25.11    0    0  (Gen:  0)
   517584      8592  28659096  0.00  0.00   11.75   25.11    0    0  (Gen:  0)
   244696  28582616  28639936  0.06  0.06   11.81   25.18    0    0  (Gen:  1)
   515968      3352  28643064  0.00  0.00   11.81   25.18    0    0  (Gen:  0)
   516568      5096  28644832  0.00  0.00   11.81   25.19    0    0  (Gen:  0)
   516720      9224  28649264  0.00  0.00   11.81   25.19    0    0  (Gen:  0)
   517112      6064  28647936  0.00  0.00   11.81   25.21    0    0  (Gen:  0)
   517480      6616  28648784  0.00  0.00   11.81   25.21    0    0  (Gen:  0)
   516408      4080  28647768  0.00  0.00   11.81   25.22    0    0  (Gen:  0)
   515736      4600  28648440  0.00  0.00   11.81   25.24    0    0  (Gen:  0)
   515976      2792  28646848  0.00  0.00   11.81   25.24    0    0  (Gen:  0)
   516744      9224  28654800  0.00  0.00   11.82   25.26    0    0  (Gen:  0)
   517640      6088  28651712  0.00  0.00   11.82   25.27    0    0  (Gen:  0)
   514712      1608  28647560  0.00  0.00   11.82   25.27    0    0  (Gen:  0)
    59328  28585312  28642632  0.06  0.06   11.88   25.35    0    0  (Gen:  1)
   517584      8400  28647736  0.00  0.00   11.88   25.35    0    0  (Gen:  0)
   516824      3296  28644016  0.00  0.00   11.88   25.36    0    0  (Gen:  0)
   515192      3576  28644368  0.00  0.00   11.88   25.37    0    0  (Gen:  0)
   515184      4680  28646176  0.00  0.00   11.88   25.37    0    0  (Gen:  0)
   516584      4592  28647992  0.00  0.00   11.88   25.39    0    0  (Gen:  0)
   518784      6168  28649912  0.00  0.00   11.88   25.39    0    0  (Gen:  0)
   516440      5888  28651152  0.00  0.00   11.89   25.41    0    0  (Gen:  0)
   518552      7560  28652984  0.00  0.00   11.89   25.41    0    0  (Gen:  0)
   516592      4624  28651432  0.00  0.00   11.89   25.42    0    0  (Gen:  0)
   510104      1600  28648472  0.00  0.00   11.89   25.42    0    0  (Gen:  0)
     4504  28583344  28640664  0.06  0.06   11.95   25.50    0    0  (Gen:  1)
   516328      3888  28643232  0.00  0.00   11.95   25.50    0    0  (Gen:  0)
   515480      3728  28643976  0.00  0.00   11.95   25.51    0    0  (Gen:  0)
   513512      5336  28645904  0.00  0.00   11.95   25.51    0    0  (Gen:  0)
   516656      6464  28651768  0.00  0.00   11.95   25.52    0    0  (Gen:  0)
   518096      7712  28656336  0.00  0.00   11.95   25.52    0    0  (Gen:  0)
   516016      5104  28655424  0.00  0.00   11.95   25.54    0    0  (Gen:  0)
   515744      5088  28655664  0.00  0.00   11.95   25.54    0    0  (Gen:  0)
   517120      2952  28654912  0.00  0.00   11.96   25.56    0    0  (Gen:  0)
   514624      3520  28655528  0.00  0.00   11.96   25.57    0    0  (Gen:  0)
   515672      5304  28657696  0.00  0.00   11.96   25.57    0    0  (Gen:  0)
   435856  28585232  28642552  0.06  0.06   12.02   25.65    0    0  (Gen:  1)
   516464      5416  28644528  0.00  0.00   12.02   25.65    0    0  (Gen:  0)
   519536      9968  28650880  0.00  0.00   12.02   25.65    0    0  (Gen:  0)
   515200      5632  28655064  0.00  0.00   12.02   25.67    0    0  (Gen:  0)
   516176      6328  28658240  0.00  0.00   12.02   25.67    0    0  (Gen:  0)
   511952      4064  28657392  0.00  0.00   12.02   25.69    0    0  (Gen:  0)
   517544      3560  28656960  0.00  0.00   12.03   25.72    0    0  (Gen:  0)
   516048      5152  28658600  0.00  0.00   12.03   25.74    0    0  (Gen:  0)
   285192  28583304  28640624  0.06  0.06   12.09   25.82    0    0  (Gen:  1)
   516448      3544  28642544  0.00  0.00   12.09   25.83    0    0  (Gen:  0)
   513368      3008  28642216  0.00  0.00   12.09   25.84    0    0  (Gen:  0)
   516032      6368  28645816  0.00  0.00   12.09   25.86    0    0  (Gen:  0)
   517760      5816  28645400  0.00  0.00   12.09   25.87    0    0  (Gen:  0)
   518592      4448  28644248  0.00  0.00   12.09   25.87    0    0  (Gen:  0)
   517072      6352  28647952  0.00  0.00   12.10   25.89    0    0  (Gen:  0)
   519120      3048  28644928  0.00  0.00   12.10   25.89    0    0  (Gen:  0)
   516464      5976  28650352  0.00  0.00   12.10   25.91    0    0  (Gen:  0)
   516376      3792  28651048  0.00  0.00   12.10   25.91    0    0  (Gen:  0)
    45328  28583304  28640624  0.06  0.06   12.16   25.98    0    0  (Gen:  1)
   516432      6440  28645640  0.00  0.00   12.16   25.98    0    0  (Gen:  0)
   516544      3712  28643600  0.00  0.00   12.16   25.99    0    0  (Gen:  0)
   516840      3192  28643392  0.00  0.00   12.16   26.01    0    0  (Gen:  0)
   518952     16792  28657200  0.00  0.00   12.16   26.01    0    0  (Gen:  0)
   519776     15912  28669704  0.00  0.00   12.16   26.01    0    0  (Gen:  0)
   518680     14840  28682600  0.00  0.00   12.16   26.01    0    0  (Gen:  0)
   517976      8696  28689640  0.00  0.00   12.16   26.01    0    0  (Gen:  0)
   518456      4656  28691712  0.00  0.00   12.16   26.01    0    0  (Gen:  0)
   516760      6992  28698488  0.00  0.00   12.16   26.02    0    0  (Gen:  0)
   517824      4688  28699008  0.00  0.00   12.16   26.02    0    0  (Gen:  0)
   518008     19720  28717392  0.00  0.00   12.16   26.02    0    0  (Gen:  0)
   516336      5840  28719200  0.00  0.00   12.16   26.04    0    0  (Gen:  0)
   518912      5208  28718656  0.00  0.00   12.16   26.04    0    0  (Gen:  0)
   516240      3088  28718232  0.00  0.00   12.17   26.06    0    0  (Gen:  0)
   516624      4144  28719544  0.00  0.00   12.17   26.06    0    0  (Gen:  0)
     8952  28589496  28646816  0.06  0.06   12.23   26.13    0    0  (Gen:  1)
   515608      8216  28654536  0.00  0.00   12.23   26.13    0    0  (Gen:  0)
   517376      3128  28649608  0.00  0.00   12.23   26.14    0    0  (Gen:  0)
   514904      2736  28649480  0.00  0.00   12.23   26.14    0    0  (Gen:  0)
   516536      3008  28651216  0.00  0.00   12.23   26.16    0    0  (Gen:  0)
   517864      3344  28651608  0.00  0.00   12.23   26.17    0    0  (Gen:  0)
   518000      6568  28655072  0.00  0.00   12.23   26.17    0    0  (Gen:  0)
   517256      5600  28655736  0.00  0.00   12.23   26.19    0    0  (Gen:  0)
   517080      3472  28653768  0.00  0.00   12.23   26.21    0    0  (Gen:  0)
   373704  28589304  28646624  0.06  0.06   12.29   26.28    0    0  (Gen:  1)
   516768     10696  28656904  0.00  0.00   12.29   26.28    0    0  (Gen:  0)
   515376      2464  28648832  0.00  0.00   12.30   26.31    0    0  (Gen:  0)
   515976      2472  28648888  0.00  0.00   12.30   26.32    0    0  (Gen:  0)
   513368      2560  28649240  0.00  0.00   12.30   26.34    0    0  (Gen:  0)
   514136      2472  28649416  0.00  0.00   12.30   26.36    0    0  (Gen:  0)
   513280  28590224  28647544  0.06  0.06   12.36   26.43    0    0  (Gen:  1)
   514440      2440  28648480  0.00  0.00   12.36   26.44    0    0  (Gen:  0)
   516056      2472  28648536  0.00  0.00   12.36   26.46    0    0  (Gen:  0)
   515808      2472  28648800  0.00  0.00   12.37   26.47    0    0  (Gen:  0)
   515936      2472  28649064  0.00  0.00   12.37   26.49    0    0  (Gen:  0)
   516440      8104  28654976  0.00  0.00   12.37   26.49    0    0  (Gen:  0)
   516552      3576  28652104  0.00  0.00   12.37   26.51    0    0  (Gen:  0)
   515232      3568  28652256  0.00  0.00   12.37   26.52    0    0  (Gen:  0)
   515864      4520  28653712  0.00  0.00   12.37   26.52    0    0  (Gen:  0)
   518008      9456  28660504  0.00  0.00   12.37   26.52    0    0  (Gen:  0)
    70064  28589416  28646736  0.06  0.06   12.43   26.60    0    0  (Gen:  1)
   515816      4792  28651304  0.00  0.00   12.43   26.60    0    0  (Gen:  0)
   518536      2864  28649408  0.00  0.00   12.43   26.60    0    0  (Gen:  0)
   517192      5704  28653608  0.00  0.00   12.43   26.61    0    0  (Gen:  0)
   517736      6368  28654336  0.00  0.00   12.43   26.61    0    0  (Gen:  0)
   511360      2208  28651792  0.00  0.00   12.43   26.62    0    0  (Gen:  0)
   516376      3680  28653472  0.00  0.00   12.43   26.62    0    0  (Gen:  0)
   509752      2928  28654512  0.00  0.00   12.43   26.62    0    0  (Gen:  0)
   517736      5600  28659984  0.00  0.00   12.44   26.64    0    0  (Gen:  0)
   518360      5112  28659560  0.00  0.00   12.44   26.64    0    0  (Gen:  0)
   515640      3816  28660040  0.00  0.00   12.44   26.66    0    0  (Gen:  0)
   516048      4288  28660784  0.00  0.00   12.44   26.66    0    0  (Gen:  0)
   518104      7752  28666072  0.00  0.00   12.44   26.66    0    0  (Gen:  0)
   517520      3552  28664784  0.00  0.00   12.44   26.67    0    0  (Gen:  0)
   514352      3752  28665064  0.00  0.00   12.44   26.69    0    0  (Gen:  0)
   516928      4784  28666568  0.00  0.00   12.44   26.69    0    0  (Gen:  0)
   517968      5816  28669424  0.00  0.00   12.44   26.69    0    0  (Gen:  0)
   516832  28593112  28650432  0.07  0.07   12.51   26.77    0    0  (Gen:  1)
   518528      3280  28649400  0.00  0.00   12.51   26.77    0    0  (Gen:  0)
   514512      6192  28654952  0.00  0.00   12.51   26.79    0    0  (Gen:  0)
   516848      5144  28656792  0.00  0.00   12.51   26.79    0    0  (Gen:  0)
   518288      5720  28659200  0.00  0.00   12.51   26.79    0    0  (Gen:  0)
   514600      5408  28661584  0.00  0.00   12.51   26.81    0    0  (Gen:  0)
   518928      3616  28659968  0.00  0.00   12.51   26.82    0    0  (Gen:  0)
   515512      3648  28660232  0.00  0.00   12.52   26.84    0    0  (Gen:  0)
   516408      3808  28660904  0.00  0.00   12.52   26.84    0    0  (Gen:  0)
   515880      3416  28662304  0.00  0.00   12.52   26.86    0    0  (Gen:  0)
   512648      3056  28662256  0.00  0.00   12.52   26.86    0    0  (Gen:  0)
   517912      3640  28664256  0.00  0.00   12.52   26.87    0    0  (Gen:  0)
   487936  28590848  28648168  0.06  0.06   12.58   26.95    0    0  (Gen:  1)
   515528      2616  28648712  0.00  0.00   12.58   26.95    0    0  (Gen:  0)
   517064      3816  28651552  0.00  0.00   12.58   26.96    0    0  (Gen:  0)
   514392      3544  28651544  0.00  0.00   12.58   26.97    0    0  (Gen:  0)
   515912      8432  28656896  0.00  0.00   12.58   26.97    0    0  (Gen:  0)
   516784      6216  28656416  0.00  0.00   12.59   26.99    0    0  (Gen:  0)
   517368      6912  28657368  0.00  0.00   12.59   26.99    0    0  (Gen:  0)
   517392      3680  28655520  0.00  0.00   12.59   27.01    0    0  (Gen:  0)
   514776      3856  28655744  0.00  0.00   12.59   27.02    0    0  (Gen:  0)
   515968      7128  28659496  0.00  0.00   12.59   27.02    0    0  (Gen:  0)
   517000  28594552  28651864  0.06  0.06   12.65   27.10    0    0  (Gen:  1)
   518112      5168  28651280  0.00  0.00   12.65   27.10    0    0  (Gen:  0)
   516792      5624  28653144  0.00  0.00   12.65   27.11    0    0  (Gen:  0)
   516416      3456  28652048  0.00  0.00   12.65   27.12    0    0  (Gen:  0)
   514736      3408  28652392  0.00  0.00   12.65   27.14    0    0  (Gen:  0)
   515864      8152  28657552  0.00  0.00   12.66   27.16    0    0  (Gen:  0)
   515112      3024  28653112  0.00  0.00   12.66   27.17    0    0  (Gen:  0)
   517120  28591912  28649232  0.06  0.06   12.72   27.27    0    0  (Gen:  1)
   514960      8016  28654048  0.00  0.00   12.72   27.27    0    0  (Gen:  0)
   515416      4088  28650208  0.00  0.00   12.72   27.29    0    0  (Gen:  0)
   516992      3000  28649248  0.00  0.00   12.72   27.32    0    0  (Gen:  0)
   517448      4016  28650312  0.00  0.00   12.73   27.34    0    0  (Gen:  0)
   518248      9760  28656568  0.00  0.00   12.73   27.34    0    0  (Gen:  0)
   516464      7632  28658024  0.00  0.00   12.73   27.36    0    0  (Gen:  0)
    94288  28590120  28647440  0.06  0.06   12.79   27.43    0    0  (Gen:  1)
   512136      4168  28651384  0.00  0.00   12.79   27.43    0    0  (Gen:  0)
   516064      4992  28652256  0.00  0.00   12.79   27.44    0    0  (Gen:  0)
   516720      4992  28652488  0.00  0.00   12.79   27.46    0    0  (Gen:  0)
   516288      5680  28653408  0.00  0.00   12.79   27.47    0    0  (Gen:  0)
   516592      6088  28654048  0.00  0.00   12.80   27.49    0    0  (Gen:  0)
   516800      6384  28654576  0.00  0.00   12.80   27.51    0    0  (Gen:  0)
    25280  28590120  28647440  0.06  0.06   12.86   27.58    0    0  (Gen:  1)
   511856      1488  28648704  0.00  0.00   12.86   27.58    0    0  (Gen:  0)
   516312      3872  28651136  0.00  0.00   12.86   27.59    0    0  (Gen:  0)
   517048      5912  28653496  0.00  0.00   12.86   27.61    0    0  (Gen:  0)
   516320      3816  28651704  0.00  0.00   12.86   27.61    0    0  (Gen:  0)
   517136      4560  28654024  0.00  0.00   12.86   27.62    0    0  (Gen:  0)
   516672      6304  28655928  0.00  0.00   12.86   27.62    0    0  (Gen:  0)
   516168      3632  28654640  0.00  0.00   12.86   27.64    0    0  (Gen:  0)
   515992      5240  28656296  0.00  0.00   12.86   27.66    0    0  (Gen:  0)
   518152      2752  28654112  0.00  0.00   12.86   27.66    0    0  (Gen:  0)
   275928  28591040  28648360  0.06  0.06   12.92   27.73    0    0  (Gen:  1)
   516080      3424  28650448  0.00  0.00   12.92   27.73    0    0  (Gen:  0)
   517280      5912  28653840  0.00  0.00   12.92   27.74    0    0  (Gen:  0)
   518648      4432  28652664  0.00  0.00   12.92   27.74    0    0  (Gen:  0)
   516144      5808  28655616  0.00  0.00   12.93   27.76    0    0  (Gen:  0)
   517152      9752  28659720  0.00  0.00   12.93   27.76    0    0  (Gen:  0)
   516968      4688  28656040  0.00  0.00   12.93   27.77    0    0  (Gen:  0)
   515584      3808  28655208  0.00  0.00   12.93   27.79    0    0  (Gen:  0)
   515352      3640  28655432  0.00  0.00   12.93   27.79    0    0  (Gen:  0)
   514584      5712  28659464  0.00  0.00   12.93   27.81    0    0  (Gen:  0)
   516064      8744  28665328  0.00  0.00   12.93   27.81    0    0  (Gen:  0)
   516176      5272  28663488  0.00  0.00   12.93   27.82    0    0  (Gen:  0)
   517424      5000  28663424  0.00  0.00   12.93   27.82    0    0  (Gen:  0)
   118512  28591104  28648424  0.06  0.06   12.99   27.90    0    0  (Gen:  1)
   516264      3976  28651000  0.00  0.00   12.99   27.90    0    0  (Gen:  0)
   516560      6888  28654944  0.00  0.00   12.99   27.91    0    0  (Gen:  0)
   516680      3528  28651784  0.00  0.00   13.00   27.92    0    0  (Gen:  0)
   517424      3200  28651800  0.00  0.00   13.00   27.94    0    0  (Gen:  0)
   514192      3552  28652536  0.00  0.00   13.00   27.96    0    0  (Gen:  0)
   515904      6080  28655488  0.00  0.00   13.00   27.96    0    0  (Gen:  0)
   515248      4192  28655128  0.00  0.00   13.00   27.97    0    0  (Gen:  0)
   376000  28592720  28650040  0.06  0.06   13.06   28.05    0    0  (Gen:  1)
   515000      3848  28650720  0.00  0.00   13.06   28.06    0    0  (Gen:  0)
   515568      6512  28653808  0.00  0.00   13.06   28.06    0    0  (Gen:  0)
   516472      9120  28657944  0.00  0.00   13.06   28.07    0    0  (Gen:  0)
   516952      9016  28657912  0.00  0.00   13.06   28.09    0    0  (Gen:  0)
   515912      5480  28654736  0.00  0.00   13.07   28.11    0    0  (Gen:  0)
   513952      2352  28652016  0.00  0.00   13.07   28.14    0    0  (Gen:  0)
   382600  28591184  28648504  0.06  0.06   13.13   28.22    0    0  (Gen:  1)
   516800      3032  28649856  0.00  0.00   13.13   28.22    0    0  (Gen:  0)
   517080      7648  28654672  0.00  0.00   13.13   28.24    0    0  (Gen:  0)
   515408      4128  28651472  0.00  0.00   13.13   28.26    0    0  (Gen:  0)
   517192      7768  28655504  0.00  0.00   13.14   28.27    0    0  (Gen:  0)
   517424      6720  28654728  0.00  0.00   13.14   28.29    0    0  (Gen:  0)
   516184  28594456  28651776  0.06  0.06   13.20   28.37    0    0  (Gen:  1)
   517080      3696  28650384  0.00  0.00   13.20   28.37    0    0  (Gen:  0)
   517152      5888  28652872  0.00  0.00   13.20   28.39    0    0  (Gen:  0)
   517568      5488  28654264  0.00  0.00   13.20   28.39    0    0  (Gen:  0)
   517296      8080  28661624  0.00  0.00   13.20   28.41    0    0  (Gen:  0)
   517736      4056  28660448  0.00  0.00   13.20   28.41    0    0  (Gen:  0)
   516184      5632  28663544  0.00  0.00   13.20   28.42    0    0  (Gen:  0)
   516392      4144  28662216  0.00  0.00   13.21   28.42    0    0  (Gen:  0)
   516328      3672  28663128  0.00  0.00   13.21   28.44    0    0  (Gen:  0)
   516064      4496  28664000  0.00  0.00   13.21   28.46    0    0  (Gen:  0)
   518400      6200  28666008  0.00  0.00   13.21   28.46    0    0  (Gen:  0)
   191680  28590184  28647504  0.06  0.06   13.27   28.53    0    0  (Gen:  1)
   515608      3440  28650640  0.00  0.00   13.27   28.53    0    0  (Gen:  0)
   516112      4536  28651768  0.00  0.00   13.27   28.54    0    0  (Gen:  0)
   518424      5040  28652592  0.00  0.00   13.27   28.54    0    0  (Gen:  0)
   517224      5632  28654736  0.00  0.00   13.27   28.56    0    0  (Gen:  0)
   517344      4680  28653944  0.00  0.00   13.27   28.56    0    0  (Gen:  0)
   516016      5688  28656336  0.00  0.00   13.27   28.57    0    0  (Gen:  0)
   514560      6488  28657192  0.00  0.00   13.27   28.57    0    0  (Gen:  0)
   516952      5904  28657992  0.00  0.00   13.28   28.59    0    0  (Gen:  0)
   517112      5016  28657160  0.00  0.00   13.28   28.59    0    0  (Gen:  0)
   516328      3224  28656752  0.00  0.00   13.28   28.61    0    0  (Gen:  0)
   425696  28591576  28648896  0.06  0.06   13.34   28.68    0    0  (Gen:  1)
   516016      3192  28650272  0.00  0.00   13.34   28.68    0    0  (Gen:  0)
   512040      2224  28650624  0.00  0.00   13.34   28.69    0    0  (Gen:  0)
   516160      6744  28655296  0.00  0.00   13.34   28.69    0    0  (Gen:  0)
   517400      3088  28653632  0.00  0.00   13.34   28.71    0    0  (Gen:  0)
   518128      8528  28659472  0.00  0.00   13.34   28.71    0    0  (Gen:  0)
   516720      2928  28655256  0.00  0.00   13.34   28.72    0    0  (Gen:  0)
   514720      3760  28656136  0.00  0.00   13.34   28.74    0    0  (Gen:  0)
   516024      7416  28660192  0.00  0.00   13.34   28.74    0    0  (Gen:  0)
   515080      9304  28664264  0.00  0.00   13.34   28.76    0    0  (Gen:  0)
   515232      5688  28666520  0.00  0.00   13.34   28.76    0    0  (Gen:  0)
   518320      9176  28672304  0.00  0.00   13.35   28.76    0    0  (Gen:  0)
   248232  28592296  28649616  0.06  0.06   13.40   28.83    0    0  (Gen:  1)
   515928      3832  28651744  0.00  0.00   13.41   28.83    0    0  (Gen:  0)
   517352      4160  28653280  0.00  0.00   13.41   28.83    0    0  (Gen:  0)
   515048      3792  28653680  0.00  0.00   13.41   28.84    0    0  (Gen:  0)
   516000      4688  28654848  0.00  0.00   13.41   28.84    0    0  (Gen:  0)
   518968      8384  28660368  0.00  0.00   13.41   28.84    0    0  (Gen:  0)
   515536      3976  28658872  0.00  0.00   13.41   28.86    0    0  (Gen:  0)
   519704      3320  28658280  0.00  0.00   13.41   28.86    0    0  (Gen:  0)
   514808      5976  28663352  0.00  0.00   13.41   28.87    0    0  (Gen:  0)
   515776      5000  28665240  0.00  0.00   13.41   28.87    0    0  (Gen:  0)
   519360      7112  28669176  0.00  0.00   13.41   28.87    0    0  (Gen:  0)
   515368      2992  28667968  0.00  0.00   13.41   28.89    0    0  (Gen:  0)
   519216      3184  28668240  0.00  0.00   13.41   28.89    0    0  (Gen:  0)
   515424      6136  28673592  0.00  0.00   13.41   28.91    0    0  (Gen:  0)
   514960      4808  28675088  0.00  0.00   13.41   28.91    0    0  (Gen:  0)
   519288      5296  28677392  0.00  0.00   13.42   28.91    0    0  (Gen:  0)
   199392  28592248  28649560  0.06  0.06   13.47   28.98    0    0  (Gen:  1)
   516240      4344  28652240  0.00  0.00   13.48   28.99    0    0  (Gen:  0)
   515160      8616  28657840  0.00  0.00   13.48   29.01    0    0  (Gen:  0)
   515976      4872  28654232  0.00  0.00   13.48   29.02    0    0  (Gen:  0)
   514632      3392  28652856  0.00  0.00   13.48   29.06    0    0  (Gen:  0)
   272952  28591856  28649176  0.06  0.06   13.54   29.13    0    0  (Gen:  1)
   513848     10608  28659704  0.00  0.00   13.54   29.14    0    0  (Gen:  0)
   516160      5408  28654576  0.00  0.00   13.55   29.16    0    0  (Gen:  0)
   514752      2352  28651624  0.00  0.00   13.55   29.19    0    0  (Gen:  0)
   515544      8904  28658224  0.00  0.00   13.55   29.21    0    0  (Gen:  0)
   515168      4592  28654000  0.00  0.00   13.55   29.22    0    0  (Gen:  0)
   119600  28591856  28649176  0.06  0.06   13.61   29.30    0    0  (Gen:  1)
   514048     10632  28659728  0.00  0.00   13.61   29.31    0    0  (Gen:  0)
   516824      8576  28657744  0.00  0.00   13.61   29.32    0    0  (Gen:  0)
   518360      7280  28656736  0.00  0.00   13.62   29.36    0    0  (Gen:  0)
   516840      5008  28654464  0.00  0.00   13.62   29.37    0    0  (Gen:  0)
   196336  28596448  28653768  0.06  0.06   13.68   29.45    0    0  (Gen:  1)
   516048      4960  28652912  0.00  0.00   13.68   29.46    0    0  (Gen:  0)
   516608      3928  28651928  0.00  0.00   13.68   29.49    0    0  (Gen:  0)
   514176      1472  28649472  0.00  0.00   13.69   29.51    0    0  (Gen:  0)
   517240      4336  28652336  0.00  0.00   13.69   29.54    0    0  (Gen:  0)
   164024  28591760  28649080  0.06  0.06   13.75   29.61    0    0  (Gen:  1)
   516360      4896  28652848  0.00  0.00   13.75   29.62    0    0  (Gen:  0)
   518688      8832  28656784  0.00  0.00   13.75   29.66    0    0  (Gen:  0)
   516648      6488  28654440  0.00  0.00   13.75   29.67    0    0  (Gen:  0)
   518864      5200  28653200  0.00  0.00   13.76   29.70    0    0  (Gen:  0)
   297664  28592088  28649408  0.06  0.06   13.81   29.78    0    0  (Gen:  1)
   516016      4896  28652848  0.00  0.00   13.82   29.79    0    0  (Gen:  0)
   518768      8776  28656728  0.00  0.00   13.82   29.82    0    0  (Gen:  0)
   516880      6488  28654440  0.00  0.00   13.82   29.84    0    0  (Gen:  0)
   477968  28592072  28649392  0.06  0.06   13.88   29.93    0    0  (Gen:  1)
   514920      4896  28652800  0.00  0.00   13.88   29.94    0    0  (Gen:  0)
   518480      8832  28656736  0.00  0.00   13.89   29.97    0    0  (Gen:  0)
   516944      6488  28654392  0.00  0.00   13.89   29.99    0    0  (Gen:  0)
   518616      5200  28653152  0.00  0.00   13.89   30.02    0    0  (Gen:  0)
   297640  28592088  28649408  0.06  0.06   13.95   30.10    0    0  (Gen:  1)
   516000      4896  28652848  0.00  0.00   13.95   30.10    0    0  (Gen:  0)
   518752      8776  28656728  0.00  0.00   13.95   30.14    0    0  (Gen:  0)
   516840      6488  28654440  0.00  0.00   13.96   30.15    0    0  (Gen:  0)
   518608  28595784  28653104  0.06  0.06   14.02   30.25    0    0  (Gen:  1)
   517112      4208  28652112  0.00  0.00   14.02   30.25    0    0  (Gen:  0)
   516600      2440  28650392  0.00  0.00   14.02   30.29    0    0  (Gen:  0)
   516656      7936  28655888  0.00  0.00   14.02   30.30    0    0  (Gen:  0)
   515664     10008  28658008  0.00  0.00   14.03   30.34    0    0  (Gen:  0)
   261264  28592072  28649392  0.06  0.06   14.09   30.41    0    0  (Gen:  1)
   514920      4896  28652848  0.00  0.00   14.09   30.42    0    0  (Gen:  0)
   518800      8776  28656728  0.00  0.00   14.09   30.45    0    0  (Gen:  0)
   516880      6488  28654440  0.00  0.00   14.09   30.47    0    0  (Gen:  0)
   478024  28592072  28649392  0.06  0.06   14.15   30.56    0    0  (Gen:  1)
   514680      4896  28652800  0.00  0.00   14.16   30.57    0    0  (Gen:  0)
   518472      8832  28656736  0.00  0.00   14.16   30.60    0    0  (Gen:  0)
   516904      6488  28654392  0.00  0.00   14.16   30.62    0    0  (Gen:  0)
   518560      5200  28653152  0.00  0.00   14.16   30.65    0    0  (Gen:  0)
   342336  19763968  19821288  0.04  0.04   14.21   30.71    0    0  (Gen:  1)
    22528      2664     76328  0.00  0.00   14.23   30.74    0    0  (Gen:  1)
        0                      0.00  0.00

   4,055,025,672 bytes allocated in the heap
   5,618,723,568 bytes copied during GC
      28,653,768 bytes maximum residency (206 sample(s))
       6,864,704 bytes maximum slop
              71 MB total memory in use (0 MB lost due to fragmentation)

                                    Tot time (elapsed)  Avg pause  Max pause
  Gen  0      7696 colls,     0 par    0.21s    0.21s     0.0000s    0.0002s
  Gen  1       206 colls,     0 par   11.12s   11.12s     0.0540s    0.0661s

  INIT    time    0.00s  (  0.00s elapsed)
  MUT     time    2.89s  ( 19.41s elapsed)
  GC      time   11.33s  ( 11.32s elapsed)
  EXIT    time    0.00s  (  0.00s elapsed)
  Total   time   14.23s  ( 30.74s elapsed)

  %GC     time      79.6%  (36.8% elapsed)

  Alloc rate    1,402,201,948 bytes per MUT second

  Productivity  20.4% of total user, 9.4% of total elapsed

